nohup: 忽略输入
Device: cuda  |  Epochs: 300  |  Seed: 42
Target: return  |  Primary horizon: 5d  |  Multi-horizons: [1, 5, 10, 20]
Filtered to 4 variants: ['+EdgeAttn', '+NodeWise', '+MarketNode', '+MktNodeNoG']

[Data] Building 21-dim feature pipeline...
============================================================
CMGM Data Loading Pipeline
============================================================

[Step 1] Loading raw price data...

[Step 2] Aligning markets to common date range...
[DataLoader] Stock date range: 2015-01-05 00:00:00 to 2025-06-30 00:00:00 (2548 days)
[DataLoader] Bond date range: 2017-01-17 00:00:00 to 2025-12-31 00:00:00 (2176 days)
[DataLoader] Commodity date range: 2015-01-05 00:00:00 to 2025-12-31 00:00:00 (2679 days)
[DataLoader] Common date range: 2017-01-17 00:00:00 to 2025-06-30 00:00:00 (2050 days)
[DataLoader] Combined price matrix shape: (2050, 284)
[DataLoader] Market split: stocks=248, bonds=12, commodities=24

[Step 3] Temporal train/val/test split...
[DataLoader] Temporal split: train=1435, val=307, test=308

[Step 4] Per-asset z-score normalization...
[DataLoader] Per-asset z-score normalization fitted on training data only
[DataLoader] mean range: [0.9803, 173055.7656]
[DataLoader] std  range: [0.000000, 55160.3203]
[DataLoader] Z-scored train range: [-11.3746, 91.5527]

[Step 6] Computing returns for graph construction...
     Training returns shape: (1434, 284)

[Step 7] Creating sliding window datasets...

[Done] Dataset sizes: train=1396, val=268, test=269
[Done] Total nodes: 284
[Done] Commodity nodes (output dim): 24
[Features] Computed 21 features: price, ret_1d, ret_5d, ret_10d, ret_20d, vol_5d, vol_10d, vol_20d, zscore_5d, zscore_10d, zscore_20d, price_ma5, price_ma10, price_ma20, price_ma60, rsi_14, bb_position, skewness_20d, kurtosis_20d, roc_10d, percentile_20d
[Features] Shape: (T=2050, N=284, F=21)  range: [-4.4721, 391400.0000]

[Data] Building 7-dim feature pipeline...
============================================================
CMGM Data Loading Pipeline
============================================================

[Step 1] Loading raw price data...

[Step 2] Aligning markets to common date range...
[DataLoader] Stock date range: 2015-01-05 00:00:00 to 2025-06-30 00:00:00 (2548 days)
[DataLoader] Bond date range: 2017-01-17 00:00:00 to 2025-12-31 00:00:00 (2176 days)
[DataLoader] Commodity date range: 2015-01-05 00:00:00 to 2025-12-31 00:00:00 (2679 days)
[DataLoader] Common date range: 2017-01-17 00:00:00 to 2025-06-30 00:00:00 (2050 days)
[DataLoader] Combined price matrix shape: (2050, 284)
[DataLoader] Market split: stocks=248, bonds=12, commodities=24

[Step 3] Temporal train/val/test split...
[DataLoader] Temporal split: train=1435, val=307, test=308

[Step 4] Per-asset z-score normalization...
[DataLoader] Per-asset z-score normalization fitted on training data only
[DataLoader] mean range: [0.9803, 173055.7656]
[DataLoader] std  range: [0.000000, 55160.3203]
[DataLoader] Z-scored train range: [-11.3746, 91.5527]

[Step 6] Computing returns for graph construction...
     Training returns shape: (1434, 284)

[Step 7] Creating sliding window datasets...

[Done] Dataset sizes: train=1396, val=268, test=269
[Done] Total nodes: 284
[Done] Commodity nodes (output dim): 24
[Features] Computed 7 features from RAW prices: price, return, ma5_ratio, ma20_ratio, volatility, rsi_14, macd
[Features] Shape: (T=2050, N=284, F=7)  range: [-21915.3594, 391400.0000]

==========================================================================================
  ABLATION: +EdgeAttn  (variant=edge_attn, feat_dim=21, {})
==========================================================================================
  Params: 1,684,761

============================================================
CMGM Training
============================================================
Device: cuda
Epochs: 300 (early stopping patience=10)
Learning rate: 0.0001, Weight decay: 1e-05
============================================================
  [variant=edge_attn] GCN→([64, 64]) || LSTM→([64, 64]) → head → ([64, 4, 24])
  Epoch   1/300 | Train Loss: 0.005438 | Val Loss: 0.005164 | LR: 1.00e-04 | Best: inf
  Epoch   2/300 | Train Loss: 0.004491 | Val Loss: 0.004854 | LR: 1.00e-04 | Best: 0.005164
  Epoch   3/300 | Train Loss: 0.004123 | Val Loss: 0.004638 | LR: 1.00e-04 | Best: 0.004854
  Epoch   4/300 | Train Loss: 0.003798 | Val Loss: 0.004450 | LR: 1.00e-04 | Best: 0.004638
  Epoch   5/300 | Train Loss: 0.003533 | Val Loss: 0.004303 | LR: 1.00e-04 | Best: 0.004450
  Epoch   6/300 | Train Loss: 0.003285 | Val Loss: 0.004153 | LR: 1.00e-04 | Best: 0.004303
  Epoch   7/300 | Train Loss: 0.003068 | Val Loss: 0.004014 | LR: 1.00e-04 | Best: 0.004153
  Epoch   8/300 | Train Loss: 0.002889 | Val Loss: 0.003874 | LR: 1.00e-04 | Best: 0.004014
  Epoch   9/300 | Train Loss: 0.002725 | Val Loss: 0.003762 | LR: 1.00e-04 | Best: 0.003874
  Epoch  10/300 | Train Loss: 0.002612 | Val Loss: 0.003670 | LR: 1.00e-04 | Best: 0.003762
  Gate   | mean=0.500 std=0.054 [0.351, 0.624] → 偏向LSTM
  Epoch  11/300 | Train Loss: 0.002499 | Val Loss: 0.003589 | LR: 1.00e-04 | Best: 0.003670
  Epoch  12/300 | Train Loss: 0.002416 | Val Loss: 0.003534 | LR: 1.00e-04 | Best: 0.003589
  Epoch  13/300 | Train Loss: 0.002346 | Val Loss: 0.003470 | LR: 1.00e-04 | Best: 0.003534
  Epoch  14/300 | Train Loss: 0.002292 | Val Loss: 0.003431 | LR: 1.00e-04 | Best: 0.003470
  Epoch  15/300 | Train Loss: 0.002250 | Val Loss: 0.003367 | LR: 1.00e-04 | Best: 0.003431
  Epoch  16/300 | Train Loss: 0.002228 | Val Loss: 0.003304 | LR: 1.00e-04 | Best: 0.003367
  Epoch  17/300 | Train Loss: 0.002240 | Val Loss: 0.003249 | LR: 1.00e-04 | Best: 0.003304
  Epoch  18/300 | Train Loss: 0.002259 | Val Loss: 0.003234 | LR: 1.00e-04 | Best: 0.003249
  Epoch  19/300 | Train Loss: 0.002229 | Val Loss: 0.003236 | LR: 1.00e-04 | Best: 0.003234
  Epoch  20/300 | Train Loss: 0.002239 | Val Loss: 0.003207 | LR: 1.00e-04 | Best: 0.003234
  Gate   | mean=0.514 std=0.046 [0.412, 0.639] → 偏向LSTM
  Epoch  21/300 | Train Loss: 0.002249 | Val Loss: 0.003010 | LR: 1.00e-04 | Best: 0.003207
  Epoch  22/300 | Train Loss: 0.002082 | Val Loss: 0.002968 | LR: 1.00e-04 | Best: 0.003010
  Epoch  23/300 | Train Loss: 0.002034 | Val Loss: 0.002932 | LR: 1.00e-04 | Best: 0.002968
  Epoch  24/300 | Train Loss: 0.002000 | Val Loss: 0.002907 | LR: 1.00e-04 | Best: 0.002932
  Epoch  25/300 | Train Loss: 0.001980 | Val Loss: 0.002859 | LR: 1.00e-04 | Best: 0.002907
  Epoch  26/300 | Train Loss: 0.001958 | Val Loss: 0.002831 | LR: 1.00e-04 | Best: 0.002859
  Epoch  27/300 | Train Loss: 0.001938 | Val Loss: 0.002799 | LR: 1.00e-04 | Best: 0.002831
  Epoch  28/300 | Train Loss: 0.001931 | Val Loss: 0.002773 | LR: 1.00e-04 | Best: 0.002799
  Epoch  29/300 | Train Loss: 0.001905 | Val Loss: 0.002719 | LR: 1.00e-04 | Best: 0.002773
  Epoch  30/300 | Train Loss: 0.001897 | Val Loss: 0.002693 | LR: 1.00e-04 | Best: 0.002719
  Gate   | mean=0.519 std=0.045 [0.432, 0.649] → 偏向LSTM
  Epoch  31/300 | Train Loss: 0.001885 | Val Loss: 0.002659 | LR: 1.00e-04 | Best: 0.002693
  Epoch  32/300 | Train Loss: 0.001865 | Val Loss: 0.002643 | LR: 1.00e-04 | Best: 0.002659
  Epoch  33/300 | Train Loss: 0.001857 | Val Loss: 0.002610 | LR: 1.00e-04 | Best: 0.002643
  Epoch  34/300 | Train Loss: 0.001840 | Val Loss: 0.002588 | LR: 1.00e-04 | Best: 0.002610
  Epoch  35/300 | Train Loss: 0.001829 | Val Loss: 0.002556 | LR: 1.00e-04 | Best: 0.002588
  Epoch  36/300 | Train Loss: 0.001815 | Val Loss: 0.002520 | LR: 1.00e-04 | Best: 0.002556
  Epoch  37/300 | Train Loss: 0.001808 | Val Loss: 0.002492 | LR: 1.00e-04 | Best: 0.002520
  Epoch  38/300 | Train Loss: 0.001806 | Val Loss: 0.002488 | LR: 1.00e-04 | Best: 0.002492
  Epoch  39/300 | Train Loss: 0.001792 | Val Loss: 0.002486 | LR: 1.00e-04 | Best: 0.002488
  Epoch  40/300 | Train Loss: 0.001780 | Val Loss: 0.002467 | LR: 1.00e-04 | Best: 0.002486
  Gate   | mean=0.523 std=0.043 [0.447, 0.643] → 偏向LSTM
  Epoch  41/300 | Train Loss: 0.001776 | Val Loss: 0.002461 | LR: 1.00e-04 | Best: 0.002467
  Epoch  42/300 | Train Loss: 0.001770 | Val Loss: 0.002432 | LR: 1.00e-04 | Best: 0.002461
  Epoch  43/300 | Train Loss: 0.001778 | Val Loss: 0.002433 | LR: 1.00e-04 | Best: 0.002432
  Epoch  44/300 | Train Loss: 0.001774 | Val Loss: 0.002440 | LR: 1.00e-04 | Best: 0.002432
  Epoch  45/300 | Train Loss: 0.001812 | Val Loss: 0.002401 | LR: 1.00e-04 | Best: 0.002432
  Epoch  46/300 | Train Loss: 0.001751 | Val Loss: 0.002348 | LR: 1.00e-04 | Best: 0.002401
  Epoch  47/300 | Train Loss: 0.001759 | Val Loss: 0.002348 | LR: 1.00e-04 | Best: 0.002348
  Epoch  48/300 | Train Loss: 0.001703 | Val Loss: 0.002317 | LR: 1.00e-04 | Best: 0.002348
  Epoch  49/300 | Train Loss: 0.001692 | Val Loss: 0.002284 | LR: 1.00e-04 | Best: 0.002317
  Epoch  50/300 | Train Loss: 0.001677 | Val Loss: 0.002272 | LR: 1.00e-04 | Best: 0.002284
  Gate   | mean=0.529 std=0.040 [0.460, 0.635] → 偏向LSTM
  Epoch  51/300 | Train Loss: 0.001665 | Val Loss: 0.002257 | LR: 1.00e-04 | Best: 0.002272
  Epoch  52/300 | Train Loss: 0.001657 | Val Loss: 0.002231 | LR: 1.00e-04 | Best: 0.002257
  Epoch  53/300 | Train Loss: 0.001653 | Val Loss: 0.002192 | LR: 1.00e-04 | Best: 0.002231
  Epoch  54/300 | Train Loss: 0.001638 | Val Loss: 0.002204 | LR: 1.00e-04 | Best: 0.002192
  Epoch  55/300 | Train Loss: 0.001662 | Val Loss: 0.002152 | LR: 1.00e-04 | Best: 0.002192
  Epoch  56/300 | Train Loss: 0.001682 | Val Loss: 0.002115 | LR: 1.00e-04 | Best: 0.002152
  Epoch  57/300 | Train Loss: 0.001725 | Val Loss: 0.002147 | LR: 1.00e-04 | Best: 0.002115
  Epoch  58/300 | Train Loss: 0.001720 | Val Loss: 0.002089 | LR: 1.00e-04 | Best: 0.002115
  Epoch  59/300 | Train Loss: 0.001638 | Val Loss: 0.002079 | LR: 1.00e-04 | Best: 0.002089
  Epoch  60/300 | Train Loss: 0.001621 | Val Loss: 0.002065 | LR: 1.00e-04 | Best: 0.002079
  Gate   | mean=0.535 std=0.039 [0.463, 0.646] → 偏向LSTM
  Epoch  61/300 | Train Loss: 0.001612 | Val Loss: 0.002015 | LR: 1.00e-04 | Best: 0.002065
  Epoch  62/300 | Train Loss: 0.001599 | Val Loss: 0.001987 | LR: 1.00e-04 | Best: 0.002015
  Epoch  63/300 | Train Loss: 0.001591 | Val Loss: 0.001967 | LR: 1.00e-04 | Best: 0.001987
  Epoch  64/300 | Train Loss: 0.001587 | Val Loss: 0.001937 | LR: 1.00e-04 | Best: 0.001967
  Epoch  65/300 | Train Loss: 0.001586 | Val Loss: 0.001931 | LR: 1.00e-04 | Best: 0.001937
  Epoch  66/300 | Train Loss: 0.001576 | Val Loss: 0.001934 | LR: 1.00e-04 | Best: 0.001931
  Epoch  67/300 | Train Loss: 0.001583 | Val Loss: 0.001896 | LR: 1.00e-04 | Best: 0.001931
  Epoch  68/300 | Train Loss: 0.001590 | Val Loss: 0.001861 | LR: 1.00e-04 | Best: 0.001896
  Epoch  69/300 | Train Loss: 0.001590 | Val Loss: 0.001887 | LR: 1.00e-04 | Best: 0.001861
  Epoch  70/300 | Train Loss: 0.001626 | Val Loss: 0.001835 | LR: 1.00e-04 | Best: 0.001861
  Gate   | mean=0.541 std=0.041 [0.461, 0.662] → 偏向LSTM
  Epoch  71/300 | Train Loss: 0.001584 | Val Loss: 0.001842 | LR: 1.00e-04 | Best: 0.001835
  Epoch  72/300 | Train Loss: 0.001564 | Val Loss: 0.001833 | LR: 1.00e-04 | Best: 0.001835
  Epoch  73/300 | Train Loss: 0.001560 | Val Loss: 0.001792 | LR: 1.00e-04 | Best: 0.001833
  Epoch  74/300 | Train Loss: 0.001554 | Val Loss: 0.001800 | LR: 1.00e-04 | Best: 0.001792
  Epoch  75/300 | Train Loss: 0.001538 | Val Loss: 0.001806 | LR: 1.00e-04 | Best: 0.001792
  Epoch  76/300 | Train Loss: 0.001538 | Val Loss: 0.001778 | LR: 1.00e-04 | Best: 0.001792
  Epoch  77/300 | Train Loss: 0.001538 | Val Loss: 0.001772 | LR: 1.00e-04 | Best: 0.001778
  Epoch  78/300 | Train Loss: 0.001532 | Val Loss: 0.001769 | LR: 1.00e-04 | Best: 0.001772
  Epoch  79/300 | Train Loss: 0.001537 | Val Loss: 0.001738 | LR: 1.00e-04 | Best: 0.001769
  Epoch  80/300 | Train Loss: 0.001545 | Val Loss: 0.001744 | LR: 1.00e-04 | Best: 0.001738
  Gate   | mean=0.546 std=0.040 [0.472, 0.664] → 偏向LSTM
  Epoch  81/300 | Train Loss: 0.001539 | Val Loss: 0.001744 | LR: 1.00e-04 | Best: 0.001738
  Epoch  82/300 | Train Loss: 0.001551 | Val Loss: 0.001689 | LR: 1.00e-04 | Best: 0.001738
  Epoch  83/300 | Train Loss: 0.001557 | Val Loss: 0.001713 | LR: 1.00e-04 | Best: 0.001689
  Epoch  84/300 | Train Loss: 0.001522 | Val Loss: 0.001691 | LR: 1.00e-04 | Best: 0.001689
  Epoch  85/300 | Train Loss: 0.001518 | Val Loss: 0.001652 | LR: 1.00e-04 | Best: 0.001689
  Epoch  86/300 | Train Loss: 0.001523 | Val Loss: 0.001660 | LR: 1.00e-04 | Best: 0.001652
  Epoch  87/300 | Train Loss: 0.001506 | Val Loss: 0.001638 | LR: 1.00e-04 | Best: 0.001652
  Epoch  88/300 | Train Loss: 0.001496 | Val Loss: 0.001650 | LR: 1.00e-04 | Best: 0.001638
  Epoch  89/300 | Train Loss: 0.001496 | Val Loss: 0.001667 | LR: 1.00e-04 | Best: 0.001638
  Epoch  90/300 | Train Loss: 0.001497 | Val Loss: 0.001636 | LR: 1.00e-04 | Best: 0.001638
  Gate   | mean=0.552 std=0.040 [0.474, 0.677] → 偏向LSTM
  Epoch  91/300 | Train Loss: 0.001487 | Val Loss: 0.001629 | LR: 1.00e-04 | Best: 0.001636
  Epoch  92/300 | Train Loss: 0.001500 | Val Loss: 0.001639 | LR: 1.00e-04 | Best: 0.001629
  Epoch  93/300 | Train Loss: 0.001505 | Val Loss: 0.001617 | LR: 1.00e-04 | Best: 0.001629
  Epoch  94/300 | Train Loss: 0.001490 | Val Loss: 0.001642 | LR: 1.00e-04 | Best: 0.001617
  Epoch  95/300 | Train Loss: 0.001496 | Val Loss: 0.001643 | LR: 1.00e-04 | Best: 0.001617
  Epoch  96/300 | Train Loss: 0.001493 | Val Loss: 0.001612 | LR: 1.00e-04 | Best: 0.001617
  Epoch  97/300 | Train Loss: 0.001474 | Val Loss: 0.001626 | LR: 1.00e-04 | Best: 0.001612
  Epoch  98/300 | Train Loss: 0.001463 | Val Loss: 0.001619 | LR: 1.00e-04 | Best: 0.001612
  Epoch  99/300 | Train Loss: 0.001462 | Val Loss: 0.001617 | LR: 1.00e-04 | Best: 0.001612
  Epoch 100/300 | Train Loss: 0.001453 | Val Loss: 0.001631 | LR: 1.00e-04 | Best: 0.001612
  Gate   | mean=0.559 std=0.041 [0.482, 0.686] → 偏向LSTM
  Epoch 101/300 | Train Loss: 0.001453 | Val Loss: 0.001604 | LR: 1.00e-04 | Best: 0.001612
  Epoch 102/300 | Train Loss: 0.001451 | Val Loss: 0.001613 | LR: 1.00e-04 | Best: 0.001604
  Epoch 103/300 | Train Loss: 0.001456 | Val Loss: 0.001633 | LR: 1.00e-04 | Best: 0.001604
  Epoch 104/300 | Train Loss: 0.001449 | Val Loss: 0.001603 | LR: 1.00e-04 | Best: 0.001604
  Epoch 105/300 | Train Loss: 0.001453 | Val Loss: 0.001637 | LR: 1.00e-04 | Best: 0.001603
  Epoch 106/300 | Train Loss: 0.001463 | Val Loss: 0.001631 | LR: 1.00e-04 | Best: 0.001603
  Epoch 107/300 | Train Loss: 0.001457 | Val Loss: 0.001595 | LR: 1.00e-04 | Best: 0.001603
  Epoch 108/300 | Train Loss: 0.001447 | Val Loss: 0.001627 | LR: 1.00e-04 | Best: 0.001595
  Epoch 109/300 | Train Loss: 0.001445 | Val Loss: 0.001645 | LR: 1.00e-04 | Best: 0.001595
  Epoch 110/300 | Train Loss: 0.001449 | Val Loss: 0.001605 | LR: 1.00e-04 | Best: 0.001595
  Gate   | mean=0.567 std=0.043 [0.485, 0.699] → 偏向LSTM
  Epoch 111/300 | Train Loss: 0.001436 | Val Loss: 0.001611 | LR: 1.00e-04 | Best: 0.001595
  Epoch 112/300 | Train Loss: 0.001430 | Val Loss: 0.001612 | LR: 1.00e-04 | Best: 0.001595
  Epoch 113/300 | Train Loss: 0.001432 | Val Loss: 0.001636 | LR: 5.00e-05 | Best: 0.001595
  Epoch 114/300 | Train Loss: 0.001415 | Val Loss: 0.001610 | LR: 5.00e-05 | Best: 0.001595
  Epoch 115/300 | Train Loss: 0.001396 | Val Loss: 0.001603 | LR: 5.00e-05 | Best: 0.001595
  Epoch 116/300 | Train Loss: 0.001392 | Val Loss: 0.001606 | LR: 5.00e-05 | Best: 0.001595
  Epoch 117/300 | Train Loss: 0.001385 | Val Loss: 0.001603 | LR: 5.00e-05 | Best: 0.001595

[Early Stopping] No improvement for 10 epochs. Stopping at epoch 117.
[Early Stopping] Best validation loss: 0.001595 at epoch 107

[Checkpoint] Restored best model from epoch 107
============================================================


  ── Result ──
  MAE: 0.022071  RMSE: 0.028580  Hit%: 51.1  vs Zero: +3.75%  [124s]

==========================================================================================
  ABLATION: +NodeWise  (variant=node_wise, feat_dim=21, {})
==========================================================================================
  Params: 159,517

============================================================
CMGM Training
============================================================
Device: cuda
Epochs: 300 (early stopping patience=10)
Learning rate: 0.0001, Weight decay: 1e-05
============================================================
  [node_wise] h_graph→[64, 284, 64] h_temporal→[64, 284, 64] comm→[64, 24, 128] → head → [64, 4, 24]
  Epoch   1/300 | Train Loss: 0.006223 | Val Loss: 0.007110 | LR: 1.00e-04 | Best: inf
  Epoch   2/300 | Train Loss: 0.003879 | Val Loss: 0.006569 | LR: 1.00e-04 | Best: 0.007110
  Epoch   3/300 | Train Loss: 0.002870 | Val Loss: 0.006181 | LR: 1.00e-04 | Best: 0.006569
  Epoch   4/300 | Train Loss: 0.002475 | Val Loss: 0.005983 | LR: 1.00e-04 | Best: 0.006181
  Epoch   5/300 | Train Loss: 0.002338 | Val Loss: 0.005839 | LR: 1.00e-04 | Best: 0.005983
  Epoch   6/300 | Train Loss: 0.002262 | Val Loss: 0.005690 | LR: 1.00e-04 | Best: 0.005839
  Epoch   7/300 | Train Loss: 0.002192 | Val Loss: 0.005601 | LR: 1.00e-04 | Best: 0.005690
  Epoch   8/300 | Train Loss: 0.002140 | Val Loss: 0.005455 | LR: 1.00e-04 | Best: 0.005601
  Epoch   9/300 | Train Loss: 0.002104 | Val Loss: 0.005410 | LR: 1.00e-04 | Best: 0.005455
  Epoch  10/300 | Train Loss: 0.002085 | Val Loss: 0.005347 | LR: 1.00e-04 | Best: 0.005410
  Epoch  11/300 | Train Loss: 0.002051 | Val Loss: 0.005285 | LR: 1.00e-04 | Best: 0.005347
  Epoch  12/300 | Train Loss: 0.002046 | Val Loss: 0.005134 | LR: 1.00e-04 | Best: 0.005285
  Epoch  13/300 | Train Loss: 0.002030 | Val Loss: 0.005120 | LR: 1.00e-04 | Best: 0.005134
  Epoch  14/300 | Train Loss: 0.002036 | Val Loss: 0.005038 | LR: 1.00e-04 | Best: 0.005120
  Epoch  15/300 | Train Loss: 0.002046 | Val Loss: 0.005047 | LR: 1.00e-04 | Best: 0.005038
  Epoch  16/300 | Train Loss: 0.002107 | Val Loss: 0.004944 | LR: 1.00e-04 | Best: 0.005038
  Epoch  17/300 | Train Loss: 0.002215 | Val Loss: 0.004922 | LR: 1.00e-04 | Best: 0.004944
  Epoch  18/300 | Train Loss: 0.002227 | Val Loss: 0.004475 | LR: 1.00e-04 | Best: 0.004922
  Epoch  19/300 | Train Loss: 0.002088 | Val Loss: 0.004402 | LR: 1.00e-04 | Best: 0.004475
  Epoch  20/300 | Train Loss: 0.002016 | Val Loss: 0.004368 | LR: 1.00e-04 | Best: 0.004402
  Epoch  21/300 | Train Loss: 0.001967 | Val Loss: 0.004469 | LR: 1.00e-04 | Best: 0.004368
  Epoch  22/300 | Train Loss: 0.001938 | Val Loss: 0.004545 | LR: 1.00e-04 | Best: 0.004368
  Epoch  23/300 | Train Loss: 0.001926 | Val Loss: 0.004623 | LR: 1.00e-04 | Best: 0.004368
  Epoch  24/300 | Train Loss: 0.001915 | Val Loss: 0.004709 | LR: 1.00e-04 | Best: 0.004368
  Epoch  25/300 | Train Loss: 0.001903 | Val Loss: 0.004697 | LR: 1.00e-04 | Best: 0.004368
  Epoch  26/300 | Train Loss: 0.001898 | Val Loss: 0.004782 | LR: 5.00e-05 | Best: 0.004368
  Epoch  27/300 | Train Loss: 0.001883 | Val Loss: 0.004763 | LR: 5.00e-05 | Best: 0.004368
  Epoch  28/300 | Train Loss: 0.001878 | Val Loss: 0.004764 | LR: 5.00e-05 | Best: 0.004368
  Epoch  29/300 | Train Loss: 0.001873 | Val Loss: 0.004790 | LR: 5.00e-05 | Best: 0.004368
  Epoch  30/300 | Train Loss: 0.001867 | Val Loss: 0.004775 | LR: 5.00e-05 | Best: 0.004368

[Early Stopping] No improvement for 10 epochs. Stopping at epoch 30.
[Early Stopping] Best validation loss: 0.004368 at epoch 20

[Checkpoint] Restored best model from epoch 20
============================================================


  ── Result ──
  MAE: 0.061828  RMSE: 0.076199  Hit%: 51.5  vs Zero: +190.64%  [70s]

==========================================================================================
  ABLATION: +MarketNode  (variant=market_node, feat_dim=21, {})
==========================================================================================
  Params: 276,701

============================================================
CMGM Training
============================================================
Device: cuda
Epochs: 300 (early stopping patience=10)
Learning rate: 0.0001, Weight decay: 1e-05
============================================================
  [market_node] h_node=[64, 284, 64] h_graph=[64, 284, 64] h_global=[64, 64] h_node_comm=[64, 24, 64] h_graph_comm=[64, 24, 64] emb=[64, 24, 16] z=[64, 24, 208] pred=[64, 4, 24]
  Epoch   1/300 | Train Loss: 0.006756 | Val Loss: 0.003014 | LR: 1.00e-04 | Best: inf
  Epoch   2/300 | Train Loss: 0.004302 | Val Loss: 0.002307 | LR: 1.00e-04 | Best: 0.003014
  Epoch   3/300 | Train Loss: 0.003222 | Val Loss: 0.002043 | LR: 1.00e-04 | Best: 0.002307
  Epoch   4/300 | Train Loss: 0.002725 | Val Loss: 0.001941 | LR: 1.00e-04 | Best: 0.002043
  Epoch   5/300 | Train Loss: 0.002511 | Val Loss: 0.001866 | LR: 1.00e-04 | Best: 0.001941
  Epoch   6/300 | Train Loss: 0.002391 | Val Loss: 0.001815 | LR: 1.00e-04 | Best: 0.001866
  Epoch   7/300 | Train Loss: 0.002298 | Val Loss: 0.001776 | LR: 1.00e-04 | Best: 0.001815
  Epoch   8/300 | Train Loss: 0.002235 | Val Loss: 0.001755 | LR: 1.00e-04 | Best: 0.001776
  Epoch   9/300 | Train Loss: 0.002186 | Val Loss: 0.001736 | LR: 1.00e-04 | Best: 0.001755
  Epoch  10/300 | Train Loss: 0.002149 | Val Loss: 0.001735 | LR: 1.00e-04 | Best: 0.001736
  Epoch  11/300 | Train Loss: 0.002113 | Val Loss: 0.001717 | LR: 1.00e-04 | Best: 0.001735
  Epoch  12/300 | Train Loss: 0.002087 | Val Loss: 0.001710 | LR: 1.00e-04 | Best: 0.001717
  Epoch  13/300 | Train Loss: 0.002063 | Val Loss: 0.001698 | LR: 1.00e-04 | Best: 0.001710
  Epoch  14/300 | Train Loss: 0.002036 | Val Loss: 0.001691 | LR: 1.00e-04 | Best: 0.001698
  Epoch  15/300 | Train Loss: 0.002015 | Val Loss: 0.001691 | LR: 1.00e-04 | Best: 0.001691
  Epoch  16/300 | Train Loss: 0.001998 | Val Loss: 0.001685 | LR: 1.00e-04 | Best: 0.001691
  Epoch  17/300 | Train Loss: 0.001979 | Val Loss: 0.001686 | LR: 1.00e-04 | Best: 0.001685
  Epoch  18/300 | Train Loss: 0.001960 | Val Loss: 0.001677 | LR: 1.00e-04 | Best: 0.001685
  Epoch  19/300 | Train Loss: 0.001945 | Val Loss: 0.001680 | LR: 1.00e-04 | Best: 0.001677
  Epoch  20/300 | Train Loss: 0.001927 | Val Loss: 0.001677 | LR: 1.00e-04 | Best: 0.001677
  Epoch  21/300 | Train Loss: 0.001917 | Val Loss: 0.001673 | LR: 1.00e-04 | Best: 0.001677
  Epoch  22/300 | Train Loss: 0.001904 | Val Loss: 0.001673 | LR: 1.00e-04 | Best: 0.001673
  Epoch  23/300 | Train Loss: 0.001893 | Val Loss: 0.001677 | LR: 1.00e-04 | Best: 0.001673
  Epoch  24/300 | Train Loss: 0.001884 | Val Loss: 0.001675 | LR: 1.00e-04 | Best: 0.001673
  Epoch  25/300 | Train Loss: 0.001866 | Val Loss: 0.001676 | LR: 1.00e-04 | Best: 0.001673
  Epoch  26/300 | Train Loss: 0.001859 | Val Loss: 0.001677 | LR: 1.00e-04 | Best: 0.001673
  Epoch  27/300 | Train Loss: 0.001852 | Val Loss: 0.001675 | LR: 5.00e-05 | Best: 0.001673
  Epoch  28/300 | Train Loss: 0.001845 | Val Loss: 0.001686 | LR: 5.00e-05 | Best: 0.001673
  Epoch  29/300 | Train Loss: 0.001851 | Val Loss: 0.001696 | LR: 5.00e-05 | Best: 0.001673
  Epoch  30/300 | Train Loss: 0.001847 | Val Loss: 0.001688 | LR: 5.00e-05 | Best: 0.001673
  Epoch  31/300 | Train Loss: 0.001835 | Val Loss: 0.001675 | LR: 5.00e-05 | Best: 0.001673
  Epoch  32/300 | Train Loss: 0.001832 | Val Loss: 0.001667 | LR: 5.00e-05 | Best: 0.001673
  Epoch  33/300 | Train Loss: 0.001823 | Val Loss: 0.001657 | LR: 5.00e-05 | Best: 0.001667
  Epoch  34/300 | Train Loss: 0.001824 | Val Loss: 0.001651 | LR: 5.00e-05 | Best: 0.001657
  Epoch  35/300 | Train Loss: 0.001822 | Val Loss: 0.001649 | LR: 5.00e-05 | Best: 0.001651
  Epoch  36/300 | Train Loss: 0.001818 | Val Loss: 0.001647 | LR: 5.00e-05 | Best: 0.001649
  Epoch  37/300 | Train Loss: 0.001815 | Val Loss: 0.001644 | LR: 5.00e-05 | Best: 0.001647
  Epoch  38/300 | Train Loss: 0.001813 | Val Loss: 0.001648 | LR: 5.00e-05 | Best: 0.001644
  Epoch  39/300 | Train Loss: 0.001806 | Val Loss: 0.001646 | LR: 5.00e-05 | Best: 0.001644
  Epoch  40/300 | Train Loss: 0.001801 | Val Loss: 0.001646 | LR: 5.00e-05 | Best: 0.001644
  Epoch  41/300 | Train Loss: 0.001799 | Val Loss: 0.001649 | LR: 5.00e-05 | Best: 0.001644
  Epoch  42/300 | Train Loss: 0.001790 | Val Loss: 0.001646 | LR: 5.00e-05 | Best: 0.001644
  Epoch  43/300 | Train Loss: 0.001790 | Val Loss: 0.001649 | LR: 2.50e-05 | Best: 0.001644
  Epoch  44/300 | Train Loss: 0.001788 | Val Loss: 0.001653 | LR: 2.50e-05 | Best: 0.001644
  Epoch  45/300 | Train Loss: 0.001783 | Val Loss: 0.001654 | LR: 2.50e-05 | Best: 0.001644
  Epoch  46/300 | Train Loss: 0.001783 | Val Loss: 0.001651 | LR: 2.50e-05 | Best: 0.001644
  Epoch  47/300 | Train Loss: 0.001779 | Val Loss: 0.001651 | LR: 2.50e-05 | Best: 0.001644

[Early Stopping] No improvement for 10 epochs. Stopping at epoch 47.
[Early Stopping] Best validation loss: 0.001644 at epoch 37

[Checkpoint] Restored best model from epoch 37
============================================================

  [Node similarity] commodity pairwise cosine: mean=0.8404  std=0.1176  (distinct)

  ── Result ──
  MAE: 0.021944  RMSE: 0.028415  Hit%: 49.6  vs Zero: +3.15%  [113s]

==========================================================================================
  ABLATION: +MktNodeNoG  (variant=market_node_no_graph, feat_dim=21, {})
==========================================================================================
  Params: 196,004

============================================================
CMGM Training
============================================================
Device: cuda
Epochs: 300 (early stopping patience=10)
Learning rate: 0.0001, Weight decay: 1e-05
============================================================
  [market_node] h_node=[64, 284, 64] h_graph=None h_global=[64, 64] h_node_comm=[64, 24, 64] h_graph_comm=None emb=[64, 24, 16] z=[64, 24, 144] pred=[64, 4, 24]
  Epoch   1/300 | Train Loss: 0.005588 | Val Loss: 0.003832 | LR: 1.00e-04 | Best: inf
  Epoch   2/300 | Train Loss: 0.004716 | Val Loss: 0.003190 | LR: 1.00e-04 | Best: 0.003832
  Epoch   3/300 | Train Loss: 0.004122 | Val Loss: 0.002793 | LR: 1.00e-04 | Best: 0.003190
  Epoch   4/300 | Train Loss: 0.003647 | Val Loss: 0.002522 | LR: 1.00e-04 | Best: 0.002793
  Epoch   5/300 | Train Loss: 0.003256 | Val Loss: 0.002370 | LR: 1.00e-04 | Best: 0.002522
  Epoch   6/300 | Train Loss: 0.002905 | Val Loss: 0.002263 | LR: 1.00e-04 | Best: 0.002370
  Epoch   7/300 | Train Loss: 0.002624 | Val Loss: 0.002224 | LR: 1.00e-04 | Best: 0.002263
  Epoch   8/300 | Train Loss: 0.002412 | Val Loss: 0.002179 | LR: 1.00e-04 | Best: 0.002224
  Epoch   9/300 | Train Loss: 0.002279 | Val Loss: 0.002115 | LR: 1.00e-04 | Best: 0.002179
  Epoch  10/300 | Train Loss: 0.002194 | Val Loss: 0.002090 | LR: 1.00e-04 | Best: 0.002115
  Epoch  11/300 | Train Loss: 0.002131 | Val Loss: 0.002064 | LR: 1.00e-04 | Best: 0.002090
  Epoch  12/300 | Train Loss: 0.002083 | Val Loss: 0.002037 | LR: 1.00e-04 | Best: 0.002064
  Epoch  13/300 | Train Loss: 0.002044 | Val Loss: 0.002019 | LR: 1.00e-04 | Best: 0.002037
  Epoch  14/300 | Train Loss: 0.002010 | Val Loss: 0.001992 | LR: 1.00e-04 | Best: 0.002019
  Epoch  15/300 | Train Loss: 0.001977 | Val Loss: 0.001964 | LR: 1.00e-04 | Best: 0.001992
  Epoch  16/300 | Train Loss: 0.001955 | Val Loss: 0.001928 | LR: 1.00e-04 | Best: 0.001964
  Epoch  17/300 | Train Loss: 0.001936 | Val Loss: 0.001906 | LR: 1.00e-04 | Best: 0.001928
  Epoch  18/300 | Train Loss: 0.001916 | Val Loss: 0.001881 | LR: 1.00e-04 | Best: 0.001906
  Epoch  19/300 | Train Loss: 0.001902 | Val Loss: 0.001875 | LR: 1.00e-04 | Best: 0.001881
  Epoch  20/300 | Train Loss: 0.001888 | Val Loss: 0.001854 | LR: 1.00e-04 | Best: 0.001875
  Epoch  21/300 | Train Loss: 0.001881 | Val Loss: 0.001845 | LR: 1.00e-04 | Best: 0.001854
  Epoch  22/300 | Train Loss: 0.001867 | Val Loss: 0.001842 | LR: 1.00e-04 | Best: 0.001845
  Epoch  23/300 | Train Loss: 0.001856 | Val Loss: 0.001838 | LR: 1.00e-04 | Best: 0.001842
  Epoch  24/300 | Train Loss: 0.001846 | Val Loss: 0.001852 | LR: 1.00e-04 | Best: 0.001838
  Epoch  25/300 | Train Loss: 0.001838 | Val Loss: 0.001852 | LR: 1.00e-04 | Best: 0.001838
  Epoch  26/300 | Train Loss: 0.001831 | Val Loss: 0.001850 | LR: 1.00e-04 | Best: 0.001838
  Epoch  27/300 | Train Loss: 0.001818 | Val Loss: 0.001854 | LR: 1.00e-04 | Best: 0.001838
  Epoch  28/300 | Train Loss: 0.001816 | Val Loss: 0.001856 | LR: 1.00e-04 | Best: 0.001838
  Epoch  29/300 | Train Loss: 0.001809 | Val Loss: 0.001861 | LR: 5.00e-05 | Best: 0.001838
  Epoch  30/300 | Train Loss: 0.001803 | Val Loss: 0.001861 | LR: 5.00e-05 | Best: 0.001838
  Epoch  31/300 | Train Loss: 0.001799 | Val Loss: 0.001860 | LR: 5.00e-05 | Best: 0.001838
  Epoch  32/300 | Train Loss: 0.001797 | Val Loss: 0.001861 | LR: 5.00e-05 | Best: 0.001838
  Epoch  33/300 | Train Loss: 0.001792 | Val Loss: 0.001863 | LR: 5.00e-05 | Best: 0.001838

[Early Stopping] No improvement for 10 epochs. Stopping at epoch 33.
[Early Stopping] Best validation loss: 0.001838 at epoch 23

[Checkpoint] Restored best model from epoch 23
============================================================

  [Node similarity] commodity pairwise cosine: mean=0.9507  std=0.0427  (oversmoothed)

  ── Result ──
  MAE: 0.026302  RMSE: 0.032754  Hit%: 50.5  vs Zero: +23.64%  [46s]

====================================================================================================
ABLATION STUDY — 5-day Return Space
====================================================================================================
Variant                Params    Time        MAE       RMSE    Hit%    vs Zero
----------------------------------------------------------------------------------------------------
+EdgeAttn           1,684,761    124s   0.022071   0.028580   51.1     +3.75%
+NodeWise             159,517     70s   0.061828   0.076199   51.5   +190.64%
+MarketNode           276,701    113s   0.021944   0.028415   49.6     +3.15%
+MktNodeNoG           196,004     46s   0.026302   0.032754   50.5    +23.64%
====================================================================================================

📋 Experiment 20260819_130502 logged to /home/yangxiaotong/projects/myresearch/Commedities/experiments/EXPERIMENTS.jsonl
