nohup: 忽略输入
Device: cuda  |  Epochs: 300  |  Seed: 42

============================================================
CMGM Data Loading Pipeline
============================================================

[Step 1] Loading raw price data...

[Step 2] Aligning markets to common date range...
[DataLoader] Stock date range: 2015-01-05 00:00:00 to 2025-06-30 00:00:00 (2548 days)
[DataLoader] Bond date range: 2017-01-17 00:00:00 to 2025-12-31 00:00:00 (2176 days)
[DataLoader] Commodity date range: 2015-01-05 00:00:00 to 2025-12-31 00:00:00 (2679 days)
[DataLoader] Common date range: 2017-01-17 00:00:00 to 2025-06-30 00:00:00 (2050 days)
[DataLoader] Combined price matrix shape: (2050, 284)
[DataLoader] Market split: stocks=248, bonds=12, commodities=24

[Step 3] Temporal train/val/test split...
[DataLoader] Temporal split: train=1435, val=307, test=308

[Step 4] Per-asset z-score normalization...
[DataLoader] Per-asset z-score normalization fitted on training data only
[DataLoader] mean range: [0.9803, 173055.7656]
[DataLoader] std  range: [0.000000, 55160.3203]
[DataLoader] Z-scored train range: [-11.3746, 91.5527]

[Step 6] Computing returns for graph construction...
     Training returns shape: (1434, 284)

[Step 7] Creating sliding window datasets...

[Done] Dataset sizes: train=1396, val=268, test=269
[Done] Total nodes: 284
[Done] Commodity nodes (output dim): 24

============================================================
Graph Construction (pearson)
============================================================

[Graph Step 1] Computing pearson correlation...
     [Pearson] Correlation matrix shape: (284, 284), range: [-0.2194, 1.0000]

[Graph Step 2] Top-10 thresholding (signed)...
     [Threshold] Top-10 edges per node, total=2840, pos=2784, neg=46

[Graph Step 3] Symmetrizing adjacency...

[Graph Step 4] Adding self-loops...

[Graph Step 5] Symmetric normalization...
     [Normalize] Adjacency normalized, range: [-0.0440, 1.0000]

[Graph Step 6] Converting to edge_index/edge_weight...
     [EdgeIndex] edge_index shape: torch.Size([2, 3114]), edges: 3114

[Graph] Market connectivity:
       stock: 248 nodes, 2705 intra-edges
       bond: 12 nodes, 40 intra-edges
       commodity: 24 nodes, 195 intra-edges
[Features] Computed 21 features: price, ret_1d, ret_5d, ret_10d, ret_20d, vol_5d, vol_10d, vol_20d, zscore_5d, zscore_10d, zscore_20d, price_ma5, price_ma10, price_ma20, price_ma60, rsi_14, bb_position, skewness_20d, kurtosis_20d, roc_10d, percentile_20d
[Features] Shape: (T=2050, N=284, F=21)  range: [-4.4721, 391400.0000]
[Features] Per-asset per-channel z-score on 1435 train samples → range: [-2602.1177, 99999.9688]

0/9: Zero

1/9: PCA+Ridge

==================================================
PCA+Ridge Baseline (components=100, alpha=1.0)
==================================================
  X_train: (1408, 119280), y_train: (1408, 24)

[Training] PCA(100) → StandardScaler → Ridge(alpha=1.0)...
  Training time: 3.39s

2/9: PCA+SVR

==================================================
PCA+LinearSVR Baseline (components=100, C=1.0)
==================================================
  X_train: (1408, 119280), y_train: (1408, 24)

[Training] PCA(100) → StandardScaler → LinearSVR(C=1.0)...
  Training time: 3.49s

3/9: LSTM

==================================================
LSTM Baseline
==================================================
  Device: cuda, Epochs: 300, Patience: 10
  Epoch   1/300 | Train: 0.001350 | Val: 0.001323
  Epoch  10/300 | Train: 0.000504 | Val: 0.000614
  Epoch  20/300 | Train: 0.000395 | Val: 0.000401
  Epoch  30/300 | Train: 0.000347 | Val: 0.000347
  Epoch  40/300 | Train: 0.000311 | Val: 0.000326
  Epoch  50/300 | Train: 0.000288 | Val: 0.000319
  Epoch  60/300 | Train: 0.000268 | Val: 0.000318
  Epoch  70/300 | Train: 0.000261 | Val: 0.000326
  [Early stopping at epoch 70]
  Best val loss: 0.000318 | Time: 25.3s

4/9: BiLSTM

==================================================
BiLSTM Baseline
==================================================
  Device: cuda, Epochs: 300, Patience: 10
  Epoch   1/300 | Train: 0.001333 | Val: 0.001159
  Epoch  10/300 | Train: 0.000498 | Val: 0.000437
  Epoch  20/300 | Train: 0.000387 | Val: 0.000375
  Epoch  30/300 | Train: 0.000333 | Val: 0.000359
  Epoch  40/300 | Train: 0.000309 | Val: 0.000342
  Epoch  50/300 | Train: 0.000286 | Val: 0.000337
  Epoch  60/300 | Train: 0.000261 | Val: 0.000327
  Epoch  70/300 | Train: 0.000256 | Val: 0.000334
  Epoch  80/300 | Train: 0.000236 | Val: 0.000323
  [Early stopping at epoch 88]
  Best val loss: 0.000322 | Time: 43.6s

5/9: GCN-Only

==================================================
GCN-Only Baseline (no LSTM)
==================================================
  Device: cuda, Epochs: 300, Patience: 10
  Epoch   1/300 | Train: 0.001296 | Val: 0.000664
  Epoch  10/300 | Train: 0.000544 | Val: 0.000390
  Epoch  20/300 | Train: 0.000509 | Val: 0.000445
  [Early stopping at epoch 24]
  Best val loss: 0.000357 | Time: 63.1s

6/9: GCN+GAT

==================================================
GCN+GAT Hybrid Baseline
==================================================
  Device: cuda, Epochs: 300, Patience: 10
  Epoch   1/300 | Train: 0.001520 | Val: 0.000893
  Epoch  10/300 | Train: 0.000687 | Val: 0.000544
  Epoch  20/300 | Train: 0.000518 | Val: 0.000413
  [Early stopping at epoch 29]
  Best val loss: 0.000361 | Time: 77.0s

7/9: GCN+LSTM

============================================================
CMGM Training
============================================================
Device: cuda
Epochs: 300 (early stopping patience=10)
Learning rate: 0.0001, Weight decay: 1e-05
============================================================
  GCN(F=21)→([64, 64]) || LSTM(N*F=5964)→([64, 64]) → Concat([64, 128]) → FC → ([64, 24])
  Epoch   1/300 | Train Loss: 0.000888 | Val Loss: 0.000494 | LR: 1.00e-04 | Best: inf
  Epoch   2/300 | Train Loss: 0.000690 | Val Loss: 0.000494 | LR: 1.00e-04 | Best: 0.000494
  Epoch   3/300 | Train Loss: 0.000647 | Val Loss: 0.000508 | LR: 1.00e-04 | Best: 0.000494
  Epoch   4/300 | Train Loss: 0.000628 | Val Loss: 0.000478 | LR: 1.00e-04 | Best: 0.000494
  Epoch   5/300 | Train Loss: 0.000601 | Val Loss: 0.000515 | LR: 1.00e-04 | Best: 0.000478
  Epoch   6/300 | Train Loss: 0.000610 | Val Loss: 0.000637 | LR: 1.00e-04 | Best: 0.000478
  Epoch   7/300 | Train Loss: 0.000629 | Val Loss: 0.000598 | LR: 1.00e-04 | Best: 0.000478
  Epoch   8/300 | Train Loss: 0.000666 | Val Loss: 0.000375 | LR: 1.00e-04 | Best: 0.000478
  Epoch   9/300 | Train Loss: 0.000661 | Val Loss: 0.000456 | LR: 1.00e-04 | Best: 0.000375
  Epoch  10/300 | Train Loss: 0.000574 | Val Loss: 0.000437 | LR: 1.00e-04 | Best: 0.000375
  Epoch  11/300 | Train Loss: 0.000544 | Val Loss: 0.000419 | LR: 1.00e-04 | Best: 0.000375
  Epoch  12/300 | Train Loss: 0.000530 | Val Loss: 0.000409 | LR: 1.00e-04 | Best: 0.000375
  Epoch  13/300 | Train Loss: 0.000520 | Val Loss: 0.000411 | LR: 1.00e-04 | Best: 0.000375
  Epoch  14/300 | Train Loss: 0.000520 | Val Loss: 0.000355 | LR: 1.00e-04 | Best: 0.000375
  Epoch  15/300 | Train Loss: 0.000536 | Val Loss: 0.000415 | LR: 1.00e-04 | Best: 0.000355
  Epoch  16/300 | Train Loss: 0.000515 | Val Loss: 0.000419 | LR: 1.00e-04 | Best: 0.000355
  Epoch  17/300 | Train Loss: 0.000531 | Val Loss: 0.000464 | LR: 1.00e-04 | Best: 0.000355
  Epoch  18/300 | Train Loss: 0.000555 | Val Loss: 0.000446 | LR: 1.00e-04 | Best: 0.000355
  Epoch  19/300 | Train Loss: 0.000626 | Val Loss: 0.000530 | LR: 1.00e-04 | Best: 0.000355
  Epoch  20/300 | Train Loss: 0.000655 | Val Loss: 0.000508 | LR: 5.00e-05 | Best: 0.000355
  Epoch  21/300 | Train Loss: 0.000599 | Val Loss: 0.000402 | LR: 5.00e-05 | Best: 0.000355
  Epoch  22/300 | Train Loss: 0.000592 | Val Loss: 0.000468 | LR: 5.00e-05 | Best: 0.000355
  Epoch  23/300 | Train Loss: 0.000596 | Val Loss: 0.000450 | LR: 5.00e-05 | Best: 0.000355
  Epoch  24/300 | Train Loss: 0.000625 | Val Loss: 0.000481 | LR: 5.00e-05 | Best: 0.000355

[Early Stopping] No improvement for 10 epochs. Stopping at epoch 24.
[Early Stopping] Best validation loss: 0.000355 at epoch 14

[Checkpoint] Restored best model from epoch 14
============================================================


8/9: HeteroMixHop

============================================================
CMGM Training
============================================================
Device: cuda
Epochs: 300 (early stopping patience=10)
Learning rate: 0.0001, Weight decay: 1e-05
============================================================
  [variant=edge_attn] GCN→([64, 64]) || LSTM→([64, 64]) → head → ([64, 4, 24])
  Epoch   1/300 | Train Loss: 0.005387 | Val Loss: 0.005110 | LR: 1.00e-04 | Best: inf
  Epoch   2/300 | Train Loss: 0.004465 | Val Loss: 0.004707 | LR: 1.00e-04 | Best: 0.005110
  Epoch   3/300 | Train Loss: 0.004121 | Val Loss: 0.004459 | LR: 1.00e-04 | Best: 0.004707
  Epoch   4/300 | Train Loss: 0.003834 | Val Loss: 0.004232 | LR: 1.00e-04 | Best: 0.004459
  Epoch   5/300 | Train Loss: 0.003569 | Val Loss: 0.004048 | LR: 1.00e-04 | Best: 0.004232
  Epoch   6/300 | Train Loss: 0.003325 | Val Loss: 0.003868 | LR: 1.00e-04 | Best: 0.004048
  Epoch   7/300 | Train Loss: 0.003100 | Val Loss: 0.003639 | LR: 1.00e-04 | Best: 0.003868
  Epoch   8/300 | Train Loss: 0.002923 | Val Loss: 0.003430 | LR: 1.00e-04 | Best: 0.003639
  Epoch   9/300 | Train Loss: 0.002748 | Val Loss: 0.003266 | LR: 1.00e-04 | Best: 0.003430
  Epoch  10/300 | Train Loss: 0.002636 | Val Loss: 0.003132 | LR: 1.00e-04 | Best: 0.003266
  Gate   | mean=0.499 std=0.056 [0.363, 0.660] → 偏向GCN
  Epoch  11/300 | Train Loss: 0.002513 | Val Loss: 0.002984 | LR: 1.00e-04 | Best: 0.003132
  Epoch  12/300 | Train Loss: 0.002429 | Val Loss: 0.002872 | LR: 1.00e-04 | Best: 0.002984
  Epoch  13/300 | Train Loss: 0.002374 | Val Loss: 0.002833 | LR: 1.00e-04 | Best: 0.002872
  Epoch  14/300 | Train Loss: 0.002362 | Val Loss: 0.002854 | LR: 1.00e-04 | Best: 0.002833
  Epoch  15/300 | Train Loss: 0.002371 | Val Loss: 0.002943 | LR: 1.00e-04 | Best: 0.002833
  Epoch  16/300 | Train Loss: 0.002391 | Val Loss: 0.003015 | LR: 1.00e-04 | Best: 0.002833
  Epoch  17/300 | Train Loss: 0.002245 | Val Loss: 0.002924 | LR: 1.00e-04 | Best: 0.002833
  Epoch  18/300 | Train Loss: 0.002186 | Val Loss: 0.002807 | LR: 1.00e-04 | Best: 0.002833
  Epoch  19/300 | Train Loss: 0.002111 | Val Loss: 0.002737 | LR: 1.00e-04 | Best: 0.002807
  Epoch  20/300 | Train Loss: 0.002068 | Val Loss: 0.002683 | LR: 1.00e-04 | Best: 0.002737
  Gate   | mean=0.514 std=0.053 [0.379, 0.682] → 偏向LSTM
  Epoch  21/300 | Train Loss: 0.002044 | Val Loss: 0.002607 | LR: 1.00e-04 | Best: 0.002683
  Epoch  22/300 | Train Loss: 0.002020 | Val Loss: 0.002592 | LR: 1.00e-04 | Best: 0.002607
  Epoch  23/300 | Train Loss: 0.002006 | Val Loss: 0.002563 | LR: 1.00e-04 | Best: 0.002592
  Epoch  24/300 | Train Loss: 0.001985 | Val Loss: 0.002541 | LR: 1.00e-04 | Best: 0.002563
  Epoch  25/300 | Train Loss: 0.001971 | Val Loss: 0.002522 | LR: 1.00e-04 | Best: 0.002541
  Epoch  26/300 | Train Loss: 0.001949 | Val Loss: 0.002483 | LR: 1.00e-04 | Best: 0.002522
  Epoch  27/300 | Train Loss: 0.001927 | Val Loss: 0.002452 | LR: 1.00e-04 | Best: 0.002483
  Epoch  28/300 | Train Loss: 0.001921 | Val Loss: 0.002408 | LR: 1.00e-04 | Best: 0.002452
  Epoch  29/300 | Train Loss: 0.001894 | Val Loss: 0.002349 | LR: 1.00e-04 | Best: 0.002408
  Epoch  30/300 | Train Loss: 0.001886 | Val Loss: 0.002319 | LR: 1.00e-04 | Best: 0.002349
  Gate   | mean=0.517 std=0.049 [0.381, 0.674] → 偏向LSTM
  Epoch  31/300 | Train Loss: 0.001874 | Val Loss: 0.002313 | LR: 1.00e-04 | Best: 0.002319
  Epoch  32/300 | Train Loss: 0.001857 | Val Loss: 0.002319 | LR: 1.00e-04 | Best: 0.002313
  Epoch  33/300 | Train Loss: 0.001843 | Val Loss: 0.002302 | LR: 1.00e-04 | Best: 0.002313
  Epoch  34/300 | Train Loss: 0.001832 | Val Loss: 0.002273 | LR: 1.00e-04 | Best: 0.002302
  Epoch  35/300 | Train Loss: 0.001819 | Val Loss: 0.002232 | LR: 1.00e-04 | Best: 0.002273
  Epoch  36/300 | Train Loss: 0.001807 | Val Loss: 0.002194 | LR: 1.00e-04 | Best: 0.002232
  Epoch  37/300 | Train Loss: 0.001797 | Val Loss: 0.002175 | LR: 1.00e-04 | Best: 0.002194
  Epoch  38/300 | Train Loss: 0.001794 | Val Loss: 0.002162 | LR: 1.00e-04 | Best: 0.002175
  Epoch  39/300 | Train Loss: 0.001781 | Val Loss: 0.002152 | LR: 1.00e-04 | Best: 0.002162
  Epoch  40/300 | Train Loss: 0.001785 | Val Loss: 0.002152 | LR: 1.00e-04 | Best: 0.002152
  Gate   | mean=0.522 std=0.047 [0.391, 0.669] → 偏向LSTM
  Epoch  41/300 | Train Loss: 0.001790 | Val Loss: 0.002162 | LR: 1.00e-04 | Best: 0.002152
  Epoch  42/300 | Train Loss: 0.001806 | Val Loss: 0.002123 | LR: 1.00e-04 | Best: 0.002152
  Epoch  43/300 | Train Loss: 0.001805 | Val Loss: 0.002079 | LR: 1.00e-04 | Best: 0.002123
  Epoch  44/300 | Train Loss: 0.001753 | Val Loss: 0.002095 | LR: 1.00e-04 | Best: 0.002079
  Epoch  45/300 | Train Loss: 0.001733 | Val Loss: 0.002065 | LR: 1.00e-04 | Best: 0.002079
  Epoch  46/300 | Train Loss: 0.001705 | Val Loss: 0.002054 | LR: 1.00e-04 | Best: 0.002065
  Epoch  47/300 | Train Loss: 0.001700 | Val Loss: 0.002045 | LR: 1.00e-04 | Best: 0.002054
  Epoch  48/300 | Train Loss: 0.001685 | Val Loss: 0.002036 | LR: 1.00e-04 | Best: 0.002045
  Epoch  49/300 | Train Loss: 0.001683 | Val Loss: 0.002017 | LR: 1.00e-04 | Best: 0.002036
  Epoch  50/300 | Train Loss: 0.001676 | Val Loss: 0.002021 | LR: 1.00e-04 | Best: 0.002017
  Gate   | mean=0.528 std=0.044 [0.402, 0.658] → 偏向LSTM
  Epoch  51/300 | Train Loss: 0.001673 | Val Loss: 0.002004 | LR: 1.00e-04 | Best: 0.002017
  Epoch  52/300 | Train Loss: 0.001671 | Val Loss: 0.001974 | LR: 1.00e-04 | Best: 0.002004
  Epoch  53/300 | Train Loss: 0.001717 | Val Loss: 0.001980 | LR: 1.00e-04 | Best: 0.001974
  Epoch  54/300 | Train Loss: 0.001693 | Val Loss: 0.001965 | LR: 1.00e-04 | Best: 0.001974
  Epoch  55/300 | Train Loss: 0.001665 | Val Loss: 0.001948 | LR: 1.00e-04 | Best: 0.001965
  Epoch  56/300 | Train Loss: 0.001656 | Val Loss: 0.001958 | LR: 1.00e-04 | Best: 0.001948
  Epoch  57/300 | Train Loss: 0.001635 | Val Loss: 0.001947 | LR: 1.00e-04 | Best: 0.001948
  Epoch  58/300 | Train Loss: 0.001626 | Val Loss: 0.001930 | LR: 1.00e-04 | Best: 0.001947
  Epoch  59/300 | Train Loss: 0.001624 | Val Loss: 0.001930 | LR: 1.00e-04 | Best: 0.001930
  Epoch  60/300 | Train Loss: 0.001605 | Val Loss: 0.001926 | LR: 1.00e-04 | Best: 0.001930
  Gate   | mean=0.533 std=0.043 [0.407, 0.651] → 偏向LSTM
  Epoch  61/300 | Train Loss: 0.001599 | Val Loss: 0.001908 | LR: 1.00e-04 | Best: 0.001926
  Epoch  62/300 | Train Loss: 0.001608 | Val Loss: 0.001916 | LR: 1.00e-04 | Best: 0.001908
  Epoch  63/300 | Train Loss: 0.001597 | Val Loss: 0.001913 | LR: 1.00e-04 | Best: 0.001908
  Epoch  64/300 | Train Loss: 0.001609 | Val Loss: 0.001888 | LR: 1.00e-04 | Best: 0.001908
  Epoch  65/300 | Train Loss: 0.001626 | Val Loss: 0.001892 | LR: 1.00e-04 | Best: 0.001888
  Epoch  66/300 | Train Loss: 0.001596 | Val Loss: 0.001890 | LR: 1.00e-04 | Best: 0.001888
  Epoch  67/300 | Train Loss: 0.001588 | Val Loss: 0.001871 | LR: 1.00e-04 | Best: 0.001888
  Epoch  68/300 | Train Loss: 0.001587 | Val Loss: 0.001878 | LR: 1.00e-04 | Best: 0.001871
  Epoch  69/300 | Train Loss: 0.001560 | Val Loss: 0.001879 | LR: 1.00e-04 | Best: 0.001871
  Epoch  70/300 | Train Loss: 0.001561 | Val Loss: 0.001876 | LR: 1.00e-04 | Best: 0.001871
  Gate   | mean=0.538 std=0.043 [0.409, 0.653] → 偏向LSTM
  Epoch  71/300 | Train Loss: 0.001559 | Val Loss: 0.001877 | LR: 1.00e-04 | Best: 0.001871
  Epoch  72/300 | Train Loss: 0.001544 | Val Loss: 0.001865 | LR: 1.00e-04 | Best: 0.001871
  Epoch  73/300 | Train Loss: 0.001541 | Val Loss: 0.001865 | LR: 1.00e-04 | Best: 0.001865
  Epoch  74/300 | Train Loss: 0.001562 | Val Loss: 0.001875 | LR: 1.00e-04 | Best: 0.001865
  Epoch  75/300 | Train Loss: 0.001554 | Val Loss: 0.001868 | LR: 1.00e-04 | Best: 0.001865
  Epoch  76/300 | Train Loss: 0.001552 | Val Loss: 0.001843 | LR: 1.00e-04 | Best: 0.001865
  Epoch  77/300 | Train Loss: 0.001576 | Val Loss: 0.001856 | LR: 1.00e-04 | Best: 0.001843
  Epoch  78/300 | Train Loss: 0.001551 | Val Loss: 0.001830 | LR: 1.00e-04 | Best: 0.001843
  Epoch  79/300 | Train Loss: 0.001521 | Val Loss: 0.001810 | LR: 1.00e-04 | Best: 0.001830
  Epoch  80/300 | Train Loss: 0.001518 | Val Loss: 0.001800 | LR: 1.00e-04 | Best: 0.001810
  Gate   | mean=0.543 std=0.042 [0.422, 0.660] → 偏向LSTM
  Epoch  81/300 | Train Loss: 0.001512 | Val Loss: 0.001778 | LR: 1.00e-04 | Best: 0.001800
  Epoch  82/300 | Train Loss: 0.001501 | Val Loss: 0.001756 | LR: 1.00e-04 | Best: 0.001778
  Epoch  83/300 | Train Loss: 0.001492 | Val Loss: 0.001747 | LR: 1.00e-04 | Best: 0.001756
  Epoch  84/300 | Train Loss: 0.001485 | Val Loss: 0.001719 | LR: 1.00e-04 | Best: 0.001747
  Epoch  85/300 | Train Loss: 0.001484 | Val Loss: 0.001705 | LR: 1.00e-04 | Best: 0.001719
  Epoch  86/300 | Train Loss: 0.001483 | Val Loss: 0.001691 | LR: 1.00e-04 | Best: 0.001705
  Epoch  87/300 | Train Loss: 0.001490 | Val Loss: 0.001680 | LR: 1.00e-04 | Best: 0.001691
  Epoch  88/300 | Train Loss: 0.001490 | Val Loss: 0.001672 | LR: 1.00e-04 | Best: 0.001680
  Epoch  89/300 | Train Loss: 0.001509 | Val Loss: 0.001692 | LR: 1.00e-04 | Best: 0.001672
  Epoch  90/300 | Train Loss: 0.001534 | Val Loss: 0.001647 | LR: 1.00e-04 | Best: 0.001672
  Gate   | mean=0.549 std=0.042 [0.426, 0.668] → 偏向LSTM
  Epoch  91/300 | Train Loss: 0.001499 | Val Loss: 0.001648 | LR: 1.00e-04 | Best: 0.001647
  Epoch  92/300 | Train Loss: 0.001488 | Val Loss: 0.001670 | LR: 1.00e-04 | Best: 0.001647
  Epoch  93/300 | Train Loss: 0.001482 | Val Loss: 0.001630 | LR: 1.00e-04 | Best: 0.001647
  Epoch  94/300 | Train Loss: 0.001468 | Val Loss: 0.001630 | LR: 1.00e-04 | Best: 0.001630
  Epoch  95/300 | Train Loss: 0.001457 | Val Loss: 0.001633 | LR: 1.00e-04 | Best: 0.001630
  Epoch  96/300 | Train Loss: 0.001448 | Val Loss: 0.001617 | LR: 1.00e-04 | Best: 0.001630
  Epoch  97/300 | Train Loss: 0.001449 | Val Loss: 0.001613 | LR: 1.00e-04 | Best: 0.001617
  Epoch  98/300 | Train Loss: 0.001446 | Val Loss: 0.001613 | LR: 1.00e-04 | Best: 0.001613
  Epoch  99/300 | Train Loss: 0.001444 | Val Loss: 0.001615 | LR: 1.00e-04 | Best: 0.001613
  Epoch 100/300 | Train Loss: 0.001454 | Val Loss: 0.001611 | LR: 1.00e-04 | Best: 0.001613
  Gate   | mean=0.554 std=0.041 [0.436, 0.671] → 偏向LSTM
  Epoch 101/300 | Train Loss: 0.001456 | Val Loss: 0.001597 | LR: 1.00e-04 | Best: 0.001611
  Epoch 102/300 | Train Loss: 0.001449 | Val Loss: 0.001602 | LR: 1.00e-04 | Best: 0.001597
  Epoch 103/300 | Train Loss: 0.001458 | Val Loss: 0.001619 | LR: 1.00e-04 | Best: 0.001597
  Epoch 104/300 | Train Loss: 0.001458 | Val Loss: 0.001594 | LR: 1.00e-04 | Best: 0.001597
  Epoch 105/300 | Train Loss: 0.001438 | Val Loss: 0.001589 | LR: 1.00e-04 | Best: 0.001594
  Epoch 106/300 | Train Loss: 0.001432 | Val Loss: 0.001603 | LR: 1.00e-04 | Best: 0.001589
  Epoch 107/300 | Train Loss: 0.001424 | Val Loss: 0.001587 | LR: 1.00e-04 | Best: 0.001589
  Epoch 108/300 | Train Loss: 0.001425 | Val Loss: 0.001593 | LR: 1.00e-04 | Best: 0.001587
  Epoch 109/300 | Train Loss: 0.001416 | Val Loss: 0.001599 | LR: 1.00e-04 | Best: 0.001587
  Epoch 110/300 | Train Loss: 0.001415 | Val Loss: 0.001583 | LR: 1.00e-04 | Best: 0.001587
  Gate   | mean=0.561 std=0.043 [0.434, 0.684] → 偏向LSTM
  Epoch 111/300 | Train Loss: 0.001414 | Val Loss: 0.001579 | LR: 1.00e-04 | Best: 0.001583
  Epoch 112/300 | Train Loss: 0.001406 | Val Loss: 0.001579 | LR: 1.00e-04 | Best: 0.001579
  Epoch 113/300 | Train Loss: 0.001407 | Val Loss: 0.001594 | LR: 1.00e-04 | Best: 0.001579
  Epoch 114/300 | Train Loss: 0.001401 | Val Loss: 0.001583 | LR: 1.00e-04 | Best: 0.001579
  Epoch 115/300 | Train Loss: 0.001409 | Val Loss: 0.001562 | LR: 1.00e-04 | Best: 0.001579
  Epoch 116/300 | Train Loss: 0.001405 | Val Loss: 0.001568 | LR: 1.00e-04 | Best: 0.001562
  Epoch 117/300 | Train Loss: 0.001394 | Val Loss: 0.001605 | LR: 1.00e-04 | Best: 0.001562
  Epoch 118/300 | Train Loss: 0.001412 | Val Loss: 0.001579 | LR: 1.00e-04 | Best: 0.001562
  Epoch 119/300 | Train Loss: 0.001413 | Val Loss: 0.001578 | LR: 1.00e-04 | Best: 0.001562
  Epoch 120/300 | Train Loss: 0.001405 | Val Loss: 0.001569 | LR: 1.00e-04 | Best: 0.001562
  Gate   | mean=0.567 std=0.042 [0.444, 0.687] → 偏向LSTM
  Epoch 121/300 | Train Loss: 0.001383 | Val Loss: 0.001574 | LR: 5.00e-05 | Best: 0.001562
  Epoch 122/300 | Train Loss: 0.001379 | Val Loss: 0.001574 | LR: 5.00e-05 | Best: 0.001562
  Epoch 123/300 | Train Loss: 0.001362 | Val Loss: 0.001561 | LR: 5.00e-05 | Best: 0.001562
  Epoch 124/300 | Train Loss: 0.001352 | Val Loss: 0.001564 | LR: 5.00e-05 | Best: 0.001561
  Epoch 125/300 | Train Loss: 0.001351 | Val Loss: 0.001565 | LR: 5.00e-05 | Best: 0.001561
  Epoch 126/300 | Train Loss: 0.001341 | Val Loss: 0.001560 | LR: 5.00e-05 | Best: 0.001561
  Epoch 127/300 | Train Loss: 0.001347 | Val Loss: 0.001566 | LR: 5.00e-05 | Best: 0.001560
  Epoch 128/300 | Train Loss: 0.001347 | Val Loss: 0.001560 | LR: 5.00e-05 | Best: 0.001560
  Epoch 129/300 | Train Loss: 0.001341 | Val Loss: 0.001567 | LR: 5.00e-05 | Best: 0.001560
  Epoch 130/300 | Train Loss: 0.001337 | Val Loss: 0.001563 | LR: 5.00e-05 | Best: 0.001560
  Gate   | mean=0.572 std=0.043 [0.446, 0.692] → 偏向LSTM
  Epoch 131/300 | Train Loss: 0.001334 | Val Loss: 0.001563 | LR: 5.00e-05 | Best: 0.001560
  Epoch 132/300 | Train Loss: 0.001335 | Val Loss: 0.001565 | LR: 2.50e-05 | Best: 0.001560
  Epoch 133/300 | Train Loss: 0.001333 | Val Loss: 0.001563 | LR: 2.50e-05 | Best: 0.001560
  Epoch 134/300 | Train Loss: 0.001332 | Val Loss: 0.001564 | LR: 2.50e-05 | Best: 0.001560
  Epoch 135/300 | Train Loss: 0.001331 | Val Loss: 0.001564 | LR: 2.50e-05 | Best: 0.001560
  Epoch 136/300 | Train Loss: 0.001325 | Val Loss: 0.001563 | LR: 2.50e-05 | Best: 0.001560

[Early Stopping] No improvement for 10 epochs. Stopping at epoch 136.
[Early Stopping] Best validation loss: 0.001560 at epoch 126

[Checkpoint] Restored best model from epoch 126
============================================================


===================================================================================================================
COMPARISON — Return Space
===================================================================================================================
Model               Time       MAE      RMSE   ResMean    ResStd    Hit%
-------------------------------------------------------------------------------------------------------------------
Zero                0.1s  0.021486  0.028063 -0.001374  0.027902    0.0
PCA+Ridge           4.2s  0.023858  0.031037 -0.001139  0.030369   49.9
PCA+SVR             4.1s  0.026246  0.033856 -0.003691  0.033004   44.4
LSTM               25.6s  0.024513  0.031310  0.001469  0.028613   49.4
BiLSTM             43.7s  0.022796  0.029448 -0.002128  0.028201   46.7
GCN-Only           63.5s  0.027881  0.035763 -0.001721  0.031854   51.4
GCN+GAT            77.4s  0.030341  0.037174 -0.011508  0.028990   50.6
GCN+LSTM           40.9s  0.032491  0.038817  0.001452  0.028462   47.8
HeteroMix         163.7s  0.021531  0.027983 -0.003086  0.027424   49.5
===================================================================================================================

====================================================================================================
COMPARISON — Original Price Space
====================================================================================================
Model                       MAE                MSE           RMSE
----------------------------------------------------------------------------------------------------
Zero                     537.31         4022417.25         727.46
PCA+Ridge                646.10         5301892.00         836.73
PCA+SVR                  705.67         6210314.50         920.46
LSTM                     618.02         4474159.50         798.50
BiLSTM                   564.97         4249469.00         747.61
GCN-Only                 941.18        10335104.00        1124.36
GCN+GAT                  631.48         5041149.50         844.31
GCN+LSTM                 871.20         7648862.50        1018.63
HeteroMix                555.30         4194556.00         742.83
====================================================================================================

📋 Experiment 20260817_143912 logged to /home/yangxiaotong/projects/myresearch/Commedities/experiments/EXPERIMENTS.jsonl
