nohup: 忽略输入
Device: cuda  |  Epochs: 300  |  Seed: 42
Target: return  |  Primary horizon: 5d  |  Multi-horizons: [1, 5, 10, 20]
Filtered to 2 variants: ['+TempWeighted', '+CommCond']

[Data] Building 21-dim feature pipeline...
============================================================
CMGM Data Loading Pipeline
============================================================

[Step 1] Loading raw price data...

[Step 2] Aligning markets to common date range...
[DataLoader] Stock date range: 2015-01-05 00:00:00 to 2025-06-30 00:00:00 (2548 days)
[DataLoader] Bond date range: 2017-01-17 00:00:00 to 2025-12-31 00:00:00 (2176 days)
[DataLoader] Commodity date range: 2015-01-05 00:00:00 to 2025-12-31 00:00:00 (2679 days)
[DataLoader] Common date range: 2017-01-17 00:00:00 to 2025-06-30 00:00:00 (2050 days)
[DataLoader] Combined price matrix shape: (2050, 284)
[DataLoader] Market split: stocks=248, bonds=12, commodities=24

[Step 3] Temporal train/val/test split...
[DataLoader] Temporal split: train=1435, val=307, test=308

[Step 4] Per-asset z-score normalization...
[DataLoader] Per-asset z-score normalization fitted on training data only
[DataLoader] mean range: [0.9803, 173055.7656]
[DataLoader] std  range: [0.000000, 55160.3203]
[DataLoader] Z-scored train range: [-11.3746, 91.5527]

[Step 6] Computing returns for graph construction...
     Training returns shape: (1434, 284)

[Step 7] Creating sliding window datasets...

[Done] Dataset sizes: train=1396, val=268, test=269
[Done] Total nodes: 284
[Done] Commodity nodes (output dim): 24
[Features] Computed 21 features: price, ret_1d, ret_5d, ret_10d, ret_20d, vol_5d, vol_10d, vol_20d, zscore_5d, zscore_10d, zscore_20d, price_ma5, price_ma10, price_ma20, price_ma60, rsi_14, bb_position, skewness_20d, kurtosis_20d, roc_10d, percentile_20d
[Features] Shape: (T=2050, N=284, F=21)  range: [-4.4721, 391400.0000]

[Data] Building 7-dim feature pipeline...
============================================================
CMGM Data Loading Pipeline
============================================================

[Step 1] Loading raw price data...

[Step 2] Aligning markets to common date range...
[DataLoader] Stock date range: 2015-01-05 00:00:00 to 2025-06-30 00:00:00 (2548 days)
[DataLoader] Bond date range: 2017-01-17 00:00:00 to 2025-12-31 00:00:00 (2176 days)
[DataLoader] Commodity date range: 2015-01-05 00:00:00 to 2025-12-31 00:00:00 (2679 days)
[DataLoader] Common date range: 2017-01-17 00:00:00 to 2025-06-30 00:00:00 (2050 days)
[DataLoader] Combined price matrix shape: (2050, 284)
[DataLoader] Market split: stocks=248, bonds=12, commodities=24

[Step 3] Temporal train/val/test split...
[DataLoader] Temporal split: train=1435, val=307, test=308

[Step 4] Per-asset z-score normalization...
[DataLoader] Per-asset z-score normalization fitted on training data only
[DataLoader] mean range: [0.9803, 173055.7656]
[DataLoader] std  range: [0.000000, 55160.3203]
[DataLoader] Z-scored train range: [-11.3746, 91.5527]

[Step 6] Computing returns for graph construction...
     Training returns shape: (1434, 284)

[Step 7] Creating sliding window datasets...

[Done] Dataset sizes: train=1396, val=268, test=269
[Done] Total nodes: 284
[Done] Commodity nodes (output dim): 24
[Features] Computed 7 features from RAW prices: price, return, ma5_ratio, ma20_ratio, volatility, rsi_14, macd
[Features] Shape: (T=2050, N=284, F=7)  range: [-21915.3594, 391400.0000]

==========================================================================================
  ABLATION: +TempWeighted  (variant=temporal_weighted_graph, feat_dim=21, {})
==========================================================================================
  Params: 1,684,826

============================================================
CMGM Training
============================================================
Device: cuda
Epochs: 300 (early stopping patience=10)
Learning rate: 0.0001, Weight decay: 1e-05
============================================================
  [original] GCN→[64, 64] LSTM→[64, 64] → gate → head → [64, 4, 24]
  [temporal_weighted_graph] H_seq=[64, 20, 284, 64] α mean=0.0500 → [64, 284, 64] → GNN → [64, 64] → [64, 4, 24]
  Epoch   1/300 | Train Loss: 0.005341 | Val Loss: 0.004801 | LR: 1.00e-04 | Best: inf
  Epoch   2/300 | Train Loss: 0.004449 | Val Loss: 0.004452 | LR: 1.00e-04 | Best: 0.004801
  Epoch   3/300 | Train Loss: 0.004082 | Val Loss: 0.004130 | LR: 1.00e-04 | Best: 0.004452
  Epoch   4/300 | Train Loss: 0.003771 | Val Loss: 0.003823 | LR: 1.00e-04 | Best: 0.004130
  Epoch   5/300 | Train Loss: 0.003507 | Val Loss: 0.003551 | LR: 1.00e-04 | Best: 0.003823
  Epoch   6/300 | Train Loss: 0.003264 | Val Loss: 0.003321 | LR: 1.00e-04 | Best: 0.003551
  Epoch   7/300 | Train Loss: 0.003047 | Val Loss: 0.003113 | LR: 1.00e-04 | Best: 0.003321
  Epoch   8/300 | Train Loss: 0.002885 | Val Loss: 0.002965 | LR: 1.00e-04 | Best: 0.003113
  Epoch   9/300 | Train Loss: 0.002739 | Val Loss: 0.002857 | LR: 1.00e-04 | Best: 0.002965
  Epoch  10/300 | Train Loss: 0.002631 | Val Loss: 0.002779 | LR: 1.00e-04 | Best: 0.002857
  Epoch  11/300 | Train Loss: 0.002541 | Val Loss: 0.002685 | LR: 1.00e-04 | Best: 0.002779
  Epoch  12/300 | Train Loss: 0.002479 | Val Loss: 0.002557 | LR: 1.00e-04 | Best: 0.002685
  Epoch  13/300 | Train Loss: 0.002440 | Val Loss: 0.002465 | LR: 1.00e-04 | Best: 0.002557
  Epoch  14/300 | Train Loss: 0.002438 | Val Loss: 0.002492 | LR: 1.00e-04 | Best: 0.002465
  Epoch  15/300 | Train Loss: 0.002332 | Val Loss: 0.002519 | LR: 1.00e-04 | Best: 0.002465
  Epoch  16/300 | Train Loss: 0.002243 | Val Loss: 0.002446 | LR: 1.00e-04 | Best: 0.002465
  Epoch  17/300 | Train Loss: 0.002183 | Val Loss: 0.002378 | LR: 1.00e-04 | Best: 0.002446
  Epoch  18/300 | Train Loss: 0.002136 | Val Loss: 0.002338 | LR: 1.00e-04 | Best: 0.002378
  Epoch  19/300 | Train Loss: 0.002111 | Val Loss: 0.002297 | LR: 1.00e-04 | Best: 0.002338
  Epoch  20/300 | Train Loss: 0.002078 | Val Loss: 0.002279 | LR: 1.00e-04 | Best: 0.002297
  Epoch  21/300 | Train Loss: 0.002053 | Val Loss: 0.002259 | LR: 1.00e-04 | Best: 0.002279
  Epoch  22/300 | Train Loss: 0.002034 | Val Loss: 0.002230 | LR: 1.00e-04 | Best: 0.002259
  Epoch  23/300 | Train Loss: 0.002016 | Val Loss: 0.002207 | LR: 1.00e-04 | Best: 0.002230
  Epoch  24/300 | Train Loss: 0.001988 | Val Loss: 0.002174 | LR: 1.00e-04 | Best: 0.002207
  Epoch  25/300 | Train Loss: 0.001979 | Val Loss: 0.002145 | LR: 1.00e-04 | Best: 0.002174
  Epoch  26/300 | Train Loss: 0.001967 | Val Loss: 0.002119 | LR: 1.00e-04 | Best: 0.002145
  Epoch  27/300 | Train Loss: 0.001940 | Val Loss: 0.002112 | LR: 1.00e-04 | Best: 0.002119
  Epoch  28/300 | Train Loss: 0.001924 | Val Loss: 0.002092 | LR: 1.00e-04 | Best: 0.002112
  Epoch  29/300 | Train Loss: 0.001924 | Val Loss: 0.002077 | LR: 1.00e-04 | Best: 0.002092
  Epoch  30/300 | Train Loss: 0.001917 | Val Loss: 0.002065 | LR: 1.00e-04 | Best: 0.002077
  Epoch  31/300 | Train Loss: 0.001895 | Val Loss: 0.002048 | LR: 1.00e-04 | Best: 0.002065
  Epoch  32/300 | Train Loss: 0.001882 | Val Loss: 0.002024 | LR: 1.00e-04 | Best: 0.002048
  Epoch  33/300 | Train Loss: 0.001875 | Val Loss: 0.002008 | LR: 1.00e-04 | Best: 0.002024
  Epoch  34/300 | Train Loss: 0.001849 | Val Loss: 0.001972 | LR: 1.00e-04 | Best: 0.002008
  Epoch  35/300 | Train Loss: 0.001826 | Val Loss: 0.001959 | LR: 1.00e-04 | Best: 0.001972
  Epoch  36/300 | Train Loss: 0.001821 | Val Loss: 0.001963 | LR: 1.00e-04 | Best: 0.001959
  Epoch  37/300 | Train Loss: 0.001806 | Val Loss: 0.001970 | LR: 1.00e-04 | Best: 0.001959
  Epoch  38/300 | Train Loss: 0.001802 | Val Loss: 0.001954 | LR: 1.00e-04 | Best: 0.001959
  Epoch  39/300 | Train Loss: 0.001807 | Val Loss: 0.001946 | LR: 1.00e-04 | Best: 0.001954
  Epoch  40/300 | Train Loss: 0.001805 | Val Loss: 0.001925 | LR: 1.00e-04 | Best: 0.001946
  Epoch  41/300 | Train Loss: 0.001799 | Val Loss: 0.001870 | LR: 1.00e-04 | Best: 0.001925
  Epoch  42/300 | Train Loss: 0.001863 | Val Loss: 0.001961 | LR: 1.00e-04 | Best: 0.001870
  Epoch  43/300 | Train Loss: 0.001803 | Val Loss: 0.001893 | LR: 1.00e-04 | Best: 0.001870
  Epoch  44/300 | Train Loss: 0.001747 | Val Loss: 0.001863 | LR: 1.00e-04 | Best: 0.001870
  Epoch  45/300 | Train Loss: 0.001729 | Val Loss: 0.001881 | LR: 1.00e-04 | Best: 0.001863
  Epoch  46/300 | Train Loss: 0.001703 | Val Loss: 0.001855 | LR: 1.00e-04 | Best: 0.001863
  Epoch  47/300 | Train Loss: 0.001690 | Val Loss: 0.001840 | LR: 1.00e-04 | Best: 0.001855
  Epoch  48/300 | Train Loss: 0.001681 | Val Loss: 0.001848 | LR: 1.00e-04 | Best: 0.001840
  Epoch  49/300 | Train Loss: 0.001666 | Val Loss: 0.001833 | LR: 1.00e-04 | Best: 0.001840
  Epoch  50/300 | Train Loss: 0.001667 | Val Loss: 0.001823 | LR: 1.00e-04 | Best: 0.001833
  Epoch  51/300 | Train Loss: 0.001664 | Val Loss: 0.001842 | LR: 1.00e-04 | Best: 0.001823
  Epoch  52/300 | Train Loss: 0.001677 | Val Loss: 0.001818 | LR: 1.00e-04 | Best: 0.001823
  Epoch  53/300 | Train Loss: 0.001666 | Val Loss: 0.001790 | LR: 1.00e-04 | Best: 0.001818
  Epoch  54/300 | Train Loss: 0.001693 | Val Loss: 0.001851 | LR: 1.00e-04 | Best: 0.001790
  Epoch  55/300 | Train Loss: 0.001681 | Val Loss: 0.001782 | LR: 1.00e-04 | Best: 0.001790
  Epoch  56/300 | Train Loss: 0.001628 | Val Loss: 0.001781 | LR: 1.00e-04 | Best: 0.001782
  Epoch  57/300 | Train Loss: 0.001626 | Val Loss: 0.001795 | LR: 1.00e-04 | Best: 0.001781
  Epoch  58/300 | Train Loss: 0.001620 | Val Loss: 0.001777 | LR: 1.00e-04 | Best: 0.001781
  Epoch  59/300 | Train Loss: 0.001605 | Val Loss: 0.001771 | LR: 1.00e-04 | Best: 0.001777
  Epoch  60/300 | Train Loss: 0.001593 | Val Loss: 0.001781 | LR: 1.00e-04 | Best: 0.001771
  Epoch  61/300 | Train Loss: 0.001592 | Val Loss: 0.001759 | LR: 1.00e-04 | Best: 0.001771
  Epoch  62/300 | Train Loss: 0.001588 | Val Loss: 0.001755 | LR: 1.00e-04 | Best: 0.001759
  Epoch  63/300 | Train Loss: 0.001593 | Val Loss: 0.001775 | LR: 1.00e-04 | Best: 0.001755
  Epoch  64/300 | Train Loss: 0.001602 | Val Loss: 0.001727 | LR: 1.00e-04 | Best: 0.001755
  Epoch  65/300 | Train Loss: 0.001636 | Val Loss: 0.001757 | LR: 1.00e-04 | Best: 0.001727
  Epoch  66/300 | Train Loss: 0.001624 | Val Loss: 0.001778 | LR: 1.00e-04 | Best: 0.001727
  Epoch  67/300 | Train Loss: 0.001610 | Val Loss: 0.001706 | LR: 1.00e-04 | Best: 0.001727
  Epoch  68/300 | Train Loss: 0.001600 | Val Loss: 0.001736 | LR: 1.00e-04 | Best: 0.001706
  Epoch  69/300 | Train Loss: 0.001572 | Val Loss: 0.001719 | LR: 1.00e-04 | Best: 0.001706
  Epoch  70/300 | Train Loss: 0.001561 | Val Loss: 0.001711 | LR: 1.00e-04 | Best: 0.001706
  Epoch  71/300 | Train Loss: 0.001544 | Val Loss: 0.001712 | LR: 1.00e-04 | Best: 0.001706
  Epoch  72/300 | Train Loss: 0.001541 | Val Loss: 0.001713 | LR: 1.00e-04 | Best: 0.001706
  Epoch  73/300 | Train Loss: 0.001543 | Val Loss: 0.001696 | LR: 1.00e-04 | Best: 0.001706
  Epoch  74/300 | Train Loss: 0.001537 | Val Loss: 0.001707 | LR: 1.00e-04 | Best: 0.001696
  Epoch  75/300 | Train Loss: 0.001531 | Val Loss: 0.001700 | LR: 1.00e-04 | Best: 0.001696
  Epoch  76/300 | Train Loss: 0.001531 | Val Loss: 0.001689 | LR: 1.00e-04 | Best: 0.001696
  Epoch  77/300 | Train Loss: 0.001549 | Val Loss: 0.001710 | LR: 1.00e-04 | Best: 0.001689
  Epoch  78/300 | Train Loss: 0.001556 | Val Loss: 0.001706 | LR: 1.00e-04 | Best: 0.001689
  Epoch  79/300 | Train Loss: 0.001548 | Val Loss: 0.001693 | LR: 1.00e-04 | Best: 0.001689
  Epoch  80/300 | Train Loss: 0.001580 | Val Loss: 0.001737 | LR: 1.00e-04 | Best: 0.001689
  Epoch  81/300 | Train Loss: 0.001555 | Val Loss: 0.001699 | LR: 1.00e-04 | Best: 0.001689
  Epoch  82/300 | Train Loss: 0.001517 | Val Loss: 0.001701 | LR: 5.00e-05 | Best: 0.001689
  Epoch  83/300 | Train Loss: 0.001502 | Val Loss: 0.001698 | LR: 5.00e-05 | Best: 0.001689
  Epoch  84/300 | Train Loss: 0.001489 | Val Loss: 0.001690 | LR: 5.00e-05 | Best: 0.001689
  Epoch  85/300 | Train Loss: 0.001491 | Val Loss: 0.001688 | LR: 5.00e-05 | Best: 0.001689
  Epoch  86/300 | Train Loss: 0.001482 | Val Loss: 0.001687 | LR: 5.00e-05 | Best: 0.001688
  Epoch  87/300 | Train Loss: 0.001484 | Val Loss: 0.001682 | LR: 5.00e-05 | Best: 0.001687
  Epoch  88/300 | Train Loss: 0.001476 | Val Loss: 0.001678 | LR: 5.00e-05 | Best: 0.001682
  Epoch  89/300 | Train Loss: 0.001476 | Val Loss: 0.001677 | LR: 5.00e-05 | Best: 0.001678
  Epoch  90/300 | Train Loss: 0.001474 | Val Loss: 0.001675 | LR: 5.00e-05 | Best: 0.001677
  Epoch  91/300 | Train Loss: 0.001473 | Val Loss: 0.001673 | LR: 5.00e-05 | Best: 0.001675
  Epoch  92/300 | Train Loss: 0.001468 | Val Loss: 0.001673 | LR: 5.00e-05 | Best: 0.001673
  Epoch  93/300 | Train Loss: 0.001459 | Val Loss: 0.001672 | LR: 5.00e-05 | Best: 0.001673
  Epoch  94/300 | Train Loss: 0.001468 | Val Loss: 0.001675 | LR: 5.00e-05 | Best: 0.001672
  Epoch  95/300 | Train Loss: 0.001463 | Val Loss: 0.001671 | LR: 5.00e-05 | Best: 0.001672
  Epoch  96/300 | Train Loss: 0.001460 | Val Loss: 0.001672 | LR: 5.00e-05 | Best: 0.001671
  Epoch  97/300 | Train Loss: 0.001452 | Val Loss: 0.001667 | LR: 5.00e-05 | Best: 0.001671
  Epoch  98/300 | Train Loss: 0.001458 | Val Loss: 0.001667 | LR: 5.00e-05 | Best: 0.001667
  Epoch  99/300 | Train Loss: 0.001455 | Val Loss: 0.001668 | LR: 5.00e-05 | Best: 0.001667
  Epoch 100/300 | Train Loss: 0.001451 | Val Loss: 0.001664 | LR: 5.00e-05 | Best: 0.001667
  Epoch 101/300 | Train Loss: 0.001449 | Val Loss: 0.001664 | LR: 5.00e-05 | Best: 0.001664
  Epoch 102/300 | Train Loss: 0.001449 | Val Loss: 0.001665 | LR: 5.00e-05 | Best: 0.001664
  Epoch 103/300 | Train Loss: 0.001442 | Val Loss: 0.001660 | LR: 5.00e-05 | Best: 0.001664
  Epoch 104/300 | Train Loss: 0.001442 | Val Loss: 0.001655 | LR: 5.00e-05 | Best: 0.001660
  Epoch 105/300 | Train Loss: 0.001449 | Val Loss: 0.001663 | LR: 5.00e-05 | Best: 0.001655
  Epoch 106/300 | Train Loss: 0.001446 | Val Loss: 0.001655 | LR: 5.00e-05 | Best: 0.001655
  Epoch 107/300 | Train Loss: 0.001445 | Val Loss: 0.001658 | LR: 5.00e-05 | Best: 0.001655
  Epoch 108/300 | Train Loss: 0.001444 | Val Loss: 0.001654 | LR: 5.00e-05 | Best: 0.001655
  Epoch 109/300 | Train Loss: 0.001454 | Val Loss: 0.001643 | LR: 5.00e-05 | Best: 0.001654
  Epoch 110/300 | Train Loss: 0.001451 | Val Loss: 0.001651 | LR: 5.00e-05 | Best: 0.001643
  Epoch 111/300 | Train Loss: 0.001441 | Val Loss: 0.001633 | LR: 5.00e-05 | Best: 0.001643
  Epoch 112/300 | Train Loss: 0.001429 | Val Loss: 0.001637 | LR: 5.00e-05 | Best: 0.001633
  Epoch 113/300 | Train Loss: 0.001432 | Val Loss: 0.001640 | LR: 5.00e-05 | Best: 0.001633
  Epoch 114/300 | Train Loss: 0.001424 | Val Loss: 0.001627 | LR: 5.00e-05 | Best: 0.001633
  Epoch 115/300 | Train Loss: 0.001429 | Val Loss: 0.001642 | LR: 5.00e-05 | Best: 0.001627
  Epoch 116/300 | Train Loss: 0.001418 | Val Loss: 0.001630 | LR: 5.00e-05 | Best: 0.001627
  Epoch 117/300 | Train Loss: 0.001419 | Val Loss: 0.001623 | LR: 5.00e-05 | Best: 0.001627
  Epoch 118/300 | Train Loss: 0.001419 | Val Loss: 0.001643 | LR: 5.00e-05 | Best: 0.001623
  Epoch 119/300 | Train Loss: 0.001422 | Val Loss: 0.001622 | LR: 5.00e-05 | Best: 0.001623
  Epoch 120/300 | Train Loss: 0.001414 | Val Loss: 0.001625 | LR: 5.00e-05 | Best: 0.001622
  Epoch 121/300 | Train Loss: 0.001415 | Val Loss: 0.001632 | LR: 5.00e-05 | Best: 0.001622
  Epoch 122/300 | Train Loss: 0.001407 | Val Loss: 0.001613 | LR: 5.00e-05 | Best: 0.001622
  Epoch 123/300 | Train Loss: 0.001418 | Val Loss: 0.001633 | LR: 5.00e-05 | Best: 0.001613
  Epoch 124/300 | Train Loss: 0.001413 | Val Loss: 0.001608 | LR: 5.00e-05 | Best: 0.001613
  Epoch 125/300 | Train Loss: 0.001405 | Val Loss: 0.001619 | LR: 5.00e-05 | Best: 0.001608
  Epoch 126/300 | Train Loss: 0.001404 | Val Loss: 0.001627 | LR: 5.00e-05 | Best: 0.001608
  Epoch 127/300 | Train Loss: 0.001404 | Val Loss: 0.001598 | LR: 5.00e-05 | Best: 0.001608
  Epoch 128/300 | Train Loss: 0.001402 | Val Loss: 0.001625 | LR: 5.00e-05 | Best: 0.001598
  Epoch 129/300 | Train Loss: 0.001398 | Val Loss: 0.001605 | LR: 5.00e-05 | Best: 0.001598
  Epoch 130/300 | Train Loss: 0.001397 | Val Loss: 0.001601 | LR: 5.00e-05 | Best: 0.001598
  Epoch 131/300 | Train Loss: 0.001395 | Val Loss: 0.001615 | LR: 5.00e-05 | Best: 0.001598
  Epoch 132/300 | Train Loss: 0.001390 | Val Loss: 0.001589 | LR: 5.00e-05 | Best: 0.001598
  Epoch 133/300 | Train Loss: 0.001398 | Val Loss: 0.001608 | LR: 5.00e-05 | Best: 0.001589
  Epoch 134/300 | Train Loss: 0.001383 | Val Loss: 0.001597 | LR: 5.00e-05 | Best: 0.001589
  Epoch 135/300 | Train Loss: 0.001381 | Val Loss: 0.001592 | LR: 5.00e-05 | Best: 0.001589
  Epoch 136/300 | Train Loss: 0.001383 | Val Loss: 0.001607 | LR: 5.00e-05 | Best: 0.001589
  Epoch 137/300 | Train Loss: 0.001378 | Val Loss: 0.001589 | LR: 5.00e-05 | Best: 0.001589
  Epoch 138/300 | Train Loss: 0.001373 | Val Loss: 0.001595 | LR: 2.50e-05 | Best: 0.001589
  Epoch 139/300 | Train Loss: 0.001371 | Val Loss: 0.001591 | LR: 2.50e-05 | Best: 0.001589
  Epoch 140/300 | Train Loss: 0.001371 | Val Loss: 0.001587 | LR: 2.50e-05 | Best: 0.001589
  Epoch 141/300 | Train Loss: 0.001366 | Val Loss: 0.001590 | LR: 2.50e-05 | Best: 0.001587
  Epoch 142/300 | Train Loss: 0.001368 | Val Loss: 0.001585 | LR: 2.50e-05 | Best: 0.001587
  Epoch 143/300 | Train Loss: 0.001365 | Val Loss: 0.001584 | LR: 2.50e-05 | Best: 0.001585
  Epoch 144/300 | Train Loss: 0.001365 | Val Loss: 0.001584 | LR: 2.50e-05 | Best: 0.001584
  Epoch 145/300 | Train Loss: 0.001361 | Val Loss: 0.001585 | LR: 2.50e-05 | Best: 0.001584
  Epoch 146/300 | Train Loss: 0.001357 | Val Loss: 0.001583 | LR: 2.50e-05 | Best: 0.001584
  Epoch 147/300 | Train Loss: 0.001359 | Val Loss: 0.001582 | LR: 2.50e-05 | Best: 0.001583
  Epoch 148/300 | Train Loss: 0.001355 | Val Loss: 0.001583 | LR: 2.50e-05 | Best: 0.001582
  Epoch 149/300 | Train Loss: 0.001354 | Val Loss: 0.001580 | LR: 2.50e-05 | Best: 0.001582
  Epoch 150/300 | Train Loss: 0.001356 | Val Loss: 0.001580 | LR: 2.50e-05 | Best: 0.001580
  Epoch 151/300 | Train Loss: 0.001354 | Val Loss: 0.001576 | LR: 2.50e-05 | Best: 0.001580
  Epoch 152/300 | Train Loss: 0.001350 | Val Loss: 0.001582 | LR: 2.50e-05 | Best: 0.001576
  Epoch 153/300 | Train Loss: 0.001356 | Val Loss: 0.001576 | LR: 2.50e-05 | Best: 0.001576
  Epoch 154/300 | Train Loss: 0.001348 | Val Loss: 0.001576 | LR: 2.50e-05 | Best: 0.001576
  Epoch 155/300 | Train Loss: 0.001350 | Val Loss: 0.001575 | LR: 2.50e-05 | Best: 0.001576
  Epoch 156/300 | Train Loss: 0.001355 | Val Loss: 0.001574 | LR: 2.50e-05 | Best: 0.001575
  Epoch 157/300 | Train Loss: 0.001349 | Val Loss: 0.001576 | LR: 2.50e-05 | Best: 0.001574
  Epoch 158/300 | Train Loss: 0.001340 | Val Loss: 0.001569 | LR: 2.50e-05 | Best: 0.001574
  Epoch 159/300 | Train Loss: 0.001352 | Val Loss: 0.001571 | LR: 2.50e-05 | Best: 0.001569
  Epoch 160/300 | Train Loss: 0.001347 | Val Loss: 0.001571 | LR: 2.50e-05 | Best: 0.001569
  Epoch 161/300 | Train Loss: 0.001345 | Val Loss: 0.001568 | LR: 2.50e-05 | Best: 0.001569
  Epoch 162/300 | Train Loss: 0.001346 | Val Loss: 0.001575 | LR: 2.50e-05 | Best: 0.001568
  Epoch 163/300 | Train Loss: 0.001350 | Val Loss: 0.001571 | LR: 2.50e-05 | Best: 0.001568
  Epoch 164/300 | Train Loss: 0.001344 | Val Loss: 0.001571 | LR: 2.50e-05 | Best: 0.001568
  Epoch 165/300 | Train Loss: 0.001339 | Val Loss: 0.001570 | LR: 2.50e-05 | Best: 0.001568
  Epoch 166/300 | Train Loss: 0.001344 | Val Loss: 0.001572 | LR: 2.50e-05 | Best: 0.001568
  Epoch 167/300 | Train Loss: 0.001341 | Val Loss: 0.001567 | LR: 2.50e-05 | Best: 0.001568
  Epoch 168/300 | Train Loss: 0.001342 | Val Loss: 0.001567 | LR: 2.50e-05 | Best: 0.001567
  Epoch 169/300 | Train Loss: 0.001345 | Val Loss: 0.001571 | LR: 2.50e-05 | Best: 0.001567
  Epoch 170/300 | Train Loss: 0.001338 | Val Loss: 0.001565 | LR: 2.50e-05 | Best: 0.001567
  Epoch 171/300 | Train Loss: 0.001340 | Val Loss: 0.001574 | LR: 2.50e-05 | Best: 0.001565
  Epoch 172/300 | Train Loss: 0.001341 | Val Loss: 0.001569 | LR: 2.50e-05 | Best: 0.001565
  Epoch 173/300 | Train Loss: 0.001334 | Val Loss: 0.001568 | LR: 2.50e-05 | Best: 0.001565
  Epoch 174/300 | Train Loss: 0.001337 | Val Loss: 0.001569 | LR: 2.50e-05 | Best: 0.001565
  Epoch 175/300 | Train Loss: 0.001334 | Val Loss: 0.001563 | LR: 2.50e-05 | Best: 0.001565
  Epoch 176/300 | Train Loss: 0.001331 | Val Loss: 0.001566 | LR: 2.50e-05 | Best: 0.001563
  Epoch 177/300 | Train Loss: 0.001334 | Val Loss: 0.001568 | LR: 2.50e-05 | Best: 0.001563
  Epoch 178/300 | Train Loss: 0.001331 | Val Loss: 0.001558 | LR: 2.50e-05 | Best: 0.001563
  Epoch 179/300 | Train Loss: 0.001335 | Val Loss: 0.001577 | LR: 2.50e-05 | Best: 0.001558
  Epoch 180/300 | Train Loss: 0.001336 | Val Loss: 0.001555 | LR: 2.50e-05 | Best: 0.001558
  Epoch 181/300 | Train Loss: 0.001341 | Val Loss: 0.001566 | LR: 2.50e-05 | Best: 0.001555
  Epoch 182/300 | Train Loss: 0.001331 | Val Loss: 0.001564 | LR: 2.50e-05 | Best: 0.001555
  Epoch 183/300 | Train Loss: 0.001330 | Val Loss: 0.001561 | LR: 2.50e-05 | Best: 0.001555
  Epoch 184/300 | Train Loss: 0.001330 | Val Loss: 0.001569 | LR: 2.50e-05 | Best: 0.001555
  Epoch 185/300 | Train Loss: 0.001338 | Val Loss: 0.001555 | LR: 2.50e-05 | Best: 0.001555
  Epoch 186/300 | Train Loss: 0.001325 | Val Loss: 0.001568 | LR: 1.25e-05 | Best: 0.001555
  Epoch 187/300 | Train Loss: 0.001324 | Val Loss: 0.001562 | LR: 1.25e-05 | Best: 0.001555
  Epoch 188/300 | Train Loss: 0.001318 | Val Loss: 0.001560 | LR: 1.25e-05 | Best: 0.001555
  Epoch 189/300 | Train Loss: 0.001320 | Val Loss: 0.001562 | LR: 1.25e-05 | Best: 0.001555
  Epoch 190/300 | Train Loss: 0.001318 | Val Loss: 0.001562 | LR: 1.25e-05 | Best: 0.001555
  Epoch 191/300 | Train Loss: 0.001317 | Val Loss: 0.001563 | LR: 1.25e-05 | Best: 0.001555
  Epoch 192/300 | Train Loss: 0.001319 | Val Loss: 0.001562 | LR: 6.25e-06 | Best: 0.001555
  Epoch 193/300 | Train Loss: 0.001316 | Val Loss: 0.001561 | LR: 6.25e-06 | Best: 0.001555
  Epoch 194/300 | Train Loss: 0.001320 | Val Loss: 0.001561 | LR: 6.25e-06 | Best: 0.001555
  Epoch 195/300 | Train Loss: 0.001319 | Val Loss: 0.001562 | LR: 6.25e-06 | Best: 0.001555

[Early Stopping] No improvement for 10 epochs. Stopping at epoch 195.
[Early Stopping] Best validation loss: 0.001555 at epoch 185

[Checkpoint] Restored best model from epoch 185
============================================================

  [alpha] mean=0.0500 std=0.0130 min=0.0000 max=1.0000
  [alpha per t] 0:0.050 1:0.050 2:0.050 3:0.050 4:0.050 5:0.050 6:0.050 7:0.050 8:0.050 9:0.050 10:0.050 11:0.050 12:0.050 13:0.050 14:0.050 15:0.050 16:0.050 17:0.050 18:0.050 19:0.050

  ── Result ──
  MAE: 0.021493  RMSE: 0.027911  Hit%: 51.0  vs Zero: +1.03%  [356s]

==========================================================================================
  ABLATION: +CommCond  (variant=temp_weighted_comm_cond, feat_dim=21, {})
==========================================================================================
  Params: 1,688,987

============================================================
CMGM Training
============================================================
Device: cuda
Epochs: 300 (early stopping patience=10)
Learning rate: 0.0001, Weight decay: 1e-05
============================================================
  [temp_weighted_comm_cond] α=0.0100 h_spatial=[64, 284, 64] h_comm=[64, 24, 64] h_cond=[64, 24, 64] pred=[64, 4, 24]
  Epoch   1/300 | Train Loss: 0.005348 | Val Loss: 0.004781 | LR: 1.00e-04 | Best: inf
  Epoch   2/300 | Train Loss: 0.004428 | Val Loss: 0.004417 | LR: 1.00e-04 | Best: 0.004781
  Epoch   3/300 | Train Loss: 0.004026 | Val Loss: 0.004084 | LR: 1.00e-04 | Best: 0.004417
  Epoch   4/300 | Train Loss: 0.003654 | Val Loss: 0.003770 | LR: 1.00e-04 | Best: 0.004084
  Epoch   5/300 | Train Loss: 0.003321 | Val Loss: 0.003501 | LR: 1.00e-04 | Best: 0.003770
  Epoch   6/300 | Train Loss: 0.003006 | Val Loss: 0.003269 | LR: 1.00e-04 | Best: 0.003501
  Epoch   7/300 | Train Loss: 0.002706 | Val Loss: 0.003067 | LR: 1.00e-04 | Best: 0.003269
  Epoch   8/300 | Train Loss: 0.002438 | Val Loss: 0.002896 | LR: 1.00e-04 | Best: 0.003067
  Epoch   9/300 | Train Loss: 0.002218 | Val Loss: 0.002762 | LR: 1.00e-04 | Best: 0.002896
  Epoch  10/300 | Train Loss: 0.002051 | Val Loss: 0.002667 | LR: 1.00e-04 | Best: 0.002762
  Epoch  11/300 | Train Loss: 0.001924 | Val Loss: 0.002607 | LR: 1.00e-04 | Best: 0.002667
  Epoch  12/300 | Train Loss: 0.001845 | Val Loss: 0.002560 | LR: 1.00e-04 | Best: 0.002607
  Epoch  13/300 | Train Loss: 0.001797 | Val Loss: 0.002531 | LR: 1.00e-04 | Best: 0.002560
  Epoch  14/300 | Train Loss: 0.001759 | Val Loss: 0.002529 | LR: 1.00e-04 | Best: 0.002531
  Epoch  15/300 | Train Loss: 0.001745 | Val Loss: 0.002548 | LR: 1.00e-04 | Best: 0.002529
  Epoch  16/300 | Train Loss: 0.001723 | Val Loss: 0.002509 | LR: 1.00e-04 | Best: 0.002529
  Epoch  17/300 | Train Loss: 0.001716 | Val Loss: 0.002523 | LR: 1.00e-04 | Best: 0.002509
  Epoch  18/300 | Train Loss: 0.001709 | Val Loss: 0.002510 | LR: 1.00e-04 | Best: 0.002509
  Epoch  19/300 | Train Loss: 0.001704 | Val Loss: 0.002505 | LR: 1.00e-04 | Best: 0.002509
  Epoch  20/300 | Train Loss: 0.001702 | Val Loss: 0.002502 | LR: 1.00e-04 | Best: 0.002505
  Epoch  21/300 | Train Loss: 0.001698 | Val Loss: 0.002500 | LR: 1.00e-04 | Best: 0.002502
  Epoch  22/300 | Train Loss: 0.001696 | Val Loss: 0.002494 | LR: 1.00e-04 | Best: 0.002500
  Epoch  23/300 | Train Loss: 0.001693 | Val Loss: 0.002495 | LR: 1.00e-04 | Best: 0.002494
  Epoch  24/300 | Train Loss: 0.001691 | Val Loss: 0.002492 | LR: 1.00e-04 | Best: 0.002494
  Epoch  25/300 | Train Loss: 0.001690 | Val Loss: 0.002492 | LR: 1.00e-04 | Best: 0.002492
  Epoch  26/300 | Train Loss: 0.001687 | Val Loss: 0.002506 | LR: 1.00e-04 | Best: 0.002492
  Epoch  27/300 | Train Loss: 0.001686 | Val Loss: 0.002513 | LR: 1.00e-04 | Best: 0.002492
  Epoch  28/300 | Train Loss: 0.001683 | Val Loss: 0.002520 | LR: 1.00e-04 | Best: 0.002492
  Epoch  29/300 | Train Loss: 0.001683 | Val Loss: 0.002511 | LR: 1.00e-04 | Best: 0.002492
  Epoch  30/300 | Train Loss: 0.001680 | Val Loss: 0.002518 | LR: 5.00e-05 | Best: 0.002492
  Epoch  31/300 | Train Loss: 0.001679 | Val Loss: 0.002516 | LR: 5.00e-05 | Best: 0.002492
  Epoch  32/300 | Train Loss: 0.001675 | Val Loss: 0.002518 | LR: 5.00e-05 | Best: 0.002492
  Epoch  33/300 | Train Loss: 0.001668 | Val Loss: 0.002525 | LR: 5.00e-05 | Best: 0.002492
  Epoch  34/300 | Train Loss: 0.001667 | Val Loss: 0.002526 | LR: 5.00e-05 | Best: 0.002492
  Epoch  35/300 | Train Loss: 0.001666 | Val Loss: 0.002528 | LR: 5.00e-05 | Best: 0.002492

[Early Stopping] No improvement for 10 epochs. Stopping at epoch 35.
[Early Stopping] Best validation loss: 0.002492 at epoch 25

[Checkpoint] Restored best model from epoch 25
============================================================

  [comm_cond] α=0.0418  cond_mag=0.021124
    base MAE=0.039860  final MAE=0.034551  shuffled MAE=0.034227
    real−base Δ=-0.005310  shuffled−base Δ=-0.005634

  ── Result ──
  MAE: 0.034551  RMSE: 0.041387  Hit%: 49.6  vs Zero: +62.41%  [71s]

====================================================================================================
ABLATION STUDY — 5-day Return Space
====================================================================================================
Variant                Params    Time        MAE       RMSE    Hit%    vs Zero
----------------------------------------------------------------------------------------------------
+TempWeighted       1,684,826    356s   0.021493   0.027911   51.0     +1.03%
+CommCond           1,688,987     71s   0.034551   0.041387   49.6    +62.41%
====================================================================================================

📋 Experiment 20260821_172926 logged to /home/yangxiaotong/projects/myresearch/Commedities/experiments/EXPERIMENTS.jsonl
