nohup: 忽略输入
============================================================
CMGM Data Loading Pipeline
============================================================

[Step 1] Loading raw price data...

[Step 2] Aligning markets to common date range...
[DataLoader] Stock date range: 2015-01-05 00:00:00 to 2025-06-30 00:00:00 (2548 days)
[DataLoader] Bond date range: 2017-01-17 00:00:00 to 2025-12-31 00:00:00 (2176 days)
[DataLoader] Commodity date range: 2015-01-05 00:00:00 to 2025-12-31 00:00:00 (2679 days)
[DataLoader] Common date range: 2017-01-17 00:00:00 to 2025-06-30 00:00:00 (2050 days)
[DataLoader] Combined price matrix shape: (2050, 284)
[DataLoader] Market split: stocks=248, bonds=12, commodities=24

[Step 3] Temporal train/val/test split...
[DataLoader] Temporal split: train=1435, val=307, test=308

[Step 4] Per-asset z-score normalization...
[DataLoader] Per-asset z-score normalization fitted on training data only
[DataLoader] mean range: [0.9803, 173055.7656]
[DataLoader] std  range: [0.000000, 55160.3203]
[DataLoader] Z-scored train range: [-11.3746, 91.5527]

[Step 6] Computing returns for graph construction...
     Training returns shape: (1434, 284)

[Step 7] Creating sliding window datasets...

[Done] Dataset sizes: train=1396, val=268, test=269
[Done] Total nodes: 284
[Done] Commodity nodes (output dim): 24
[Features] Computed 21 features: price, ret_1d, ret_5d, ret_10d, ret_20d, vol_5d, vol_10d, vol_20d, zscore_5d, zscore_10d, zscore_20d, price_ma5, price_ma10, price_ma20, price_ma60, rsi_14, bb_position, skewness_20d, kurtosis_20d, roc_10d, percentile_20d
[Features] Shape: (T=2050, N=284, F=21)  range: [-4.4721, 391400.0000]
[Checkpoint] D0B best=/home/yangxiaotong/projects/myresearch/Commedities/checkpoints/switching_latent_balanced_readout_best.pt best_epoch=85
[Fixed TEST batch] index=0 size=64 seed=42 shuffle=False

[D0B previous-state diagnostics: inference only]
  fixed TEST batch shape=(64, 20, 284, 21)
  [normal reference] H=(64, 20, 128) p=(64, 20, 3) Z=(64, 20, 64) prediction=(64, 4, 24)
  [D0B zero-Zprev sanity] max H diff=0.000e+00 max p diff=0.000e+00
  [D0B zero-previous-state] candidate state0 mean/max diff=2.596331e-04/1.339659e-03
  [D0B zero-previous-state] candidate state1 mean/max diff=8.740695e-04/3.522180e-03
  [D0B zero-previous-state] candidate state2 mean/max diff=3.622691e-04/1.371760e-03
  [D0B zero-previous-state] Z trajectory mean diff=3.672635e-04
  [D0B zero-previous-state t=0] mean |delta Z_t|=0.000000e+00
  [D0B zero-previous-state t=2] mean |delta Z_t|=3.883801e-04
  [D0B zero-previous-state t=5] mean |delta Z_t|=3.913084e-04
  [D0B zero-previous-state t=10] mean |delta Z_t|=3.908523e-04
  [D0B zero-previous-state t=15] mean |delta Z_t|=3.821148e-04
  [D0B zero-previous-state t=19] mean |delta Z_t|=3.742950e-04

  Intervention                         Z_T mean/max       h_micro mean/max   h_temporal mean/max prediction mean/max
  normal                              0.000e+00/0.000e+00  0.000e+00/0.000e+00  0.000e+00/0.000e+00  0.000e+00/0.000e+00
  zero_previous                       3.743e-04/1.446e-03  1.382e-03/5.381e-03  5.097e-04/1.732e-03  1.114e-05/5.249e-05
  sign_flip                           7.479e-04/2.910e-03  2.763e-03/1.076e-02  1.018e-03/3.460e-03  2.223e-05/1.039e-04
  scale_0.5                           1.873e-04/7.221e-04  6.913e-04/2.691e-03  2.552e-04/8.663e-04  5.575e-06/2.617e-05
  scale_1.5                           1.876e-04/7.177e-04  6.918e-04/2.694e-03  2.555e-04/8.671e-04  5.594e-06/2.611e-05
  shuffle                             5.199e-05/3.203e-04  1.981e-04/1.650e-03  7.664e-05/4.613e-04  1.883e-06/1.372e-05
  lagged                              2.307e-05/1.582e-04  8.920e-05/7.687e-04  3.155e-05/2.243e-04  8.009e-07/7.084e-06
  zero_micro                          0.000e+00/0.000e+00  7.198e-01/2.493e+00  2.272e-01/7.163e-01  8.548e-03/2.886e-02
  [D0B shuffled-previous-state] unchanged batch positions=0.00% permutation=[38, 24, 48, 63, 10, 29, 36, 51, 22, 8, 50, 0, 30, 52, 45, 14, 7, 47, 35, 4, 41, 32, 5, 57, 43, 56, 55, 33, 17, 11, 19, 58, 1, 59, 23, 26, 28, 16, 2, 49, 42, 34, 3, 18, 37, 12, 44, 27, 61, 46, 31, 40, 62, 20, 60, 6, 39, 13, 54, 53, 21, 9, 15, 25]

  [D0B local previous-state sensitivity]
    state 0: candidate mean/max diff=2.596e-04/1.340e-03 relative=4.656e-03; ||W_H H||=1.675e+00 ||W_Z Z||=1.679e-02 effective Z/H=1.002e-02; ||W_H||=1.433e+00 ||W_Z||=1.508e-01 weight Z/H=1.052e-01 bias=1.493e-01
    state 1: candidate mean/max diff=8.741e-04/3.522e-03 relative=9.441e-03; ||W_H H||=2.302e+00 ||W_Z Z||=3.170e-02 effective Z/H=1.377e-02; ||W_H||=2.025e+00 ||W_Z||=2.930e-01 weight Z/H=1.447e-01 bias=2.287e-01
    state 2: candidate mean/max diff=3.623e-04/1.372e-03 relative=5.246e-03; ||W_H H||=1.802e+00 ||W_Z Z||=1.714e-02 effective Z/H=9.511e-03; ||W_H||=1.550e+00 ||W_Z||=1.560e-01 weight Z/H=1.007e-01 bias=1.764e-01
  [D0B generator-local candidate-energy gradients]
    t=1: grad H=3.255e-05 grad Zprev=2.777e-06 Zprev/H=8.529e-02
    t=5: grad H=3.264e-05 grad Zprev=2.784e-06 Zprev/H=8.528e-02
    t=10: grad H=3.264e-05 grad Zprev=2.794e-06 Zprev/H=8.556e-02
    t=15: grad H=3.228e-05 grad Zprev=2.777e-06 Zprev/H=8.602e-02
    t=19: grad H=3.194e-05 grad Zprev=2.762e-06 Zprev/H=8.645e-02
  [D0B recurrence interaction state 0] Z_T mean/max=2.616e-04/9.062e-04 prediction mean/max=1.193e-05/5.216e-05
  [D0B recurrence interaction state 1] Z_T mean/max=1.577e-03/6.013e-03 prediction mean/max=4.532e-05/2.198e-04
  [D0B recurrence interaction state 2] Z_T mean/max=3.804e-04/1.238e-03 prediction mean/max=1.379e-05/6.757e-05

  [D0B Z persistence]
    normal: mean ||Z||=5.180331e-01 mean ||delta Z||=4.766247e-02 consecutive cosine=0.995731
    zero_previous: mean ||Z||=5.176770e-01 mean ||delta Z||=4.765192e-02 consecutive cosine=0.995727
    sign_flip: mean ||Z||=5.173475e-01 mean ||delta Z||=4.766189e-02 consecutive cosine=0.995721
    shuffle: mean ||Z||=5.180333e-01 mean ||delta Z||=4.766662e-02 consecutive cosine=0.995730

  [D0B recurrence utilization]
    I_zeroPrev=1.113513e-05 I_shufflePrev=1.883487e-06 I_zeroMicro=8.547919e-03
    recurrence/micro=0.001303 identity/micro=0.000220
    raw mean ||Z||/||H||=5.370757e-02
  [mechanism conclusion; descriptive 5%/25% heuristics]
    Case B supported: the final Z representation matters more than its recurrence
    Case E supported: forced regimes show materially different recurrence effects
