nohup: 忽略输入
Device=cuda target=return horizon=5 variants=['D0B-MidLongGroupedObjective']
============================================================
CMGM Data Loading Pipeline
============================================================

[Step 1] Loading raw price data...

[Step 2] Aligning markets to common date range...
[DataLoader] Stock date range: 2015-01-05 00:00:00 to 2025-06-30 00:00:00 (2548 days)
[DataLoader] Bond date range: 2017-01-17 00:00:00 to 2025-12-31 00:00:00 (2176 days)
[DataLoader] Commodity date range: 2015-01-05 00:00:00 to 2025-12-31 00:00:00 (2679 days)
[DataLoader] Common date range: 2017-01-17 00:00:00 to 2025-06-30 00:00:00 (2050 days)
[DataLoader] Combined price matrix shape: (2050, 284)
[DataLoader] Market split: stocks=248, bonds=12, commodities=24

[Step 3] Temporal train/val/test split...
[DataLoader] Temporal split: train=1435, val=307, test=308

[Step 4] Per-asset z-score normalization...
[DataLoader] Per-asset z-score normalization fitted on training data only
[DataLoader] mean range: [0.9803, 173055.7656]
[DataLoader] std  range: [0.000000, 55160.3203]
[DataLoader] Z-scored train range: [-11.3746, 91.5527]

[Step 6] Computing returns for graph construction...
     Training returns shape: (1434, 284)

[Step 7] Creating sliding window datasets...

[Done] Dataset sizes: train=1396, val=268, test=269
[Done] Total nodes: 284
[Done] Commodity nodes (output dim): 24
[Features] Computed 21 features: price, ret_1d, ret_5d, ret_10d, ret_20d, vol_5d, vol_10d, vol_20d, zscore_5d, zscore_10d, zscore_20d, price_ma5, price_ma10, price_ma20, price_ma60, rsi_14, bb_position, skewness_20d, kurtosis_20d, roc_10d, percentile_20d
[Features] Shape: (T=2050, N=284, F=21)  range: [-4.4721, 391400.0000]
Descriptor timeline: [abs_return, volatility_5, slope], train mean=[ 5.799e-03  6.818e-03 -7.000e-06], train std=[0.005384 0.003965 0.01143 ]
[D0B grouped shared init] {"seed": 42, "fixed_TRAIN_batch_shape": [64, 20, 284, 21], "D0B_params": 520549, "Grouped_params": 520549, "difference": 0, "max_abs_diff": 0.0, "mismatch_count": 0, "forward_differences": {"E": {"mean": 0.0, "max": 0.0}, "H": {"mean": 0.0, "max": 0.0}, "prior": {"mean": 0.0, "max": 0.0}, "p": {"mean": 0.0, "max": 0.0}, "candidates": {"mean": 0.0, "max": 0.0}, "Z": {"mean": 0.0, "max": 0.0}, "h_long": {"mean": 0.0, "max": 0.0}, "h_micro": {"mean": 0.0, "max": 0.0}, "h_temporal": {"mean": 0.0, "max": 0.0}, "h_spatial": {"mean": 0.0, "max": 0.0}, "gate": {"mean": 0.0, "max": 0.0}, "prediction": {"mean": 0.0, "max": 0.0}}, "loss_scale": {"L1": 0.0015562338521704078, "L5": 0.001450193696655333, "L10": 0.0011075346264988184, "L20": 0.0015168365789577365, "sum_multi": 0.005630798754282296, "group_raw": 0.004074564902111888, "group_scaled": 0.005432753823697567, "ratio": 0.9648282705124006, "multiplier": 1.3333333333333333, "description": "scale-matched grouped-objective diagnostic"}, "PASS": true}

============================================================
CMGM Training
============================================================
Device: cuda
Epochs: 200 (early stopping patience=10)
Learning rate: 0.0001, Weight decay: 1e-05
============================================================
  [switching_latent_balanced_readout_5_10_20] h_spatial=[64, 64] h_temporal=[64, 64] → gate → [64, 4, 24]
  [D0B grouped epoch 1] raw_L1=0.00112745294 raw_L5=0.00112259535 raw_L10=0.00110721981 raw_L20=0.00144499688 group_raw=0.00367481204 group_scaled=0.00489974953 switch_loss=0 total_loss=0.00489974953 val_grouped_objective=0.00514058582 raw_val_L5=0.00115917134
  Epoch   1/200 | Train Loss: 0.004900 | Val Loss: 0.005141 | LR: 1.00e-04 | Best: inf
  [D0B grouped epoch 2] raw_L1=0.00105246826 raw_L5=0.000878145369 raw_L10=0.00102305335 raw_L20=0.00131154863 group_raw=0.00321274734 group_scaled=0.00428366323 switch_loss=2.66113886e-06 total_loss=0.00428632437 val_grouped_objective=0.00476936586 raw_val_L5=0.00106567703
  Epoch   2/200 | Train Loss: 0.004286 | Val Loss: 0.004769 | LR: 1.00e-04 | Best: 0.005141
  [D0B grouped epoch 3] raw_L1=0.00103386178 raw_L5=0.000790392958 raw_L10=0.000981977121 raw_L20=0.0012426285 group_raw=0.00301499858 group_scaled=0.0040199982 switch_loss=4.1645422e-06 total_loss=0.00402416276 val_grouped_objective=0.00458204439 raw_val_L5=0.000999388809
  Epoch   3/200 | Train Loss: 0.004024 | Val Loss: 0.004582 | LR: 1.00e-04 | Best: 0.004769
  [D0B grouped epoch 4] raw_L1=0.00103433997 raw_L5=0.000737388762 raw_L10=0.000917428703 raw_L20=0.00118939715 group_raw=0.00284421462 group_scaled=0.00379228621 switch_loss=3.8343415e-06 total_loss=0.00379612055 val_grouped_objective=0.00441335738 raw_val_L5=0.00096610632
  Epoch   4/200 | Train Loss: 0.003796 | Val Loss: 0.004413 | LR: 1.00e-04 | Best: 0.004582
  [D0B grouped epoch 5] raw_L1=0.00102757362 raw_L5=0.000685500053 raw_L10=0.000866500675 raw_L20=0.00114178779 group_raw=0.00269378852 group_scaled=0.00359171811 switch_loss=3.54359685e-06 total_loss=0.00359526168 val_grouped_objective=0.00422539157 raw_val_L5=0.000908163493
  Epoch   5/200 | Train Loss: 0.003595 | Val Loss: 0.004225 | LR: 1.00e-04 | Best: 0.004413
  [D0B grouped epoch 6] raw_L1=0.0010164796 raw_L5=0.000639729169 raw_L10=0.000821992134 raw_L20=0.00109574215 group_raw=0.00255746345 group_scaled=0.00340995133 switch_loss=3.03190887e-06 total_loss=0.00341298324 val_grouped_objective=0.00400432325 raw_val_L5=0.000859421061
  Epoch   6/200 | Train Loss: 0.003413 | Val Loss: 0.004004 | LR: 1.00e-04 | Best: 0.004225
  [D0B grouped epoch 7] raw_L1=0.000977293098 raw_L5=0.000596356803 raw_L10=0.000783344695 raw_L20=0.00105693209 group_raw=0.00243663359 group_scaled=0.00324884491 switch_loss=3.98616266e-06 total_loss=0.00325283107 val_grouped_objective=0.00388070429 raw_val_L5=0.000817554595
  Epoch   7/200 | Train Loss: 0.003253 | Val Loss: 0.003881 | LR: 1.00e-04 | Best: 0.004004
  [D0B grouped epoch 8] raw_L1=0.000941711104 raw_L5=0.000569773346 raw_L10=0.000758367774 raw_L20=0.00102181835 group_raw=0.00234995947 group_scaled=0.00313327942 switch_loss=3.93620762e-06 total_loss=0.00313721562 val_grouped_objective=0.00375931826 raw_val_L5=0.000793362327
  Epoch   8/200 | Train Loss: 0.003137 | Val Loss: 0.003759 | LR: 1.00e-04 | Best: 0.003881
  [D0B grouped epoch 9] raw_L1=0.000900054655 raw_L5=0.000544265151 raw_L10=0.000729914361 raw_L20=0.000998788544 group_raw=0.00227296806 group_scaled=0.00303062415 switch_loss=2.67105954e-06 total_loss=0.00303329519 val_grouped_objective=0.00363868298 raw_val_L5=0.000759319752
  Epoch   9/200 | Train Loss: 0.003033 | Val Loss: 0.003639 | LR: 1.00e-04 | Best: 0.003759
  [D0B grouped epoch 10] raw_L1=0.000866776374 raw_L5=0.000526913608 raw_L10=0.000712763086 raw_L20=0.000981377709 group_raw=0.0022210544 group_scaled=0.00296140594 switch_loss=4.09836761e-06 total_loss=0.0029655043 val_grouped_objective=0.00354395094 raw_val_L5=0.000727798656
  Epoch  10/200 | Train Loss: 0.002966 | Val Loss: 0.003544 | LR: 1.00e-04 | Best: 0.003639
  Gate   | mean=0.481 std=0.058 [0.339, 0.693] → 偏向GCN
  [D0B grouped epoch 11] raw_L1=0.00083078105 raw_L5=0.000514863134 raw_L10=0.000694308779 raw_L20=0.000963561448 group_raw=0.00217273336 group_scaled=0.00289697793 switch_loss=2.93150169e-06 total_loss=0.00289990946 val_grouped_objective=0.00346162082 raw_val_L5=0.000708431535
  Epoch  11/200 | Train Loss: 0.002900 | Val Loss: 0.003462 | LR: 1.00e-04 | Best: 0.003544
  [D0B grouped epoch 12] raw_L1=0.000800794406 raw_L5=0.000501316915 raw_L10=0.000681490964 raw_L20=0.000946615928 group_raw=0.00212942381 group_scaled=0.00283923186 switch_loss=4.33972443e-06 total_loss=0.00284357162 val_grouped_objective=0.00340440329 raw_val_L5=0.000694055785
  Epoch  12/200 | Train Loss: 0.002844 | Val Loss: 0.003404 | LR: 1.00e-04 | Best: 0.003462
  [D0B grouped epoch 13] raw_L1=0.000770703698 raw_L5=0.000488243644 raw_L10=0.000672348501 raw_L20=0.000933609515 group_raw=0.00209420166 group_scaled=0.00279226901 switch_loss=3.78438207e-06 total_loss=0.00279605338 val_grouped_objective=0.00331607619 raw_val_L5=0.000669659191
  Epoch  13/200 | Train Loss: 0.002796 | Val Loss: 0.003316 | LR: 1.00e-04 | Best: 0.003404
  [D0B grouped epoch 14] raw_L1=0.000736331875 raw_L5=0.000473017107 raw_L10=0.000660431171 raw_L20=0.000916333722 group_raw=0.002049782 group_scaled=0.00273304279 switch_loss=2.82481951e-06 total_loss=0.00273586761 val_grouped_objective=0.00327823367 raw_val_L5=0.000658397801
  Epoch  14/200 | Train Loss: 0.002736 | Val Loss: 0.003278 | LR: 1.00e-04 | Best: 0.003316
  [D0B grouped epoch 15] raw_L1=0.000705883445 raw_L5=0.000476448208 raw_L10=0.000659580944 raw_L20=0.000920082409 group_raw=0.00205611156 group_scaled=0.00274148219 switch_loss=4.41931174e-06 total_loss=0.00274590151 val_grouped_objective=0.00318440003 raw_val_L5=0.000616570772
  Epoch  15/200 | Train Loss: 0.002746 | Val Loss: 0.003184 | LR: 1.00e-04 | Best: 0.003278
  [D0B grouped epoch 16] raw_L1=0.000681388231 raw_L5=0.00045960596 raw_L10=0.000642195143 raw_L20=0.000902837095 group_raw=0.0020046382 group_scaled=0.00267285096 switch_loss=5.95219543e-06 total_loss=0.00267880318 val_grouped_objective=0.00313983602 raw_val_L5=0.000602011266
  Epoch  16/200 | Train Loss: 0.002679 | Val Loss: 0.003140 | LR: 1.00e-04 | Best: 0.003184
  [D0B grouped epoch 17] raw_L1=0.000656225383 raw_L5=0.000451856566 raw_L10=0.000630855908 raw_L20=0.000899207221 group_raw=0.0019819197 group_scaled=0.00264255976 switch_loss=3.3996269e-06 total_loss=0.00264595937 val_grouped_objective=0.00311011234 raw_val_L5=0.000596759131
  Epoch  17/200 | Train Loss: 0.002646 | Val Loss: 0.003110 | LR: 1.00e-04 | Best: 0.003140
  [D0B grouped epoch 18] raw_L1=0.000629725134 raw_L5=0.000445081013 raw_L10=0.000614018146 raw_L20=0.000883551944 group_raw=0.0019426511 group_scaled=0.00259020157 switch_loss=3.45891658e-06 total_loss=0.0025936605 val_grouped_objective=0.00306440238 raw_val_L5=0.000584109919
  Epoch  18/200 | Train Loss: 0.002594 | Val Loss: 0.003064 | LR: 1.00e-04 | Best: 0.003110
  [D0B grouped epoch 19] raw_L1=0.000604430618 raw_L5=0.000441051763 raw_L10=0.000613628418 raw_L20=0.000885474557 group_raw=0.00194015474 group_scaled=0.00258687309 switch_loss=5.89846893e-06 total_loss=0.00259277157 val_grouped_objective=0.00302892122 raw_val_L5=0.000571600092
  Epoch  19/200 | Train Loss: 0.002593 | Val Loss: 0.003029 | LR: 1.00e-04 | Best: 0.003064
  [D0B grouped epoch 20] raw_L1=0.000588134472 raw_L5=0.000436527308 raw_L10=0.000608297421 raw_L20=0.000881966306 group_raw=0.00192679104 group_scaled=0.00256905482 switch_loss=4.96490954e-06 total_loss=0.00257401974 val_grouped_objective=0.00295589934 raw_val_L5=0.000552777218
  Epoch  20/200 | Train Loss: 0.002574 | Val Loss: 0.002956 | LR: 1.00e-04 | Best: 0.003029
  Gate   | mean=0.480 std=0.050 [0.326, 0.686] → 偏向GCN
  [D0B grouped epoch 21] raw_L1=0.000563131119 raw_L5=0.000429018638 raw_L10=0.000602290314 raw_L20=0.000874815395 group_raw=0.00190612435 group_scaled=0.00254149922 switch_loss=3.33328245e-06 total_loss=0.0025448325 val_grouped_objective=0.00290296571 raw_val_L5=0.000539398065
  Epoch  21/200 | Train Loss: 0.002545 | Val Loss: 0.002903 | LR: 1.00e-04 | Best: 0.002956
  [D0B grouped epoch 22] raw_L1=0.000537785665 raw_L5=0.000427663207 raw_L10=0.000596034701 raw_L20=0.000867890729 group_raw=0.00189158864 group_scaled=0.00252211829 switch_loss=2.64870988e-06 total_loss=0.002524767 val_grouped_objective=0.00287431795 raw_val_L5=0.000533340301
  Epoch  22/200 | Train Loss: 0.002525 | Val Loss: 0.002874 | LR: 1.00e-04 | Best: 0.002903
  [D0B grouped epoch 23] raw_L1=0.000514796031 raw_L5=0.000418100538 raw_L10=0.000592317521 raw_L20=0.000862820928 group_raw=0.00187323899 group_scaled=0.00249765202 switch_loss=2.86277189e-06 total_loss=0.00250051477 val_grouped_objective=0.0028709156 raw_val_L5=0.000528863975
  Epoch  23/200 | Train Loss: 0.002501 | Val Loss: 0.002871 | LR: 1.00e-04 | Best: 0.002874
  [D0B grouped epoch 24] raw_L1=0.000495910618 raw_L5=0.000414401454 raw_L10=0.000587374554 raw_L20=0.000858955947 group_raw=0.00186073195 group_scaled=0.00248097604 switch_loss=4.23543244e-06 total_loss=0.00248521147 val_grouped_objective=0.00283660553 raw_val_L5=0.000514303101
  Epoch  24/200 | Train Loss: 0.002485 | Val Loss: 0.002837 | LR: 1.00e-04 | Best: 0.002871
  [D0B grouped epoch 25] raw_L1=0.000479003703 raw_L5=0.000413746056 raw_L10=0.000587438138 raw_L20=0.000861454522 group_raw=0.00186263872 group_scaled=0.00248351838 switch_loss=3.96126025e-06 total_loss=0.00248747963 val_grouped_objective=0.00281404336 raw_val_L5=0.000505916355
  Epoch  25/200 | Train Loss: 0.002487 | Val Loss: 0.002814 | LR: 1.00e-04 | Best: 0.002837
  [D0B grouped epoch 26] raw_L1=0.000464122594 raw_L5=0.000413157014 raw_L10=0.000585304824 raw_L20=0.000865083551 group_raw=0.00186354539 group_scaled=0.00248472724 switch_loss=3.67953976e-06 total_loss=0.00248840677 val_grouped_objective=0.00278066797 raw_val_L5=0.00049769649
  Epoch  26/200 | Train Loss: 0.002488 | Val Loss: 0.002781 | LR: 1.00e-04 | Best: 0.002814
  [D0B grouped epoch 27] raw_L1=0.00044336749 raw_L5=0.00041206016 raw_L10=0.000584123755 raw_L20=0.000865132894 group_raw=0.00186131681 group_scaled=0.00248175585 switch_loss=7.32497775e-06 total_loss=0.00248908084 val_grouped_objective=0.00268090921 raw_val_L5=0.000462806155
  Epoch  27/200 | Train Loss: 0.002489 | Val Loss: 0.002681 | LR: 1.00e-04 | Best: 0.002781
  [D0B grouped epoch 28] raw_L1=0.000429733587 raw_L5=0.00041261722 raw_L10=0.000587492613 raw_L20=0.000868570597 group_raw=0.00186868043 group_scaled=0.00249157397 switch_loss=5.79414755e-06 total_loss=0.00249736811 val_grouped_objective=0.00265513994 raw_val_L5=0.00046412879
  Epoch  28/200 | Train Loss: 0.002497 | Val Loss: 0.002655 | LR: 1.00e-04 | Best: 0.002681
  [D0B grouped epoch 29] raw_L1=0.000415723175 raw_L5=0.000408023565 raw_L10=0.000586534806 raw_L20=0.000860628072 group_raw=0.00185518644 group_scaled=0.00247358202 switch_loss=6.98767209e-06 total_loss=0.00248056967 val_grouped_objective=0.00263711251 raw_val_L5=0.000467502262
  Epoch  29/200 | Train Loss: 0.002481 | Val Loss: 0.002637 | LR: 1.00e-04 | Best: 0.002655
  [D0B grouped epoch 30] raw_L1=0.000400462818 raw_L5=0.000407081344 raw_L10=0.000580887384 raw_L20=0.000854477004 group_raw=0.00184244573 group_scaled=0.00245659436 switch_loss=7.63460339e-06 total_loss=0.00246422896 val_grouped_objective=0.0025860711 raw_val_L5=0.000445078645
  Epoch  30/200 | Train Loss: 0.002464 | Val Loss: 0.002586 | LR: 1.00e-04 | Best: 0.002637
  Gate   | mean=0.478 std=0.047 [0.353, 0.654] → 偏向GCN
  [D0B grouped epoch 31] raw_L1=0.000382184808 raw_L5=0.000393165353 raw_L10=0.000572054023 raw_L20=0.00083947005 group_raw=0.00180468943 group_scaled=0.00240625265 switch_loss=5.9008445e-06 total_loss=0.00241215349 val_grouped_objective=0.00254281079 raw_val_L5=0.000433958357
  Epoch  31/200 | Train Loss: 0.002412 | Val Loss: 0.002543 | LR: 1.00e-04 | Best: 0.002586
  [D0B grouped epoch 32] raw_L1=0.000369369027 raw_L5=0.000391620112 raw_L10=0.000567972828 raw_L20=0.000834577171 group_raw=0.00179417011 group_scaled=0.00239222691 switch_loss=2.87743366e-06 total_loss=0.00239510433 val_grouped_objective=0.00255207354 raw_val_L5=0.000433940522
  Epoch  32/200 | Train Loss: 0.002395 | Val Loss: 0.002552 | LR: 1.00e-04 | Best: 0.002543
  [D0B grouped epoch 33] raw_L1=0.000356365131 raw_L5=0.000388024166 raw_L10=0.000561945959 raw_L20=0.000834373433 group_raw=0.00178434356 group_scaled=0.00237912482 switch_loss=1.91461662e-06 total_loss=0.00238103943 val_grouped_objective=0.00253429161 raw_val_L5=0.000430870894
  Epoch  33/200 | Train Loss: 0.002381 | Val Loss: 0.002534 | LR: 1.00e-04 | Best: 0.002543
  [D0B grouped epoch 34] raw_L1=0.000344688864 raw_L5=0.000386271138 raw_L10=0.000555993302 raw_L20=0.000826920099 group_raw=0.00176918454 group_scaled=0.00235891283 switch_loss=2.36976239e-06 total_loss=0.0023612826 val_grouped_objective=0.00249573239 raw_val_L5=0.000417306984
  Epoch  34/200 | Train Loss: 0.002361 | Val Loss: 0.002496 | LR: 1.00e-04 | Best: 0.002534
  [D0B grouped epoch 35] raw_L1=0.000330485898 raw_L5=0.000381485682 raw_L10=0.000552350917 raw_L20=0.000825950055 group_raw=0.00175978665 group_scaled=0.00234638224 switch_loss=2.61712147e-06 total_loss=0.00234899938 val_grouped_objective=0.00249322499 raw_val_L5=0.000414739823
  Epoch  35/200 | Train Loss: 0.002349 | Val Loss: 0.002493 | LR: 1.00e-04 | Best: 0.002496
  [D0B grouped epoch 36] raw_L1=0.000319050856 raw_L5=0.000377531122 raw_L10=0.000546068774 raw_L20=0.000820866212 group_raw=0.00174446611 group_scaled=0.00232595489 switch_loss=3.27869334e-06 total_loss=0.0023292336 val_grouped_objective=0.00244955542 raw_val_L5=0.000397671486
  Epoch  36/200 | Train Loss: 0.002329 | Val Loss: 0.002450 | LR: 1.00e-04 | Best: 0.002493
  [D0B grouped epoch 37] raw_L1=0.000307952457 raw_L5=0.000371885512 raw_L10=0.000544338656 raw_L20=0.000817644806 group_raw=0.00173386897 group_scaled=0.00231182539 switch_loss=3.38393803e-06 total_loss=0.00231520934 val_grouped_objective=0.00245453082 raw_val_L5=0.000399958756
  Epoch  37/200 | Train Loss: 0.002315 | Val Loss: 0.002455 | LR: 1.00e-04 | Best: 0.002450
  [D0B grouped epoch 38] raw_L1=0.000297827059 raw_L5=0.00037215727 raw_L10=0.000540977519 raw_L20=0.000817301592 group_raw=0.00173043638 group_scaled=0.00230724856 switch_loss=2.88188878e-06 total_loss=0.00231013044 val_grouped_objective=0.00244461633 raw_val_L5=0.000396370149
  Epoch  38/200 | Train Loss: 0.002310 | Val Loss: 0.002445 | LR: 1.00e-04 | Best: 0.002450
  [D0B grouped epoch 39] raw_L1=0.000290097107 raw_L5=0.000369512218 raw_L10=0.000542339355 raw_L20=0.000815830191 group_raw=0.00172768176 group_scaled=0.00230357575 switch_loss=2.117859e-06 total_loss=0.00230569364 val_grouped_objective=0.00243114196 raw_val_L5=0.000392210082
  Epoch  39/200 | Train Loss: 0.002306 | Val Loss: 0.002431 | LR: 1.00e-04 | Best: 0.002445
  [D0B grouped epoch 40] raw_L1=0.000279936104 raw_L5=0.000367223436 raw_L10=0.00053870278 raw_L20=0.000812676139 group_raw=0.00171860235 group_scaled=0.00229146985 switch_loss=1.79590412e-06 total_loss=0.00229326577 val_grouped_objective=0.00241601188 raw_val_L5=0.000387495512
  Epoch  40/200 | Train Loss: 0.002293 | Val Loss: 0.002416 | LR: 1.00e-04 | Best: 0.002431
  Gate   | mean=0.479 std=0.043 [0.357, 0.643] → 偏向GCN
  [D0B grouped epoch 41] raw_L1=0.000270789308 raw_L5=0.000366476798 raw_L10=0.000537205729 raw_L20=0.000809757728 group_raw=0.00171344025 group_scaled=0.00228458708 switch_loss=1.77496537e-06 total_loss=0.00228636205 val_grouped_objective=0.00239013024 raw_val_L5=0.000379253441
  Epoch  41/200 | Train Loss: 0.002286 | Val Loss: 0.002390 | LR: 1.00e-04 | Best: 0.002416
  [D0B grouped epoch 42] raw_L1=0.000262312845 raw_L5=0.000365513298 raw_L10=0.000536566128 raw_L20=0.000809024407 group_raw=0.00171110383 group_scaled=0.0022814718 switch_loss=1.83351386e-06 total_loss=0.00228330531 val_grouped_objective=0.00239025191 raw_val_L5=0.000382408948
  Epoch  42/200 | Train Loss: 0.002283 | Val Loss: 0.002390 | LR: 1.00e-04 | Best: 0.002390
  [D0B grouped epoch 43] raw_L1=0.000253194999 raw_L5=0.000364101668 raw_L10=0.000535670273 raw_L20=0.000810469362 group_raw=0.0017102413 group_scaled=0.00228032178 switch_loss=1.74818293e-06 total_loss=0.00228206996 val_grouped_objective=0.00235822927 raw_val_L5=0.000370999612
  Epoch  43/200 | Train Loss: 0.002282 | Val Loss: 0.002358 | LR: 1.00e-04 | Best: 0.002390
  [D0B grouped epoch 44] raw_L1=0.000246567637 raw_L5=0.000366097609 raw_L10=0.000534599729 raw_L20=0.00080723525 group_raw=0.00170793259 group_scaled=0.00227724354 switch_loss=2.00035693e-06 total_loss=0.0022792439 val_grouped_objective=0.0023467442 raw_val_L5=0.000370500592
  Epoch  44/200 | Train Loss: 0.002279 | Val Loss: 0.002347 | LR: 1.00e-04 | Best: 0.002358
  [D0B grouped epoch 45] raw_L1=0.000238807802 raw_L5=0.000364664648 raw_L10=0.000535032456 raw_L20=0.00080678012 group_raw=0.00170647722 group_scaled=0.00227530305 switch_loss=1.65124902e-06 total_loss=0.00227695429 val_grouped_objective=0.00234979419 raw_val_L5=0.000374021637
  Epoch  45/200 | Train Loss: 0.002277 | Val Loss: 0.002350 | LR: 1.00e-04 | Best: 0.002347
  [D0B grouped epoch 46] raw_L1=0.000232037101 raw_L5=0.000364281702 raw_L10=0.000532886952 raw_L20=0.00080392856 group_raw=0.00170109721 group_scaled=0.00226812968 switch_loss=1.56121559e-06 total_loss=0.00226969091 val_grouped_objective=0.00232790755 raw_val_L5=0.000364533189
  Epoch  46/200 | Train Loss: 0.002270 | Val Loss: 0.002328 | LR: 1.00e-04 | Best: 0.002347
  [D0B grouped epoch 47] raw_L1=0.000224501553 raw_L5=0.000363068099 raw_L10=0.000533556449 raw_L20=0.000800898073 group_raw=0.00169752262 group_scaled=0.00226336357 switch_loss=1.83676755e-06 total_loss=0.00226520035 val_grouped_objective=0.00232256721 raw_val_L5=0.00036227727
  Epoch  47/200 | Train Loss: 0.002265 | Val Loss: 0.002323 | LR: 1.00e-04 | Best: 0.002328
  [D0B grouped epoch 48] raw_L1=0.000217828243 raw_L5=0.000361675252 raw_L10=0.000532173349 raw_L20=0.000800313757 group_raw=0.00169416236 group_scaled=0.0022588832 switch_loss=2.25426909e-06 total_loss=0.00226113748 val_grouped_objective=0.00230810884 raw_val_L5=0.000358478166
  Epoch  48/200 | Train Loss: 0.002261 | Val Loss: 0.002308 | LR: 1.00e-04 | Best: 0.002323
  [D0B grouped epoch 49] raw_L1=0.000211836337 raw_L5=0.000358583077 raw_L10=0.000533036211 raw_L20=0.00080130412 group_raw=0.00169292341 group_scaled=0.00225723127 switch_loss=2.05181669e-06 total_loss=0.0022592831 val_grouped_objective=0.00230704756 raw_val_L5=0.000358228321
  Epoch  49/200 | Train Loss: 0.002259 | Val Loss: 0.002307 | LR: 1.00e-04 | Best: 0.002308
  [D0B grouped epoch 50] raw_L1=0.000205164972 raw_L5=0.000361177519 raw_L10=0.000529138018 raw_L20=0.000801069381 group_raw=0.00169138492 group_scaled=0.00225517994 switch_loss=1.78047973e-06 total_loss=0.00225696042 val_grouped_objective=0.00229188972 raw_val_L5=0.000356640056
  Epoch  50/200 | Train Loss: 0.002257 | Val Loss: 0.002292 | LR: 1.00e-04 | Best: 0.002307
  Gate   | mean=0.480 std=0.040 [0.370, 0.631] → 偏向GCN
  [D0B grouped epoch 51] raw_L1=0.00019996727 raw_L5=0.000354927962 raw_L10=0.000521922006 raw_L20=0.000793832544 group_raw=0.00167068251 group_scaled=0.00222757675 switch_loss=2.2347105e-06 total_loss=0.00222981146 val_grouped_objective=0.00228039366 raw_val_L5=0.000351317477
  Epoch  51/200 | Train Loss: 0.002230 | Val Loss: 0.002280 | LR: 1.00e-04 | Best: 0.002292
  [D0B grouped epoch 52] raw_L1=0.000193548714 raw_L5=0.000354299542 raw_L10=0.000523914045 raw_L20=0.00079370601 group_raw=0.0016719196 group_scaled=0.00222922622 switch_loss=1.69517258e-06 total_loss=0.00223092139 val_grouped_objective=0.00227986816 raw_val_L5=0.000345980696
  Epoch  52/200 | Train Loss: 0.002231 | Val Loss: 0.002280 | LR: 1.00e-04 | Best: 0.002280
  [D0B grouped epoch 53] raw_L1=0.00018922977 raw_L5=0.000353376718 raw_L10=0.000522372492 raw_L20=0.000791334298 group_raw=0.00166708351 group_scaled=0.00222277806 switch_loss=1.54934234e-06 total_loss=0.00222432742 val_grouped_objective=0.00226456192 raw_val_L5=0.000341854146
  Epoch  53/200 | Train Loss: 0.002224 | Val Loss: 0.002265 | LR: 1.00e-04 | Best: 0.002280
  [D0B grouped epoch 54] raw_L1=0.000183809842 raw_L5=0.00035355472 raw_L10=0.000522112004 raw_L20=0.00079358462 group_raw=0.00166925134 group_scaled=0.00222566851 switch_loss=1.55956976e-06 total_loss=0.00222722809 val_grouped_objective=0.0022677568 raw_val_L5=0.00034236295
  Epoch  54/200 | Train Loss: 0.002227 | Val Loss: 0.002268 | LR: 1.00e-04 | Best: 0.002265
  [D0B grouped epoch 55] raw_L1=0.000179076795 raw_L5=0.000350492052 raw_L10=0.000520423806 raw_L20=0.000787648353 group_raw=0.00165856421 group_scaled=0.002211419 switch_loss=1.5566695e-06 total_loss=0.00221297566 val_grouped_objective=0.00227896094 raw_val_L5=0.000346451887
  Epoch  55/200 | Train Loss: 0.002213 | Val Loss: 0.002279 | LR: 1.00e-04 | Best: 0.002265
  [D0B grouped epoch 56] raw_L1=0.000174851169 raw_L5=0.000348512565 raw_L10=0.000515346112 raw_L20=0.000783941244 group_raw=0.00164779992 group_scaled=0.00219706662 switch_loss=1.54079689e-06 total_loss=0.00219860743 val_grouped_objective=0.00228354693 raw_val_L5=0.000340610772
  Epoch  56/200 | Train Loss: 0.002199 | Val Loss: 0.002284 | LR: 1.00e-04 | Best: 0.002265
  [D0B grouped epoch 57] raw_L1=0.000170296633 raw_L5=0.000349596664 raw_L10=0.000514357699 raw_L20=0.000779982324 group_raw=0.00164393669 group_scaled=0.00219191567 switch_loss=1.6284558e-06 total_loss=0.00219354412 val_grouped_objective=0.00229189433 raw_val_L5=0.000341686665
  Epoch  57/200 | Train Loss: 0.002194 | Val Loss: 0.002292 | LR: 1.00e-04 | Best: 0.002265
  [D0B grouped epoch 58] raw_L1=0.000166048169 raw_L5=0.000346445713 raw_L10=0.000514746827 raw_L20=0.000777716457 group_raw=0.001638909 group_scaled=0.00218521207 switch_loss=1.86299183e-06 total_loss=0.00218707507 val_grouped_objective=0.00228640269 raw_val_L5=0.000340434525
  Epoch  58/200 | Train Loss: 0.002187 | Val Loss: 0.002286 | LR: 1.00e-04 | Best: 0.002265
  [D0B grouped epoch 59] raw_L1=0.000162066662 raw_L5=0.000350706805 raw_L10=0.00051685976 raw_L20=0.000784377217 group_raw=0.00165194378 group_scaled=0.00220259179 switch_loss=2.63461068e-06 total_loss=0.0022052264 val_grouped_objective=0.00228297454 raw_val_L5=0.000338301214
  Epoch  59/200 | Train Loss: 0.002205 | Val Loss: 0.002283 | LR: 5.00e-05 | Best: 0.002265
  [D0B grouped epoch 60] raw_L1=0.000160898063 raw_L5=0.000355042587 raw_L10=0.000521926184 raw_L20=0.000785179287 group_raw=0.00166214806 group_scaled=0.00221619746 switch_loss=6.5310413e-06 total_loss=0.0022227285 val_grouped_objective=0.0022070287 raw_val_L5=0.000329369324
  Epoch  60/200 | Train Loss: 0.002223 | Val Loss: 0.002207 | LR: 5.00e-05 | Best: 0.002265
  Gate   | mean=0.482 std=0.038 [0.376, 0.622] → 偏向GCN
  [D0B grouped epoch 61] raw_L1=0.000159067248 raw_L5=0.000352499203 raw_L10=0.000518230746 raw_L20=0.000784133115 group_raw=0.00165486306 group_scaled=0.00220648417 switch_loss=1.00558232e-05 total_loss=0.00221653999 val_grouped_objective=0.00223912676 raw_val_L5=0.000331167539
  Epoch  61/200 | Train Loss: 0.002217 | Val Loss: 0.002239 | LR: 5.00e-05 | Best: 0.002207
  [D0B grouped epoch 62] raw_L1=0.000155313717 raw_L5=0.000342582256 raw_L10=0.00051046006 raw_L20=0.000777101613 group_raw=0.00163014393 group_scaled=0.0021735253 switch_loss=2.80772337e-06 total_loss=0.00217633303 val_grouped_objective=0.00224551328 raw_val_L5=0.000336771278
  Epoch  62/200 | Train Loss: 0.002176 | Val Loss: 0.002246 | LR: 5.00e-05 | Best: 0.002207
  [D0B grouped epoch 63] raw_L1=0.000153991353 raw_L5=0.000344700573 raw_L10=0.000508677633 raw_L20=0.000773178912 group_raw=0.00162655712 group_scaled=0.0021687429 switch_loss=2.25497885e-06 total_loss=0.00217099789 val_grouped_objective=0.00223994311 raw_val_L5=0.000336990366
  Epoch  63/200 | Train Loss: 0.002171 | Val Loss: 0.002240 | LR: 5.00e-05 | Best: 0.002207
  [D0B grouped epoch 64] raw_L1=0.000151967511 raw_L5=0.000341137414 raw_L10=0.00050627883 raw_L20=0.000768120794 group_raw=0.00161553704 group_scaled=0.00215404944 switch_loss=2.17400293e-06 total_loss=0.00215622344 val_grouped_objective=0.00224366235 raw_val_L5=0.000335451757
  Epoch  64/200 | Train Loss: 0.002156 | Val Loss: 0.002244 | LR: 5.00e-05 | Best: 0.002207
  [D0B grouped epoch 65] raw_L1=0.000150395372 raw_L5=0.000341486976 raw_L10=0.000505068126 raw_L20=0.000765888167 group_raw=0.00161244327 group_scaled=0.00214992441 switch_loss=2.32389805e-06 total_loss=0.00215224831 val_grouped_objective=0.0022382977 raw_val_L5=0.000334219664
  Epoch  65/200 | Train Loss: 0.002152 | Val Loss: 0.002238 | LR: 5.00e-05 | Best: 0.002207
  [D0B grouped epoch 66] raw_L1=0.000148730162 raw_L5=0.000339936234 raw_L10=0.000504560112 raw_L20=0.000763942802 group_raw=0.00160843915 group_scaled=0.00214458559 switch_loss=2.24072308e-06 total_loss=0.0021468263 val_grouped_objective=0.00225406568 raw_val_L5=0.000335563772
  Epoch  66/200 | Train Loss: 0.002147 | Val Loss: 0.002254 | LR: 2.50e-05 | Best: 0.002207
  [D0B grouped epoch 67] raw_L1=0.000147542196 raw_L5=0.000340207678 raw_L10=0.000502897607 raw_L20=0.000759049381 group_raw=0.00160215467 group_scaled=0.00213620632 switch_loss=2.220224e-06 total_loss=0.00213842653 val_grouped_objective=0.00225311252 raw_val_L5=0.000334820093
  Epoch  67/200 | Train Loss: 0.002138 | Val Loss: 0.002253 | LR: 2.50e-05 | Best: 0.002207
  [D0B grouped epoch 68] raw_L1=0.000146441742 raw_L5=0.000340495487 raw_L10=0.000503019143 raw_L20=0.000763892116 group_raw=0.00160740675 group_scaled=0.00214320904 switch_loss=2.31080023e-06 total_loss=0.00214551983 val_grouped_objective=0.00225021015 raw_val_L5=0.000332158885
  Epoch  68/200 | Train Loss: 0.002146 | Val Loss: 0.002250 | LR: 2.50e-05 | Best: 0.002207
  [D0B grouped epoch 69] raw_L1=0.000145994684 raw_L5=0.000339458415 raw_L10=0.000501802344 raw_L20=0.000759638768 group_raw=0.00160089953 group_scaled=0.00213453274 switch_loss=2.27353899e-06 total_loss=0.00213680628 val_grouped_objective=0.00226130034 raw_val_L5=0.000333226519
  Epoch  69/200 | Train Loss: 0.002137 | Val Loss: 0.002261 | LR: 2.50e-05 | Best: 0.002207
  [D0B grouped epoch 70] raw_L1=0.000145087772 raw_L5=0.0003388522 raw_L10=0.000500823927 raw_L20=0.000756774296 group_raw=0.00159645042 group_scaled=0.00212860064 switch_loss=2.32621672e-06 total_loss=0.00213092684 val_grouped_objective=0.00225962391 raw_val_L5=0.000332310074
  Epoch  70/200 | Train Loss: 0.002131 | Val Loss: 0.002260 | LR: 2.50e-05 | Best: 0.002207
  Gate   | mean=0.482 std=0.037 [0.378, 0.617] → 偏向GCN

[Early Stopping] No improvement for 10 epochs. Stopping at epoch 70.
[Early Stopping] Best validation loss: 0.002207 at epoch 60

[Checkpoint] Restored best model from epoch 60
[Checkpoint] Saved to checkpoints/switching_latent_balanced_readout_5_10_20_best.pt
============================================================

  Temporal weights: mean=0.0500 std=0.0137 min=0.0000 max=1.0000
  [D0B grouped TRAIN] mean p=[0.3067 0.4922 0.2011] entropy=1.015675 mean max p=0.494728 margin=0.183612
  [D0B grouped TRAIN] argmax occupancy
    state 0 = 2.92%
    state 1 = 96.04%
    state 2 = 1.04%
  [D0B grouped TRAIN prior] entropy=1.078872 mean max p=0.411078
  [D0B grouped VAL] mean p=[0.3269 0.3149 0.3581] entropy=1.081267 mean max p=0.400838 margin=0.074929
  [D0B grouped VAL] argmax occupancy
    state 0 = 23.81%
    state 1 = 27.87%
    state 2 = 48.32%
  [D0B grouped VAL prior] entropy=1.094606 mean max p=0.365168
  [D0B grouped TEST] mean p=[0.343  0.2584 0.3987] entropy=1.070866 mean max p=0.421098 margin=0.098059
  [D0B grouped TEST] argmax occupancy
    state 0 = 32.99%
    state 1 = 0.30%
    state 2 = 66.71%
  [D0B grouped TEST prior] entropy=1.092321 mean max p=0.374126
  [D0B grouped probability legality] min p=1.784624e-01 max probability-sum error=1.192e-07
  [D0B grouped prior/posterior] prior entropy=1.092321 posterior entropy=1.070866 mean KL=0.008855 mean L1=0.108995
  [D0B grouped regime dynamics] mean ||p_t-p_(t-1)||_1=0.050360
  [D0B grouped p t=0] [0.3416 0.292  0.3665]
  [D0B grouped p t=2] [0.3453 0.2639 0.3908]
  [D0B grouped p t=4] [0.3449 0.2581 0.397 ]
  [D0B grouped p t=6] [0.344  0.2568 0.3992]
  [D0B grouped p t=8] [0.3435 0.256  0.4005]
  [D0B grouped p t=10] [0.3431 0.255  0.4019]
  [D0B grouped p t=12] [0.3424 0.2544 0.4031]
  [D0B grouped p t=14] [0.3418 0.254  0.4042]
  [D0B grouped p t=16] [0.3415 0.2535 0.405 ]
  [D0B grouped p t=18] [0.3412 0.2531 0.4057]
  [D0B grouped transition matrix]
[[0.666587 0.168367 0.165047]
 [0.166585 0.667816 0.1656  ]
 [0.166279 0.167985 0.665736]]
  [D0B grouped transition] row sums=[1. 1. 1.] diagonal=[0.666587 0.667816 0.665736] mean persistence=0.666713 row entropy=[0.867658 0.865966 0.868848]
  [D0B grouped transition] absolute transition_logits drift=1.967e-02
  [D0B grouped Base RPE] norm=0.007650 mean |QK/sqrt(d)|=1.116466e-03 mean |base bias|=8.000233e-04 base/QK=7.165611e-01
  [D0B grouped Base RPE delta=+0] heads=[-0.001665 -0.002027 -0.001411 -0.002696] mean=-0.001950 std=0.000483
  [D0B grouped Base RPE delta=+1] heads=[-0.001188 -0.001596 -0.00108  -0.001886] mean=-0.001438 std=0.000323
  [D0B grouped Base RPE delta=+2] heads=[-0.000948 -0.001308 -0.000967 -0.001798] mean=-0.001255 std=0.000345
  [D0B grouped Base RPE delta=+5] heads=[ 0.000347  0.000209 -0.000382  0.00021 ] mean=0.000096 std=0.000282
  [D0B grouped Base RPE delta=+10] heads=[5.38e-04 6.13e-04 8.10e-05 5.20e-04] mean=0.000438 std=0.000209
  [D0B grouped Base RPE delta=+19] heads=[-4.80e-05  3.10e-05  6.50e-04  3.73e-04] mean=0.000251 std=0.000279
  [D0B grouped candidate state 0] norm mean=0.754401 std=0.045053 max=0.862849
  [D0B grouped candidate state 1] norm mean=1.076689 std=0.074849 max=1.256038
  [D0B grouped candidate state 2] norm mean=0.798214 std=0.056625 max=0.960879
  [D0B grouped candidate pair 0/1] mean L1=0.121894 cosine=0.077534
  [D0B grouped candidate pair 0/2] mean L1=0.112998 cosine=-0.018255
  [D0B grouped candidate pair 1/2] mean L1=0.107747 cosine=0.250728
  [D0B grouped Z trajectory] mean norm=0.553061 max norm=0.678337 mean ||Z_t-Z_(t-1)||_2=0.123392
  [D0B grouped Z direction] consecutive cosine mean/std=0.981787/0.016766 mean directional change=0.018213
  [D0B grouped Z t=0] mean norm=0.559204
  [D0B grouped Z t=5] mean norm=0.553806
  [D0B grouped Z t=10] mean norm=0.553174
  [D0B grouped Z t=15] mean norm=0.551469
  [D0B grouped Z t=19] mean norm=0.549587
  [D0B grouped weighted generator contributions] [0.258655 0.279375 0.318255]
  [D0B grouped pre-balance scale] E=10.088917 H=10.165783 Z=0.553061 H_T=10.164928 Z_T=0.549587 Z_T/H_T=5.406699e-02 readout input=10.179878 h_temporal=3.637671
  [D0B grouped readout weights] ||W_long||=2.984284 ||W_micro||=2.942362 W_micro/W_long=0.985952
  [D0B grouped post-balance scale] ||h_long||=7.393232 ||h_micro||=7.363313 micro/long=0.995953 balanced concat=10.434478 h_temporal=3.637671
  [D0B grouped stock dispersion sensitivity] high p=[0.338  0.2607 0.4013] low p=[0.3871 0.2318 0.3811] L1=0.098225 high/low ||Z_T||=0.561777/0.512204 high/low ||h_micro||=7.367358/7.352274
  [D0B grouped bond dispersion sensitivity] high p=[0.3819 0.2685 0.3496] low p=[0.3013 0.251  0.4478] L1=0.196229 high/low ||Z_T||=0.541669/0.555136 high/low ||h_micro||=7.366151/7.363784
  [D0B grouped commodity dispersion sensitivity] high p=[0.2846 0.2364 0.479 ] low p=[0.3993 0.2466 0.3541] L1=0.249808 high/low ||Z_T||=0.577827/0.515999 high/low ||h_micro||=7.367607/7.356465
  [D0B grouped legacy gradient probe] scaled_prediction_loss=4/3*(L5+L10+L20); raw single-horizon gradients are saved in the grouped REPORT
  [D0B grouped prediction-only grad] Market Encoder=2.337e-03
  [D0B grouped prediction-only grad] LongMemory Transformer=5.290e-04
  [D0B grouped prediction-only grad] Base RPE=2.030e-07
  [D0B grouped prediction-only grad] regime evidence=3.851e-04
  [D0B grouped prediction-only grad] transition logits=1.071e-05
  [D0B grouped prediction-only grad] G0=4.591e-04
  [D0B grouped prediction-only grad] G1=4.168e-04
  [D0B grouped prediction-only grad] G2=5.789e-04
  [D0B grouped prediction-only grad] long_memory_readout=1.372e-03
  [D0B grouped prediction-only grad] micro_state_readout=1.028e-03
  [D0B grouped prediction-only grad] state readout=2.733e-03
  [D0B grouped prediction-only grad ratio] generator/LongMemory=9.167065e-01
  [D0B grouped prediction-only grad ratio] microReadout/longReadout=7.494944e-01
  [D0B grouped total-loss grad] Market Encoder=2.300e-03
  [D0B grouped total-loss grad] LongMemory Transformer=5.210e-04
  [D0B grouped total-loss grad] Base RPE=2.011e-07
  [D0B grouped total-loss grad] regime evidence=3.755e-04
  [D0B grouped total-loss grad] transition logits=1.066e-05
  [D0B grouped total-loss grad] G0=4.591e-04
  [D0B grouped total-loss grad] G1=4.168e-04
  [D0B grouped total-loss grad] G2=5.789e-04
  [D0B grouped total-loss grad] long_memory_readout=1.372e-03
  [D0B grouped total-loss grad] micro_state_readout=1.028e-03
  [D0B grouped total-loss grad] state readout=2.733e-03
  [D0B grouped total-loss grad ratio] generator/LongMemory=9.308747e-01
  [D0B grouped total-loss grad ratio] microReadout/longReadout=7.494944e-01
  [D0B grouped loss] L_return=2.121907e-03
  [D0B grouped loss] L_switch_raw=4.658954e-03
  [D0B grouped loss] beta=5.000000e-04
  [D0B grouped loss] weighted_switch=2.329477e-06
  [D0B grouped loss] total=2.124237e-03
  [D0B grouped loss] switch_to_return_ratio=1.097817e-03
  [D0B grouped forced-full-regime state 0] Z_T mean/max diff=7.143e-02/2.368e-01 h_micro mean/max diff=3.565e-01/1.023e+00 h_temporal mean/max diff=1.294e-01/4.052e-01 prediction mean/max diff=3.155e-03/1.908e-02
  [D0B grouped forced-full-regime state 1] Z_T mean/max diff=7.517e-02/4.163e-01 h_micro mean/max diff=3.647e-01/1.205e+00 h_temporal mean/max diff=1.171e-01/4.053e-01 prediction mean/max diff=4.040e-03/2.293e-02
  [D0B grouped forced-full-regime state 2] Z_T mean/max diff=5.910e-02/2.380e-01 h_micro mean/max diff=2.327e-01/8.554e-01 h_temporal mean/max diff=9.429e-02/3.462e-01 prediction mean/max diff=2.877e-03/1.426e-02
  [D0B grouped zero-balanced-micro] h_temporal mean/max diff=2.697e-01/8.801e-01 prediction mean/max diff=1.120e-02/4.841e-02
  [D0B grouped zero-balanced-long] h_temporal mean/max diff=2.757e-01/9.741e-01 prediction mean/max diff=1.066e-02/4.146e-02
  [D0B grouped zero-out impact] micro/long prediction-impact ratio=1.049942e+00
  [D0B vs D0 zero-out reference] D0 zero-Z mean=7.417e-05 D0 zero-H mean=1.112e-02 D0 ratio≈6.670e-03
  [D0B grouped causality] E diff through t=10=0.000e+00 H diff=0.000e+00 p diff=0.000e+00 Z diff=0.000e+00 h_long@t10=0.000e+00 h_micro@t10=0.000e+00 h_temporal@t10=0.000e+00
  [D0B grouped batch independence] E=9.537e-07 H=1.431e-06 p=1.192e-07 Z=7.451e-08 h_long=4.768e-07 h_micro=2.682e-07 h_temporal=2.682e-07
  [D0B grouped stock permutation] E=4.768e-07 H=1.192e-06 p=1.192e-07 Z=7.451e-08 h_long=4.768e-07 h_micro=5.960e-07 h_temporal=2.980e-07
  [D0B grouped bond permutation] E=7.153e-07 H=1.192e-06 p=2.086e-07 Z=1.192e-07 h_long=4.768e-07 h_micro=3.576e-07 h_temporal=2.980e-07
  [D0B grouped commodity permutation] E=4.768e-07 H=1.431e-06 p=1.490e-07 Z=8.941e-08 h_long=4.768e-07 h_micro=4.172e-07 h_temporal=4.172e-07
[D0B grouped switching_latent_balanced_readout TRAIN]
[TRAIN] batch 1/22 complete
[TRAIN] batch 2/22 complete
[TRAIN] batch 3/22 complete
[TRAIN] batch 4/22 complete
[TRAIN] batch 5/22 complete
[TRAIN] batch 6/22 complete
[TRAIN] batch 7/22 complete
[TRAIN] batch 8/22 complete
[TRAIN] batch 9/22 complete
[TRAIN] batch 10/22 complete
[TRAIN] batch 11/22 complete
[TRAIN] batch 12/22 complete
[TRAIN] batch 13/22 complete
[TRAIN] batch 14/22 complete
[TRAIN] batch 15/22 complete
[TRAIN] batch 16/22 complete
[TRAIN] batch 17/22 complete
[TRAIN] batch 18/22 complete
[TRAIN] batch 19/22 complete
[TRAIN] batch 20/22 complete
[TRAIN] batch 21/22 complete
[TRAIN] batch 22/22 complete
[D0B grouped switching_latent_balanced_readout VAL]
[VAL] batch 1/5 complete
[VAL] batch 2/5 complete
[VAL] batch 3/5 complete
[VAL] batch 4/5 complete
[VAL] batch 5/5 complete
[D0B grouped switching_latent_balanced_readout TEST]
[TEST] batch 1/5 complete
[TEST] batch 2/5 complete
[TEST] batch 3/5 complete
[TEST] batch 4/5 complete
[TEST] batch 5/5 complete
[D0B grouped causality/batch/market sanity] {"prefix_cutoff": 10, "causality": {"E": 0.0, "H": 0.0, "p": 0.0, "Z": 0.0, "h_long": 0.0, "h_micro": 0.0, "h_temporal": 0.0}, "batch_permutation_max": 0.0, "single_sample_max": 1.1175870895385742e-08, "within_market": {"stock": {"temporal_invariance_max": 1.430511474609375e-06, "full_model_with_graph_relabeling_max": 2.9802322387695312e-08}, "bond": {"temporal_invariance_max": 1.6689300537109375e-06, "full_model_with_graph_relabeling_max": 2.2351741790771484e-08}, "commodity": {"temporal_invariance_max": 1.1920928955078125e-06, "full_model_with_graph_relabeling_max": 2.2351741790771484e-08}}, "readout_note": "Readout applied to H_t/Z_t at each t; full-window spatial pooling is not a prefix forecast", "PASS": true}
[D0B grouped switching_latent_balanced_readout horizon gradients] {"norms": {"1": {"regime evidence": 1.7092712369048968e-05, "transition logits": 5.139081054039707e-07, "G0": 3.494664633763023e-05, "G1": 3.9664973883191124e-05, "G2": 2.7084179237135686e-05, "long readout": 0.00013514081365428865, "micro readout": 0.0001028674523695372, "generators": 5.939791299169883e-05, "balanced readouts": 0.0003987653471995145, "Market Encoder": 0.0001768913643900305, "LongMemory": 3.0431845516432077e-05, "Base RPE": 2.6028030841729333e-09, "state readout": 0.00036078947596251965}, "5": {"regime evidence": 2.9962709959363565e-05, "transition logits": 8.988365038931079e-07, "G0": 5.1666040235431865e-05, "G1": 5.725368100684136e-05, "G2": 4.05589998990763e-05, "long readout": 0.00014089661999605596, "micro readout": 0.00015443154552485794, "generators": 8.713412535144016e-05, "balanced readouts": 0.0004369250382296741, "Market Encoder": 0.0001786172651918605, "LongMemory": 2.9596836611744948e-05, "Base RPE": 5.375281553199329e-09, "state readout": 0.00038366977241821587}, "10": {"regime evidence": 0.00016669818433001637, "transition logits": 5.129406417836435e-06, "G0": 8.679643360665068e-05, "G1": 0.00010673388896975666, "G2": 7.211182673927397e-05, "long readout": 0.00026887707645073533, "micro readout": 0.0002431990287732333, "generators": 0.00015532462566625327, "balanced readouts": 0.0007180898683145642, "Market Encoder": 0.0005487175076268613, "LongMemory": 8.693988638697192e-05, "Base RPE": 3.1674222356059545e-08, "state readout": 0.0006198487244546413}, "20": {"regime evidence": 0.0002519616100471467, "transition logits": 7.731687219347805e-06, "G0": 0.00013664459402207285, "G1": 0.00016375831910409033, "G2": 0.0001085468175006099, "long readout": 0.0004406377556733787, "micro readout": 0.00037128350231796503, "generators": 0.00023931289615575224, "balanced readouts": 0.0011394681641831994, "Market Encoder": 0.0008805581601336598, "LongMemory": 0.00013903994113206863, "Base RPE": 1.8727993378320207e-08, "state readout": 0.000983043690212071}}, "cosines": {"regime evidence": {"5d-vs-1d": -0.9800747036933899, "5d-vs-10d": 0.9832973480224609, "5d-vs-20d": 0.9746631383895874}, "transition logits": {"5d-vs-1d": -0.9895288348197937, "5d-vs-10d": 0.9888823628425598, "5d-vs-20d": 0.9832717180252075}, "generators": {"5d-vs-1d": 0.24348977208137512, "5d-vs-10d": 0.46046358346939087, "5d-vs-20d": 0.4474498927593231}, "balanced readouts": {"5d-vs-1d": 0.30319201946258545, "5d-vs-10d": 0.06603211164474487, "5d-vs-20d": -0.006262097042053938}}, "raw_horizon_losses": {"1": 8.728375541977584e-05, "5": 0.0002786702534649521, "10": 0.0004612714401446283, "20": 0.0007285116007551551}, "five_day_multiplier": 1.0, "LongMemory_definition": "transformer layers; Base RPE listed separately", "method": "eval single-horizon raw Huber; autograd.grad; no optimizer step"}
[D0B grouped switching_latent_balanced_readout_5d_only TRAIN]
[TRAIN] batch 1/22 complete
[TRAIN] batch 2/22 complete
[TRAIN] batch 3/22 complete
[TRAIN] batch 4/22 complete
[TRAIN] batch 5/22 complete
[TRAIN] batch 6/22 complete
[TRAIN] batch 7/22 complete
[TRAIN] batch 8/22 complete
[TRAIN] batch 9/22 complete
[TRAIN] batch 10/22 complete
[TRAIN] batch 11/22 complete
[TRAIN] batch 12/22 complete
[TRAIN] batch 13/22 complete
[TRAIN] batch 14/22 complete
[TRAIN] batch 15/22 complete
[TRAIN] batch 16/22 complete
[TRAIN] batch 17/22 complete
[TRAIN] batch 18/22 complete
[TRAIN] batch 19/22 complete
[TRAIN] batch 20/22 complete
[TRAIN] batch 21/22 complete
[TRAIN] batch 22/22 complete
[D0B grouped switching_latent_balanced_readout_5d_only VAL]
[VAL] batch 1/5 complete
[VAL] batch 2/5 complete
[VAL] batch 3/5 complete
[VAL] batch 4/5 complete
[VAL] batch 5/5 complete
[D0B grouped switching_latent_balanced_readout_5d_only TEST]
[TEST] batch 1/5 complete
[TEST] batch 2/5 complete
[TEST] batch 3/5 complete
[TEST] batch 4/5 complete
[TEST] batch 5/5 complete
[D0B grouped causality/batch/market sanity] {"prefix_cutoff": 10, "causality": {"E": 0.0, "H": 0.0, "p": 0.0, "Z": 0.0, "h_long": 0.0, "h_micro": 0.0, "h_temporal": 0.0}, "batch_permutation_max": 0.0, "single_sample_max": 1.862645149230957e-08, "within_market": {"stock": {"temporal_invariance_max": 1.430511474609375e-06, "full_model_with_graph_relabeling_max": 4.470348358154297e-08}, "bond": {"temporal_invariance_max": 1.1920928955078125e-06, "full_model_with_graph_relabeling_max": 7.916241884231567e-08}, "commodity": {"temporal_invariance_max": 1.6689300537109375e-06, "full_model_with_graph_relabeling_max": 5.4016709327697754e-08}}, "readout_note": "Readout applied to H_t/Z_t at each t; full-window spatial pooling is not a prefix forecast", "PASS": true}
[D0B grouped switching_latent_balanced_readout_5d_only horizon gradients] {"norms": {"1": {"regime evidence": 1.3091454093228094e-05, "transition logits": 4.0429006276099244e-07, "G0": 1.5666419130866416e-05, "G1": 1.209894435305614e-05, "G2": 1.4860803275951184e-05, "long readout": 3.197019759682007e-05, "micro readout": 3.3113465178757906e-05, "generators": 2.4751996534178033e-05, "balanced readouts": 8.868808799888939e-05, "Market Encoder": 4.232162609696388e-05, "LongMemory": 1.1095451554865576e-05, "Base RPE": 2.97705504692658e-09, "state readout": 7.580885721836239e-05}, "5": {"regime evidence": 0.00024566808133386075, "transition logits": 7.925542377051897e-06, "G0": 0.0003074652049690485, "G1": 0.00019695909577421844, "G2": 0.0002445489226374775, "long readout": 0.00038623347063548863, "micro readout": 0.0005053410422988236, "generators": 0.00043946661753579974, "balanced readouts": 0.0011747584212571383, "Market Encoder": 0.0008309092372655869, "LongMemory": 0.00020121190755162388, "Base RPE": 7.98698565063205e-08, "state readout": 0.0009876801632344723}, "10": {"regime evidence": 5.994038019707659e-06, "transition logits": 1.8514951705128624e-07, "G0": 1.0504870260774624e-05, "G1": 8.311089004564565e-06, "G2": 9.802327440411318e-06, "long readout": 3.0812345357844606e-05, "micro readout": 2.466658224875573e-05, "generators": 1.6598522051936015e-05, "balanced readouts": 7.925817044451833e-05, "Market Encoder": 3.984513386967592e-05, "LongMemory": 9.99864460027311e-06, "Base RPE": 6.002152996842369e-09, "state readout": 6.873148231534287e-05}, "20": {"regime evidence": 2.353838317503687e-05, "transition logits": 7.715274250585935e-07, "G0": 2.5134799216175452e-05, "G1": 1.679717934166547e-05, "G2": 2.1821197151439264e-05, "long readout": 3.917829235433601e-05, "micro readout": 4.999173688702285e-05, "generators": 3.728353476617485e-05, "balanced readouts": 0.00012528469960670918, "Market Encoder": 7.08791267243214e-05, "LongMemory": 1.7756452507455833e-05, "Base RPE": 4.137633791145845e-09, "state readout": 0.00010799141455208883}}, "cosines": {"regime evidence": {"5d-vs-1d": 0.32126784324645996, "5d-vs-10d": -0.9470822811126709, "5d-vs-20d": -0.9870407581329346}, "transition logits": {"5d-vs-1d": 0.42376255989074707, "5d-vs-10d": -0.9944299459457397, "5d-vs-20d": -0.9949504137039185}, "generators": {"5d-vs-1d": -0.006366556975990534, "5d-vs-10d": -0.2438918650150299, "5d-vs-20d": -0.5473504662513733}, "balanced readouts": {"5d-vs-1d": 0.1326809823513031, "5d-vs-10d": -0.1861291378736496, "5d-vs-20d": -0.36588773131370544}}, "raw_horizon_losses": {"1": 0.0001146623253589496, "5": 0.00034301006235182285, "10": 0.00044819206232205033, "20": 0.0006435983232222497}, "five_day_multiplier": 1.0, "LongMemory_definition": "transformer layers; Base RPE listed separately", "method": "eval single-horizon raw Huber; autograd.grad; no optimizer step"}
[D0B grouped switching_latent_balanced_readout_5_10_20 TRAIN]
[TRAIN] batch 1/22 complete
[TRAIN] batch 2/22 complete
[TRAIN] batch 3/22 complete
[TRAIN] batch 4/22 complete
[TRAIN] batch 5/22 complete
[TRAIN] batch 6/22 complete
[TRAIN] batch 7/22 complete
[TRAIN] batch 8/22 complete
[TRAIN] batch 9/22 complete
[TRAIN] batch 10/22 complete
[TRAIN] batch 11/22 complete
[TRAIN] batch 12/22 complete
[TRAIN] batch 13/22 complete
[TRAIN] batch 14/22 complete
[TRAIN] batch 15/22 complete
[TRAIN] batch 16/22 complete
[TRAIN] batch 17/22 complete
[TRAIN] batch 18/22 complete
[TRAIN] batch 19/22 complete
[TRAIN] batch 20/22 complete
[TRAIN] batch 21/22 complete
[TRAIN] batch 22/22 complete
[D0B grouped switching_latent_balanced_readout_5_10_20 VAL]
[VAL] batch 1/5 complete
[VAL] batch 2/5 complete
[VAL] batch 3/5 complete
[VAL] batch 4/5 complete
[VAL] batch 5/5 complete
[D0B grouped switching_latent_balanced_readout_5_10_20 TEST]
[TEST] batch 1/5 complete
[TEST] batch 2/5 complete
[TEST] batch 3/5 complete
[TEST] batch 4/5 complete
[TEST] batch 5/5 complete
[D0B grouped causality/batch/market sanity] {"prefix_cutoff": 10, "causality": {"E": 0.0, "H": 0.0, "p": 0.0, "Z": 0.0, "h_long": 0.0, "h_micro": 0.0, "h_temporal": 0.0}, "batch_permutation_max": 0.0, "single_sample_max": 3.725290298461914e-08, "within_market": {"stock": {"temporal_invariance_max": 1.430511474609375e-06, "full_model_with_graph_relabeling_max": 7.82310962677002e-08}, "bond": {"temporal_invariance_max": 1.1920928955078125e-06, "full_model_with_graph_relabeling_max": 1.3783574104309082e-07}, "commodity": {"temporal_invariance_max": 1.1920928955078125e-06, "full_model_with_graph_relabeling_max": 7.450580596923828e-08}}, "readout_note": "Readout applied to H_t/Z_t at each t; full-window spatial pooling is not a prefix forecast", "PASS": true}
[D0B grouped switching_latent_balanced_readout_5_10_20 horizon gradients] {"norms": {"1": {"regime evidence": 1.2124430213589221e-05, "transition logits": 3.8729069729015464e-07, "G0": 2.6142282877117395e-05, "G1": 2.227872028015554e-05, "G2": 2.409979424555786e-05, "long readout": 6.252792081795633e-05, "micro readout": 5.4187807108974084e-05, "generators": 4.195892688585445e-05, "balanced readouts": 0.00015917255950625986, "Market Encoder": 0.00010302112059434876, "LongMemory": 2.305850648554042e-05, "Base RPE": 5.172608119607958e-09, "state readout": 0.00013597735960502177}, "5": {"regime evidence": 5.9015219449065626e-05, "transition logits": 1.8992101331605227e-06, "G0": 0.0001418304309481755, "G1": 0.0001035970781231299, "G2": 0.00012139204773120582, "long readout": 0.00032709946390241385, "micro readout": 0.000320886931149289, "generators": 0.00021350414317566901, "balanced readouts": 0.0008961057174019516, "Market Encoder": 0.000545501708984375, "LongMemory": 0.00012366000737529248, "Base RPE": 2.6797604135708752e-08, "state readout": 0.0007700929418206215}, "10": {"regime evidence": 0.00015924153558444232, "transition logits": 5.204816261539236e-06, "G0": 0.00018700415967032313, "G1": 0.00013908298569731414, "G2": 0.00013807820505462587, "long readout": 0.0003907720383722335, "micro readout": 0.0003399544220883399, "generators": 0.0002708871033973992, "balanced readouts": 0.0010663749417290092, "Market Encoder": 0.0007525802357122302, "LongMemory": 0.00016424387285951525, "Base RPE": 1.1408769040599509e-07, "state readout": 0.0009321394027210772}, "20": {"regime evidence": 0.00024595545255579054, "transition logits": 7.6240135058469605e-06, "G0": 0.0003402628644835204, "G1": 0.000276226201094687, "G2": 0.00025781861040741205, "long readout": 0.0006322867702692747, "micro readout": 0.0006034292746335268, "generators": 0.0005084765725769103, "balanced readouts": 0.0017010251758620143, "Market Encoder": 0.0015313931507989764, "LongMemory": 0.00032116862712427974, "Base RPE": 8.054813349644974e-08, "state readout": 0.0014593055238947272}}, "cosines": {"regime evidence": {"5d-vs-1d": -0.9385579824447632, "5d-vs-10d": 0.6813000440597534, "5d-vs-20d": 0.6102601289749146}, "transition logits": {"5d-vs-1d": -0.988357663154602, "5d-vs-10d": 0.7467193603515625, "5d-vs-20d": 0.7011595964431763}, "generators": {"5d-vs-1d": 0.08462261408567429, "5d-vs-10d": 0.26809126138687134, "5d-vs-20d": -0.014578177593648434}, "balanced readouts": {"5d-vs-1d": 0.1263679563999176, "5d-vs-10d": 0.21535971760749817, "5d-vs-20d": -0.0038925183471292257}}, "raw_horizon_losses": {"1": 0.00014047672448214144, "5": 0.0003399302950128913, "10": 0.0004866381350439042, "20": 0.0007917489856481552}, "five_day_multiplier": 1.0, "LongMemory_definition": "transformer layers; Base RPE listed separately", "method": "eval single-horizon raw Huber; autograd.grad; no optimizer step"}
[D0B grouped REPORT] experiments/d0b_grouped/20260907_221421/REPORT.md

Retained ablation summary
Variant                    Params   Train Time        MAE       RMSE     Hit%    vs Zero
D0B-MidLongGroupedObjective      520,549         307s   0.025428   0.032211    49.8%    +19.53%

📋 Experiment 20260907_221448 logged to /home/yangxiaotong/projects/myresearch/Commedities/experiments/EXPERIMENTS.jsonl
