nohup: 忽略输入
Device=cuda target=return horizon=5 variants=['D0B-5dOnlyObjective']
============================================================
CMGM Data Loading Pipeline
============================================================

[Step 1] Loading raw price data...

[Step 2] Aligning markets to common date range...
[DataLoader] Stock date range: 2015-01-05 00:00:00 to 2025-06-30 00:00:00 (2548 days)
[DataLoader] Bond date range: 2017-01-17 00:00:00 to 2025-12-31 00:00:00 (2176 days)
[DataLoader] Commodity date range: 2015-01-05 00:00:00 to 2025-12-31 00:00:00 (2679 days)
[DataLoader] Common date range: 2017-01-17 00:00:00 to 2025-06-30 00:00:00 (2050 days)
[DataLoader] Combined price matrix shape: (2050, 284)
[DataLoader] Market split: stocks=248, bonds=12, commodities=24

[Step 3] Temporal train/val/test split...
[DataLoader] Temporal split: train=1435, val=307, test=308

[Step 4] Per-asset z-score normalization...
[DataLoader] Per-asset z-score normalization fitted on training data only
[DataLoader] mean range: [0.9803, 173055.7656]
[DataLoader] std  range: [0.000000, 55160.3203]
[DataLoader] Z-scored train range: [-11.3746, 91.5527]

[Step 6] Computing returns for graph construction...
     Training returns shape: (1434, 284)

[Step 7] Creating sliding window datasets...

[Done] Dataset sizes: train=1396, val=268, test=269
[Done] Total nodes: 284
[Done] Commodity nodes (output dim): 24
[Features] Computed 21 features: price, ret_1d, ret_5d, ret_10d, ret_20d, vol_5d, vol_10d, vol_20d, zscore_5d, zscore_10d, zscore_20d, price_ma5, price_ma10, price_ma20, price_ma60, rsi_14, bb_position, skewness_20d, kurtosis_20d, roc_10d, percentile_20d
[Features] Shape: (T=2050, N=284, F=21)  range: [-4.4721, 391400.0000]
Descriptor timeline: [abs_return, volatility_5, slope], train mean=[ 5.799e-03  6.818e-03 -7.000e-06], train std=[0.005384 0.003965 0.01143 ]
[D0B-5dOnly shared init] {"fixed_TRAIN_batch_shape": [64, 20, 284, 21], "seed": 42, "D0B_params": 520549, "5dOnly_params": 520549, "difference": 0, "max_abs_diff": 0.0, "mismatch_count": 0, "forward_differences": {"E": {"mean": 0.0, "max": 0.0}, "H": {"mean": 0.0, "max": 0.0}, "prior": {"mean": 0.0, "max": 0.0}, "p": {"mean": 0.0, "max": 0.0}, "candidates": {"mean": 0.0, "max": 0.0}, "Z": {"mean": 0.0, "max": 0.0}, "h_long": {"mean": 0.0, "max": 0.0}, "h_micro": {"mean": 0.0, "max": 0.0}, "h_temporal": {"mean": 0.0, "max": 0.0}, "h_spatial": {"mean": 0.0, "max": 0.0}, "gate": {"mean": 0.0, "max": 0.0}, "prediction": {"mean": 0.0, "max": 0.0}}, "loss_scale": {"L1": 0.0015562338521704078, "L5": 0.001450193696655333, "L10": 0.0011075346264988184, "L20": 0.0015168365789577365, "sum_multi": 0.005630798754282296, "4x_L5": 0.005800774786621332, "ratio": 1.0301868420017262, "multiplier": 4.0, "description": "scale-matched 5d-only diagnostic objective"}, "PASS": true}

============================================================
CMGM Training
============================================================
Device: cuda
Epochs: 200 (early stopping patience=10)
Learning rate: 0.0001, Weight decay: 1e-05
============================================================
  [switching_latent_balanced_readout_5d_only] h_spatial=[64, 64] h_temporal=[64, 64] → gate → [64, 4, 24]
  [D0B-5dOnly epoch 1] raw_L5=0.00103486696 scaled_prediction_loss=0.00413946784 switch_loss=0 total_loss=0.00413946784 val_scaled_5d_loss=0.00419327077 aux_multi_horizon_val_loss=0.00525198921
  Epoch   1/200 | Train Loss: 0.004139 | Val Loss: 0.004193 | LR: 1.00e-04 | Best: inf
  [D0B-5dOnly epoch 2] raw_L5=0.000769595516 scaled_prediction_loss=0.00307838206 switch_loss=3.56009875e-06 total_loss=0.00308194217 val_scaled_5d_loss=0.00366154308 aux_multi_horizon_val_loss=0.00504068093
  Epoch   2/200 | Train Loss: 0.003082 | Val Loss: 0.003662 | LR: 1.00e-04 | Best: 0.004193
  [D0B-5dOnly epoch 3] raw_L5=0.00068616522 scaled_prediction_loss=0.00274466088 switch_loss=6.28832967e-06 total_loss=0.00275094919 val_scaled_5d_loss=0.00338028087 aux_multi_horizon_val_loss=0.00494915853
  Epoch   3/200 | Train Loss: 0.002751 | Val Loss: 0.003380 | LR: 1.00e-04 | Best: 0.003662
  [D0B-5dOnly epoch 4] raw_L5=0.000635892438 scaled_prediction_loss=0.00254356975 switch_loss=5.82612841e-06 total_loss=0.00254939586 val_scaled_5d_loss=0.00325048822 aux_multi_horizon_val_loss=0.00482331776
  Epoch   4/200 | Train Loss: 0.002549 | Val Loss: 0.003250 | LR: 1.00e-04 | Best: 0.003380
  [D0B-5dOnly epoch 5] raw_L5=0.000597977459 scaled_prediction_loss=0.00239190984 switch_loss=5.54556706e-06 total_loss=0.00239745541 val_scaled_5d_loss=0.00316498955 aux_multi_horizon_val_loss=0.00469540121
  Epoch   5/200 | Train Loss: 0.002397 | Val Loss: 0.003165 | LR: 1.00e-04 | Best: 0.003250
  [D0B-5dOnly epoch 6] raw_L5=0.000565169117 scaled_prediction_loss=0.00226067647 switch_loss=4.60590619e-06 total_loss=0.00226528236 val_scaled_5d_loss=0.00312466081 aux_multi_horizon_val_loss=0.00457150294
  Epoch   6/200 | Train Loss: 0.002265 | Val Loss: 0.003125 | LR: 1.00e-04 | Best: 0.003165
  [D0B-5dOnly epoch 7] raw_L5=0.00053846731 scaled_prediction_loss=0.00215386924 switch_loss=5.09674798e-06 total_loss=0.00215896599 val_scaled_5d_loss=0.00301689943 aux_multi_horizon_val_loss=0.00443889999
  Epoch   7/200 | Train Loss: 0.002159 | Val Loss: 0.003017 | LR: 1.00e-04 | Best: 0.003125
  [D0B-5dOnly epoch 8] raw_L5=0.000525246419 scaled_prediction_loss=0.00210098567 switch_loss=3.35255529e-06 total_loss=0.00210433822 val_scaled_5d_loss=0.00292535909 aux_multi_horizon_val_loss=0.00427448334
  Epoch   8/200 | Train Loss: 0.002104 | Val Loss: 0.002925 | LR: 1.00e-04 | Best: 0.003017
  [D0B-5dOnly epoch 9] raw_L5=0.000506247276 scaled_prediction_loss=0.0020249891 switch_loss=5.12450556e-06 total_loss=0.00203011361 val_scaled_5d_loss=0.00296653667 aux_multi_horizon_val_loss=0.00416471295
  Epoch   9/200 | Train Loss: 0.002030 | Val Loss: 0.002967 | LR: 1.00e-04 | Best: 0.002925
  [D0B-5dOnly epoch 10] raw_L5=0.000501508416 scaled_prediction_loss=0.00200603366 switch_loss=8.07231747e-06 total_loss=0.00201410598 val_scaled_5d_loss=0.00294711671 aux_multi_horizon_val_loss=0.00405944767
  Epoch  10/200 | Train Loss: 0.002014 | Val Loss: 0.002947 | LR: 1.00e-04 | Best: 0.002925
  Gate   | mean=0.482 std=0.069 [0.311, 0.661] → 偏向GCN
  [D0B-5dOnly epoch 11] raw_L5=0.000493175157 scaled_prediction_loss=0.00197270063 switch_loss=4.04509809e-06 total_loss=0.00197674575 val_scaled_5d_loss=0.00284607315 aux_multi_horizon_val_loss=0.00391828028
  Epoch  11/200 | Train Loss: 0.001977 | Val Loss: 0.002846 | LR: 1.00e-04 | Best: 0.002925
  [D0B-5dOnly epoch 12] raw_L5=0.000476197212 scaled_prediction_loss=0.00190478885 switch_loss=7.53118429e-06 total_loss=0.00191232003 val_scaled_5d_loss=0.00281153803 aux_multi_horizon_val_loss=0.00382621403
  Epoch  12/200 | Train Loss: 0.001912 | Val Loss: 0.002812 | LR: 1.00e-04 | Best: 0.002846
  [D0B-5dOnly epoch 13] raw_L5=0.000471075254 scaled_prediction_loss=0.00188430102 switch_loss=3.5916878e-06 total_loss=0.00188789272 val_scaled_5d_loss=0.0027223509 aux_multi_horizon_val_loss=0.00370975804
  Epoch  13/200 | Train Loss: 0.001888 | Val Loss: 0.002722 | LR: 1.00e-04 | Best: 0.002812
  [D0B-5dOnly epoch 14] raw_L5=0.000460417535 scaled_prediction_loss=0.00184167014 switch_loss=1.16131799e-05 total_loss=0.00185328332 val_scaled_5d_loss=0.00269096293 aux_multi_horizon_val_loss=0.00362978677
  Epoch  14/200 | Train Loss: 0.001853 | Val Loss: 0.002691 | LR: 1.00e-04 | Best: 0.002722
  [D0B-5dOnly epoch 15] raw_L5=0.000450760902 scaled_prediction_loss=0.00180304361 switch_loss=5.00794512e-06 total_loss=0.00180805155 val_scaled_5d_loss=0.00264965198 aux_multi_horizon_val_loss=0.00355840963
  Epoch  15/200 | Train Loss: 0.001808 | Val Loss: 0.002650 | LR: 1.00e-04 | Best: 0.002691
  [D0B-5dOnly epoch 16] raw_L5=0.000443079225 scaled_prediction_loss=0.0017723169 switch_loss=4.60157227e-06 total_loss=0.00177691848 val_scaled_5d_loss=0.00257936059 aux_multi_horizon_val_loss=0.00346423591
  Epoch  16/200 | Train Loss: 0.001777 | Val Loss: 0.002579 | LR: 1.00e-04 | Best: 0.002650
  [D0B-5dOnly epoch 17] raw_L5=0.000439176638 scaled_prediction_loss=0.00175670655 switch_loss=3.45450216e-06 total_loss=0.00176016104 val_scaled_5d_loss=0.00259161294 aux_multi_horizon_val_loss=0.00338025528
  Epoch  17/200 | Train Loss: 0.001760 | Val Loss: 0.002592 | LR: 1.00e-04 | Best: 0.002579
  [D0B-5dOnly epoch 18] raw_L5=0.000446434808 scaled_prediction_loss=0.00178573923 switch_loss=6.43245312e-06 total_loss=0.00179217168 val_scaled_5d_loss=0.00250347177 aux_multi_horizon_val_loss=0.00328950613
  Epoch  18/200 | Train Loss: 0.001792 | Val Loss: 0.002503 | LR: 1.00e-04 | Best: 0.002579
  [D0B-5dOnly epoch 19] raw_L5=0.000449832756 scaled_prediction_loss=0.00179933102 switch_loss=8.83590277e-06 total_loss=0.00180816693 val_scaled_5d_loss=0.00251616507 aux_multi_horizon_val_loss=0.00325170765
  Epoch  19/200 | Train Loss: 0.001808 | Val Loss: 0.002516 | LR: 1.00e-04 | Best: 0.002503
  [D0B-5dOnly epoch 20] raw_L5=0.000455274928 scaled_prediction_loss=0.00182109971 switch_loss=7.17118286e-06 total_loss=0.0018282709 val_scaled_5d_loss=0.00248368147 aux_multi_horizon_val_loss=0.00317852428
  Epoch  20/200 | Train Loss: 0.001828 | Val Loss: 0.002484 | LR: 1.00e-04 | Best: 0.002503
  Gate   | mean=0.483 std=0.057 [0.334, 0.624] → 偏向GCN
  [D0B-5dOnly epoch 21] raw_L5=0.000423107706 scaled_prediction_loss=0.00169243083 switch_loss=4.18820344e-06 total_loss=0.00169661902 val_scaled_5d_loss=0.00238346173 aux_multi_horizon_val_loss=0.0030888652
  Epoch  21/200 | Train Loss: 0.001697 | Val Loss: 0.002383 | LR: 1.00e-04 | Best: 0.002484
  [D0B-5dOnly epoch 22] raw_L5=0.00041604323 scaled_prediction_loss=0.00166417292 switch_loss=4.11806664e-06 total_loss=0.00166829098 val_scaled_5d_loss=0.00224363888 aux_multi_horizon_val_loss=0.00298470802
  Epoch  22/200 | Train Loss: 0.001668 | Val Loss: 0.002244 | LR: 1.00e-04 | Best: 0.002383
  [D0B-5dOnly epoch 23] raw_L5=0.000410171809 scaled_prediction_loss=0.00164068724 switch_loss=7.72458097e-06 total_loss=0.00164841182 val_scaled_5d_loss=0.00218634391 aux_multi_horizon_val_loss=0.00292389916
  Epoch  23/200 | Train Loss: 0.001648 | Val Loss: 0.002186 | LR: 1.00e-04 | Best: 0.002244
  [D0B-5dOnly epoch 24] raw_L5=0.000402782708 scaled_prediction_loss=0.00161113083 switch_loss=5.55170697e-06 total_loss=0.00161668255 val_scaled_5d_loss=0.00211619963 aux_multi_horizon_val_loss=0.00284650145
  Epoch  24/200 | Train Loss: 0.001617 | Val Loss: 0.002116 | LR: 1.00e-04 | Best: 0.002186
  [D0B-5dOnly epoch 25] raw_L5=0.000398937241 scaled_prediction_loss=0.00159574897 switch_loss=4.2798417e-06 total_loss=0.00160002882 val_scaled_5d_loss=0.00208474661 aux_multi_horizon_val_loss=0.00279432232
  Epoch  25/200 | Train Loss: 0.001600 | Val Loss: 0.002085 | LR: 1.00e-04 | Best: 0.002116
  [D0B-5dOnly epoch 26] raw_L5=0.000392709231 scaled_prediction_loss=0.00157083692 switch_loss=3.50683838e-06 total_loss=0.00157434377 val_scaled_5d_loss=0.00204390225 aux_multi_horizon_val_loss=0.00271521466
  Epoch  26/200 | Train Loss: 0.001574 | Val Loss: 0.002044 | LR: 1.00e-04 | Best: 0.002085
  [D0B-5dOnly epoch 27] raw_L5=0.000387950568 scaled_prediction_loss=0.00155180227 switch_loss=3.66858024e-06 total_loss=0.00155547086 val_scaled_5d_loss=0.00202554273 aux_multi_horizon_val_loss=0.0026693842
  Epoch  27/200 | Train Loss: 0.001555 | Val Loss: 0.002026 | LR: 1.00e-04 | Best: 0.002044
  [D0B-5dOnly epoch 28] raw_L5=0.000386758268 scaled_prediction_loss=0.00154703307 switch_loss=3.6127055e-06 total_loss=0.00155064579 val_scaled_5d_loss=0.00201114072 aux_multi_horizon_val_loss=0.00261583288
  Epoch  28/200 | Train Loss: 0.001551 | Val Loss: 0.002011 | LR: 1.00e-04 | Best: 0.002026
  [D0B-5dOnly epoch 29] raw_L5=0.000386666455 scaled_prediction_loss=0.00154666582 switch_loss=3.70257127e-06 total_loss=0.0015503684 val_scaled_5d_loss=0.00199004265 aux_multi_horizon_val_loss=0.00256308754
  Epoch  29/200 | Train Loss: 0.001550 | Val Loss: 0.001990 | LR: 1.00e-04 | Best: 0.002011
  [D0B-5dOnly epoch 30] raw_L5=0.000389994503 scaled_prediction_loss=0.00155997801 switch_loss=2.72313459e-06 total_loss=0.00156270115 val_scaled_5d_loss=0.00195727593 aux_multi_horizon_val_loss=0.00251265097
  Epoch  30/200 | Train Loss: 0.001563 | Val Loss: 0.001957 | LR: 1.00e-04 | Best: 0.001990
  Gate   | mean=0.486 std=0.052 [0.362, 0.619] → 偏向GCN
  [D0B-5dOnly epoch 31] raw_L5=0.000383798105 scaled_prediction_loss=0.00153519242 switch_loss=2.24722733e-06 total_loss=0.00153743964 val_scaled_5d_loss=0.00191747588 aux_multi_horizon_val_loss=0.00247235223
  Epoch  31/200 | Train Loss: 0.001537 | Val Loss: 0.001917 | LR: 1.00e-04 | Best: 0.001957
  [D0B-5dOnly epoch 32] raw_L5=0.00037760783 scaled_prediction_loss=0.00151043132 switch_loss=2.38105395e-06 total_loss=0.00151281238 val_scaled_5d_loss=0.00189275406 aux_multi_horizon_val_loss=0.0024344708
  Epoch  32/200 | Train Loss: 0.001513 | Val Loss: 0.001893 | LR: 1.00e-04 | Best: 0.001917
  [D0B-5dOnly epoch 33] raw_L5=0.000370736002 scaled_prediction_loss=0.00148294401 switch_loss=2.54162235e-06 total_loss=0.00148548564 val_scaled_5d_loss=0.00186368269 aux_multi_horizon_val_loss=0.00239677762
  Epoch  33/200 | Train Loss: 0.001485 | Val Loss: 0.001864 | LR: 1.00e-04 | Best: 0.001893
  [D0B-5dOnly epoch 34] raw_L5=0.000368366105 scaled_prediction_loss=0.00147346442 switch_loss=2.52993475e-06 total_loss=0.00147599436 val_scaled_5d_loss=0.00185796334 aux_multi_horizon_val_loss=0.00236715325
  Epoch  34/200 | Train Loss: 0.001476 | Val Loss: 0.001858 | LR: 1.00e-04 | Best: 0.001864
  [D0B-5dOnly epoch 35] raw_L5=0.000367866079 scaled_prediction_loss=0.00147146432 switch_loss=2.51906278e-06 total_loss=0.00147398338 val_scaled_5d_loss=0.00181789629 aux_multi_horizon_val_loss=0.00231858434
  Epoch  35/200 | Train Loss: 0.001474 | Val Loss: 0.001818 | LR: 1.00e-04 | Best: 0.001858
  [D0B-5dOnly epoch 36] raw_L5=0.000365764309 scaled_prediction_loss=0.00146305723 switch_loss=2.2419506e-06 total_loss=0.00146529918 val_scaled_5d_loss=0.00178451252 aux_multi_horizon_val_loss=0.00227942396
  Epoch  36/200 | Train Loss: 0.001465 | Val Loss: 0.001785 | LR: 1.00e-04 | Best: 0.001818
  [D0B-5dOnly epoch 37] raw_L5=0.000361347243 scaled_prediction_loss=0.00144538897 switch_loss=2.11296882e-06 total_loss=0.00144750193 val_scaled_5d_loss=0.00176608528 aux_multi_horizon_val_loss=0.00224659664
  Epoch  37/200 | Train Loss: 0.001448 | Val Loss: 0.001766 | LR: 1.00e-04 | Best: 0.001785
  [D0B-5dOnly epoch 38] raw_L5=0.000361547929 scaled_prediction_loss=0.00144619171 switch_loss=1.90328778e-06 total_loss=0.00144809501 val_scaled_5d_loss=0.00175426789 aux_multi_horizon_val_loss=0.00221348368
  Epoch  38/200 | Train Loss: 0.001448 | Val Loss: 0.001754 | LR: 1.00e-04 | Best: 0.001766
  [D0B-5dOnly epoch 39] raw_L5=0.000356717579 scaled_prediction_loss=0.00142687032 switch_loss=2.02361182e-06 total_loss=0.00142889392 val_scaled_5d_loss=0.00170826952 aux_multi_horizon_val_loss=0.00217274462
  Epoch  39/200 | Train Loss: 0.001429 | Val Loss: 0.001708 | LR: 1.00e-04 | Best: 0.001754
  [D0B-5dOnly epoch 40] raw_L5=0.000357779533 scaled_prediction_loss=0.00143111813 switch_loss=2.12627182e-06 total_loss=0.00143324439 val_scaled_5d_loss=0.00169095548 aux_multi_horizon_val_loss=0.00213812643
  Epoch  40/200 | Train Loss: 0.001433 | Val Loss: 0.001691 | LR: 1.00e-04 | Best: 0.001708
  Gate   | mean=0.486 std=0.050 [0.367, 0.613] → 偏向GCN
  [D0B-5dOnly epoch 41] raw_L5=0.000353835789 scaled_prediction_loss=0.00141534315 switch_loss=2.04505751e-06 total_loss=0.00141738821 val_scaled_5d_loss=0.00167627025 aux_multi_horizon_val_loss=0.00211267453
  Epoch  41/200 | Train Loss: 0.001417 | Val Loss: 0.001676 | LR: 1.00e-04 | Best: 0.001691
  [D0B-5dOnly epoch 42] raw_L5=0.000354984957 scaled_prediction_loss=0.00141993983 switch_loss=2.14695943e-06 total_loss=0.00142208679 val_scaled_5d_loss=0.00166148227 aux_multi_horizon_val_loss=0.00208110392
  Epoch  42/200 | Train Loss: 0.001422 | Val Loss: 0.001661 | LR: 1.00e-04 | Best: 0.001676
  [D0B-5dOnly epoch 43] raw_L5=0.000354530341 scaled_prediction_loss=0.00141812136 switch_loss=1.80360336e-06 total_loss=0.00141992495 val_scaled_5d_loss=0.00162984843 aux_multi_horizon_val_loss=0.00204958344
  Epoch  43/200 | Train Loss: 0.001420 | Val Loss: 0.001630 | LR: 1.00e-04 | Best: 0.001661
  [D0B-5dOnly epoch 44] raw_L5=0.00035374628 scaled_prediction_loss=0.00141498512 switch_loss=1.53231282e-06 total_loss=0.00141651742 val_scaled_5d_loss=0.00161397732 aux_multi_horizon_val_loss=0.00202415723
  Epoch  44/200 | Train Loss: 0.001417 | Val Loss: 0.001614 | LR: 1.00e-04 | Best: 0.001630
  [D0B-5dOnly epoch 45] raw_L5=0.000351767024 scaled_prediction_loss=0.0014070681 switch_loss=1.63565366e-06 total_loss=0.00140870374 val_scaled_5d_loss=0.00160920159 aux_multi_horizon_val_loss=0.0020024311
  Epoch  45/200 | Train Loss: 0.001409 | Val Loss: 0.001609 | LR: 1.00e-04 | Best: 0.001614
  [D0B-5dOnly epoch 46] raw_L5=0.000347888552 scaled_prediction_loss=0.00139155421 switch_loss=1.87289508e-06 total_loss=0.00139342711 val_scaled_5d_loss=0.00159418324 aux_multi_horizon_val_loss=0.0019809783
  Epoch  46/200 | Train Loss: 0.001393 | Val Loss: 0.001594 | LR: 1.00e-04 | Best: 0.001609
  [D0B-5dOnly epoch 47] raw_L5=0.000348624358 scaled_prediction_loss=0.00139449743 switch_loss=2.27625779e-06 total_loss=0.00139677368 val_scaled_5d_loss=0.00158911331 aux_multi_horizon_val_loss=0.00195983301
  Epoch  47/200 | Train Loss: 0.001397 | Val Loss: 0.001589 | LR: 1.00e-04 | Best: 0.001594
  [D0B-5dOnly epoch 48] raw_L5=0.000347783071 scaled_prediction_loss=0.00139113228 switch_loss=2.10440827e-06 total_loss=0.00139323669 val_scaled_5d_loss=0.00159680063 aux_multi_horizon_val_loss=0.00194301686
  Epoch  48/200 | Train Loss: 0.001393 | Val Loss: 0.001597 | LR: 1.00e-04 | Best: 0.001589
  [D0B-5dOnly epoch 49] raw_L5=0.000346577623 scaled_prediction_loss=0.00138631049 switch_loss=1.52160096e-06 total_loss=0.0013878321 val_scaled_5d_loss=0.00158661969 aux_multi_horizon_val_loss=0.00192202672
  Epoch  49/200 | Train Loss: 0.001388 | Val Loss: 0.001587 | LR: 1.00e-04 | Best: 0.001589
  [D0B-5dOnly epoch 50] raw_L5=0.000346714685 scaled_prediction_loss=0.00138685874 switch_loss=1.53074323e-06 total_loss=0.00138838948 val_scaled_5d_loss=0.00152593832 aux_multi_horizon_val_loss=0.0018893348
  Epoch  50/200 | Train Loss: 0.001388 | Val Loss: 0.001526 | LR: 1.00e-04 | Best: 0.001587
  Gate   | mean=0.487 std=0.048 [0.377, 0.607] → 偏向GCN
  [D0B-5dOnly epoch 51] raw_L5=0.000344119735 scaled_prediction_loss=0.00137647894 switch_loss=1.54889165e-06 total_loss=0.00137802784 val_scaled_5d_loss=0.00151400936 aux_multi_horizon_val_loss=0.0018716184
  Epoch  51/200 | Train Loss: 0.001378 | Val Loss: 0.001514 | LR: 1.00e-04 | Best: 0.001526
  [D0B-5dOnly epoch 52] raw_L5=0.000340993051 scaled_prediction_loss=0.0013639722 switch_loss=1.52183314e-06 total_loss=0.00136549404 val_scaled_5d_loss=0.00148443263 aux_multi_horizon_val_loss=0.00184944332
  Epoch  52/200 | Train Loss: 0.001365 | Val Loss: 0.001484 | LR: 1.00e-04 | Best: 0.001514
  [D0B-5dOnly epoch 53] raw_L5=0.000340959061 scaled_prediction_loss=0.00136383625 switch_loss=1.88183068e-06 total_loss=0.00136571807 val_scaled_5d_loss=0.00148116436 aux_multi_horizon_val_loss=0.00183616698
  Epoch  53/200 | Train Loss: 0.001366 | Val Loss: 0.001481 | LR: 1.00e-04 | Best: 0.001484
  [D0B-5dOnly epoch 54] raw_L5=0.000346104656 scaled_prediction_loss=0.00138441862 switch_loss=3.06466212e-06 total_loss=0.00138748329 val_scaled_5d_loss=0.0014485864 aux_multi_horizon_val_loss=0.00181683753
  Epoch  54/200 | Train Loss: 0.001387 | Val Loss: 0.001449 | LR: 1.00e-04 | Best: 0.001481
  [D0B-5dOnly epoch 55] raw_L5=0.000346085174 scaled_prediction_loss=0.0013843407 switch_loss=3.27959145e-06 total_loss=0.00138762028 val_scaled_5d_loss=0.00143983129 aux_multi_horizon_val_loss=0.00180257764
  Epoch  55/200 | Train Loss: 0.001388 | Val Loss: 0.001440 | LR: 1.00e-04 | Best: 0.001449
  [D0B-5dOnly epoch 56] raw_L5=0.000345364825 scaled_prediction_loss=0.0013814593 switch_loss=2.44242442e-06 total_loss=0.00138390173 val_scaled_5d_loss=0.00141409251 aux_multi_horizon_val_loss=0.00178437673
  Epoch  56/200 | Train Loss: 0.001384 | Val Loss: 0.001414 | LR: 1.00e-04 | Best: 0.001440
  [D0B-5dOnly epoch 57] raw_L5=0.00034540699 scaled_prediction_loss=0.00138162796 switch_loss=2.6859763e-06 total_loss=0.00138431394 val_scaled_5d_loss=0.00144096413 aux_multi_horizon_val_loss=0.00178269462
  Epoch  57/200 | Train Loss: 0.001384 | Val Loss: 0.001441 | LR: 1.00e-04 | Best: 0.001414
  [D0B-5dOnly epoch 58] raw_L5=0.00034662956 scaled_prediction_loss=0.00138651824 switch_loss=3.53730313e-06 total_loss=0.00139005553 val_scaled_5d_loss=0.00142755785 aux_multi_horizon_val_loss=0.00176835977
  Epoch  58/200 | Train Loss: 0.001390 | Val Loss: 0.001428 | LR: 1.00e-04 | Best: 0.001414
  [D0B-5dOnly epoch 59] raw_L5=0.000346163056 scaled_prediction_loss=0.00138465222 switch_loss=4.36874969e-06 total_loss=0.00138902099 val_scaled_5d_loss=0.00141707875 aux_multi_horizon_val_loss=0.00175766641
  Epoch  59/200 | Train Loss: 0.001389 | Val Loss: 0.001417 | LR: 1.00e-04 | Best: 0.001414
  [D0B-5dOnly epoch 60] raw_L5=0.000339039588 scaled_prediction_loss=0.00135615835 switch_loss=3.89307283e-06 total_loss=0.00136005143 val_scaled_5d_loss=0.00141069375 aux_multi_horizon_val_loss=0.00174781739
  Epoch  60/200 | Train Loss: 0.001360 | Val Loss: 0.001411 | LR: 1.00e-04 | Best: 0.001414
  Gate   | mean=0.487 std=0.045 [0.386, 0.594] → 偏向GCN
  [D0B-5dOnly epoch 61] raw_L5=0.000335466975 scaled_prediction_loss=0.0013418679 switch_loss=3.37883677e-06 total_loss=0.00134524673 val_scaled_5d_loss=0.00141433985 aux_multi_horizon_val_loss=0.00173930096
  Epoch  61/200 | Train Loss: 0.001345 | Val Loss: 0.001414 | LR: 1.00e-04 | Best: 0.001411
  [D0B-5dOnly epoch 62] raw_L5=0.00033531768 scaled_prediction_loss=0.00134127072 switch_loss=3.05074606e-06 total_loss=0.00134432146 val_scaled_5d_loss=0.00140950985 aux_multi_horizon_val_loss=0.00173008125
  Epoch  62/200 | Train Loss: 0.001344 | Val Loss: 0.001410 | LR: 1.00e-04 | Best: 0.001411
  [D0B-5dOnly epoch 63] raw_L5=0.000338766161 scaled_prediction_loss=0.00135506464 switch_loss=3.09480363e-06 total_loss=0.00135815947 val_scaled_5d_loss=0.00141744281 aux_multi_horizon_val_loss=0.00172430631
  Epoch  63/200 | Train Loss: 0.001358 | Val Loss: 0.001417 | LR: 1.00e-04 | Best: 0.001410
  [D0B-5dOnly epoch 64] raw_L5=0.000343246801 scaled_prediction_loss=0.0013729872 switch_loss=5.62233303e-06 total_loss=0.00137860954 val_scaled_5d_loss=0.0014084084 aux_multi_horizon_val_loss=0.00171529742
  Epoch  64/200 | Train Loss: 0.001379 | Val Loss: 0.001408 | LR: 1.00e-04 | Best: 0.001410
  [D0B-5dOnly epoch 65] raw_L5=0.000338106236 scaled_prediction_loss=0.00135242494 switch_loss=4.98875233e-06 total_loss=0.00135741369 val_scaled_5d_loss=0.00131695133 aux_multi_horizon_val_loss=0.00168578118
  Epoch  65/200 | Train Loss: 0.001357 | Val Loss: 0.001317 | LR: 1.00e-04 | Best: 0.001408
  [D0B-5dOnly epoch 66] raw_L5=0.000334516458 scaled_prediction_loss=0.00133806583 switch_loss=5.22039336e-06 total_loss=0.00134328624 val_scaled_5d_loss=0.00132200751 aux_multi_horizon_val_loss=0.00168120874
  Epoch  66/200 | Train Loss: 0.001343 | Val Loss: 0.001322 | LR: 1.00e-04 | Best: 0.001317
  [D0B-5dOnly epoch 67] raw_L5=0.000331905197 scaled_prediction_loss=0.00132762079 switch_loss=2.4859608e-06 total_loss=0.00133010674 val_scaled_5d_loss=0.00135586604 aux_multi_horizon_val_loss=0.00168490745
  Epoch  67/200 | Train Loss: 0.001330 | Val Loss: 0.001356 | LR: 1.00e-04 | Best: 0.001317
  [D0B-5dOnly epoch 68] raw_L5=0.000330181224 scaled_prediction_loss=0.0013207249 switch_loss=3.08955052e-06 total_loss=0.00132381444 val_scaled_5d_loss=0.00135317652 aux_multi_horizon_val_loss=0.00167943614
  Epoch  68/200 | Train Loss: 0.001324 | Val Loss: 0.001353 | LR: 1.00e-04 | Best: 0.001317
  [D0B-5dOnly epoch 69] raw_L5=0.00032773579 scaled_prediction_loss=0.00131094316 switch_loss=2.13773557e-06 total_loss=0.00131308091 val_scaled_5d_loss=0.00137920035 aux_multi_horizon_val_loss=0.00168236017
  Epoch  69/200 | Train Loss: 0.001313 | Val Loss: 0.001379 | LR: 1.00e-04 | Best: 0.001317
  [D0B-5dOnly epoch 70] raw_L5=0.000326778722 scaled_prediction_loss=0.00130711489 switch_loss=3.42305138e-06 total_loss=0.00131053792 val_scaled_5d_loss=0.00135115725 aux_multi_horizon_val_loss=0.00167147339
  Epoch  70/200 | Train Loss: 0.001311 | Val Loss: 0.001351 | LR: 1.00e-04 | Best: 0.001317
  Gate   | mean=0.488 std=0.042 [0.391, 0.590] → 偏向GCN
  [D0B-5dOnly epoch 71] raw_L5=0.000324828583 scaled_prediction_loss=0.00129931433 switch_loss=2.02195462e-06 total_loss=0.00130133628 val_scaled_5d_loss=0.00137194709 aux_multi_horizon_val_loss=0.00167226504
  Epoch  71/200 | Train Loss: 0.001301 | Val Loss: 0.001372 | LR: 5.00e-05 | Best: 0.001317
  [D0B-5dOnly epoch 72] raw_L5=0.000324369969 scaled_prediction_loss=0.00129747988 switch_loss=1.84635484e-06 total_loss=0.00129932623 val_scaled_5d_loss=0.00134335773 aux_multi_horizon_val_loss=0.00166215784
  Epoch  72/200 | Train Loss: 0.001299 | Val Loss: 0.001343 | LR: 5.00e-05 | Best: 0.001317
  [D0B-5dOnly epoch 73] raw_L5=0.000321958226 scaled_prediction_loss=0.0012878329 switch_loss=1.55298069e-06 total_loss=0.00128938588 val_scaled_5d_loss=0.00133677542 aux_multi_horizon_val_loss=0.00165896219
  Epoch  73/200 | Train Loss: 0.001289 | Val Loss: 0.001337 | LR: 5.00e-05 | Best: 0.001317
  [D0B-5dOnly epoch 74] raw_L5=0.000321537283 scaled_prediction_loss=0.00128614913 switch_loss=1.8818544e-06 total_loss=0.00128803096 val_scaled_5d_loss=0.00133353341 aux_multi_horizon_val_loss=0.00165655281
  Epoch  74/200 | Train Loss: 0.001288 | Val Loss: 0.001334 | LR: 5.00e-05 | Best: 0.001317
  [D0B-5dOnly epoch 75] raw_L5=0.000322291925 scaled_prediction_loss=0.0012891677 switch_loss=1.91779629e-06 total_loss=0.0012910855 val_scaled_5d_loss=0.00133735691 aux_multi_horizon_val_loss=0.00165570604
  Epoch  75/200 | Train Loss: 0.001291 | Val Loss: 0.001337 | LR: 5.00e-05 | Best: 0.001317

[Early Stopping] No improvement for 10 epochs. Stopping at epoch 75.
[Early Stopping] Best validation loss: 0.001317 at epoch 65

[Checkpoint] Restored best model from epoch 65
[Checkpoint] Saved to checkpoints/switching_latent_balanced_readout_5d_only_best.pt
============================================================

  Temporal weights: mean=0.0500 std=0.0139 min=0.0000 max=1.0000
  [D0B-5dOnly TRAIN] mean p=[0.2778 0.4771 0.2452] entropy=1.036192 mean max p=0.484575 margin=0.207083
  [D0B-5dOnly TRAIN] argmax occupancy
    state 0 = 7.26%
    state 1 = 90.28%
    state 2 = 2.46%
  [D0B-5dOnly TRAIN prior] entropy=1.083012 mean max p=0.406595
  [D0B-5dOnly VAL] mean p=[0.3434 0.303  0.3536] entropy=1.083979 mean max p=0.389079 margin=0.050158
  [D0B-5dOnly VAL] argmax occupancy
    state 0 = 32.63%
    state 1 = 23.19%
    state 2 = 44.18%
  [D0B-5dOnly VAL prior] entropy=1.095348 mean max p=0.359506
  [D0B-5dOnly TEST] mean p=[0.3642 0.2435 0.3923] entropy=1.068932 mean max p=0.417440 margin=0.077494
  [D0B-5dOnly TEST] argmax occupancy
    state 0 = 41.30%
    state 1 = 0.28%
    state 2 = 58.42%
  [D0B-5dOnly TEST prior] entropy=1.092123 mean max p=0.372152
  [D0B-5dOnly probability legality] min p=1.622387e-01 max probability-sum error=1.192e-07
  [D0B-5dOnly prior/posterior] prior entropy=1.092123 posterior entropy=1.068932 mean KL=0.009613 mean L1=0.114085
  [D0B-5dOnly regime dynamics] mean ||p_t-p_(t-1)||_1=0.044907
  [D0B-5dOnly p t=0] [0.353  0.2827 0.3644]
  [D0B-5dOnly p t=2] [0.365  0.2496 0.3854]
  [D0B-5dOnly p t=4] [0.3665 0.243  0.3905]
  [D0B-5dOnly p t=6] [0.3663 0.2415 0.3922]
  [D0B-5dOnly p t=8] [0.366  0.2406 0.3934]
  [D0B-5dOnly p t=10] [0.3656 0.2396 0.3948]
  [D0B-5dOnly p t=12] [0.3649 0.2389 0.3962]
  [D0B-5dOnly p t=14] [0.3641 0.2385 0.3973]
  [D0B-5dOnly p t=16] [0.3636 0.2381 0.3983]
  [D0B-5dOnly p t=18] [0.3631 0.2377 0.3992]
  [D0B-5dOnly transition matrix]
[[0.666588 0.168961 0.164451]
 [0.166466 0.668317 0.165216]
 [0.166385 0.168418 0.665197]]
  [D0B-5dOnly transition] row sums=[1. 1. 1.] diagonal=[0.666588 0.668317 0.665197] mean persistence=0.666701 row entropy=[0.867642 0.865267 0.86959 ]
  [D0B-5dOnly transition] absolute transition_logits drift=2.714e-02
  [D0B-5dOnly Base RPE] norm=0.005311 mean |QK/sqrt(d)|=5.564895e-04 mean |base bias|=5.376380e-04 base/QK=9.661070e-01
  [D0B-5dOnly Base RPE delta=+0] heads=[-0.00095  -0.000767 -0.000516 -0.000716] mean=-0.000737 std=0.000154
  [D0B-5dOnly Base RPE delta=+1] heads=[-0.000717 -0.000753 -0.000496 -0.000519] mean=-0.000621 std=0.000115
  [D0B-5dOnly Base RPE delta=+2] heads=[-0.000499 -0.001124 -0.001054 -0.000614] mean=-0.000823 std=0.000271
  [D0B-5dOnly Base RPE delta=+5] heads=[ 0.000112 -0.000851 -0.000758  0.00036 ] mean=-0.000284 std=0.000529
  [D0B-5dOnly Base RPE delta=+10] heads=[ 5.13e-04  1.80e-04  8.80e-04 -7.40e-05] mean=0.000375 std=0.000359
  [D0B-5dOnly Base RPE delta=+19] heads=[-0.000105  0.000663 -0.000472 -0.000499] mean=-0.000103 std=0.000469
  [D0B-5dOnly candidate state 0] norm mean=0.830600 std=0.070472 max=1.056310
  [D0B-5dOnly candidate state 1] norm mean=1.169307 std=0.108168 max=1.419359
  [D0B-5dOnly candidate state 2] norm mean=0.805264 std=0.057749 max=0.925909
  [D0B-5dOnly candidate pair 0/1] mean L1=0.121490 cosine=0.234828
  [D0B-5dOnly candidate pair 0/2] mean L1=0.107770 cosine=0.168393
  [D0B-5dOnly candidate pair 1/2] mean L1=0.123275 cosine=0.188724
  [D0B-5dOnly Z trajectory] mean norm=0.624129 max norm=0.773526 mean ||Z_t-Z_(t-1)||_2=0.129403
  [D0B-5dOnly Z direction] consecutive cosine mean/std=0.984832/0.014391 mean directional change=0.015168
  [D0B-5dOnly Z t=0] mean norm=0.633343
  [D0B-5dOnly Z t=5] mean norm=0.625294
  [D0B-5dOnly Z t=10] mean norm=0.624105
  [D0B-5dOnly Z t=15] mean norm=0.621445
  [D0B-5dOnly Z t=19] mean norm=0.619063
  [D0B-5dOnly weighted generator contributions] [0.30414  0.286612 0.316052]
  [D0B-5dOnly pre-balance scale] E=10.036517 H=10.153195 Z=0.624129 H_T=10.152133 Z_T=0.619063 Z_T/H_T=6.097858e-02 readout input=10.171121 h_temporal=3.588896
  [D0B-5dOnly readout weights] ||W_long||=2.973595 ||W_micro||=2.953793 W_micro/W_long=0.993341
  [D0B-5dOnly post-balance scale] ||h_long||=7.414021 ||h_micro||=7.358146 micro/long=0.992464 balanced concat=10.445580 h_temporal=3.588896
  [D0B-5dOnly stock dispersion sensitivity] high p=[0.3584 0.2463 0.3953] low p=[0.4096 0.2203 0.3701] L1=0.102440 high/low ||Z_T||=0.635353/0.625993 high/low ||h_micro||=7.358005/7.354602
  [D0B-5dOnly bond dispersion sensitivity] high p=[0.3771 0.2597 0.3632] low p=[0.3053 0.2242 0.4705] L1=0.214628 high/low ||Z_T||=0.591132/0.605272 high/low ||h_micro||=7.351578/7.354716
  [D0B-5dOnly commodity dispersion sensitivity] high p=[0.3292 0.2344 0.4364] low p=[0.3946 0.2368 0.3686] L1=0.135560 high/low ||Z_T||=0.630528/0.572044 high/low ||h_micro||=7.368127/7.339084
  [D0B-5dOnly legacy gradient probe] scaled_prediction_loss=4x raw_L5; unscaled eval-mode horizon gradients are saved in the objective comparison REPORT
  [D0B-5dOnly prediction-only grad] Market Encoder=2.520e-03
  [D0B-5dOnly prediction-only grad] LongMemory Transformer=6.454e-04
  [D0B-5dOnly prediction-only grad] Base RPE=4.533e-07
  [D0B-5dOnly prediction-only grad] regime evidence=4.410e-04
  [D0B-5dOnly prediction-only grad] transition logits=1.339e-05
  [D0B-5dOnly prediction-only grad] G0=7.050e-04
  [D0B-5dOnly prediction-only grad] G1=5.234e-04
  [D0B-5dOnly prediction-only grad] G2=6.792e-04
  [D0B-5dOnly prediction-only grad] long_memory_readout=1.768e-03
  [D0B-5dOnly prediction-only grad] micro_state_readout=1.734e-03
  [D0B-5dOnly prediction-only grad] state readout=4.695e-03
  [D0B-5dOnly prediction-only grad ratio] generator/LongMemory=9.851582e-01
  [D0B-5dOnly prediction-only grad ratio] microReadout/longReadout=9.805324e-01
  [D0B-5dOnly total-loss grad] Market Encoder=2.572e-03
  [D0B-5dOnly total-loss grad] LongMemory Transformer=6.608e-04
  [D0B-5dOnly total-loss grad] Base RPE=4.528e-07
  [D0B-5dOnly total-loss grad] regime evidence=5.612e-04
  [D0B-5dOnly total-loss grad] transition logits=1.310e-05
  [D0B-5dOnly total-loss grad] G0=7.050e-04
  [D0B-5dOnly total-loss grad] G1=5.234e-04
  [D0B-5dOnly total-loss grad] G2=6.792e-04
  [D0B-5dOnly total-loss grad] long_memory_readout=1.768e-03
  [D0B-5dOnly total-loss grad] micro_state_readout=1.734e-03
  [D0B-5dOnly total-loss grad] state readout=4.695e-03
  [D0B-5dOnly total-loss grad ratio] generator/LongMemory=9.623057e-01
  [D0B-5dOnly total-loss grad ratio] microReadout/longReadout=9.805324e-01
  [D0B-5dOnly loss] L_return=1.443350e-03
  [D0B-5dOnly loss] L_switch_raw=3.477688e-03
  [D0B-5dOnly loss] beta=5.000000e-04
  [D0B-5dOnly loss] weighted_switch=1.738844e-06
  [D0B-5dOnly loss] total=1.445089e-03
  [D0B-5dOnly loss] switch_to_return_ratio=1.204719e-03
  [D0B-5dOnly forced-full-regime state 0] Z_T mean/max diff=6.212e-02/2.003e-01 h_micro mean/max diff=2.923e-01/8.721e-01 h_temporal mean/max diff=1.053e-01/4.041e-01 prediction mean/max diff=1.149e-03/1.471e-02
  [D0B-5dOnly forced-full-regime state 1] Z_T mean/max diff=8.351e-02/3.977e-01 h_micro mean/max diff=3.550e-01/1.157e+00 h_temporal mean/max diff=1.127e-01/3.787e-01 prediction mean/max diff=1.883e-03/2.646e-02
  [D0B-5dOnly forced-full-regime state 2] Z_T mean/max diff=6.463e-02/2.657e-01 h_micro mean/max diff=3.193e-01/9.357e-01 h_temporal mean/max diff=1.195e-01/3.925e-01 prediction mean/max diff=1.601e-03/1.334e-02
  [D0B-5dOnly zero-balanced-micro] h_temporal mean/max diff=2.668e-01/8.088e-01 prediction mean/max diff=4.276e-03/4.339e-02
  [D0B-5dOnly zero-balanced-long] h_temporal mean/max diff=2.955e-01/1.089e+00 prediction mean/max diff=4.947e-03/3.794e-02
  [D0B-5dOnly zero-out impact] micro/long prediction-impact ratio=8.642475e-01
  [D0B vs D0 zero-out reference] D0 zero-Z mean=7.417e-05 D0 zero-H mean=1.112e-02 D0 ratio≈6.670e-03
  [D0B-5dOnly causality] E diff through t=10=0.000e+00 H diff=0.000e+00 p diff=0.000e+00 Z diff=0.000e+00 h_long@t10=0.000e+00 h_micro@t10=0.000e+00 h_temporal@t10=0.000e+00
  [D0B-5dOnly batch independence] E=7.153e-07 H=1.192e-06 p=8.941e-08 Z=5.960e-08 h_long=3.576e-07 h_micro=3.576e-07 h_temporal=2.384e-07
  [D0B-5dOnly stock permutation] E=7.153e-07 H=1.192e-06 p=1.490e-07 Z=8.941e-08 h_long=4.768e-07 h_micro=4.768e-07 h_temporal=3.576e-07
  [D0B-5dOnly bond permutation] E=5.960e-07 H=1.192e-06 p=1.490e-07 Z=8.941e-08 h_long=7.153e-07 h_micro=4.768e-07 h_temporal=2.980e-07
  [D0B-5dOnly commodity permutation] E=5.960e-07 H=1.192e-06 p=1.192e-07 Z=8.941e-08 h_long=4.768e-07 h_micro=4.768e-07 h_temporal=3.576e-07
[D0B-5dOnly switching_latent_balanced_readout TRAIN]
[TRAIN] batch 1/22 complete
[TRAIN] batch 2/22 complete
[TRAIN] batch 3/22 complete
[TRAIN] batch 4/22 complete
[TRAIN] batch 5/22 complete
[TRAIN] batch 6/22 complete
[TRAIN] batch 7/22 complete
[TRAIN] batch 8/22 complete
[TRAIN] batch 9/22 complete
[TRAIN] batch 10/22 complete
[TRAIN] batch 11/22 complete
[TRAIN] batch 12/22 complete
[TRAIN] batch 13/22 complete
[TRAIN] batch 14/22 complete
[TRAIN] batch 15/22 complete
[TRAIN] batch 16/22 complete
[TRAIN] batch 17/22 complete
[TRAIN] batch 18/22 complete
[TRAIN] batch 19/22 complete
[TRAIN] batch 20/22 complete
[TRAIN] batch 21/22 complete
[TRAIN] batch 22/22 complete
[D0B-5dOnly switching_latent_balanced_readout VAL]
[VAL] batch 1/5 complete
[VAL] batch 2/5 complete
[VAL] batch 3/5 complete
[VAL] batch 4/5 complete
[VAL] batch 5/5 complete
[D0B-5dOnly switching_latent_balanced_readout TEST]
[TEST] batch 1/5 complete
[TEST] batch 2/5 complete
[TEST] batch 3/5 complete
[TEST] batch 4/5 complete
[TEST] batch 5/5 complete
[D0B-5dOnly causality/batch/market sanity] {"prefix_cutoff": 10, "causality": {"E": 0.0, "H": 0.0, "p": 0.0, "Z": 0.0, "h_long": 0.0, "h_micro": 0.0, "h_temporal": 0.0}, "batch_permutation_max": 0.0, "single_sample_max": 1.1175870895385742e-08, "within_market": {"stock": {"temporal_invariance_max": 1.430511474609375e-06, "full_model_with_graph_relabeling_max": 2.9802322387695312e-08}, "bond": {"temporal_invariance_max": 1.6689300537109375e-06, "full_model_with_graph_relabeling_max": 2.2351741790771484e-08}, "commodity": {"temporal_invariance_max": 1.1920928955078125e-06, "full_model_with_graph_relabeling_max": 2.2351741790771484e-08}}, "readout_note": "Readout applied to H_t/Z_t at each t; full-window spatial pooling is not a prefix forecast", "PASS": true}
[D0B-5dOnly switching_latent_balanced_readout horizon gradients] {"norms": {"1": {"regime evidence": 1.7092712369048968e-05, "transition logits": 5.139081054039707e-07, "G0": 3.494664633763023e-05, "G1": 3.9664973883191124e-05, "G2": 2.7084179237135686e-05, "long readout": 0.00013514081365428865, "micro readout": 0.0001028674523695372, "generators": 5.939791299169883e-05, "balanced readouts": 0.0003987653471995145, "Market Encoder": 0.0001768913643900305, "LongMemory": 3.0431845516432077e-05, "Base RPE": 2.6028030841729333e-09, "state readout": 0.00036078947596251965}, "5": {"regime evidence": 2.9962709959363565e-05, "transition logits": 8.988365038931079e-07, "G0": 5.1666040235431865e-05, "G1": 5.725368100684136e-05, "G2": 4.05589998990763e-05, "long readout": 0.00014089661999605596, "micro readout": 0.00015443154552485794, "generators": 8.713412535144016e-05, "balanced readouts": 0.0004369250382296741, "Market Encoder": 0.0001786172651918605, "LongMemory": 2.9596836611744948e-05, "Base RPE": 5.375281553199329e-09, "state readout": 0.00038366977241821587}, "10": {"regime evidence": 0.00016669818433001637, "transition logits": 5.129406417836435e-06, "G0": 8.679643360665068e-05, "G1": 0.00010673388896975666, "G2": 7.211182673927397e-05, "long readout": 0.00026887707645073533, "micro readout": 0.0002431990287732333, "generators": 0.00015532462566625327, "balanced readouts": 0.0007180898683145642, "Market Encoder": 0.0005487175076268613, "LongMemory": 8.693988638697192e-05, "Base RPE": 3.1674222356059545e-08, "state readout": 0.0006198487244546413}, "20": {"regime evidence": 0.0002519616100471467, "transition logits": 7.731687219347805e-06, "G0": 0.00013664459402207285, "G1": 0.00016375831910409033, "G2": 0.0001085468175006099, "long readout": 0.0004406377556733787, "micro readout": 0.00037128350231796503, "generators": 0.00023931289615575224, "balanced readouts": 0.0011394681641831994, "Market Encoder": 0.0008805581601336598, "LongMemory": 0.00013903994113206863, "Base RPE": 1.8727993378320207e-08, "state readout": 0.000983043690212071}}, "cosines": {"regime evidence": {"5d-vs-1d": -0.9800747036933899, "5d-vs-10d": 0.9832973480224609, "5d-vs-20d": 0.9746631383895874}, "transition logits": {"5d-vs-1d": -0.9895288348197937, "5d-vs-10d": 0.9888823628425598, "5d-vs-20d": 0.9832717180252075}, "generators": {"5d-vs-1d": 0.24348977208137512, "5d-vs-10d": 0.46046358346939087, "5d-vs-20d": 0.4474498927593231}, "balanced readouts": {"5d-vs-1d": 0.30319201946258545, "5d-vs-10d": 0.06603211164474487, "5d-vs-20d": -0.006262097042053938}}, "raw_horizon_losses": {"1": 8.728375541977584e-05, "5": 0.0002786702534649521, "10": 0.0004612714401446283, "20": 0.0007285116007551551}, "five_day_multiplier": 1.0, "LongMemory_definition": "transformer layers; Base RPE listed separately", "method": "eval single-horizon raw Huber; autograd.grad; no optimizer step"}
[D0B-5dOnly switching_latent_balanced_readout_5d_only TRAIN]
[TRAIN] batch 1/22 complete
[TRAIN] batch 2/22 complete
[TRAIN] batch 3/22 complete
[TRAIN] batch 4/22 complete
[TRAIN] batch 5/22 complete
[TRAIN] batch 6/22 complete
[TRAIN] batch 7/22 complete
[TRAIN] batch 8/22 complete
[TRAIN] batch 9/22 complete
[TRAIN] batch 10/22 complete
[TRAIN] batch 11/22 complete
[TRAIN] batch 12/22 complete
[TRAIN] batch 13/22 complete
[TRAIN] batch 14/22 complete
[TRAIN] batch 15/22 complete
[TRAIN] batch 16/22 complete
[TRAIN] batch 17/22 complete
[TRAIN] batch 18/22 complete
[TRAIN] batch 19/22 complete
[TRAIN] batch 20/22 complete
[TRAIN] batch 21/22 complete
[TRAIN] batch 22/22 complete
[D0B-5dOnly switching_latent_balanced_readout_5d_only VAL]
[VAL] batch 1/5 complete
[VAL] batch 2/5 complete
[VAL] batch 3/5 complete
[VAL] batch 4/5 complete
[VAL] batch 5/5 complete
[D0B-5dOnly switching_latent_balanced_readout_5d_only TEST]
[TEST] batch 1/5 complete
[TEST] batch 2/5 complete
[TEST] batch 3/5 complete
[TEST] batch 4/5 complete
[TEST] batch 5/5 complete
[D0B-5dOnly causality/batch/market sanity] {"prefix_cutoff": 10, "causality": {"E": 0.0, "H": 0.0, "p": 0.0, "Z": 0.0, "h_long": 0.0, "h_micro": 0.0, "h_temporal": 0.0}, "batch_permutation_max": 0.0, "single_sample_max": 1.862645149230957e-08, "within_market": {"stock": {"temporal_invariance_max": 1.430511474609375e-06, "full_model_with_graph_relabeling_max": 4.470348358154297e-08}, "bond": {"temporal_invariance_max": 1.1920928955078125e-06, "full_model_with_graph_relabeling_max": 7.916241884231567e-08}, "commodity": {"temporal_invariance_max": 1.6689300537109375e-06, "full_model_with_graph_relabeling_max": 5.4016709327697754e-08}}, "readout_note": "Readout applied to H_t/Z_t at each t; full-window spatial pooling is not a prefix forecast", "PASS": true}
[D0B-5dOnly switching_latent_balanced_readout_5d_only horizon gradients] {"norms": {"1": {"regime evidence": 1.3091454093228094e-05, "transition logits": 4.0429006276099244e-07, "G0": 1.5666419130866416e-05, "G1": 1.209894435305614e-05, "G2": 1.4860803275951184e-05, "long readout": 3.197019759682007e-05, "micro readout": 3.3113465178757906e-05, "generators": 2.4751996534178033e-05, "balanced readouts": 8.868808799888939e-05, "Market Encoder": 4.232162609696388e-05, "LongMemory": 1.1095451554865576e-05, "Base RPE": 2.97705504692658e-09, "state readout": 7.580885721836239e-05}, "5": {"regime evidence": 0.00024566808133386075, "transition logits": 7.925542377051897e-06, "G0": 0.0003074652049690485, "G1": 0.00019695909577421844, "G2": 0.0002445489226374775, "long readout": 0.00038623347063548863, "micro readout": 0.0005053410422988236, "generators": 0.00043946661753579974, "balanced readouts": 0.0011747584212571383, "Market Encoder": 0.0008309092372655869, "LongMemory": 0.00020121190755162388, "Base RPE": 7.98698565063205e-08, "state readout": 0.0009876801632344723}, "10": {"regime evidence": 5.994038019707659e-06, "transition logits": 1.8514951705128624e-07, "G0": 1.0504870260774624e-05, "G1": 8.311089004564565e-06, "G2": 9.802327440411318e-06, "long readout": 3.0812345357844606e-05, "micro readout": 2.466658224875573e-05, "generators": 1.6598522051936015e-05, "balanced readouts": 7.925817044451833e-05, "Market Encoder": 3.984513386967592e-05, "LongMemory": 9.99864460027311e-06, "Base RPE": 6.002152996842369e-09, "state readout": 6.873148231534287e-05}, "20": {"regime evidence": 2.353838317503687e-05, "transition logits": 7.715274250585935e-07, "G0": 2.5134799216175452e-05, "G1": 1.679717934166547e-05, "G2": 2.1821197151439264e-05, "long readout": 3.917829235433601e-05, "micro readout": 4.999173688702285e-05, "generators": 3.728353476617485e-05, "balanced readouts": 0.00012528469960670918, "Market Encoder": 7.08791267243214e-05, "LongMemory": 1.7756452507455833e-05, "Base RPE": 4.137633791145845e-09, "state readout": 0.00010799141455208883}}, "cosines": {"regime evidence": {"5d-vs-1d": 0.32126784324645996, "5d-vs-10d": -0.9470822811126709, "5d-vs-20d": -0.9870407581329346}, "transition logits": {"5d-vs-1d": 0.42376255989074707, "5d-vs-10d": -0.9944299459457397, "5d-vs-20d": -0.9949504137039185}, "generators": {"5d-vs-1d": -0.006366556975990534, "5d-vs-10d": -0.2438918650150299, "5d-vs-20d": -0.5473504662513733}, "balanced readouts": {"5d-vs-1d": 0.1326809823513031, "5d-vs-10d": -0.1861291378736496, "5d-vs-20d": -0.36588773131370544}}, "raw_horizon_losses": {"1": 0.0001146623253589496, "5": 0.00034301006235182285, "10": 0.00044819206232205033, "20": 0.0006435983232222497}, "five_day_multiplier": 1.0, "LongMemory_definition": "transformer layers; Base RPE listed separately", "method": "eval single-horizon raw Huber; autograd.grad; no optimizer step"}
[D0B-5dOnly REPORT] experiments/d0b_5d_only/20260907_211528/REPORT.md

Retained ablation summary
Variant                    Params   Train Time        MAE       RMSE     Hit%    vs Zero
D0B-5dOnlyObjective       520,549         304s   0.025222   0.032016    51.5%    +18.56%

📋 Experiment 20260907_211546 logged to /home/yangxiaotong/projects/myresearch/Commedities/experiments/EXPERIMENTS.jsonl
