nohup: 忽略输入
Device=cuda target=return horizon=5 variants=['D0E-LearnablePersistence']
============================================================
CMGM Data Loading Pipeline
============================================================

[Step 1] Loading raw price data...

[Step 2] Aligning markets to common date range...
[DataLoader] Stock date range: 2015-01-05 00:00:00 to 2025-06-30 00:00:00 (2548 days)
[DataLoader] Bond date range: 2017-01-17 00:00:00 to 2025-12-31 00:00:00 (2176 days)
[DataLoader] Commodity date range: 2015-01-05 00:00:00 to 2025-12-31 00:00:00 (2679 days)
[DataLoader] Common date range: 2017-01-17 00:00:00 to 2025-06-30 00:00:00 (2050 days)
[DataLoader] Combined price matrix shape: (2050, 284)
[DataLoader] Market split: stocks=248, bonds=12, commodities=24

[Step 3] Temporal train/val/test split...
[DataLoader] Temporal split: train=1435, val=307, test=308

[Step 4] Per-asset z-score normalization...
[DataLoader] Per-asset z-score normalization fitted on training data only
[DataLoader] mean range: [0.9803, 173055.7656]
[DataLoader] std  range: [0.000000, 55160.3203]
[DataLoader] Z-scored train range: [-11.3746, 91.5527]

[Step 6] Computing returns for graph construction...
     Training returns shape: (1434, 284)

[Step 7] Creating sliding window datasets...

[Done] Dataset sizes: train=1396, val=268, test=269
[Done] Total nodes: 284
[Done] Commodity nodes (output dim): 24
[Features] Computed 21 features: price, ret_1d, ret_5d, ret_10d, ret_20d, vol_5d, vol_10d, vol_20d, zscore_5d, zscore_10d, zscore_20d, price_ma5, price_ma10, price_ma20, price_ma60, rsi_14, bb_position, skewness_20d, kurtosis_20d, roc_10d, percentile_20d
[Features] Shape: (T=2050, N=284, F=21)  range: [-4.4721, 391400.0000]
Descriptor timeline: [abs_return, volatility_5, slope], train mean=[ 5.799e-03  6.818e-03 -7.000e-06], train std=[0.005384 0.003965 0.01143 ]
[D0E shared init] {"max_abs_diff": 0.0, "mismatch_count": 0, "D0B_params": 520549, "D0E_params": 520550, "difference": 1, "alpha": 0.5, "D0B_A": [[0.6666666865348816, 0.1666666716337204, 0.1666666716337204], [0.1666666716337204, 0.6666666865348816, 0.1666666716337204], [0.1666666716337204, 0.1666666716337204, 0.6666666865348816]], "D0E_A": [[0.6666666865348816, 0.1666666716337204, 0.1666666716337204], [0.1666666716337204, 0.6666666865348816, 0.1666666716337204], [0.1666666716337204, 0.1666666716337204, 0.6666666865348816]], "transition_max_diff": 0.0, "forward_max_diffs": {"E": 0.0, "H": 0.0, "p": 0.0, "prior": 0.0, "evidence": 0.0, "Z": 0.0, "h_long": 0.0, "h_micro": 0.0, "h_temporal": 0.0, "prediction": 0.0}, "PASS": true}
[D0E gradients initial] {"stage": "initial", "batch_shape": [64, 20, 284, 21], "mode": "eval (fixed dropout-free probe)", "prediction_loss": 0.005630798637866974, "total_loss": 0.005630798637866974, "switch_beta": 0.0, "gradients": {"regime evidence": {"prediction_only_norm": 0.0011555645614862442, "total_loss_norm": 0.0011555645614862442}, "transition logits": {"prediction_only_norm": 2.9858118068659678e-05, "total_loss_norm": 2.9858118068659678e-05}, "G0": {"prediction_only_norm": 0.001475364901125431, "total_loss_norm": 0.001475364901125431}, "G1": {"prediction_only_norm": 0.004398695193231106, "total_loss_norm": 0.004398695193231106}, "G2": {"prediction_only_norm": 0.0029660172294825315, "total_loss_norm": 0.0029660172294825315}, "long readout": {"prediction_only_norm": 0.005710372235625982, "total_loss_norm": 0.005710372235625982}, "micro readout": {"prediction_only_norm": 0.0038205902092158794, "total_loss_norm": 0.0038205902092158794}, "sticky_logit": {"prediction_only_norm": 4.351345978648169e-06, "total_loss_norm": 4.351345978648169e-06}, "generators": {"prediction_only_norm": 0.005506576970219612, "total_loss_norm": 0.005506576970219612}, "balanced readouts": {"prediction_only_norm": 0.010416680946946144, "total_loss_norm": 0.010416680946946144}}, "alpha": 0.5, "sticky_logit": 0.0, "sigmoid_derivative": 0.25, "sticky_prediction_signed": -4.351345978648169e-06, "sticky_total_signed": -4.351345978648169e-06}

============================================================
CMGM Training
============================================================
Device: cuda
Epochs: 200 (early stopping patience=10)
Learning rate: 0.0001, Weight decay: 1e-05
============================================================
  [switching_latent_learnable_persistence] h_spatial=[64, 64] h_temporal=[64, 64] → gate → [64, 4, 24]
  [D0E epoch 1] sticky_logit=2.65340586e-05 alpha=0.500006616
[D0E gradients epoch1] {"stage": "epoch1", "batch_shape": [64, 20, 284, 21], "mode": "eval (fixed dropout-free probe)", "prediction_loss": 0.003931961487978697, "total_loss": 0.003931961487978697, "switch_beta": 0.0, "gradients": {"regime evidence": {"prediction_only_norm": 0.00014532120258081704, "total_loss_norm": 0.00014532120258081704}, "transition logits": {"prediction_only_norm": 5.0423082029738e-06, "total_loss_norm": 5.0423082029738e-06}, "G0": {"prediction_only_norm": 0.00022573021124117076, "total_loss_norm": 0.00022573021124117076}, "G1": {"prediction_only_norm": 0.0022669441532343626, "total_loss_norm": 0.0022669441532343626}, "G2": {"prediction_only_norm": 0.00023536119260825217, "total_loss_norm": 0.00023536119260825217}, "long readout": {"prediction_only_norm": 0.002158036455512047, "total_loss_norm": 0.002158036455512047}, "micro readout": {"prediction_only_norm": 0.0016240542754530907, "total_loss_norm": 0.0016240542754530907}, "sticky_logit": {"prediction_only_norm": 5.4785687098046765e-06, "total_loss_norm": 5.4785687098046765e-06}, "generators": {"prediction_only_norm": 0.0022902735508978367, "total_loss_norm": 0.0022902735508978367}, "balanced readouts": {"prediction_only_norm": 0.004282295238226652, "total_loss_norm": 0.004282295238226652}}, "alpha": 0.5000066161155701, "sticky_logit": 2.6534058633842506e-05, "sigmoid_derivative": 0.24999999995622701, "sticky_prediction_signed": 5.4785687098046765e-06, "sticky_total_signed": 5.4785687098046765e-06}
  Epoch   1/200 | Train Loss: 0.004757 | Val Loss: 0.004877 | LR: 1.00e-04 | Best: inf
  [D0E epoch 2] sticky_logit=0.000147015831 alpha=0.500036716
  Epoch   2/200 | Train Loss: 0.004135 | Val Loss: 0.004544 | LR: 1.00e-04 | Best: 0.004877
  [D0E epoch 3] sticky_logit=0.00065395073 alpha=0.500163496
  Epoch   3/200 | Train Loss: 0.003869 | Val Loss: 0.004345 | LR: 1.00e-04 | Best: 0.004544
  [D0E epoch 4] sticky_logit=0.00107723917 alpha=0.500269294
  Epoch   4/200 | Train Loss: 0.003620 | Val Loss: 0.004134 | LR: 1.00e-04 | Best: 0.004345
  [D0E epoch 5] sticky_logit=0.00130589725 alpha=0.500326455
[D0E gradients epoch5] {"stage": "epoch5", "batch_shape": [64, 20, 284, 21], "mode": "eval (fixed dropout-free probe)", "prediction_loss": 0.002685804618522525, "total_loss": 0.0026867047417908907, "switch_beta": 0.00010526315789473683, "gradients": {"regime evidence": {"prediction_only_norm": 0.0005918153910897672, "total_loss_norm": 0.0005249051610007882}, "transition logits": {"prediction_only_norm": 1.4739657672180329e-05, "total_loss_norm": 1.4689504496345762e-05}, "G0": {"prediction_only_norm": 0.0008804308599792421, "total_loss_norm": 0.0008804308599792421}, "G1": {"prediction_only_norm": 0.0012709494912996888, "total_loss_norm": 0.0012709494912996888}, "G2": {"prediction_only_norm": 0.0007026654202491045, "total_loss_norm": 0.0007026654202491045}, "long readout": {"prediction_only_norm": 0.001474290620535612, "total_loss_norm": 0.001474290620535612}, "micro readout": {"prediction_only_norm": 0.0013676716480404139, "total_loss_norm": 0.0013676716480404139}, "sticky_logit": {"prediction_only_norm": 4.518841251410777e-06, "total_loss_norm": 4.531784270511707e-06}, "generators": {"prediction_only_norm": 0.0016982926754280925, "total_loss_norm": 0.0016982926754280925}, "balanced readouts": {"prediction_only_norm": 0.003769597038626671, "total_loss_norm": 0.003769597038626671}}, "alpha": 0.5003264546394348, "sticky_logit": 0.0013058972544968128, "sigmoid_derivative": 0.2499998934273684, "sticky_prediction_signed": -4.518841251410777e-06, "sticky_total_signed": -4.531784270511707e-06}
  Epoch   5/200 | Train Loss: 0.003406 | Val Loss: 0.003954 | LR: 1.00e-04 | Best: 0.004134
  [D0E epoch 6] sticky_logit=0.00147548108 alpha=0.500368893
  Epoch   6/200 | Train Loss: 0.003210 | Val Loss: 0.003788 | LR: 1.00e-04 | Best: 0.003954
  [D0E epoch 7] sticky_logit=0.00173472741 alpha=0.500433683
  Epoch   7/200 | Train Loss: 0.003036 | Val Loss: 0.003626 | LR: 1.00e-04 | Best: 0.003788
  [D0E epoch 8] sticky_logit=0.00186348392 alpha=0.50046587
  Epoch   8/200 | Train Loss: 0.002909 | Val Loss: 0.003506 | LR: 1.00e-04 | Best: 0.003626
  [D0E epoch 9] sticky_logit=0.00205564033 alpha=0.500513911
  Epoch   9/200 | Train Loss: 0.002781 | Val Loss: 0.003388 | LR: 1.00e-04 | Best: 0.003506
  [D0E epoch 10] sticky_logit=0.00223304518 alpha=0.500558257
[D0E gradients epoch10] {"stage": "epoch10", "batch_shape": [64, 20, 284, 21], "mode": "eval (fixed dropout-free probe)", "prediction_loss": 0.001962801441550255, "total_loss": 0.001963268965482712, "switch_beta": 0.00023684210526315788, "gradients": {"regime evidence": {"prediction_only_norm": 0.0007731890073046088, "total_loss_norm": 0.0007646261365152895}, "transition logits": {"prediction_only_norm": 2.0009363652206957e-05, "total_loss_norm": 2.0022453099954873e-05}, "G0": {"prediction_only_norm": 0.0008972720243036747, "total_loss_norm": 0.0008972720243036747}, "G1": {"prediction_only_norm": 0.0008964712033048272, "total_loss_norm": 0.0008964712033048272}, "G2": {"prediction_only_norm": 0.0007277601980604231, "total_loss_norm": 0.0007277601980604231}, "long readout": {"prediction_only_norm": 0.0016412034165114164, "total_loss_norm": 0.0016412034165114164}, "micro readout": {"prediction_only_norm": 0.001398129272274673, "total_loss_norm": 0.001398129272274673}, "sticky_logit": {"prediction_only_norm": 9.001071248349035e-07, "total_loss_norm": 9.036291430675192e-07}, "generators": {"prediction_only_norm": 0.0014623213792219758, "total_loss_norm": 0.0014623213792219758}, "balanced readouts": {"prediction_only_norm": 0.004555696155875921, "total_loss_norm": 0.004555696155875921}}, "alpha": 0.5005582571029663, "sticky_logit": 0.0022330451756715775, "sigmoid_derivative": 0.249999688349007, "sticky_prediction_signed": -9.001071248349035e-07, "sticky_total_signed": -9.036291430675192e-07}
  Epoch  10/200 | Train Loss: 0.002687 | Val Loss: 0.003274 | LR: 1.00e-04 | Best: 0.003388
  Gate   | mean=0.483 std=0.062 [0.334, 0.665] → 偏向GCN
  [D0E epoch 11] sticky_logit=0.00228708587 alpha=0.500571787
  Epoch  11/200 | Train Loss: 0.002595 | Val Loss: 0.003167 | LR: 1.00e-04 | Best: 0.003274
  [D0E epoch 12] sticky_logit=0.00239789556 alpha=0.500599504
  Epoch  12/200 | Train Loss: 0.002534 | Val Loss: 0.003091 | LR: 1.00e-04 | Best: 0.003167
  [D0E epoch 13] sticky_logit=0.00259455387 alpha=0.500648618
  Epoch  13/200 | Train Loss: 0.002496 | Val Loss: 0.002981 | LR: 1.00e-04 | Best: 0.003091
  [D0E epoch 14] sticky_logit=0.00296590943 alpha=0.500741422
  Epoch  14/200 | Train Loss: 0.002428 | Val Loss: 0.002906 | LR: 1.00e-04 | Best: 0.002981
  [D0E epoch 15] sticky_logit=0.00325059937 alpha=0.50081265
  Epoch  15/200 | Train Loss: 0.002382 | Val Loss: 0.002890 | LR: 1.00e-04 | Best: 0.002906
  [D0E epoch 16] sticky_logit=0.00338729448 alpha=0.500846803
  Epoch  16/200 | Train Loss: 0.002311 | Val Loss: 0.002831 | LR: 1.00e-04 | Best: 0.002890
  [D0E epoch 17] sticky_logit=0.003113657 alpha=0.500778377
  Epoch  17/200 | Train Loss: 0.002268 | Val Loss: 0.002761 | LR: 1.00e-04 | Best: 0.002831
  [D0E epoch 18] sticky_logit=0.00272029778 alpha=0.500680029
  Epoch  18/200 | Train Loss: 0.002243 | Val Loss: 0.002661 | LR: 1.00e-04 | Best: 0.002761
  [D0E epoch 19] sticky_logit=0.00316323992 alpha=0.500790775
  Epoch  19/200 | Train Loss: 0.002212 | Val Loss: 0.002602 | LR: 1.00e-04 | Best: 0.002661
  [D0E epoch 20] sticky_logit=0.00399809144 alpha=0.50099951
  Epoch  20/200 | Train Loss: 0.002210 | Val Loss: 0.002546 | LR: 1.00e-04 | Best: 0.002602
  Gate   | mean=0.482 std=0.049 [0.367, 0.624] → 偏向GCN
  [D0E epoch 21] sticky_logit=0.00235814485 alpha=0.50058955
  Epoch  21/200 | Train Loss: 0.002172 | Val Loss: 0.002482 | LR: 1.00e-04 | Best: 0.002546
  [D0E epoch 22] sticky_logit=0.00146166189 alpha=0.500365376
  Epoch  22/200 | Train Loss: 0.002168 | Val Loss: 0.002429 | LR: 1.00e-04 | Best: 0.002482
  [D0E epoch 23] sticky_logit=0.00187786599 alpha=0.500469446
  Epoch  23/200 | Train Loss: 0.002134 | Val Loss: 0.002374 | LR: 1.00e-04 | Best: 0.002429
  [D0E epoch 24] sticky_logit=0.00194221886 alpha=0.500485539
  Epoch  24/200 | Train Loss: 0.002088 | Val Loss: 0.002332 | LR: 1.00e-04 | Best: 0.002374
  [D0E epoch 25] sticky_logit=0.00136299443 alpha=0.50034076
  Epoch  25/200 | Train Loss: 0.002075 | Val Loss: 0.002321 | LR: 1.00e-04 | Best: 0.002332
  [D0E epoch 26] sticky_logit=0.000401933241 alpha=0.500100493
  Epoch  26/200 | Train Loss: 0.002091 | Val Loss: 0.002325 | LR: 1.00e-04 | Best: 0.002321
  [D0E epoch 27] sticky_logit=-0.000597971026 alpha=0.499850512
  Epoch  27/200 | Train Loss: 0.002132 | Val Loss: 0.002309 | LR: 1.00e-04 | Best: 0.002321
  [D0E epoch 28] sticky_logit=-0.000706592633 alpha=0.499823332
  Epoch  28/200 | Train Loss: 0.002139 | Val Loss: 0.002191 | LR: 1.00e-04 | Best: 0.002309
  [D0E epoch 29] sticky_logit=-0.000665967178 alpha=0.499833524
  Epoch  29/200 | Train Loss: 0.002062 | Val Loss: 0.002212 | LR: 1.00e-04 | Best: 0.002191
  [D0E epoch 30] sticky_logit=-0.000738932693 alpha=0.499815285
  Epoch  30/200 | Train Loss: 0.002037 | Val Loss: 0.002154 | LR: 1.00e-04 | Best: 0.002191
  Gate   | mean=0.482 std=0.041 [0.379, 0.597] → 偏向GCN
  [D0E epoch 31] sticky_logit=-0.000749965606 alpha=0.499812484
  Epoch  31/200 | Train Loss: 0.002005 | Val Loss: 0.002122 | LR: 1.00e-04 | Best: 0.002154
  [D0E epoch 32] sticky_logit=-0.000736099493 alpha=0.499816
  Epoch  32/200 | Train Loss: 0.001978 | Val Loss: 0.002100 | LR: 1.00e-04 | Best: 0.002122
  [D0E epoch 33] sticky_logit=-0.000669072208 alpha=0.49983269
  Epoch  33/200 | Train Loss: 0.001948 | Val Loss: 0.002082 | LR: 1.00e-04 | Best: 0.002100
  [D0E epoch 34] sticky_logit=-0.000623008469 alpha=0.499844253
  Epoch  34/200 | Train Loss: 0.001927 | Val Loss: 0.002056 | LR: 1.00e-04 | Best: 0.002082
  [D0E epoch 35] sticky_logit=-0.000567084004 alpha=0.49985823
  Epoch  35/200 | Train Loss: 0.001925 | Val Loss: 0.002036 | LR: 1.00e-04 | Best: 0.002056
  [D0E epoch 36] sticky_logit=-0.000568630116 alpha=0.499857813
  Epoch  36/200 | Train Loss: 0.001918 | Val Loss: 0.002018 | LR: 1.00e-04 | Best: 0.002036
  [D0E epoch 37] sticky_logit=-0.000732956163 alpha=0.499816716
  Epoch  37/200 | Train Loss: 0.001907 | Val Loss: 0.002005 | LR: 1.00e-04 | Best: 0.002018
  [D0E epoch 38] sticky_logit=-0.000798034947 alpha=0.499800533
  Epoch  38/200 | Train Loss: 0.001909 | Val Loss: 0.001990 | LR: 1.00e-04 | Best: 0.002005
  [D0E epoch 39] sticky_logit=-0.000592322554 alpha=0.499851912
  Epoch  39/200 | Train Loss: 0.001909 | Val Loss: 0.001974 | LR: 1.00e-04 | Best: 0.001990
  [D0E epoch 40] sticky_logit=-0.000317146973 alpha=0.499920726
  Epoch  40/200 | Train Loss: 0.001897 | Val Loss: 0.001950 | LR: 1.00e-04 | Best: 0.001974
  Gate   | mean=0.484 std=0.039 [0.391, 0.586] → 偏向GCN
  [D0E epoch 41] sticky_logit=-0.000220345639 alpha=0.499944925
  Epoch  41/200 | Train Loss: 0.001883 | Val Loss: 0.001933 | LR: 1.00e-04 | Best: 0.001950
  [D0E epoch 42] sticky_logit=-0.000169574923 alpha=0.499957561
  Epoch  42/200 | Train Loss: 0.001870 | Val Loss: 0.001913 | LR: 1.00e-04 | Best: 0.001933
  [D0E epoch 43] sticky_logit=-8.35663959e-05 alpha=0.499979138
  Epoch  43/200 | Train Loss: 0.001859 | Val Loss: 0.001902 | LR: 1.00e-04 | Best: 0.001913
  [D0E epoch 44] sticky_logit=-7.0207243e-05 alpha=0.499982476
  Epoch  44/200 | Train Loss: 0.001851 | Val Loss: 0.001892 | LR: 1.00e-04 | Best: 0.001902
  [D0E epoch 45] sticky_logit=-7.48844686e-05 alpha=0.499981284
  Epoch  45/200 | Train Loss: 0.001845 | Val Loss: 0.001880 | LR: 1.00e-04 | Best: 0.001892
  [D0E epoch 46] sticky_logit=-0.000134488073 alpha=0.499966383
  Epoch  46/200 | Train Loss: 0.001846 | Val Loss: 0.001877 | LR: 1.00e-04 | Best: 0.001880
  [D0E epoch 47] sticky_logit=-0.000215677006 alpha=0.499946058
  Epoch  47/200 | Train Loss: 0.001831 | Val Loss: 0.001858 | LR: 1.00e-04 | Best: 0.001877
  [D0E epoch 48] sticky_logit=-0.000171845124 alpha=0.499957025
  Epoch  48/200 | Train Loss: 0.001831 | Val Loss: 0.001846 | LR: 1.00e-04 | Best: 0.001858
  [D0E epoch 49] sticky_logit=-6.58598219e-05 alpha=0.499983549
  Epoch  49/200 | Train Loss: 0.001815 | Val Loss: 0.001832 | LR: 1.00e-04 | Best: 0.001846
  [D0E epoch 50] sticky_logit=5.21592847e-05 alpha=0.500013053
  Epoch  50/200 | Train Loss: 0.001818 | Val Loss: 0.001820 | LR: 1.00e-04 | Best: 0.001832
  Gate   | mean=0.485 std=0.037 [0.400, 0.579] → 偏向GCN
  [D0E epoch 51] sticky_logit=0.0001692441 alpha=0.500042319
  Epoch  51/200 | Train Loss: 0.001807 | Val Loss: 0.001815 | LR: 1.00e-04 | Best: 0.001820
  [D0E epoch 52] sticky_logit=0.000319497514 alpha=0.50007987
  Epoch  52/200 | Train Loss: 0.001804 | Val Loss: 0.001809 | LR: 1.00e-04 | Best: 0.001815
  [D0E epoch 53] sticky_logit=0.000442079472 alpha=0.500110507
  Epoch  53/200 | Train Loss: 0.001801 | Val Loss: 0.001799 | LR: 1.00e-04 | Best: 0.001809
  [D0E epoch 54] sticky_logit=0.000557615422 alpha=0.500139415
  Epoch  54/200 | Train Loss: 0.001804 | Val Loss: 0.001793 | LR: 1.00e-04 | Best: 0.001799
  [D0E epoch 55] sticky_logit=0.000694803661 alpha=0.500173688
  Epoch  55/200 | Train Loss: 0.001801 | Val Loss: 0.001790 | LR: 1.00e-04 | Best: 0.001793
  [D0E epoch 56] sticky_logit=0.000884238398 alpha=0.500221074
  Epoch  56/200 | Train Loss: 0.001796 | Val Loss: 0.001783 | LR: 1.00e-04 | Best: 0.001790
  [D0E epoch 57] sticky_logit=0.00105092535 alpha=0.500262737
  Epoch  57/200 | Train Loss: 0.001793 | Val Loss: 0.001777 | LR: 1.00e-04 | Best: 0.001783
  [D0E epoch 58] sticky_logit=0.0011999514 alpha=0.50029999
  Epoch  58/200 | Train Loss: 0.001788 | Val Loss: 0.001775 | LR: 1.00e-04 | Best: 0.001777
  [D0E epoch 59] sticky_logit=0.00143967057 alpha=0.500359893
  Epoch  59/200 | Train Loss: 0.001788 | Val Loss: 0.001765 | LR: 1.00e-04 | Best: 0.001775
  [D0E epoch 60] sticky_logit=0.00171263376 alpha=0.50042814
  Epoch  60/200 | Train Loss: 0.001786 | Val Loss: 0.001758 | LR: 1.00e-04 | Best: 0.001765
  Gate   | mean=0.486 std=0.034 [0.412, 0.578] → 偏向GCN
  [D0E epoch 61] sticky_logit=0.00190156489 alpha=0.500475407
  Epoch  61/200 | Train Loss: 0.001780 | Val Loss: 0.001753 | LR: 1.00e-04 | Best: 0.001758
  [D0E epoch 62] sticky_logit=0.00209280872 alpha=0.50052321
  Epoch  62/200 | Train Loss: 0.001781 | Val Loss: 0.001744 | LR: 1.00e-04 | Best: 0.001753
  [D0E epoch 63] sticky_logit=0.00231710053 alpha=0.500579238
  Epoch  63/200 | Train Loss: 0.001781 | Val Loss: 0.001739 | LR: 1.00e-04 | Best: 0.001744
  [D0E epoch 64] sticky_logit=0.00256242603 alpha=0.500640631
  Epoch  64/200 | Train Loss: 0.001774 | Val Loss: 0.001730 | LR: 1.00e-04 | Best: 0.001739
  [D0E epoch 65] sticky_logit=0.00273947907 alpha=0.500684857
  Epoch  65/200 | Train Loss: 0.001773 | Val Loss: 0.001721 | LR: 1.00e-04 | Best: 0.001730
  [D0E epoch 66] sticky_logit=0.00281105028 alpha=0.500702798
  Epoch  66/200 | Train Loss: 0.001783 | Val Loss: 0.001710 | LR: 1.00e-04 | Best: 0.001721
  [D0E epoch 67] sticky_logit=0.00295107625 alpha=0.500737786
  Epoch  67/200 | Train Loss: 0.001778 | Val Loss: 0.001706 | LR: 1.00e-04 | Best: 0.001710
  [D0E epoch 68] sticky_logit=0.00297449273 alpha=0.500743628
  Epoch  68/200 | Train Loss: 0.001782 | Val Loss: 0.001696 | LR: 1.00e-04 | Best: 0.001706
  [D0E epoch 69] sticky_logit=0.00304795732 alpha=0.500761986
  Epoch  69/200 | Train Loss: 0.001773 | Val Loss: 0.001685 | LR: 1.00e-04 | Best: 0.001696
  [D0E epoch 70] sticky_logit=0.00318238884 alpha=0.500795603
  Epoch  70/200 | Train Loss: 0.001769 | Val Loss: 0.001685 | LR: 1.00e-04 | Best: 0.001685
  Gate   | mean=0.487 std=0.032 [0.418, 0.571] → 偏向GCN
  [D0E epoch 71] sticky_logit=0.00291583384 alpha=0.500728965
  Epoch  71/200 | Train Loss: 0.001767 | Val Loss: 0.001683 | LR: 1.00e-04 | Best: 0.001685
  [D0E epoch 72] sticky_logit=0.00255628955 alpha=0.500639081
  Epoch  72/200 | Train Loss: 0.001765 | Val Loss: 0.001680 | LR: 1.00e-04 | Best: 0.001683
  [D0E epoch 73] sticky_logit=0.00250730664 alpha=0.500626802
  Epoch  73/200 | Train Loss: 0.001764 | Val Loss: 0.001674 | LR: 1.00e-04 | Best: 0.001680
  [D0E epoch 74] sticky_logit=0.00259390892 alpha=0.500648499
  Epoch  74/200 | Train Loss: 0.001762 | Val Loss: 0.001670 | LR: 1.00e-04 | Best: 0.001674
  [D0E epoch 75] sticky_logit=0.00286297617 alpha=0.500715733
  Epoch  75/200 | Train Loss: 0.001759 | Val Loss: 0.001662 | LR: 1.00e-04 | Best: 0.001670
  [D0E epoch 76] sticky_logit=0.00327152456 alpha=0.500817835
  Epoch  76/200 | Train Loss: 0.001758 | Val Loss: 0.001655 | LR: 1.00e-04 | Best: 0.001662
  [D0E epoch 77] sticky_logit=0.00377322198 alpha=0.500943303
  Epoch  77/200 | Train Loss: 0.001753 | Val Loss: 0.001652 | LR: 1.00e-04 | Best: 0.001655
  [D0E epoch 78] sticky_logit=0.00424594618 alpha=0.501061499
  Epoch  78/200 | Train Loss: 0.001748 | Val Loss: 0.001647 | LR: 1.00e-04 | Best: 0.001652
  [D0E epoch 79] sticky_logit=0.00458647031 alpha=0.501146615
  Epoch  79/200 | Train Loss: 0.001742 | Val Loss: 0.001644 | LR: 1.00e-04 | Best: 0.001647
  [D0E epoch 80] sticky_logit=0.00503818877 alpha=0.501259565
  Epoch  80/200 | Train Loss: 0.001741 | Val Loss: 0.001646 | LR: 1.00e-04 | Best: 0.001644
  Gate   | mean=0.488 std=0.029 [0.425, 0.568] → 偏向GCN
  [D0E epoch 81] sticky_logit=0.00543384627 alpha=0.501358449
  Epoch  81/200 | Train Loss: 0.001741 | Val Loss: 0.001643 | LR: 1.00e-04 | Best: 0.001644
  [D0E epoch 82] sticky_logit=0.00588589441 alpha=0.50147146
  Epoch  82/200 | Train Loss: 0.001739 | Val Loss: 0.001641 | LR: 1.00e-04 | Best: 0.001643
  [D0E epoch 83] sticky_logit=0.00627694977 alpha=0.501569211
  Epoch  83/200 | Train Loss: 0.001745 | Val Loss: 0.001641 | LR: 1.00e-04 | Best: 0.001641
  [D0E epoch 84] sticky_logit=0.00622911518 alpha=0.501557291
  Epoch  84/200 | Train Loss: 0.001741 | Val Loss: 0.001634 | LR: 1.00e-04 | Best: 0.001641
  [D0E epoch 85] sticky_logit=0.00578666478 alpha=0.501446664
  Epoch  85/200 | Train Loss: 0.001744 | Val Loss: 0.001630 | LR: 1.00e-04 | Best: 0.001634
  [D0E epoch 86] sticky_logit=0.00735743018 alpha=0.50183934
  Epoch  86/200 | Train Loss: 0.001739 | Val Loss: 0.001643 | LR: 1.00e-04 | Best: 0.001630
  [D0E epoch 87] sticky_logit=0.00758595066 alpha=0.501896501
  Epoch  87/200 | Train Loss: 0.001733 | Val Loss: 0.001669 | LR: 1.00e-04 | Best: 0.001630
  [D0E epoch 88] sticky_logit=0.00815018825 alpha=0.502037525
  Epoch  88/200 | Train Loss: 0.001735 | Val Loss: 0.001684 | LR: 1.00e-04 | Best: 0.001630
  [D0E epoch 89] sticky_logit=0.00775591098 alpha=0.501938999
  Epoch  89/200 | Train Loss: 0.001730 | Val Loss: 0.001721 | LR: 1.00e-04 | Best: 0.001630
  [D0E epoch 90] sticky_logit=0.00791928172 alpha=0.501979828
  Epoch  90/200 | Train Loss: 0.001743 | Val Loss: 0.001720 | LR: 1.00e-04 | Best: 0.001630
  Gate   | mean=0.489 std=0.027 [0.432, 0.563] → 偏向GCN
  [D0E epoch 91] sticky_logit=0.00843361206 alpha=0.502108395
  Epoch  91/200 | Train Loss: 0.001728 | Val Loss: 0.001703 | LR: 5.00e-05 | Best: 0.001630
  [D0E epoch 92] sticky_logit=0.00879215263 alpha=0.50219804
  Epoch  92/200 | Train Loss: 0.001718 | Val Loss: 0.001642 | LR: 5.00e-05 | Best: 0.001630
  [D0E epoch 93] sticky_logit=0.00880644098 alpha=0.502201617
  Epoch  93/200 | Train Loss: 0.001713 | Val Loss: 0.001653 | LR: 5.00e-05 | Best: 0.001630
  [D0E epoch 94] sticky_logit=0.00881772116 alpha=0.502204418
  Epoch  94/200 | Train Loss: 0.001713 | Val Loss: 0.001667 | LR: 5.00e-05 | Best: 0.001630
  [D0E epoch 95] sticky_logit=0.00907573663 alpha=0.50226891
  Epoch  95/200 | Train Loss: 0.001700 | Val Loss: 0.001670 | LR: 5.00e-05 | Best: 0.001630

[Early Stopping] No improvement for 10 epochs. Stopping at epoch 95.
[Early Stopping] Best validation loss: 0.001630 at epoch 85
  [D0E final epoch 95] alpha=0.50226891 sticky_logit=0.00907573663
[D0E gradients best(epoch 85)] {"stage": "best(epoch 85)", "batch_shape": [64, 20, 284, 21], "mode": "eval (fixed dropout-free probe)", "prediction_loss": 0.0013398551382124424, "total_loss": 0.0013556447811424732, "switch_beta": 0.0005, "gradients": {"regime evidence": {"prediction_only_norm": 0.00019252749916631728, "total_loss_norm": 0.0006614874000661075}, "transition logits": {"prediction_only_norm": 6.112937626312487e-06, "total_loss_norm": 1.0166699212277308e-05}, "G0": {"prediction_only_norm": 0.00010051001299871132, "total_loss_norm": 0.00010051001299871132}, "G1": {"prediction_only_norm": 0.00020497609511949122, "total_loss_norm": 0.00020497609511949122}, "G2": {"prediction_only_norm": 4.681638893089257e-05, "total_loss_norm": 4.681638893089257e-05}, "long readout": {"prediction_only_norm": 0.00031862742616795003, "total_loss_norm": 0.00031862742616795003}, "micro readout": {"prediction_only_norm": 0.0003206443216186017, "total_loss_norm": 0.0003206443216186017}, "sticky_logit": {"prediction_only_norm": 9.453574989493063e-07, "total_loss_norm": 1.5271816664608195e-06}, "generators": {"prediction_only_norm": 0.000233042796025984, "total_loss_norm": 0.000233042796025984}, "balanced readouts": {"prediction_only_norm": 0.0009569110698066652, "total_loss_norm": 0.0009569110698066652}}, "alpha": 0.5014466643333435, "sticky_logit": 0.00578666478395462, "sigmoid_derivative": 0.24999790716230663, "sticky_prediction_signed": 9.453574989493063e-07, "sticky_total_signed": -1.5271816664608195e-06}

[Checkpoint] Restored best model from epoch 85
  [D0E best epoch 85] alpha=0.501446664 sticky_logit=0.00578666478
[Checkpoint] Saved to checkpoints/switching_latent_learnable_persistence_best.pt
============================================================

  Temporal weights: mean=0.0500 std=0.0133 min=0.0000 max=1.0000
  [D0E TRAIN] mean p=[0.332  0.4898 0.1783] entropy=1.010744 mean max p=0.490166 margin=0.158517
  [D0E TRAIN] argmax occupancy
    state 0 = 1.98%
    state 1 = 98.02%
    state 2 = 0.00%
  [D0E TRAIN prior] entropy=1.078026 mean max p=0.408998
  [D0E VAL] mean p=[0.3461 0.3822 0.2717] entropy=1.082794 mean max p=0.391543 margin=0.052099
  [D0E VAL] argmax occupancy
    state 0 = 29.31%
    state 1 = 69.61%
    state 2 = 1.08%
  [D0E VAL prior] entropy=1.094714 mean max p=0.361837
  [D0E TEST] mean p=[0.3548 0.3531 0.2921] entropy=1.088902 mean max p=0.381861 margin=0.048126
  [D0E TEST] argmax occupancy
    state 0 = 41.21%
    state 1 = 52.16%
    state 2 = 6.64%
  [D0E TEST prior] entropy=1.096210 mean max p=0.356961
  [D0E probability legality] min p=2.187529e-01 max probability-sum error=1.192e-07
  [D0E prior/posterior] prior entropy=1.096210 posterior entropy=1.088902 mean KL=0.002980 mean L1=0.061861
  [D0E regime dynamics] mean ||p_t-p_(t-1)||_1=0.033300
  [D0E p t=0] [0.345  0.3445 0.3104]
  [D0E p t=2] [0.3536 0.3525 0.2939]
  [D0E p t=4] [0.3554 0.3543 0.2903]
  [D0E p t=6] [0.3557 0.3548 0.2896]
  [D0E p t=8] [0.3558 0.3545 0.2897]
  [D0E p t=10] [0.3559 0.3539 0.2902]
  [D0E p t=12] [0.3559 0.3536 0.2906]
  [D0E p t=14] [0.3557 0.3535 0.2908]
  [D0E p t=16] [0.3557 0.3534 0.2909]
  [D0E p t=18] [0.3557 0.3534 0.291 ]
  [D0E transition matrix]
[[0.667668 0.167641 0.164691]
 [0.166077 0.668549 0.165374]
 [0.165894 0.167422 0.666683]]
  [D0E transition] row sums=[1. 1. 1.] diagonal=[0.667668 0.668549 0.666683] mean persistence=0.667633 row entropy=[0.86616  0.864945 0.867537]
  [D0E transition] absolute transition_logits drift=1.743e-02
  [D0E Base RPE] norm=0.000576 mean |QK/sqrt(d)|=2.251584e-05 mean |base bias|=5.603266e-05 base/QK=2.487484e+00
  [D0E Base RPE delta=+0] heads=[-1.04e-04 -1.12e-04 -5.10e-05 -2.62e-04] mean=-0.000132 std=0.000078
  [D0E Base RPE delta=+1] heads=[-7.00e-05 -4.60e-05 -3.30e-05 -1.66e-04] mean=-0.000079 std=0.000052
  [D0E Base RPE delta=+2] heads=[-6.30e-05 -5.20e-05 -5.60e-05 -1.71e-04] mean=-0.000085 std=0.000049
  [D0E Base RPE delta=+5] heads=[-1.3e-05  7.7e-05 -0.0e+00  1.8e-05] mean=0.000020 std=0.000035
  [D0E Base RPE delta=+10] heads=[7.0e-06 6.7e-05 7.5e-05 7.5e-05] mean=0.000056 std=0.000029
  [D0E Base RPE delta=+19] heads=[ 2.4e-05 -6.3e-05 -5.9e-05  8.0e-05] mean=-0.000004 std=0.000060
  [D0E candidate state 0] norm mean=0.569687 std=0.024537 max=0.617637
  [D0E candidate state 1] norm mean=0.878149 std=0.056076 max=0.986404
  [D0E candidate state 2] norm mean=0.684864 std=0.031331 max=0.754793
  [D0E candidate pair 0/1] mean L1=0.094975 cosine=0.201172
  [D0E candidate pair 0/2] mean L1=0.084574 cosine=0.121418
  [D0E candidate pair 1/2] mean L1=0.089773 cosine=0.298738
  [D0E Z trajectory] mean norm=0.502291 max norm=0.571951 mean ||Z_t-Z_(t-1)||_2=0.073597
  [D0E Z direction] consecutive cosine mean/std=0.994609/0.005154 mean directional change=0.005391
  [D0E Z t=0] mean norm=0.500498
  [D0E Z t=5] mean norm=0.503436
  [D0E Z t=10] mean norm=0.502603
  [D0E Z t=15] mean norm=0.501699
  [D0E Z t=19] mean norm=0.500936
  [D0E weighted generator contributions] [0.202126 0.311378 0.199883]
  [D0E pre-balance scale] E=9.539631 H=9.637222 Z=0.502291 H_T=9.636563 Z_T=0.500936 Z_T/H_T=5.198289e-02 readout input=9.649640 h_temporal=2.808610
  [D0E readout weights] ||W_long||=2.744499 ||W_micro||=2.688258 W_micro/W_long=0.979508
  [D0E post-balance scale] ||h_long||=7.070742 ||h_micro||=7.062239 micro/long=0.998797 balanced concat=9.993530 h_temporal=2.808610
  [D0E stock dispersion sensitivity] high p=[0.3487 0.3585 0.2928] low p=[0.3924 0.3125 0.2951] L1=0.091933 high/low ||Z_T||=0.503192/0.462134 high/low ||h_micro||=7.063492/7.050316
  [D0E bond dispersion sensitivity] high p=[0.3574 0.3698 0.2728] low p=[0.3383 0.363  0.2987] L1=0.051903 high/low ||Z_T||=0.505666/0.503892 high/low ||h_micro||=7.064765/7.062378
  [D0E commodity dispersion sensitivity] high p=[0.3505 0.3475 0.302 ] low p=[0.3738 0.3412 0.285 ] L1=0.046492 high/low ||Z_T||=0.515135/0.467059 high/low ||h_micro||=7.065961/7.052638
  [D0E prediction-only grad] Market Encoder=8.115e-04
  [D0E prediction-only grad] LongMemory Transformer=1.438e-04
  [D0E prediction-only grad] Base RPE=3.413e-08
  [D0E prediction-only grad] regime evidence=4.526e-05
  [D0E prediction-only grad] transition logits=1.363e-06
  [D0E prediction-only grad] G0=1.550e-04
  [D0E prediction-only grad] G1=1.886e-04
  [D0E prediction-only grad] G2=1.138e-04
  [D0E prediction-only grad] long_memory_readout=6.682e-04
  [D0E prediction-only grad] micro_state_readout=5.376e-04
  [D0E prediction-only grad] state readout=1.618e-03
  [D0E prediction-only grad ratio] generator/LongMemory=1.059990e+00
  [D0E prediction-only grad ratio] microReadout/longReadout=8.045383e-01
  [D0E total-loss grad] Market Encoder=8.454e-04
  [D0E total-loss grad] LongMemory Transformer=1.499e-04
  [D0E total-loss grad] Base RPE=3.423e-08
  [D0E total-loss grad] regime evidence=2.154e-04
  [D0E total-loss grad] transition logits=1.146e-06
  [D0E total-loss grad] G0=1.550e-04
  [D0E total-loss grad] G1=1.886e-04
  [D0E total-loss grad] G2=1.138e-04
  [D0E total-loss grad] long_memory_readout=6.682e-04
  [D0E total-loss grad] micro_state_readout=5.376e-04
  [D0E total-loss grad] state readout=1.618e-03
  [D0E total-loss grad ratio] generator/LongMemory=1.016830e+00
  [D0E total-loss grad ratio] microReadout/longReadout=8.045383e-01
  [D0E loss] L_return=1.423070e-03
  [D0E loss] L_switch_raw=4.513846e-03
  [D0E loss] beta=5.000000e-04
  [D0E loss] weighted_switch=2.256923e-06
  [D0E loss] total=1.425327e-03
  [D0E loss] switch_to_return_ratio=1.585943e-03
  [D0E forced-full-regime state 0] Z_T mean/max diff=5.263e-02/1.342e-01 h_micro mean/max diff=2.255e-01/8.685e-01 h_temporal mean/max diff=8.534e-02/2.321e-01 prediction mean/max diff=2.929e-03/1.102e-02
  [D0E forced-full-regime state 1] Z_T mean/max diff=5.348e-02/1.998e-01 h_micro mean/max diff=2.101e-01/7.262e-01 h_temporal mean/max diff=6.178e-02/1.971e-01 prediction mean/max diff=1.306e-03/7.193e-03
  [D0E forced-full-regime state 2] Z_T mean/max diff=5.506e-02/2.550e-01 h_micro mean/max diff=2.080e-01/5.626e-01 h_temporal mean/max diff=7.447e-02/2.401e-01 prediction mean/max diff=2.293e-03/1.404e-02
  [D0E zero-balanced-micro] h_temporal mean/max diff=2.303e-01/7.164e-01 prediction mean/max diff=8.799e-03/2.935e-02
  [D0E zero-balanced-long] h_temporal mean/max diff=2.203e-01/7.640e-01 prediction mean/max diff=6.602e-03/3.241e-02
  [D0E zero-out impact] micro/long prediction-impact ratio=1.332690e+00
  [D0B vs D0 zero-out reference] D0 zero-Z mean=7.417e-05 D0 zero-H mean=1.112e-02 D0 ratio≈6.670e-03
  [D0E causality] E diff through t=10=0.000e+00 H diff=0.000e+00 p diff=0.000e+00 Z diff=0.000e+00 h_long@t10=0.000e+00 h_micro@t10=0.000e+00 h_temporal@t10=0.000e+00
  [D0E batch independence] E=7.749e-07 H=8.345e-07 p=8.941e-08 Z=5.960e-08 h_long=4.768e-07 h_micro=2.980e-07 h_temporal=2.086e-07
  [D0E stock permutation] E=4.768e-07 H=1.192e-06 p=1.490e-07 Z=5.960e-08 h_long=4.768e-07 h_micro=3.576e-07 h_temporal=2.980e-07
  [D0E bond permutation] E=5.960e-07 H=1.431e-06 p=1.490e-07 Z=5.960e-08 h_long=5.960e-07 h_micro=4.768e-07 h_temporal=2.384e-07
  [D0E commodity permutation] E=4.768e-07 H=1.192e-06 p=1.192e-07 Z=7.451e-08 h_long=4.768e-07 h_micro=4.768e-07 h_temporal=2.384e-07
[D0E D0B TRAIN checkpoint diagnostics]
[TRAIN] batch 1/22 complete
[TRAIN] batch 2/22 complete
[TRAIN] batch 3/22 complete
[TRAIN] batch 4/22 complete
[TRAIN] batch 5/22 complete
[TRAIN] batch 6/22 complete
[TRAIN] batch 7/22 complete
[TRAIN] batch 8/22 complete
[TRAIN] batch 9/22 complete
[TRAIN] batch 10/22 complete
[TRAIN] batch 11/22 complete
[TRAIN] batch 12/22 complete
[TRAIN] batch 13/22 complete
[TRAIN] batch 14/22 complete
[TRAIN] batch 15/22 complete
[TRAIN] batch 16/22 complete
[TRAIN] batch 17/22 complete
[TRAIN] batch 18/22 complete
[TRAIN] batch 19/22 complete
[TRAIN] batch 20/22 complete
[TRAIN] batch 21/22 complete
[TRAIN] batch 22/22 complete
[D0E D0B VAL checkpoint diagnostics]
[VAL] batch 1/5 complete
[VAL] batch 2/5 complete
[VAL] batch 3/5 complete
[VAL] batch 4/5 complete
[VAL] batch 5/5 complete
[D0E D0B TEST checkpoint diagnostics]
[TEST] batch 1/5 complete
[TEST] batch 2/5 complete
[TEST] batch 3/5 complete
[TEST] batch 4/5 complete
[TEST] batch 5/5 complete
[D0E causality/batch/market sanity] {"prefix_cutoff": 10, "causality": {"E": 0.0, "H": 0.0, "p": 0.0, "Z": 0.0, "h_long": 0.0, "h_micro": 0.0, "h_temporal": 0.0}, "batch_permutation_max": 0.0, "single_sample_max": 1.1175870895385742e-08, "within_market": {"stock": {"temporal_invariance_max": 1.430511474609375e-06, "full_model_with_graph_relabeling_max": 2.9802322387695312e-08}, "bond": {"temporal_invariance_max": 1.6689300537109375e-06, "full_model_with_graph_relabeling_max": 2.2351741790771484e-08}, "commodity": {"temporal_invariance_max": 1.1920928955078125e-06, "full_model_with_graph_relabeling_max": 2.2351741790771484e-08}}, "readout_note": "Readout applied to H_t/Z_t at each t; full-window spatial pooling is not a prefix forecast", "PASS": true}
[D0E gradients D0B best checkpoint] {"stage": "D0B best checkpoint", "batch_shape": [64, 20, 284, 21], "mode": "eval (fixed dropout-free probe)", "prediction_loss": 0.0015557371079921722, "total_loss": 0.0015570773975923657, "switch_beta": 0.0005, "gradients": {"regime evidence": {"prediction_only_norm": 0.0004314199322834611, "total_loss_norm": 0.00030754294130019844}, "transition logits": {"prediction_only_norm": 1.3254683835839387e-05, "total_loss_norm": 1.3327569831744768e-05}, "G0": {"prediction_only_norm": 0.000243750648223795, "total_loss_norm": 0.000243750648223795}, "G1": {"prediction_only_norm": 0.00029548059683293104, "total_loss_norm": 0.00029548059683293104}, "G2": {"prediction_only_norm": 0.00020569103071466088, "total_loss_norm": 0.00020569103071466088}, "long readout": {"prediction_only_norm": 0.0006829879712313414, "total_loss_norm": 0.0006829879712313414}, "micro readout": {"prediction_only_norm": 0.0006514518172480166, "total_loss_norm": 0.0006514518172480166}, "generators": {"prediction_only_norm": 0.00043477697181515396, "total_loss_norm": 0.00043477697181515396}, "balanced readouts": {"prediction_only_norm": 0.0018848332110792398, "total_loss_norm": 0.0018848332110792398}}, "per_horizon": {"1": {"loss": 8.728375541977584e-05, "norms": {"regime evidence": 1.7092712369048968e-05, "transition logits": 5.139081054039707e-07, "G0": 3.494664633763023e-05, "G1": 3.9664973883191124e-05, "G2": 2.7084179237135686e-05, "long readout": 0.00013514081365428865, "micro readout": 0.0001028674523695372, "generators": 5.939791299169883e-05, "balanced readouts": 0.0003987653471995145}}, "5": {"loss": 0.0002786702534649521, "norms": {"regime evidence": 2.9962709959363565e-05, "transition logits": 8.988365038931079e-07, "G0": 5.1666040235431865e-05, "G1": 5.725368100684136e-05, "G2": 4.05589998990763e-05, "long readout": 0.00014089661999605596, "micro readout": 0.00015443154552485794, "generators": 8.713412535144016e-05, "balanced readouts": 0.0004369250382296741}}, "10": {"loss": 0.0004612714401446283, "norms": {"regime evidence": 0.00016669818433001637, "transition logits": 5.129406417836435e-06, "G0": 8.679643360665068e-05, "G1": 0.00010673388896975666, "G2": 7.211182673927397e-05, "long readout": 0.00026887707645073533, "micro readout": 0.0002431990287732333, "generators": 0.00015532462566625327, "balanced readouts": 0.0007180898683145642}}, "20": {"loss": 0.0007285116007551551, "norms": {"regime evidence": 0.0002519616100471467, "transition logits": 7.731687219347805e-06, "G0": 0.00013664459402207285, "G1": 0.00016375831910409033, "G2": 0.0001085468175006099, "long readout": 0.0004406377556733787, "micro readout": 0.00037128350231796503, "generators": 0.00023931289615575224, "balanced readouts": 0.0011394681641831994}}}, "cosines": {"regime evidence": {"5d-vs-1d": -0.9800747036933899, "5d-vs-10d": 0.9832973480224609, "5d-vs-20d": 0.9746631383895874}, "transition logits": {"5d-vs-1d": -0.9895288348197937, "5d-vs-10d": 0.9888823628425598, "5d-vs-20d": 0.9832717180252075}, "generators": {"5d-vs-1d": 0.24348977208137512, "5d-vs-10d": 0.46046358346939087, "5d-vs-20d": 0.4474498927593231}, "balanced readouts": {"5d-vs-1d": 0.30319201946258545, "5d-vs-10d": 0.06603211164474487, "5d-vs-20d": -0.006262097042053938}}}
[D0E D0E TRAIN checkpoint diagnostics]
[TRAIN] batch 1/22 complete
[TRAIN] batch 2/22 complete
[TRAIN] batch 3/22 complete
[TRAIN] batch 4/22 complete
[TRAIN] batch 5/22 complete
[TRAIN] batch 6/22 complete
[TRAIN] batch 7/22 complete
[TRAIN] batch 8/22 complete
[TRAIN] batch 9/22 complete
[TRAIN] batch 10/22 complete
[TRAIN] batch 11/22 complete
[TRAIN] batch 12/22 complete
[TRAIN] batch 13/22 complete
[TRAIN] batch 14/22 complete
[TRAIN] batch 15/22 complete
[TRAIN] batch 16/22 complete
[TRAIN] batch 17/22 complete
[TRAIN] batch 18/22 complete
[TRAIN] batch 19/22 complete
[TRAIN] batch 20/22 complete
[TRAIN] batch 21/22 complete
[TRAIN] batch 22/22 complete
[D0E D0E VAL checkpoint diagnostics]
[VAL] batch 1/5 complete
[VAL] batch 2/5 complete
[VAL] batch 3/5 complete
[VAL] batch 4/5 complete
[VAL] batch 5/5 complete
[D0E D0E TEST checkpoint diagnostics]
[TEST] batch 1/5 complete
[TEST] batch 2/5 complete
[TEST] batch 3/5 complete
[TEST] batch 4/5 complete
[TEST] batch 5/5 complete
[D0E causality/batch/market sanity] {"prefix_cutoff": 10, "causality": {"E": 0.0, "H": 0.0, "p": 0.0, "Z": 0.0, "h_long": 0.0, "h_micro": 0.0, "h_temporal": 0.0}, "batch_permutation_max": 0.0, "single_sample_max": 1.4901161193847656e-08, "within_market": {"stock": {"temporal_invariance_max": 1.1920928955078125e-06, "full_model_with_graph_relabeling_max": 1.862645149230957e-08}, "bond": {"temporal_invariance_max": 1.430511474609375e-06, "full_model_with_graph_relabeling_max": 2.2351741790771484e-08}, "commodity": {"temporal_invariance_max": 1.1920928955078125e-06, "full_model_with_graph_relabeling_max": 2.60770320892334e-08}}, "readout_note": "Readout applied to H_t/Z_t at each t; full-window spatial pooling is not a prefix forecast", "PASS": true}
[D0E gradients D0E best checkpoint] {"stage": "D0E best checkpoint", "batch_shape": [64, 20, 284, 21], "mode": "eval (fixed dropout-free probe)", "prediction_loss": 0.0015579289756715298, "total_loss": 0.001559738302603364, "switch_beta": 0.0005, "gradients": {"regime evidence": {"prediction_only_norm": 0.00041538316872902215, "total_loss_norm": 0.0003552421694621444}, "transition logits": {"prediction_only_norm": 1.3035476513323374e-05, "total_loss_norm": 1.3338939425011631e-05}, "G0": {"prediction_only_norm": 0.0002307100367033854, "total_loss_norm": 0.0002307100367033854}, "G1": {"prediction_only_norm": 0.0003182493383064866, "total_loss_norm": 0.0003182493383064866}, "G2": {"prediction_only_norm": 0.00018849300977308303, "total_loss_norm": 0.00018849300977308303}, "long readout": {"prediction_only_norm": 0.0006653988384641707, "total_loss_norm": 0.0006653988384641707}, "micro readout": {"prediction_only_norm": 0.000638530240394175, "total_loss_norm": 0.000638530240394175}, "sticky_logit": {"prediction_only_norm": 1.7589866274647648e-06, "total_loss_norm": 1.8370619727647863e-06}, "generators": {"prediction_only_norm": 0.0004359341401141137, "total_loss_norm": 0.0004359341401141137}, "balanced readouts": {"prediction_only_norm": 0.0018461323343217373, "total_loss_norm": 0.0018461323343217373}}, "alpha": 0.5014466643333435, "sticky_logit": 0.00578666478395462, "sigmoid_derivative": 0.24999790716230663, "sticky_prediction_signed": -1.7589866274647648e-06, "sticky_total_signed": -1.8370619727647863e-06, "per_horizon": {"1": {"loss": 8.701180922798812e-05, "norms": {"regime evidence": 2.9915905543020926e-05, "transition logits": 9.000864338304382e-07, "G0": 3.108921737293713e-05, "G1": 3.854231908917427e-05, "G2": 2.3113712813938037e-05, "long readout": 0.00012990804680157453, "micro readout": 9.335744834970683e-05, "sticky_logit": 4.485775306761752e-08, "generators": 5.4646847274852917e-05, "balanced readouts": 0.00037270699976943433}, "dL_d_sticky_logit": 4.485775306761752e-08, "sign": 1.0, "magnitude": 4.485775306761752e-08, "dL_d_alpha": 1.79432514362988e-07}, "5": {"loss": 0.00027884962037205696, "norms": {"regime evidence": 2.6494040866964497e-05, "transition logits": 8.522038683622668e-07, "G0": 4.837985397898592e-05, "G1": 6.0397891502361745e-05, "G2": 3.728292358573526e-05, "long readout": 0.0001382569462293759, "micro readout": 0.00015249769785441458, "sticky_logit": 1.6737251939957787e-07, "generators": 8.589812205173075e-05, "balanced readouts": 0.0004303539462853223}, "dL_d_sticky_logit": -1.6737251939957787e-07, "sign": -1.0, "magnitude": 1.6737251939957787e-07, "dL_d_alpha": -6.694956821815084e-07}, "10": {"loss": 0.00046221486991271377, "norms": {"regime evidence": 0.00015957182040438056, "transition logits": 4.9915661293198355e-06, "G0": 8.228060323745012e-05, "G1": 0.00011513060599099845, "G2": 6.647186091868207e-05, "long readout": 0.0002640989259816706, "micro readout": 0.00024039730487857014, "sticky_logit": 6.314864435807976e-07, "generators": 0.0001563443656777963, "balanced readouts": 0.0007109961588867009}, "dL_d_sticky_logit": -6.314864435807976e-07, "sign": -1.0, "magnitude": 6.314864435807976e-07, "dL_d_alpha": -2.525966920078321e-06}, "20": {"loss": 0.0007298527052626014, "norms": {"regime evidence": 0.0002579869469627738, "transition logits": 8.037490260903724e-06, "G0": 0.0001318534923484549, "G1": 0.00017935674986802042, "G2": 0.00010122286767000332, "long readout": 0.0004338968137744814, "micro readout": 0.0003690832818392664, "sticky_logit": 1.0049848242488224e-06, "generators": 0.00024454016238451004, "balanced readouts": 0.0011349032865837216}, "dL_d_sticky_logit": -1.0049848242488224e-06, "sign": -1.0, "magnitude": 1.0049848242488224e-06, "dL_d_alpha": -4.01997294959895e-06}}, "cosines": {"regime evidence": {"5d-vs-1d": -0.7430505752563477, "5d-vs-10d": 0.9386929869651794, "5d-vs-20d": 0.9446979761123657}, "transition logits": {"5d-vs-1d": -0.7186574935913086, "5d-vs-10d": 0.9422971606254578, "5d-vs-20d": 0.9472735524177551}, "generators": {"5d-vs-1d": 0.20788481831550598, "5d-vs-10d": 0.4719609022140503, "5d-vs-20d": 0.44212573766708374}, "balanced readouts": {"5d-vs-1d": 0.2982138693332672, "5d-vs-10d": 0.059961460530757904, "5d-vs-20d": -0.0408477820456028}}, "global_persistence_horizon_conflict": true}
[D0E REPORT] experiments/d0e/20260907_175150/REPORT.md

Retained ablation summary
Variant                    Params   Train Time        MAE       RMSE     Hit%    vs Zero
D0E-LearnablePersistence      520,550         336s   0.022032   0.028537    49.0%     +3.57%

📋 Experiment 20260907_175203 logged to /home/yangxiaotong/projects/myresearch/Commedities/experiments/EXPERIMENTS.jsonl
