nohup: 忽略输入
Device: cuda  |  Epochs: 300  |  Seed: 42
Target: return  |  Primary horizon: 5d  |  Multi-horizons: [1, 5, 10, 20]
Filtered to 3 variants: ['+EdgeAttn', '+MultiScaleT', '+HorizonAlign']

[Data] Building 21-dim feature pipeline...
============================================================
CMGM Data Loading Pipeline
============================================================

[Step 1] Loading raw price data...

[Step 2] Aligning markets to common date range...
[DataLoader] Stock date range: 2015-01-05 00:00:00 to 2025-06-30 00:00:00 (2548 days)
[DataLoader] Bond date range: 2017-01-17 00:00:00 to 2025-12-31 00:00:00 (2176 days)
[DataLoader] Commodity date range: 2015-01-05 00:00:00 to 2025-12-31 00:00:00 (2679 days)
[DataLoader] Common date range: 2017-01-17 00:00:00 to 2025-06-30 00:00:00 (2050 days)
[DataLoader] Combined price matrix shape: (2050, 284)
[DataLoader] Market split: stocks=248, bonds=12, commodities=24

[Step 3] Temporal train/val/test split...
[DataLoader] Temporal split: train=1435, val=307, test=308

[Step 4] Per-asset z-score normalization...
[DataLoader] Per-asset z-score normalization fitted on training data only
[DataLoader] mean range: [0.9803, 173055.7656]
[DataLoader] std  range: [0.000000, 55160.3203]
[DataLoader] Z-scored train range: [-11.3746, 91.5527]

[Step 6] Computing returns for graph construction...
     Training returns shape: (1434, 284)

[Step 7] Creating sliding window datasets...

[Done] Dataset sizes: train=1396, val=268, test=269
[Done] Total nodes: 284
[Done] Commodity nodes (output dim): 24
[Features] Computed 21 features: price, ret_1d, ret_5d, ret_10d, ret_20d, vol_5d, vol_10d, vol_20d, zscore_5d, zscore_10d, zscore_20d, price_ma5, price_ma10, price_ma20, price_ma60, rsi_14, bb_position, skewness_20d, kurtosis_20d, roc_10d, percentile_20d
[Features] Shape: (T=2050, N=284, F=21)  range: [-4.4721, 391400.0000]

[Data] Building 7-dim feature pipeline...
============================================================
CMGM Data Loading Pipeline
============================================================

[Step 1] Loading raw price data...

[Step 2] Aligning markets to common date range...
[DataLoader] Stock date range: 2015-01-05 00:00:00 to 2025-06-30 00:00:00 (2548 days)
[DataLoader] Bond date range: 2017-01-17 00:00:00 to 2025-12-31 00:00:00 (2176 days)
[DataLoader] Commodity date range: 2015-01-05 00:00:00 to 2025-12-31 00:00:00 (2679 days)
[DataLoader] Common date range: 2017-01-17 00:00:00 to 2025-06-30 00:00:00 (2050 days)
[DataLoader] Combined price matrix shape: (2050, 284)
[DataLoader] Market split: stocks=248, bonds=12, commodities=24

[Step 3] Temporal train/val/test split...
[DataLoader] Temporal split: train=1435, val=307, test=308

[Step 4] Per-asset z-score normalization...
[DataLoader] Per-asset z-score normalization fitted on training data only
[DataLoader] mean range: [0.9803, 173055.7656]
[DataLoader] std  range: [0.000000, 55160.3203]
[DataLoader] Z-scored train range: [-11.3746, 91.5527]

[Step 6] Computing returns for graph construction...
     Training returns shape: (1434, 284)

[Step 7] Creating sliding window datasets...

[Done] Dataset sizes: train=1396, val=268, test=269
[Done] Total nodes: 284
[Done] Commodity nodes (output dim): 24
[Features] Computed 7 features from RAW prices: price, return, ma5_ratio, ma20_ratio, volatility, rsi_14, macd
[Features] Shape: (T=2050, N=284, F=7)  range: [-21915.3594, 391400.0000]

==========================================================================================
  ABLATION: +EdgeAttn  (variant=edge_attn, feat_dim=21, {})
==========================================================================================
  Params: 1,684,761

============================================================
CMGM Training
============================================================
Device: cuda
Epochs: 300 (early stopping patience=10)
Learning rate: 0.0001, Weight decay: 1e-05
============================================================
  [variant=edge_attn] GCN→([64, 64]) || LSTM→([64, 64]) → head → ([64, 4, 24])
  Epoch   1/300 | Train Loss: 0.005387 | Val Loss: 0.005110 | LR: 1.00e-04 | Best: inf
  Epoch   2/300 | Train Loss: 0.004465 | Val Loss: 0.004707 | LR: 1.00e-04 | Best: 0.005110
  Epoch   3/300 | Train Loss: 0.004121 | Val Loss: 0.004459 | LR: 1.00e-04 | Best: 0.004707
  Epoch   4/300 | Train Loss: 0.003834 | Val Loss: 0.004232 | LR: 1.00e-04 | Best: 0.004459
  Epoch   5/300 | Train Loss: 0.003569 | Val Loss: 0.004048 | LR: 1.00e-04 | Best: 0.004232
  Epoch   6/300 | Train Loss: 0.003325 | Val Loss: 0.003868 | LR: 1.00e-04 | Best: 0.004048
  Epoch   7/300 | Train Loss: 0.003100 | Val Loss: 0.003639 | LR: 1.00e-04 | Best: 0.003868
  Epoch   8/300 | Train Loss: 0.002923 | Val Loss: 0.003430 | LR: 1.00e-04 | Best: 0.003639
  Epoch   9/300 | Train Loss: 0.002748 | Val Loss: 0.003266 | LR: 1.00e-04 | Best: 0.003430
  Epoch  10/300 | Train Loss: 0.002636 | Val Loss: 0.003132 | LR: 1.00e-04 | Best: 0.003266
  Gate   | mean=0.499 std=0.056 [0.363, 0.660] → 偏向GCN
  Epoch  11/300 | Train Loss: 0.002513 | Val Loss: 0.002984 | LR: 1.00e-04 | Best: 0.003132
  Epoch  12/300 | Train Loss: 0.002429 | Val Loss: 0.002872 | LR: 1.00e-04 | Best: 0.002984
  Epoch  13/300 | Train Loss: 0.002374 | Val Loss: 0.002833 | LR: 1.00e-04 | Best: 0.002872
  Epoch  14/300 | Train Loss: 0.002362 | Val Loss: 0.002854 | LR: 1.00e-04 | Best: 0.002833
  Epoch  15/300 | Train Loss: 0.002371 | Val Loss: 0.002943 | LR: 1.00e-04 | Best: 0.002833
  Epoch  16/300 | Train Loss: 0.002391 | Val Loss: 0.003015 | LR: 1.00e-04 | Best: 0.002833
  Epoch  17/300 | Train Loss: 0.002245 | Val Loss: 0.002924 | LR: 1.00e-04 | Best: 0.002833
  Epoch  18/300 | Train Loss: 0.002186 | Val Loss: 0.002807 | LR: 1.00e-04 | Best: 0.002833
  Epoch  19/300 | Train Loss: 0.002111 | Val Loss: 0.002737 | LR: 1.00e-04 | Best: 0.002807
  Epoch  20/300 | Train Loss: 0.002068 | Val Loss: 0.002683 | LR: 1.00e-04 | Best: 0.002737
  Gate   | mean=0.514 std=0.053 [0.379, 0.682] → 偏向LSTM
  Epoch  21/300 | Train Loss: 0.002044 | Val Loss: 0.002607 | LR: 1.00e-04 | Best: 0.002683
  Epoch  22/300 | Train Loss: 0.002020 | Val Loss: 0.002592 | LR: 1.00e-04 | Best: 0.002607
  Epoch  23/300 | Train Loss: 0.002006 | Val Loss: 0.002563 | LR: 1.00e-04 | Best: 0.002592
  Epoch  24/300 | Train Loss: 0.001985 | Val Loss: 0.002541 | LR: 1.00e-04 | Best: 0.002563
  Epoch  25/300 | Train Loss: 0.001971 | Val Loss: 0.002522 | LR: 1.00e-04 | Best: 0.002541
  Epoch  26/300 | Train Loss: 0.001949 | Val Loss: 0.002483 | LR: 1.00e-04 | Best: 0.002522
  Epoch  27/300 | Train Loss: 0.001927 | Val Loss: 0.002452 | LR: 1.00e-04 | Best: 0.002483
  Epoch  28/300 | Train Loss: 0.001921 | Val Loss: 0.002408 | LR: 1.00e-04 | Best: 0.002452
  Epoch  29/300 | Train Loss: 0.001894 | Val Loss: 0.002349 | LR: 1.00e-04 | Best: 0.002408
  Epoch  30/300 | Train Loss: 0.001886 | Val Loss: 0.002319 | LR: 1.00e-04 | Best: 0.002349
  Gate   | mean=0.517 std=0.049 [0.381, 0.674] → 偏向LSTM
  Epoch  31/300 | Train Loss: 0.001874 | Val Loss: 0.002313 | LR: 1.00e-04 | Best: 0.002319
  Epoch  32/300 | Train Loss: 0.001857 | Val Loss: 0.002319 | LR: 1.00e-04 | Best: 0.002313
  Epoch  33/300 | Train Loss: 0.001843 | Val Loss: 0.002302 | LR: 1.00e-04 | Best: 0.002313
  Epoch  34/300 | Train Loss: 0.001832 | Val Loss: 0.002273 | LR: 1.00e-04 | Best: 0.002302
  Epoch  35/300 | Train Loss: 0.001819 | Val Loss: 0.002232 | LR: 1.00e-04 | Best: 0.002273
  Epoch  36/300 | Train Loss: 0.001807 | Val Loss: 0.002194 | LR: 1.00e-04 | Best: 0.002232
  Epoch  37/300 | Train Loss: 0.001797 | Val Loss: 0.002175 | LR: 1.00e-04 | Best: 0.002194
  Epoch  38/300 | Train Loss: 0.001794 | Val Loss: 0.002162 | LR: 1.00e-04 | Best: 0.002175
  Epoch  39/300 | Train Loss: 0.001781 | Val Loss: 0.002152 | LR: 1.00e-04 | Best: 0.002162
  Epoch  40/300 | Train Loss: 0.001785 | Val Loss: 0.002152 | LR: 1.00e-04 | Best: 0.002152
  Gate   | mean=0.522 std=0.047 [0.391, 0.669] → 偏向LSTM
  Epoch  41/300 | Train Loss: 0.001790 | Val Loss: 0.002162 | LR: 1.00e-04 | Best: 0.002152
  Epoch  42/300 | Train Loss: 0.001806 | Val Loss: 0.002123 | LR: 1.00e-04 | Best: 0.002152
  Epoch  43/300 | Train Loss: 0.001805 | Val Loss: 0.002079 | LR: 1.00e-04 | Best: 0.002123
  Epoch  44/300 | Train Loss: 0.001753 | Val Loss: 0.002095 | LR: 1.00e-04 | Best: 0.002079
  Epoch  45/300 | Train Loss: 0.001733 | Val Loss: 0.002065 | LR: 1.00e-04 | Best: 0.002079
  Epoch  46/300 | Train Loss: 0.001705 | Val Loss: 0.002054 | LR: 1.00e-04 | Best: 0.002065
  Epoch  47/300 | Train Loss: 0.001700 | Val Loss: 0.002045 | LR: 1.00e-04 | Best: 0.002054
  Epoch  48/300 | Train Loss: 0.001685 | Val Loss: 0.002036 | LR: 1.00e-04 | Best: 0.002045
  Epoch  49/300 | Train Loss: 0.001683 | Val Loss: 0.002017 | LR: 1.00e-04 | Best: 0.002036
  Epoch  50/300 | Train Loss: 0.001676 | Val Loss: 0.002021 | LR: 1.00e-04 | Best: 0.002017
  Gate   | mean=0.528 std=0.044 [0.402, 0.658] → 偏向LSTM
  Epoch  51/300 | Train Loss: 0.001673 | Val Loss: 0.002004 | LR: 1.00e-04 | Best: 0.002017
  Epoch  52/300 | Train Loss: 0.001671 | Val Loss: 0.001974 | LR: 1.00e-04 | Best: 0.002004
  Epoch  53/300 | Train Loss: 0.001717 | Val Loss: 0.001980 | LR: 1.00e-04 | Best: 0.001974
  Epoch  54/300 | Train Loss: 0.001693 | Val Loss: 0.001965 | LR: 1.00e-04 | Best: 0.001974
  Epoch  55/300 | Train Loss: 0.001665 | Val Loss: 0.001948 | LR: 1.00e-04 | Best: 0.001965
  Epoch  56/300 | Train Loss: 0.001656 | Val Loss: 0.001958 | LR: 1.00e-04 | Best: 0.001948
  Epoch  57/300 | Train Loss: 0.001635 | Val Loss: 0.001947 | LR: 1.00e-04 | Best: 0.001948
  Epoch  58/300 | Train Loss: 0.001626 | Val Loss: 0.001930 | LR: 1.00e-04 | Best: 0.001947
  Epoch  59/300 | Train Loss: 0.001624 | Val Loss: 0.001930 | LR: 1.00e-04 | Best: 0.001930
  Epoch  60/300 | Train Loss: 0.001605 | Val Loss: 0.001926 | LR: 1.00e-04 | Best: 0.001930
  Gate   | mean=0.533 std=0.043 [0.407, 0.651] → 偏向LSTM
  Epoch  61/300 | Train Loss: 0.001599 | Val Loss: 0.001908 | LR: 1.00e-04 | Best: 0.001926
  Epoch  62/300 | Train Loss: 0.001608 | Val Loss: 0.001916 | LR: 1.00e-04 | Best: 0.001908
  Epoch  63/300 | Train Loss: 0.001597 | Val Loss: 0.001913 | LR: 1.00e-04 | Best: 0.001908
  Epoch  64/300 | Train Loss: 0.001609 | Val Loss: 0.001888 | LR: 1.00e-04 | Best: 0.001908
  Epoch  65/300 | Train Loss: 0.001626 | Val Loss: 0.001892 | LR: 1.00e-04 | Best: 0.001888
  Epoch  66/300 | Train Loss: 0.001596 | Val Loss: 0.001890 | LR: 1.00e-04 | Best: 0.001888
  Epoch  67/300 | Train Loss: 0.001588 | Val Loss: 0.001871 | LR: 1.00e-04 | Best: 0.001888
  Epoch  68/300 | Train Loss: 0.001587 | Val Loss: 0.001878 | LR: 1.00e-04 | Best: 0.001871
  Epoch  69/300 | Train Loss: 0.001560 | Val Loss: 0.001879 | LR: 1.00e-04 | Best: 0.001871
  Epoch  70/300 | Train Loss: 0.001561 | Val Loss: 0.001876 | LR: 1.00e-04 | Best: 0.001871
  Gate   | mean=0.538 std=0.043 [0.409, 0.653] → 偏向LSTM
  Epoch  71/300 | Train Loss: 0.001559 | Val Loss: 0.001877 | LR: 1.00e-04 | Best: 0.001871
  Epoch  72/300 | Train Loss: 0.001544 | Val Loss: 0.001865 | LR: 1.00e-04 | Best: 0.001871
  Epoch  73/300 | Train Loss: 0.001541 | Val Loss: 0.001865 | LR: 1.00e-04 | Best: 0.001865
  Epoch  74/300 | Train Loss: 0.001562 | Val Loss: 0.001875 | LR: 1.00e-04 | Best: 0.001865
  Epoch  75/300 | Train Loss: 0.001554 | Val Loss: 0.001868 | LR: 1.00e-04 | Best: 0.001865
  Epoch  76/300 | Train Loss: 0.001552 | Val Loss: 0.001843 | LR: 1.00e-04 | Best: 0.001865
  Epoch  77/300 | Train Loss: 0.001576 | Val Loss: 0.001856 | LR: 1.00e-04 | Best: 0.001843
  Epoch  78/300 | Train Loss: 0.001551 | Val Loss: 0.001830 | LR: 1.00e-04 | Best: 0.001843
  Epoch  79/300 | Train Loss: 0.001521 | Val Loss: 0.001810 | LR: 1.00e-04 | Best: 0.001830
  Epoch  80/300 | Train Loss: 0.001518 | Val Loss: 0.001800 | LR: 1.00e-04 | Best: 0.001810
  Gate   | mean=0.543 std=0.042 [0.422, 0.660] → 偏向LSTM
  Epoch  81/300 | Train Loss: 0.001512 | Val Loss: 0.001778 | LR: 1.00e-04 | Best: 0.001800
  Epoch  82/300 | Train Loss: 0.001501 | Val Loss: 0.001756 | LR: 1.00e-04 | Best: 0.001778
  Epoch  83/300 | Train Loss: 0.001492 | Val Loss: 0.001747 | LR: 1.00e-04 | Best: 0.001756
  Epoch  84/300 | Train Loss: 0.001485 | Val Loss: 0.001719 | LR: 1.00e-04 | Best: 0.001747
  Epoch  85/300 | Train Loss: 0.001484 | Val Loss: 0.001705 | LR: 1.00e-04 | Best: 0.001719
  Epoch  86/300 | Train Loss: 0.001483 | Val Loss: 0.001691 | LR: 1.00e-04 | Best: 0.001705
  Epoch  87/300 | Train Loss: 0.001490 | Val Loss: 0.001680 | LR: 1.00e-04 | Best: 0.001691
  Epoch  88/300 | Train Loss: 0.001490 | Val Loss: 0.001672 | LR: 1.00e-04 | Best: 0.001680
  Epoch  89/300 | Train Loss: 0.001509 | Val Loss: 0.001692 | LR: 1.00e-04 | Best: 0.001672
  Epoch  90/300 | Train Loss: 0.001534 | Val Loss: 0.001647 | LR: 1.00e-04 | Best: 0.001672
  Gate   | mean=0.549 std=0.042 [0.426, 0.668] → 偏向LSTM
  Epoch  91/300 | Train Loss: 0.001499 | Val Loss: 0.001648 | LR: 1.00e-04 | Best: 0.001647
  Epoch  92/300 | Train Loss: 0.001488 | Val Loss: 0.001670 | LR: 1.00e-04 | Best: 0.001647
  Epoch  93/300 | Train Loss: 0.001482 | Val Loss: 0.001630 | LR: 1.00e-04 | Best: 0.001647
  Epoch  94/300 | Train Loss: 0.001468 | Val Loss: 0.001630 | LR: 1.00e-04 | Best: 0.001630
  Epoch  95/300 | Train Loss: 0.001457 | Val Loss: 0.001633 | LR: 1.00e-04 | Best: 0.001630
  Epoch  96/300 | Train Loss: 0.001448 | Val Loss: 0.001617 | LR: 1.00e-04 | Best: 0.001630
  Epoch  97/300 | Train Loss: 0.001449 | Val Loss: 0.001613 | LR: 1.00e-04 | Best: 0.001617
  Epoch  98/300 | Train Loss: 0.001446 | Val Loss: 0.001613 | LR: 1.00e-04 | Best: 0.001613
  Epoch  99/300 | Train Loss: 0.001444 | Val Loss: 0.001615 | LR: 1.00e-04 | Best: 0.001613
  Epoch 100/300 | Train Loss: 0.001454 | Val Loss: 0.001611 | LR: 1.00e-04 | Best: 0.001613
  Gate   | mean=0.554 std=0.041 [0.436, 0.671] → 偏向LSTM
  Epoch 101/300 | Train Loss: 0.001456 | Val Loss: 0.001597 | LR: 1.00e-04 | Best: 0.001611
  Epoch 102/300 | Train Loss: 0.001449 | Val Loss: 0.001602 | LR: 1.00e-04 | Best: 0.001597
  Epoch 103/300 | Train Loss: 0.001458 | Val Loss: 0.001619 | LR: 1.00e-04 | Best: 0.001597
  Epoch 104/300 | Train Loss: 0.001458 | Val Loss: 0.001594 | LR: 1.00e-04 | Best: 0.001597
  Epoch 105/300 | Train Loss: 0.001438 | Val Loss: 0.001589 | LR: 1.00e-04 | Best: 0.001594
  Epoch 106/300 | Train Loss: 0.001432 | Val Loss: 0.001603 | LR: 1.00e-04 | Best: 0.001589
  Epoch 107/300 | Train Loss: 0.001424 | Val Loss: 0.001587 | LR: 1.00e-04 | Best: 0.001589
  Epoch 108/300 | Train Loss: 0.001425 | Val Loss: 0.001593 | LR: 1.00e-04 | Best: 0.001587
  Epoch 109/300 | Train Loss: 0.001416 | Val Loss: 0.001599 | LR: 1.00e-04 | Best: 0.001587
  Epoch 110/300 | Train Loss: 0.001415 | Val Loss: 0.001583 | LR: 1.00e-04 | Best: 0.001587
  Gate   | mean=0.561 std=0.043 [0.434, 0.684] → 偏向LSTM
  Epoch 111/300 | Train Loss: 0.001414 | Val Loss: 0.001579 | LR: 1.00e-04 | Best: 0.001583
  Epoch 112/300 | Train Loss: 0.001406 | Val Loss: 0.001579 | LR: 1.00e-04 | Best: 0.001579
  Epoch 113/300 | Train Loss: 0.001407 | Val Loss: 0.001594 | LR: 1.00e-04 | Best: 0.001579
  Epoch 114/300 | Train Loss: 0.001401 | Val Loss: 0.001583 | LR: 1.00e-04 | Best: 0.001579
  Epoch 115/300 | Train Loss: 0.001409 | Val Loss: 0.001562 | LR: 1.00e-04 | Best: 0.001579
  Epoch 116/300 | Train Loss: 0.001405 | Val Loss: 0.001568 | LR: 1.00e-04 | Best: 0.001562
  Epoch 117/300 | Train Loss: 0.001394 | Val Loss: 0.001605 | LR: 1.00e-04 | Best: 0.001562
  Epoch 118/300 | Train Loss: 0.001412 | Val Loss: 0.001579 | LR: 1.00e-04 | Best: 0.001562
  Epoch 119/300 | Train Loss: 0.001413 | Val Loss: 0.001578 | LR: 1.00e-04 | Best: 0.001562
  Epoch 120/300 | Train Loss: 0.001405 | Val Loss: 0.001569 | LR: 1.00e-04 | Best: 0.001562
  Gate   | mean=0.567 std=0.042 [0.444, 0.687] → 偏向LSTM
  Epoch 121/300 | Train Loss: 0.001383 | Val Loss: 0.001574 | LR: 5.00e-05 | Best: 0.001562
  Epoch 122/300 | Train Loss: 0.001379 | Val Loss: 0.001574 | LR: 5.00e-05 | Best: 0.001562
  Epoch 123/300 | Train Loss: 0.001362 | Val Loss: 0.001561 | LR: 5.00e-05 | Best: 0.001562
  Epoch 124/300 | Train Loss: 0.001352 | Val Loss: 0.001564 | LR: 5.00e-05 | Best: 0.001561
  Epoch 125/300 | Train Loss: 0.001351 | Val Loss: 0.001565 | LR: 5.00e-05 | Best: 0.001561
  Epoch 126/300 | Train Loss: 0.001341 | Val Loss: 0.001560 | LR: 5.00e-05 | Best: 0.001561
  Epoch 127/300 | Train Loss: 0.001347 | Val Loss: 0.001566 | LR: 5.00e-05 | Best: 0.001560
  Epoch 128/300 | Train Loss: 0.001347 | Val Loss: 0.001560 | LR: 5.00e-05 | Best: 0.001560
  Epoch 129/300 | Train Loss: 0.001341 | Val Loss: 0.001567 | LR: 5.00e-05 | Best: 0.001560
  Epoch 130/300 | Train Loss: 0.001337 | Val Loss: 0.001563 | LR: 5.00e-05 | Best: 0.001560
  Gate   | mean=0.572 std=0.043 [0.446, 0.692] → 偏向LSTM
  Epoch 131/300 | Train Loss: 0.001334 | Val Loss: 0.001563 | LR: 5.00e-05 | Best: 0.001560
  Epoch 132/300 | Train Loss: 0.001335 | Val Loss: 0.001565 | LR: 2.50e-05 | Best: 0.001560
  Epoch 133/300 | Train Loss: 0.001333 | Val Loss: 0.001563 | LR: 2.50e-05 | Best: 0.001560
  Epoch 134/300 | Train Loss: 0.001332 | Val Loss: 0.001564 | LR: 2.50e-05 | Best: 0.001560
  Epoch 135/300 | Train Loss: 0.001331 | Val Loss: 0.001564 | LR: 2.50e-05 | Best: 0.001560
  Epoch 136/300 | Train Loss: 0.001325 | Val Loss: 0.001563 | LR: 2.50e-05 | Best: 0.001560

[Early Stopping] No improvement for 10 epochs. Stopping at epoch 136.
[Early Stopping] Best validation loss: 0.001560 at epoch 126

[Checkpoint] Restored best model from epoch 126
============================================================


  ── Result ──
  MAE: 0.021531  RMSE: 0.027983  Hit%: 49.5  vs Zero: +1.21%  [142s]

==========================================================================================
  ABLATION: +MultiScaleT  (variant=multiscale_time, feat_dim=21, {})
==========================================================================================
  Params: 1,667,929

============================================================
CMGM Training
============================================================
Device: cuda
Epochs: 300 (early stopping patience=10)
Learning rate: 0.0001, Weight decay: 1e-05
============================================================
  [variant=multiscale_time] GCN→([64, 64]) || LSTM→([64, 64]) → head → ([64, 4, 24])
  Epoch   1/300 | Train Loss: 0.005164 | Val Loss: 0.004624 | LR: 1.00e-04 | Best: inf
  Epoch   2/300 | Train Loss: 0.004342 | Val Loss: 0.004215 | LR: 1.00e-04 | Best: 0.004624
  Epoch   3/300 | Train Loss: 0.003950 | Val Loss: 0.003878 | LR: 1.00e-04 | Best: 0.004215
  Epoch   4/300 | Train Loss: 0.003657 | Val Loss: 0.003561 | LR: 1.00e-04 | Best: 0.003878
  Epoch   5/300 | Train Loss: 0.003380 | Val Loss: 0.003254 | LR: 1.00e-04 | Best: 0.003561
  Epoch   6/300 | Train Loss: 0.003095 | Val Loss: 0.002993 | LR: 1.00e-04 | Best: 0.003254
  Epoch   7/300 | Train Loss: 0.002881 | Val Loss: 0.002791 | LR: 1.00e-04 | Best: 0.002993
  Epoch   8/300 | Train Loss: 0.002723 | Val Loss: 0.002626 | LR: 1.00e-04 | Best: 0.002791
  Epoch   9/300 | Train Loss: 0.002609 | Val Loss: 0.002527 | LR: 1.00e-04 | Best: 0.002626
  Epoch  10/300 | Train Loss: 0.002488 | Val Loss: 0.002459 | LR: 1.00e-04 | Best: 0.002527
  Gate   | mean=0.505 std=0.051 [0.381, 0.594] → 偏向LSTM
  Epoch  11/300 | Train Loss: 0.002443 | Val Loss: 0.002428 | LR: 1.00e-04 | Best: 0.002459
  Epoch  12/300 | Train Loss: 0.002464 | Val Loss: 0.002380 | LR: 1.00e-04 | Best: 0.002428
  Epoch  13/300 | Train Loss: 0.002433 | Val Loss: 0.002283 | LR: 1.00e-04 | Best: 0.002380
  Epoch  14/300 | Train Loss: 0.002357 | Val Loss: 0.002228 | LR: 1.00e-04 | Best: 0.002283
  Epoch  15/300 | Train Loss: 0.002265 | Val Loss: 0.002219 | LR: 1.00e-04 | Best: 0.002228
  Epoch  16/300 | Train Loss: 0.002150 | Val Loss: 0.002187 | LR: 1.00e-04 | Best: 0.002219
  Epoch  17/300 | Train Loss: 0.002111 | Val Loss: 0.002165 | LR: 1.00e-04 | Best: 0.002187
  Epoch  18/300 | Train Loss: 0.002102 | Val Loss: 0.002133 | LR: 1.00e-04 | Best: 0.002165
  Epoch  19/300 | Train Loss: 0.002064 | Val Loss: 0.002086 | LR: 1.00e-04 | Best: 0.002133
  Epoch  20/300 | Train Loss: 0.002033 | Val Loss: 0.002051 | LR: 1.00e-04 | Best: 0.002086
  Gate   | mean=0.521 std=0.049 [0.390, 0.639] → 偏向LSTM
  Epoch  21/300 | Train Loss: 0.002031 | Val Loss: 0.002042 | LR: 1.00e-04 | Best: 0.002051
  Epoch  22/300 | Train Loss: 0.002015 | Val Loss: 0.002054 | LR: 1.00e-04 | Best: 0.002042
  Epoch  23/300 | Train Loss: 0.002019 | Val Loss: 0.002031 | LR: 1.00e-04 | Best: 0.002042
  Epoch  24/300 | Train Loss: 0.002002 | Val Loss: 0.002004 | LR: 1.00e-04 | Best: 0.002031
  Epoch  25/300 | Train Loss: 0.001992 | Val Loss: 0.001986 | LR: 1.00e-04 | Best: 0.002004
  Epoch  26/300 | Train Loss: 0.001980 | Val Loss: 0.001963 | LR: 1.00e-04 | Best: 0.001986
  Epoch  27/300 | Train Loss: 0.001949 | Val Loss: 0.001936 | LR: 1.00e-04 | Best: 0.001963
  Epoch  28/300 | Train Loss: 0.001995 | Val Loss: 0.001940 | LR: 1.00e-04 | Best: 0.001936
  Epoch  29/300 | Train Loss: 0.001952 | Val Loss: 0.001963 | LR: 1.00e-04 | Best: 0.001936
  Epoch  30/300 | Train Loss: 0.001941 | Val Loss: 0.001933 | LR: 1.00e-04 | Best: 0.001936
  Gate   | mean=0.530 std=0.047 [0.396, 0.649] → 偏向LSTM
  Epoch  31/300 | Train Loss: 0.001904 | Val Loss: 0.001886 | LR: 1.00e-04 | Best: 0.001933
  Epoch  32/300 | Train Loss: 0.001867 | Val Loss: 0.001884 | LR: 1.00e-04 | Best: 0.001886
  Epoch  33/300 | Train Loss: 0.001854 | Val Loss: 0.001887 | LR: 1.00e-04 | Best: 0.001884
  Epoch  34/300 | Train Loss: 0.001842 | Val Loss: 0.001876 | LR: 1.00e-04 | Best: 0.001884
  Epoch  35/300 | Train Loss: 0.001824 | Val Loss: 0.001856 | LR: 1.00e-04 | Best: 0.001876
  Epoch  36/300 | Train Loss: 0.001816 | Val Loss: 0.001856 | LR: 1.00e-04 | Best: 0.001856
  Epoch  37/300 | Train Loss: 0.001807 | Val Loss: 0.001855 | LR: 1.00e-04 | Best: 0.001856
  Epoch  38/300 | Train Loss: 0.001803 | Val Loss: 0.001833 | LR: 1.00e-04 | Best: 0.001855
  Epoch  39/300 | Train Loss: 0.001789 | Val Loss: 0.001811 | LR: 1.00e-04 | Best: 0.001833
  Epoch  40/300 | Train Loss: 0.001794 | Val Loss: 0.001842 | LR: 1.00e-04 | Best: 0.001811
  Gate   | mean=0.532 std=0.047 [0.396, 0.680] → 偏向LSTM
  Epoch  41/300 | Train Loss: 0.001802 | Val Loss: 0.001812 | LR: 1.00e-04 | Best: 0.001811
  Epoch  42/300 | Train Loss: 0.001799 | Val Loss: 0.001763 | LR: 1.00e-04 | Best: 0.001811
  Epoch  43/300 | Train Loss: 0.001829 | Val Loss: 0.001793 | LR: 1.00e-04 | Best: 0.001763
  Epoch  44/300 | Train Loss: 0.001775 | Val Loss: 0.001779 | LR: 1.00e-04 | Best: 0.001763
  Epoch  45/300 | Train Loss: 0.001752 | Val Loss: 0.001750 | LR: 1.00e-04 | Best: 0.001763
  Epoch  46/300 | Train Loss: 0.001737 | Val Loss: 0.001748 | LR: 1.00e-04 | Best: 0.001750
  Epoch  47/300 | Train Loss: 0.001731 | Val Loss: 0.001749 | LR: 1.00e-04 | Best: 0.001748
  Epoch  48/300 | Train Loss: 0.001722 | Val Loss: 0.001728 | LR: 1.00e-04 | Best: 0.001748
  Epoch  49/300 | Train Loss: 0.001721 | Val Loss: 0.001718 | LR: 1.00e-04 | Best: 0.001728
  Epoch  50/300 | Train Loss: 0.001711 | Val Loss: 0.001741 | LR: 1.00e-04 | Best: 0.001718
  Gate   | mean=0.535 std=0.045 [0.399, 0.704] → 偏向LSTM
  Epoch  51/300 | Train Loss: 0.001728 | Val Loss: 0.001712 | LR: 1.00e-04 | Best: 0.001718
  Epoch  52/300 | Train Loss: 0.001730 | Val Loss: 0.001693 | LR: 1.00e-04 | Best: 0.001712
  Epoch  53/300 | Train Loss: 0.001758 | Val Loss: 0.001729 | LR: 1.00e-04 | Best: 0.001693
  Epoch  54/300 | Train Loss: 0.001719 | Val Loss: 0.001697 | LR: 1.00e-04 | Best: 0.001693
  Epoch  55/300 | Train Loss: 0.001689 | Val Loss: 0.001686 | LR: 1.00e-04 | Best: 0.001693
  Epoch  56/300 | Train Loss: 0.001682 | Val Loss: 0.001696 | LR: 1.00e-04 | Best: 0.001686
  Epoch  57/300 | Train Loss: 0.001671 | Val Loss: 0.001684 | LR: 1.00e-04 | Best: 0.001686
  Epoch  58/300 | Train Loss: 0.001661 | Val Loss: 0.001672 | LR: 1.00e-04 | Best: 0.001684
  Epoch  59/300 | Train Loss: 0.001671 | Val Loss: 0.001696 | LR: 1.00e-04 | Best: 0.001672
  Epoch  60/300 | Train Loss: 0.001676 | Val Loss: 0.001681 | LR: 1.00e-04 | Best: 0.001672
  Gate   | mean=0.537 std=0.044 [0.412, 0.719] → 偏向LSTM
  Epoch  61/300 | Train Loss: 0.001684 | Val Loss: 0.001688 | LR: 1.00e-04 | Best: 0.001672
  Epoch  62/300 | Train Loss: 0.001743 | Val Loss: 0.001702 | LR: 1.00e-04 | Best: 0.001672
  Epoch  63/300 | Train Loss: 0.001723 | Val Loss: 0.001660 | LR: 1.00e-04 | Best: 0.001672
  Epoch  64/300 | Train Loss: 0.001672 | Val Loss: 0.001665 | LR: 1.00e-04 | Best: 0.001660
  Epoch  65/300 | Train Loss: 0.001685 | Val Loss: 0.001676 | LR: 1.00e-04 | Best: 0.001660
  Epoch  66/300 | Train Loss: 0.001672 | Val Loss: 0.001648 | LR: 1.00e-04 | Best: 0.001660
  Epoch  67/300 | Train Loss: 0.001645 | Val Loss: 0.001660 | LR: 1.00e-04 | Best: 0.001648
  Epoch  68/300 | Train Loss: 0.001654 | Val Loss: 0.001658 | LR: 1.00e-04 | Best: 0.001648
  Epoch  69/300 | Train Loss: 0.001654 | Val Loss: 0.001632 | LR: 1.00e-04 | Best: 0.001648
  Epoch  70/300 | Train Loss: 0.001657 | Val Loss: 0.001655 | LR: 1.00e-04 | Best: 0.001632
  Gate   | mean=0.539 std=0.043 [0.420, 0.726] → 偏向LSTM
  Epoch  71/300 | Train Loss: 0.001633 | Val Loss: 0.001653 | LR: 1.00e-04 | Best: 0.001632
  Epoch  72/300 | Train Loss: 0.001616 | Val Loss: 0.001625 | LR: 1.00e-04 | Best: 0.001632
  Epoch  73/300 | Train Loss: 0.001619 | Val Loss: 0.001635 | LR: 1.00e-04 | Best: 0.001625
  Epoch  74/300 | Train Loss: 0.001609 | Val Loss: 0.001649 | LR: 1.00e-04 | Best: 0.001625
  Epoch  75/300 | Train Loss: 0.001608 | Val Loss: 0.001627 | LR: 1.00e-04 | Best: 0.001625
  Epoch  76/300 | Train Loss: 0.001621 | Val Loss: 0.001653 | LR: 1.00e-04 | Best: 0.001625
  Epoch  77/300 | Train Loss: 0.001611 | Val Loss: 0.001656 | LR: 1.00e-04 | Best: 0.001625
  Epoch  78/300 | Train Loss: 0.001612 | Val Loss: 0.001621 | LR: 1.00e-04 | Best: 0.001625
  Epoch  79/300 | Train Loss: 0.001636 | Val Loss: 0.001652 | LR: 1.00e-04 | Best: 0.001621
  Epoch  80/300 | Train Loss: 0.001607 | Val Loss: 0.001634 | LR: 1.00e-04 | Best: 0.001621
  Gate   | mean=0.540 std=0.041 [0.432, 0.727] → 偏向LSTM
  Epoch  81/300 | Train Loss: 0.001587 | Val Loss: 0.001616 | LR: 1.00e-04 | Best: 0.001621
  Epoch  82/300 | Train Loss: 0.001584 | Val Loss: 0.001631 | LR: 1.00e-04 | Best: 0.001616
  Epoch  83/300 | Train Loss: 0.001576 | Val Loss: 0.001624 | LR: 1.00e-04 | Best: 0.001616
  Epoch  84/300 | Train Loss: 0.001566 | Val Loss: 0.001622 | LR: 1.00e-04 | Best: 0.001616
  Epoch  85/300 | Train Loss: 0.001573 | Val Loss: 0.001639 | LR: 1.00e-04 | Best: 0.001616
  Epoch  86/300 | Train Loss: 0.001582 | Val Loss: 0.001626 | LR: 1.00e-04 | Best: 0.001616
  Epoch  87/300 | Train Loss: 0.001585 | Val Loss: 0.001625 | LR: 5.00e-05 | Best: 0.001616
  Epoch  88/300 | Train Loss: 0.001619 | Val Loss: 0.001639 | LR: 5.00e-05 | Best: 0.001616
  Epoch  89/300 | Train Loss: 0.001559 | Val Loss: 0.001626 | LR: 5.00e-05 | Best: 0.001616
  Epoch  90/300 | Train Loss: 0.001553 | Val Loss: 0.001628 | LR: 5.00e-05 | Best: 0.001616
  Gate   | mean=0.542 std=0.041 [0.438, 0.732] → 偏向LSTM
  Epoch  91/300 | Train Loss: 0.001548 | Val Loss: 0.001624 | LR: 5.00e-05 | Best: 0.001616

[Early Stopping] No improvement for 10 epochs. Stopping at epoch 91.
[Early Stopping] Best validation loss: 0.001616 at epoch 81

[Checkpoint] Restored best model from epoch 81
============================================================


  ── Result ──
  MAE: 0.021612  RMSE: 0.028124  Hit%: 52.2  vs Zero: +1.59%  [88s]

==========================================================================================
  ABLATION: +HorizonAlign  (variant=horizon_align, feat_dim=21, {})
==========================================================================================
  Params: 1,674,361

============================================================
CMGM Training
============================================================
Device: cuda
Epochs: 300 (early stopping patience=10)
Learning rate: 0.0001, Weight decay: 1e-05
============================================================
  [variant=horizon_align] GCN→([64, 64]) || LSTM→([64, 20, 64]) → head → ([64, 4, 24])
  Epoch   1/300 | Train Loss: 0.004758 | Val Loss: 0.004333 | LR: 1.00e-04 | Best: inf
  Epoch   2/300 | Train Loss: 0.003870 | Val Loss: 0.003800 | LR: 1.00e-04 | Best: 0.004333
  Epoch   3/300 | Train Loss: 0.003380 | Val Loss: 0.003440 | LR: 1.00e-04 | Best: 0.003800
  Epoch   4/300 | Train Loss: 0.003038 | Val Loss: 0.003180 | LR: 1.00e-04 | Best: 0.003440
  Epoch   5/300 | Train Loss: 0.002797 | Val Loss: 0.002980 | LR: 1.00e-04 | Best: 0.003180
  Epoch   6/300 | Train Loss: 0.002612 | Val Loss: 0.002855 | LR: 1.00e-04 | Best: 0.002980
  Epoch   7/300 | Train Loss: 0.002500 | Val Loss: 0.002772 | LR: 1.00e-04 | Best: 0.002855
  Epoch   8/300 | Train Loss: 0.002410 | Val Loss: 0.002700 | LR: 1.00e-04 | Best: 0.002772
  Epoch   9/300 | Train Loss: 0.002330 | Val Loss: 0.002625 | LR: 1.00e-04 | Best: 0.002700
  Epoch  10/300 | Train Loss: 0.002292 | Val Loss: 0.002557 | LR: 1.00e-04 | Best: 0.002625
  Gate   | mean=0.503 std=0.058 [0.355, 0.619] → 偏向LSTM
  Epoch  11/300 | Train Loss: 0.002244 | Val Loss: 0.002511 | LR: 1.00e-04 | Best: 0.002557
  Epoch  12/300 | Train Loss: 0.002195 | Val Loss: 0.002470 | LR: 1.00e-04 | Best: 0.002511
  Epoch  13/300 | Train Loss: 0.002165 | Val Loss: 0.002427 | LR: 1.00e-04 | Best: 0.002470
  Epoch  14/300 | Train Loss: 0.002129 | Val Loss: 0.002389 | LR: 1.00e-04 | Best: 0.002427
  Epoch  15/300 | Train Loss: 0.002102 | Val Loss: 0.002365 | LR: 1.00e-04 | Best: 0.002389
  Epoch  16/300 | Train Loss: 0.002077 | Val Loss: 0.002336 | LR: 1.00e-04 | Best: 0.002365
  Epoch  17/300 | Train Loss: 0.002046 | Val Loss: 0.002301 | LR: 1.00e-04 | Best: 0.002336
  Epoch  18/300 | Train Loss: 0.002017 | Val Loss: 0.002270 | LR: 1.00e-04 | Best: 0.002301
  Epoch  19/300 | Train Loss: 0.002006 | Val Loss: 0.002208 | LR: 1.00e-04 | Best: 0.002270
  Epoch  20/300 | Train Loss: 0.001974 | Val Loss: 0.002197 | LR: 1.00e-04 | Best: 0.002208
  Gate   | mean=0.508 std=0.055 [0.359, 0.624] → 偏向LSTM
  Epoch  21/300 | Train Loss: 0.001966 | Val Loss: 0.002155 | LR: 1.00e-04 | Best: 0.002197
  Epoch  22/300 | Train Loss: 0.001944 | Val Loss: 0.002148 | LR: 1.00e-04 | Best: 0.002155
  Epoch  23/300 | Train Loss: 0.001924 | Val Loss: 0.002139 | LR: 1.00e-04 | Best: 0.002148
  Epoch  24/300 | Train Loss: 0.001914 | Val Loss: 0.002109 | LR: 1.00e-04 | Best: 0.002139
  Epoch  25/300 | Train Loss: 0.001890 | Val Loss: 0.002062 | LR: 1.00e-04 | Best: 0.002109
  Epoch  26/300 | Train Loss: 0.001883 | Val Loss: 0.002018 | LR: 1.00e-04 | Best: 0.002062
  Epoch  27/300 | Train Loss: 0.001867 | Val Loss: 0.001992 | LR: 1.00e-04 | Best: 0.002018
  Epoch  28/300 | Train Loss: 0.001849 | Val Loss: 0.001967 | LR: 1.00e-04 | Best: 0.001992
  Epoch  29/300 | Train Loss: 0.001836 | Val Loss: 0.001956 | LR: 1.00e-04 | Best: 0.001967
  Epoch  30/300 | Train Loss: 0.001823 | Val Loss: 0.001967 | LR: 1.00e-04 | Best: 0.001956
  Gate   | mean=0.520 std=0.053 [0.373, 0.624] → 偏向LSTM
  Epoch  31/300 | Train Loss: 0.001814 | Val Loss: 0.001957 | LR: 1.00e-04 | Best: 0.001956
  Epoch  32/300 | Train Loss: 0.001800 | Val Loss: 0.001924 | LR: 1.00e-04 | Best: 0.001956
  Epoch  33/300 | Train Loss: 0.001778 | Val Loss: 0.001877 | LR: 1.00e-04 | Best: 0.001924
  Epoch  34/300 | Train Loss: 0.001769 | Val Loss: 0.001830 | LR: 1.00e-04 | Best: 0.001877
  Epoch  35/300 | Train Loss: 0.001768 | Val Loss: 0.001850 | LR: 1.00e-04 | Best: 0.001830
  Epoch  36/300 | Train Loss: 0.001748 | Val Loss: 0.001845 | LR: 1.00e-04 | Best: 0.001830
  Epoch  37/300 | Train Loss: 0.001745 | Val Loss: 0.001807 | LR: 1.00e-04 | Best: 0.001830
  Epoch  38/300 | Train Loss: 0.001739 | Val Loss: 0.001819 | LR: 1.00e-04 | Best: 0.001807
  Epoch  39/300 | Train Loss: 0.001712 | Val Loss: 0.001815 | LR: 1.00e-04 | Best: 0.001807
  Epoch  40/300 | Train Loss: 0.001722 | Val Loss: 0.001758 | LR: 1.00e-04 | Best: 0.001807
  Gate   | mean=0.531 std=0.054 [0.388, 0.662] → 偏向LSTM
  Epoch  41/300 | Train Loss: 0.001689 | Val Loss: 0.001766 | LR: 1.00e-04 | Best: 0.001758
  Epoch  42/300 | Train Loss: 0.001683 | Val Loss: 0.001766 | LR: 1.00e-04 | Best: 0.001758
  Epoch  43/300 | Train Loss: 0.001675 | Val Loss: 0.001735 | LR: 1.00e-04 | Best: 0.001758
  Epoch  44/300 | Train Loss: 0.001650 | Val Loss: 0.001739 | LR: 1.00e-04 | Best: 0.001735
  Epoch  45/300 | Train Loss: 0.001649 | Val Loss: 0.001745 | LR: 1.00e-04 | Best: 0.001735
  Epoch  46/300 | Train Loss: 0.001652 | Val Loss: 0.001715 | LR: 1.00e-04 | Best: 0.001735
  Epoch  47/300 | Train Loss: 0.001636 | Val Loss: 0.001704 | LR: 1.00e-04 | Best: 0.001715
  Epoch  48/300 | Train Loss: 0.001637 | Val Loss: 0.001726 | LR: 1.00e-04 | Best: 0.001704
  Epoch  49/300 | Train Loss: 0.001640 | Val Loss: 0.001685 | LR: 1.00e-04 | Best: 0.001704
  Epoch  50/300 | Train Loss: 0.001609 | Val Loss: 0.001685 | LR: 1.00e-04 | Best: 0.001685
  Gate   | mean=0.541 std=0.053 [0.402, 0.684] → 偏向LSTM
  Epoch  51/300 | Train Loss: 0.001615 | Val Loss: 0.001707 | LR: 1.00e-04 | Best: 0.001685
  Epoch  52/300 | Train Loss: 0.001610 | Val Loss: 0.001670 | LR: 1.00e-04 | Best: 0.001685
  Epoch  53/300 | Train Loss: 0.001584 | Val Loss: 0.001673 | LR: 1.00e-04 | Best: 0.001670
  Epoch  54/300 | Train Loss: 0.001577 | Val Loss: 0.001669 | LR: 1.00e-04 | Best: 0.001670
  Epoch  55/300 | Train Loss: 0.001579 | Val Loss: 0.001653 | LR: 1.00e-04 | Best: 0.001669
  Epoch  56/300 | Train Loss: 0.001570 | Val Loss: 0.001658 | LR: 1.00e-04 | Best: 0.001653
  Epoch  57/300 | Train Loss: 0.001557 | Val Loss: 0.001680 | LR: 1.00e-04 | Best: 0.001653
  Epoch  58/300 | Train Loss: 0.001568 | Val Loss: 0.001623 | LR: 1.00e-04 | Best: 0.001653
  Epoch  59/300 | Train Loss: 0.001576 | Val Loss: 0.001677 | LR: 1.00e-04 | Best: 0.001623
  Epoch  60/300 | Train Loss: 0.001582 | Val Loss: 0.001662 | LR: 1.00e-04 | Best: 0.001623
  Gate   | mean=0.553 std=0.055 [0.407, 0.707] → 偏向LSTM
  Epoch  61/300 | Train Loss: 0.001580 | Val Loss: 0.001606 | LR: 1.00e-04 | Best: 0.001623
  Epoch  62/300 | Train Loss: 0.001599 | Val Loss: 0.001652 | LR: 1.00e-04 | Best: 0.001606
  Epoch  63/300 | Train Loss: 0.001551 | Val Loss: 0.001624 | LR: 1.00e-04 | Best: 0.001606
  Epoch  64/300 | Train Loss: 0.001526 | Val Loss: 0.001632 | LR: 1.00e-04 | Best: 0.001606
  Epoch  65/300 | Train Loss: 0.001518 | Val Loss: 0.001639 | LR: 1.00e-04 | Best: 0.001606
  Epoch  66/300 | Train Loss: 0.001511 | Val Loss: 0.001612 | LR: 1.00e-04 | Best: 0.001606
  Epoch  67/300 | Train Loss: 0.001507 | Val Loss: 0.001630 | LR: 5.00e-05 | Best: 0.001606
  Epoch  68/300 | Train Loss: 0.001497 | Val Loss: 0.001623 | LR: 5.00e-05 | Best: 0.001606
  Epoch  69/300 | Train Loss: 0.001486 | Val Loss: 0.001612 | LR: 5.00e-05 | Best: 0.001606
  Epoch  70/300 | Train Loss: 0.001478 | Val Loss: 0.001616 | LR: 5.00e-05 | Best: 0.001606
  Gate   | mean=0.563 std=0.057 [0.421, 0.727] → 偏向LSTM
  Epoch  71/300 | Train Loss: 0.001475 | Val Loss: 0.001614 | LR: 5.00e-05 | Best: 0.001606

[Early Stopping] No improvement for 10 epochs. Stopping at epoch 71.
[Early Stopping] Best validation loss: 0.001606 at epoch 61

[Checkpoint] Restored best model from epoch 61
============================================================


  ── Result ──
  MAE: 0.022707  RMSE: 0.029210  Hit%: 49.3  vs Zero: +6.74%  [77s]

====================================================================================================
ABLATION STUDY — 5-day Return Space
====================================================================================================
Variant                Params    Time        MAE       RMSE    Hit%    vs Zero
----------------------------------------------------------------------------------------------------
+EdgeAttn           1,684,761    142s   0.021531   0.027983   49.5     +1.21%
+MultiScaleT        1,667,929     88s   0.021612   0.028124   52.2     +1.59%
+HorizonAlign       1,674,361     77s   0.022707   0.029210   49.3     +6.74%
====================================================================================================

📋 Experiment 20260813_175219 logged to /home/yangxiaotong/projects/myresearch/Commedities/experiments/EXPERIMENTS.jsonl
