nohup: 忽略输入
Device: cuda  |  Epochs: 300  |  Seed: 42
Target: return  |  Primary horizon: 5d  |  Multi-horizons: [1, 5, 10, 20]
Filtered to 6 variants: ['+TempWeighted', 'B-Transformer', 'C-TransformerRPE', 'D-TransformerRegime', 'E-RegimeRPE', 'F-RegimeDynamic']

[Data] Building 21-dim feature pipeline...
============================================================
CMGM Data Loading Pipeline
============================================================

[Step 1] Loading raw price data...

[Step 2] Aligning markets to common date range...
[DataLoader] Stock date range: 2015-01-05 00:00:00 to 2025-06-30 00:00:00 (2548 days)
[DataLoader] Bond date range: 2017-01-17 00:00:00 to 2025-12-31 00:00:00 (2176 days)
[DataLoader] Commodity date range: 2015-01-05 00:00:00 to 2025-12-31 00:00:00 (2679 days)
[DataLoader] Common date range: 2017-01-17 00:00:00 to 2025-06-30 00:00:00 (2050 days)
[DataLoader] Combined price matrix shape: (2050, 284)
[DataLoader] Market split: stocks=248, bonds=12, commodities=24

[Step 3] Temporal train/val/test split...
[DataLoader] Temporal split: train=1435, val=307, test=308

[Step 4] Per-asset z-score normalization...
[DataLoader] Per-asset z-score normalization fitted on training data only
[DataLoader] mean range: [0.9803, 173055.7656]
[DataLoader] std  range: [0.000000, 55160.3203]
[DataLoader] Z-scored train range: [-11.3746, 91.5527]

[Step 6] Computing returns for graph construction...
     Training returns shape: (1434, 284)

[Step 7] Creating sliding window datasets...

[Done] Dataset sizes: train=1396, val=268, test=269
[Done] Total nodes: 284
[Done] Commodity nodes (output dim): 24
[Features] Computed 21 features: price, ret_1d, ret_5d, ret_10d, ret_20d, vol_5d, vol_10d, vol_20d, zscore_5d, zscore_10d, zscore_20d, price_ma5, price_ma10, price_ma20, price_ma60, rsi_14, bb_position, skewness_20d, kurtosis_20d, roc_10d, percentile_20d
[Features] Shape: (T=2050, N=284, F=21)  range: [-4.4721, 391400.0000]

[Data] Building 7-dim feature pipeline...
============================================================
CMGM Data Loading Pipeline
============================================================

[Step 1] Loading raw price data...

[Step 2] Aligning markets to common date range...
[DataLoader] Stock date range: 2015-01-05 00:00:00 to 2025-06-30 00:00:00 (2548 days)
[DataLoader] Bond date range: 2017-01-17 00:00:00 to 2025-12-31 00:00:00 (2176 days)
[DataLoader] Commodity date range: 2015-01-05 00:00:00 to 2025-12-31 00:00:00 (2679 days)
[DataLoader] Common date range: 2017-01-17 00:00:00 to 2025-06-30 00:00:00 (2050 days)
[DataLoader] Combined price matrix shape: (2050, 284)
[DataLoader] Market split: stocks=248, bonds=12, commodities=24

[Step 3] Temporal train/val/test split...
[DataLoader] Temporal split: train=1435, val=307, test=308

[Step 4] Per-asset z-score normalization...
[DataLoader] Per-asset z-score normalization fitted on training data only
[DataLoader] mean range: [0.9803, 173055.7656]
[DataLoader] std  range: [0.000000, 55160.3203]
[DataLoader] Z-scored train range: [-11.3746, 91.5527]

[Step 6] Computing returns for graph construction...
     Training returns shape: (1434, 284)

[Step 7] Creating sliding window datasets...

[Done] Dataset sizes: train=1396, val=268, test=269
[Done] Total nodes: 284
[Done] Commodity nodes (output dim): 24
[Features] Computed 7 features from RAW prices: price, return, ma5_ratio, ma20_ratio, volatility, rsi_14, macd
[Features] Shape: (T=2050, N=284, F=7)  range: [-21915.3594, 391400.0000]

==========================================================================================
  ABLATION: +TempWeighted  (variant=temporal_weighted_graph, feat_dim=21, {})
==========================================================================================
  Params: 1,684,826

============================================================
CMGM Training
============================================================
Device: cuda
Epochs: 300 (early stopping patience=10)
Learning rate: 0.0001, Weight decay: 1e-05
============================================================
  [original] GCN→[64, 64] LSTM→[64, 64] → gate → head → [64, 4, 24]
  [temporal_weighted_graph] → [64, 64] → [64, 4, 24]
  Epoch   1/300 | Train Loss: 0.005341 | Val Loss: 0.004801 | LR: 1.00e-04 | Best: inf
  Epoch   2/300 | Train Loss: 0.004449 | Val Loss: 0.004452 | LR: 1.00e-04 | Best: 0.004801
  Epoch   3/300 | Train Loss: 0.004082 | Val Loss: 0.004130 | LR: 1.00e-04 | Best: 0.004452
  Epoch   4/300 | Train Loss: 0.003771 | Val Loss: 0.003823 | LR: 1.00e-04 | Best: 0.004130
  Epoch   5/300 | Train Loss: 0.003507 | Val Loss: 0.003551 | LR: 1.00e-04 | Best: 0.003823
  Epoch   6/300 | Train Loss: 0.003264 | Val Loss: 0.003321 | LR: 1.00e-04 | Best: 0.003551
  Epoch   7/300 | Train Loss: 0.003047 | Val Loss: 0.003113 | LR: 1.00e-04 | Best: 0.003321
  Epoch   8/300 | Train Loss: 0.002885 | Val Loss: 0.002965 | LR: 1.00e-04 | Best: 0.003113
  Epoch   9/300 | Train Loss: 0.002739 | Val Loss: 0.002857 | LR: 1.00e-04 | Best: 0.002965
  Epoch  10/300 | Train Loss: 0.002631 | Val Loss: 0.002779 | LR: 1.00e-04 | Best: 0.002857
  Epoch  11/300 | Train Loss: 0.002541 | Val Loss: 0.002685 | LR: 1.00e-04 | Best: 0.002779
  Epoch  12/300 | Train Loss: 0.002479 | Val Loss: 0.002557 | LR: 1.00e-04 | Best: 0.002685
  Epoch  13/300 | Train Loss: 0.002440 | Val Loss: 0.002465 | LR: 1.00e-04 | Best: 0.002557
  Epoch  14/300 | Train Loss: 0.002438 | Val Loss: 0.002492 | LR: 1.00e-04 | Best: 0.002465
  Epoch  15/300 | Train Loss: 0.002332 | Val Loss: 0.002519 | LR: 1.00e-04 | Best: 0.002465
  Epoch  16/300 | Train Loss: 0.002243 | Val Loss: 0.002446 | LR: 1.00e-04 | Best: 0.002465
  Epoch  17/300 | Train Loss: 0.002183 | Val Loss: 0.002378 | LR: 1.00e-04 | Best: 0.002446
  Epoch  18/300 | Train Loss: 0.002136 | Val Loss: 0.002338 | LR: 1.00e-04 | Best: 0.002378
  Epoch  19/300 | Train Loss: 0.002111 | Val Loss: 0.002297 | LR: 1.00e-04 | Best: 0.002338
  Epoch  20/300 | Train Loss: 0.002078 | Val Loss: 0.002279 | LR: 1.00e-04 | Best: 0.002297
  Epoch  21/300 | Train Loss: 0.002053 | Val Loss: 0.002259 | LR: 1.00e-04 | Best: 0.002279
  Epoch  22/300 | Train Loss: 0.002034 | Val Loss: 0.002230 | LR: 1.00e-04 | Best: 0.002259
  Epoch  23/300 | Train Loss: 0.002016 | Val Loss: 0.002207 | LR: 1.00e-04 | Best: 0.002230
  Epoch  24/300 | Train Loss: 0.001988 | Val Loss: 0.002174 | LR: 1.00e-04 | Best: 0.002207
  Epoch  25/300 | Train Loss: 0.001979 | Val Loss: 0.002145 | LR: 1.00e-04 | Best: 0.002174
  Epoch  26/300 | Train Loss: 0.001967 | Val Loss: 0.002119 | LR: 1.00e-04 | Best: 0.002145
  Epoch  27/300 | Train Loss: 0.001940 | Val Loss: 0.002112 | LR: 1.00e-04 | Best: 0.002119
  Epoch  28/300 | Train Loss: 0.001924 | Val Loss: 0.002092 | LR: 1.00e-04 | Best: 0.002112
  Epoch  29/300 | Train Loss: 0.001924 | Val Loss: 0.002077 | LR: 1.00e-04 | Best: 0.002092
  Epoch  30/300 | Train Loss: 0.001917 | Val Loss: 0.002065 | LR: 1.00e-04 | Best: 0.002077
  Epoch  31/300 | Train Loss: 0.001895 | Val Loss: 0.002048 | LR: 1.00e-04 | Best: 0.002065
  Epoch  32/300 | Train Loss: 0.001882 | Val Loss: 0.002024 | LR: 1.00e-04 | Best: 0.002048
  Epoch  33/300 | Train Loss: 0.001875 | Val Loss: 0.002008 | LR: 1.00e-04 | Best: 0.002024
  Epoch  34/300 | Train Loss: 0.001849 | Val Loss: 0.001972 | LR: 1.00e-04 | Best: 0.002008
  Epoch  35/300 | Train Loss: 0.001826 | Val Loss: 0.001959 | LR: 1.00e-04 | Best: 0.001972
  Epoch  36/300 | Train Loss: 0.001821 | Val Loss: 0.001963 | LR: 1.00e-04 | Best: 0.001959
  Epoch  37/300 | Train Loss: 0.001806 | Val Loss: 0.001970 | LR: 1.00e-04 | Best: 0.001959
  Epoch  38/300 | Train Loss: 0.001802 | Val Loss: 0.001954 | LR: 1.00e-04 | Best: 0.001959
  Epoch  39/300 | Train Loss: 0.001807 | Val Loss: 0.001946 | LR: 1.00e-04 | Best: 0.001954
  Epoch  40/300 | Train Loss: 0.001805 | Val Loss: 0.001925 | LR: 1.00e-04 | Best: 0.001946
  Epoch  41/300 | Train Loss: 0.001799 | Val Loss: 0.001870 | LR: 1.00e-04 | Best: 0.001925
  Epoch  42/300 | Train Loss: 0.001863 | Val Loss: 0.001961 | LR: 1.00e-04 | Best: 0.001870
  Epoch  43/300 | Train Loss: 0.001803 | Val Loss: 0.001893 | LR: 1.00e-04 | Best: 0.001870
  Epoch  44/300 | Train Loss: 0.001747 | Val Loss: 0.001863 | LR: 1.00e-04 | Best: 0.001870
  Epoch  45/300 | Train Loss: 0.001729 | Val Loss: 0.001881 | LR: 1.00e-04 | Best: 0.001863
  Epoch  46/300 | Train Loss: 0.001703 | Val Loss: 0.001855 | LR: 1.00e-04 | Best: 0.001863
  Epoch  47/300 | Train Loss: 0.001690 | Val Loss: 0.001840 | LR: 1.00e-04 | Best: 0.001855
  Epoch  48/300 | Train Loss: 0.001681 | Val Loss: 0.001848 | LR: 1.00e-04 | Best: 0.001840
  Epoch  49/300 | Train Loss: 0.001666 | Val Loss: 0.001833 | LR: 1.00e-04 | Best: 0.001840
  Epoch  50/300 | Train Loss: 0.001667 | Val Loss: 0.001823 | LR: 1.00e-04 | Best: 0.001833
  Epoch  51/300 | Train Loss: 0.001664 | Val Loss: 0.001842 | LR: 1.00e-04 | Best: 0.001823
  Epoch  52/300 | Train Loss: 0.001677 | Val Loss: 0.001818 | LR: 1.00e-04 | Best: 0.001823
  Epoch  53/300 | Train Loss: 0.001666 | Val Loss: 0.001790 | LR: 1.00e-04 | Best: 0.001818
  Epoch  54/300 | Train Loss: 0.001693 | Val Loss: 0.001851 | LR: 1.00e-04 | Best: 0.001790
  Epoch  55/300 | Train Loss: 0.001681 | Val Loss: 0.001782 | LR: 1.00e-04 | Best: 0.001790
  Epoch  56/300 | Train Loss: 0.001628 | Val Loss: 0.001781 | LR: 1.00e-04 | Best: 0.001782
  Epoch  57/300 | Train Loss: 0.001626 | Val Loss: 0.001795 | LR: 1.00e-04 | Best: 0.001781
  Epoch  58/300 | Train Loss: 0.001620 | Val Loss: 0.001777 | LR: 1.00e-04 | Best: 0.001781
  Epoch  59/300 | Train Loss: 0.001605 | Val Loss: 0.001771 | LR: 1.00e-04 | Best: 0.001777
  Epoch  60/300 | Train Loss: 0.001593 | Val Loss: 0.001781 | LR: 1.00e-04 | Best: 0.001771
  Epoch  61/300 | Train Loss: 0.001592 | Val Loss: 0.001759 | LR: 1.00e-04 | Best: 0.001771
  Epoch  62/300 | Train Loss: 0.001588 | Val Loss: 0.001755 | LR: 1.00e-04 | Best: 0.001759
  Epoch  63/300 | Train Loss: 0.001593 | Val Loss: 0.001775 | LR: 1.00e-04 | Best: 0.001755
  Epoch  64/300 | Train Loss: 0.001602 | Val Loss: 0.001727 | LR: 1.00e-04 | Best: 0.001755
  Epoch  65/300 | Train Loss: 0.001636 | Val Loss: 0.001757 | LR: 1.00e-04 | Best: 0.001727
  Epoch  66/300 | Train Loss: 0.001624 | Val Loss: 0.001778 | LR: 1.00e-04 | Best: 0.001727
  Epoch  67/300 | Train Loss: 0.001610 | Val Loss: 0.001706 | LR: 1.00e-04 | Best: 0.001727
  Epoch  68/300 | Train Loss: 0.001600 | Val Loss: 0.001736 | LR: 1.00e-04 | Best: 0.001706
  Epoch  69/300 | Train Loss: 0.001572 | Val Loss: 0.001719 | LR: 1.00e-04 | Best: 0.001706
  Epoch  70/300 | Train Loss: 0.001561 | Val Loss: 0.001711 | LR: 1.00e-04 | Best: 0.001706
  Epoch  71/300 | Train Loss: 0.001544 | Val Loss: 0.001712 | LR: 1.00e-04 | Best: 0.001706
  Epoch  72/300 | Train Loss: 0.001541 | Val Loss: 0.001713 | LR: 1.00e-04 | Best: 0.001706
  Epoch  73/300 | Train Loss: 0.001543 | Val Loss: 0.001696 | LR: 1.00e-04 | Best: 0.001706
  Epoch  74/300 | Train Loss: 0.001537 | Val Loss: 0.001707 | LR: 1.00e-04 | Best: 0.001696
  Epoch  75/300 | Train Loss: 0.001531 | Val Loss: 0.001700 | LR: 1.00e-04 | Best: 0.001696
  Epoch  76/300 | Train Loss: 0.001531 | Val Loss: 0.001689 | LR: 1.00e-04 | Best: 0.001696
  Epoch  77/300 | Train Loss: 0.001549 | Val Loss: 0.001710 | LR: 1.00e-04 | Best: 0.001689
  Epoch  78/300 | Train Loss: 0.001556 | Val Loss: 0.001706 | LR: 1.00e-04 | Best: 0.001689
  Epoch  79/300 | Train Loss: 0.001548 | Val Loss: 0.001693 | LR: 1.00e-04 | Best: 0.001689
  Epoch  80/300 | Train Loss: 0.001580 | Val Loss: 0.001737 | LR: 1.00e-04 | Best: 0.001689
  Epoch  81/300 | Train Loss: 0.001555 | Val Loss: 0.001699 | LR: 1.00e-04 | Best: 0.001689
  Epoch  82/300 | Train Loss: 0.001517 | Val Loss: 0.001701 | LR: 5.00e-05 | Best: 0.001689
  Epoch  83/300 | Train Loss: 0.001502 | Val Loss: 0.001698 | LR: 5.00e-05 | Best: 0.001689
  Epoch  84/300 | Train Loss: 0.001489 | Val Loss: 0.001690 | LR: 5.00e-05 | Best: 0.001689
  Epoch  85/300 | Train Loss: 0.001491 | Val Loss: 0.001688 | LR: 5.00e-05 | Best: 0.001689
  Epoch  86/300 | Train Loss: 0.001482 | Val Loss: 0.001687 | LR: 5.00e-05 | Best: 0.001688
  Epoch  87/300 | Train Loss: 0.001484 | Val Loss: 0.001682 | LR: 5.00e-05 | Best: 0.001687
  Epoch  88/300 | Train Loss: 0.001476 | Val Loss: 0.001678 | LR: 5.00e-05 | Best: 0.001682
  Epoch  89/300 | Train Loss: 0.001476 | Val Loss: 0.001677 | LR: 5.00e-05 | Best: 0.001678
  Epoch  90/300 | Train Loss: 0.001474 | Val Loss: 0.001675 | LR: 5.00e-05 | Best: 0.001677
  Epoch  91/300 | Train Loss: 0.001473 | Val Loss: 0.001673 | LR: 5.00e-05 | Best: 0.001675
  Epoch  92/300 | Train Loss: 0.001468 | Val Loss: 0.001673 | LR: 5.00e-05 | Best: 0.001673
  Epoch  93/300 | Train Loss: 0.001459 | Val Loss: 0.001672 | LR: 5.00e-05 | Best: 0.001673
  Epoch  94/300 | Train Loss: 0.001468 | Val Loss: 0.001675 | LR: 5.00e-05 | Best: 0.001672
  Epoch  95/300 | Train Loss: 0.001463 | Val Loss: 0.001671 | LR: 5.00e-05 | Best: 0.001672
  Epoch  96/300 | Train Loss: 0.001460 | Val Loss: 0.001672 | LR: 5.00e-05 | Best: 0.001671
  Epoch  97/300 | Train Loss: 0.001452 | Val Loss: 0.001667 | LR: 5.00e-05 | Best: 0.001671
  Epoch  98/300 | Train Loss: 0.001458 | Val Loss: 0.001667 | LR: 5.00e-05 | Best: 0.001667
  Epoch  99/300 | Train Loss: 0.001455 | Val Loss: 0.001668 | LR: 5.00e-05 | Best: 0.001667
  Epoch 100/300 | Train Loss: 0.001451 | Val Loss: 0.001664 | LR: 5.00e-05 | Best: 0.001667
  Epoch 101/300 | Train Loss: 0.001449 | Val Loss: 0.001664 | LR: 5.00e-05 | Best: 0.001664
  Epoch 102/300 | Train Loss: 0.001449 | Val Loss: 0.001665 | LR: 5.00e-05 | Best: 0.001664
  Epoch 103/300 | Train Loss: 0.001442 | Val Loss: 0.001660 | LR: 5.00e-05 | Best: 0.001664
  Epoch 104/300 | Train Loss: 0.001442 | Val Loss: 0.001655 | LR: 5.00e-05 | Best: 0.001660
  Epoch 105/300 | Train Loss: 0.001449 | Val Loss: 0.001663 | LR: 5.00e-05 | Best: 0.001655
  Epoch 106/300 | Train Loss: 0.001446 | Val Loss: 0.001655 | LR: 5.00e-05 | Best: 0.001655
  Epoch 107/300 | Train Loss: 0.001445 | Val Loss: 0.001658 | LR: 5.00e-05 | Best: 0.001655
  Epoch 108/300 | Train Loss: 0.001444 | Val Loss: 0.001654 | LR: 5.00e-05 | Best: 0.001655
  Epoch 109/300 | Train Loss: 0.001454 | Val Loss: 0.001643 | LR: 5.00e-05 | Best: 0.001654
  Epoch 110/300 | Train Loss: 0.001451 | Val Loss: 0.001651 | LR: 5.00e-05 | Best: 0.001643
  Epoch 111/300 | Train Loss: 0.001441 | Val Loss: 0.001633 | LR: 5.00e-05 | Best: 0.001643
  Epoch 112/300 | Train Loss: 0.001429 | Val Loss: 0.001637 | LR: 5.00e-05 | Best: 0.001633
  Epoch 113/300 | Train Loss: 0.001432 | Val Loss: 0.001640 | LR: 5.00e-05 | Best: 0.001633
  Epoch 114/300 | Train Loss: 0.001424 | Val Loss: 0.001627 | LR: 5.00e-05 | Best: 0.001633
  Epoch 115/300 | Train Loss: 0.001429 | Val Loss: 0.001642 | LR: 5.00e-05 | Best: 0.001627
  Epoch 116/300 | Train Loss: 0.001418 | Val Loss: 0.001630 | LR: 5.00e-05 | Best: 0.001627
  Epoch 117/300 | Train Loss: 0.001419 | Val Loss: 0.001623 | LR: 5.00e-05 | Best: 0.001627
  Epoch 118/300 | Train Loss: 0.001419 | Val Loss: 0.001643 | LR: 5.00e-05 | Best: 0.001623
  Epoch 119/300 | Train Loss: 0.001422 | Val Loss: 0.001622 | LR: 5.00e-05 | Best: 0.001623
  Epoch 120/300 | Train Loss: 0.001414 | Val Loss: 0.001625 | LR: 5.00e-05 | Best: 0.001622
  Epoch 121/300 | Train Loss: 0.001415 | Val Loss: 0.001632 | LR: 5.00e-05 | Best: 0.001622
  Epoch 122/300 | Train Loss: 0.001407 | Val Loss: 0.001613 | LR: 5.00e-05 | Best: 0.001622
  Epoch 123/300 | Train Loss: 0.001418 | Val Loss: 0.001633 | LR: 5.00e-05 | Best: 0.001613
  Epoch 124/300 | Train Loss: 0.001413 | Val Loss: 0.001608 | LR: 5.00e-05 | Best: 0.001613
  Epoch 125/300 | Train Loss: 0.001405 | Val Loss: 0.001619 | LR: 5.00e-05 | Best: 0.001608
  Epoch 126/300 | Train Loss: 0.001404 | Val Loss: 0.001627 | LR: 5.00e-05 | Best: 0.001608
  Epoch 127/300 | Train Loss: 0.001404 | Val Loss: 0.001598 | LR: 5.00e-05 | Best: 0.001608
  Epoch 128/300 | Train Loss: 0.001402 | Val Loss: 0.001625 | LR: 5.00e-05 | Best: 0.001598
  Epoch 129/300 | Train Loss: 0.001398 | Val Loss: 0.001605 | LR: 5.00e-05 | Best: 0.001598
  Epoch 130/300 | Train Loss: 0.001397 | Val Loss: 0.001601 | LR: 5.00e-05 | Best: 0.001598
  Epoch 131/300 | Train Loss: 0.001395 | Val Loss: 0.001615 | LR: 5.00e-05 | Best: 0.001598
  Epoch 132/300 | Train Loss: 0.001390 | Val Loss: 0.001589 | LR: 5.00e-05 | Best: 0.001598
  Epoch 133/300 | Train Loss: 0.001398 | Val Loss: 0.001608 | LR: 5.00e-05 | Best: 0.001589
  Epoch 134/300 | Train Loss: 0.001383 | Val Loss: 0.001597 | LR: 5.00e-05 | Best: 0.001589
  Epoch 135/300 | Train Loss: 0.001381 | Val Loss: 0.001592 | LR: 5.00e-05 | Best: 0.001589
  Epoch 136/300 | Train Loss: 0.001383 | Val Loss: 0.001607 | LR: 5.00e-05 | Best: 0.001589
  Epoch 137/300 | Train Loss: 0.001378 | Val Loss: 0.001589 | LR: 5.00e-05 | Best: 0.001589
  Epoch 138/300 | Train Loss: 0.001373 | Val Loss: 0.001595 | LR: 2.50e-05 | Best: 0.001589
  Epoch 139/300 | Train Loss: 0.001371 | Val Loss: 0.001591 | LR: 2.50e-05 | Best: 0.001589
  Epoch 140/300 | Train Loss: 0.001371 | Val Loss: 0.001587 | LR: 2.50e-05 | Best: 0.001589
  Epoch 141/300 | Train Loss: 0.001366 | Val Loss: 0.001590 | LR: 2.50e-05 | Best: 0.001587
  Epoch 142/300 | Train Loss: 0.001368 | Val Loss: 0.001585 | LR: 2.50e-05 | Best: 0.001587
  Epoch 143/300 | Train Loss: 0.001365 | Val Loss: 0.001584 | LR: 2.50e-05 | Best: 0.001585
  Epoch 144/300 | Train Loss: 0.001365 | Val Loss: 0.001584 | LR: 2.50e-05 | Best: 0.001584
  Epoch 145/300 | Train Loss: 0.001361 | Val Loss: 0.001585 | LR: 2.50e-05 | Best: 0.001584
  Epoch 146/300 | Train Loss: 0.001357 | Val Loss: 0.001583 | LR: 2.50e-05 | Best: 0.001584
  Epoch 147/300 | Train Loss: 0.001359 | Val Loss: 0.001582 | LR: 2.50e-05 | Best: 0.001583
  Epoch 148/300 | Train Loss: 0.001355 | Val Loss: 0.001583 | LR: 2.50e-05 | Best: 0.001582
  Epoch 149/300 | Train Loss: 0.001354 | Val Loss: 0.001580 | LR: 2.50e-05 | Best: 0.001582
  Epoch 150/300 | Train Loss: 0.001356 | Val Loss: 0.001580 | LR: 2.50e-05 | Best: 0.001580
  Epoch 151/300 | Train Loss: 0.001354 | Val Loss: 0.001576 | LR: 2.50e-05 | Best: 0.001580
  Epoch 152/300 | Train Loss: 0.001350 | Val Loss: 0.001582 | LR: 2.50e-05 | Best: 0.001576
  Epoch 153/300 | Train Loss: 0.001356 | Val Loss: 0.001576 | LR: 2.50e-05 | Best: 0.001576
  Epoch 154/300 | Train Loss: 0.001348 | Val Loss: 0.001576 | LR: 2.50e-05 | Best: 0.001576
  Epoch 155/300 | Train Loss: 0.001350 | Val Loss: 0.001575 | LR: 2.50e-05 | Best: 0.001576
  Epoch 156/300 | Train Loss: 0.001355 | Val Loss: 0.001574 | LR: 2.50e-05 | Best: 0.001575
  Epoch 157/300 | Train Loss: 0.001349 | Val Loss: 0.001576 | LR: 2.50e-05 | Best: 0.001574
  Epoch 158/300 | Train Loss: 0.001340 | Val Loss: 0.001569 | LR: 2.50e-05 | Best: 0.001574
  Epoch 159/300 | Train Loss: 0.001352 | Val Loss: 0.001571 | LR: 2.50e-05 | Best: 0.001569
  Epoch 160/300 | Train Loss: 0.001347 | Val Loss: 0.001571 | LR: 2.50e-05 | Best: 0.001569
  Epoch 161/300 | Train Loss: 0.001345 | Val Loss: 0.001568 | LR: 2.50e-05 | Best: 0.001569
  Epoch 162/300 | Train Loss: 0.001346 | Val Loss: 0.001575 | LR: 2.50e-05 | Best: 0.001568
  Epoch 163/300 | Train Loss: 0.001350 | Val Loss: 0.001571 | LR: 2.50e-05 | Best: 0.001568
  Epoch 164/300 | Train Loss: 0.001344 | Val Loss: 0.001571 | LR: 2.50e-05 | Best: 0.001568
  Epoch 165/300 | Train Loss: 0.001339 | Val Loss: 0.001570 | LR: 2.50e-05 | Best: 0.001568
  Epoch 166/300 | Train Loss: 0.001344 | Val Loss: 0.001572 | LR: 2.50e-05 | Best: 0.001568
  Epoch 167/300 | Train Loss: 0.001341 | Val Loss: 0.001567 | LR: 2.50e-05 | Best: 0.001568
  Epoch 168/300 | Train Loss: 0.001342 | Val Loss: 0.001567 | LR: 2.50e-05 | Best: 0.001567
  Epoch 169/300 | Train Loss: 0.001345 | Val Loss: 0.001571 | LR: 2.50e-05 | Best: 0.001567
  Epoch 170/300 | Train Loss: 0.001338 | Val Loss: 0.001565 | LR: 2.50e-05 | Best: 0.001567
  Epoch 171/300 | Train Loss: 0.001340 | Val Loss: 0.001574 | LR: 2.50e-05 | Best: 0.001565
  Epoch 172/300 | Train Loss: 0.001341 | Val Loss: 0.001569 | LR: 2.50e-05 | Best: 0.001565
  Epoch 173/300 | Train Loss: 0.001334 | Val Loss: 0.001568 | LR: 2.50e-05 | Best: 0.001565
  Epoch 174/300 | Train Loss: 0.001337 | Val Loss: 0.001569 | LR: 2.50e-05 | Best: 0.001565
  Epoch 175/300 | Train Loss: 0.001334 | Val Loss: 0.001563 | LR: 2.50e-05 | Best: 0.001565
  Epoch 176/300 | Train Loss: 0.001331 | Val Loss: 0.001566 | LR: 2.50e-05 | Best: 0.001563
  Epoch 177/300 | Train Loss: 0.001334 | Val Loss: 0.001568 | LR: 2.50e-05 | Best: 0.001563
  Epoch 178/300 | Train Loss: 0.001331 | Val Loss: 0.001558 | LR: 2.50e-05 | Best: 0.001563
  Epoch 179/300 | Train Loss: 0.001335 | Val Loss: 0.001577 | LR: 2.50e-05 | Best: 0.001558
  Epoch 180/300 | Train Loss: 0.001336 | Val Loss: 0.001555 | LR: 2.50e-05 | Best: 0.001558
  Epoch 181/300 | Train Loss: 0.001341 | Val Loss: 0.001566 | LR: 2.50e-05 | Best: 0.001555
  Epoch 182/300 | Train Loss: 0.001331 | Val Loss: 0.001564 | LR: 2.50e-05 | Best: 0.001555
  Epoch 183/300 | Train Loss: 0.001330 | Val Loss: 0.001561 | LR: 2.50e-05 | Best: 0.001555
  Epoch 184/300 | Train Loss: 0.001330 | Val Loss: 0.001569 | LR: 2.50e-05 | Best: 0.001555
  Epoch 185/300 | Train Loss: 0.001338 | Val Loss: 0.001555 | LR: 2.50e-05 | Best: 0.001555
  Epoch 186/300 | Train Loss: 0.001325 | Val Loss: 0.001568 | LR: 1.25e-05 | Best: 0.001555
  Epoch 187/300 | Train Loss: 0.001324 | Val Loss: 0.001562 | LR: 1.25e-05 | Best: 0.001555
  Epoch 188/300 | Train Loss: 0.001318 | Val Loss: 0.001560 | LR: 1.25e-05 | Best: 0.001555
  Epoch 189/300 | Train Loss: 0.001320 | Val Loss: 0.001562 | LR: 1.25e-05 | Best: 0.001555
  Epoch 190/300 | Train Loss: 0.001318 | Val Loss: 0.001562 | LR: 1.25e-05 | Best: 0.001555
  Epoch 191/300 | Train Loss: 0.001317 | Val Loss: 0.001563 | LR: 1.25e-05 | Best: 0.001555
  Epoch 192/300 | Train Loss: 0.001319 | Val Loss: 0.001562 | LR: 6.25e-06 | Best: 0.001555
  Epoch 193/300 | Train Loss: 0.001316 | Val Loss: 0.001561 | LR: 6.25e-06 | Best: 0.001555
  Epoch 194/300 | Train Loss: 0.001320 | Val Loss: 0.001561 | LR: 6.25e-06 | Best: 0.001555
  Epoch 195/300 | Train Loss: 0.001319 | Val Loss: 0.001562 | LR: 6.25e-06 | Best: 0.001555

[Early Stopping] No improvement for 10 epochs. Stopping at epoch 195.
[Early Stopping] Best validation loss: 0.001555 at epoch 185

[Checkpoint] Restored best model from epoch 185
============================================================

  [alpha] mean=0.0500 std=0.0130 min=0.0000 max=1.0000
  [alpha per t] 0:0.050 1:0.050 2:0.050 3:0.050 4:0.050 5:0.050 6:0.050 7:0.050 8:0.050 9:0.050 10:0.050 11:0.050 12:0.050 13:0.050 14:0.050 15:0.050 16:0.050 17:0.050 18:0.050 19:0.050

  ── Result ──
  MAE: 0.021493  RMSE: 0.027911  Hit%: 51.0  vs Zero: +1.03%  [363s]

==========================================================================================
  ABLATION: B-Transformer  (variant=transformer_temporal, feat_dim=21, {})
==========================================================================================
  Params: 1,144,731

============================================================
CMGM Training
============================================================
Device: cuda
Epochs: 300 (early stopping patience=10)
Learning rate: 0.0001, Weight decay: 1e-05
============================================================
  [transformer_temporal] h_spatial=[64, 64] h_temporal=[64, 64] → gate → [64, 4, 24]
  Epoch   1/300 | Train Loss: 0.005181 | Val Loss: 0.005440 | LR: 1.00e-04 | Best: inf
  Epoch   2/300 | Train Loss: 0.004297 | Val Loss: 0.004901 | LR: 1.00e-04 | Best: 0.005440
  Epoch   3/300 | Train Loss: 0.004012 | Val Loss: 0.004641 | LR: 1.00e-04 | Best: 0.004901
  Epoch   4/300 | Train Loss: 0.003736 | Val Loss: 0.004504 | LR: 1.00e-04 | Best: 0.004641
  Epoch   5/300 | Train Loss: 0.003677 | Val Loss: 0.004374 | LR: 1.00e-04 | Best: 0.004504
  Epoch   6/300 | Train Loss: 0.003558 | Val Loss: 0.004181 | LR: 1.00e-04 | Best: 0.004374
  Epoch   7/300 | Train Loss: 0.003299 | Val Loss: 0.004006 | LR: 1.00e-04 | Best: 0.004181
  Epoch   8/300 | Train Loss: 0.003148 | Val Loss: 0.003883 | LR: 1.00e-04 | Best: 0.004006
  Epoch   9/300 | Train Loss: 0.003045 | Val Loss: 0.003759 | LR: 1.00e-04 | Best: 0.003883
  Epoch  10/300 | Train Loss: 0.002868 | Val Loss: 0.003651 | LR: 1.00e-04 | Best: 0.003759
  Epoch  11/300 | Train Loss: 0.002757 | Val Loss: 0.003622 | LR: 1.00e-04 | Best: 0.003651
  Epoch  12/300 | Train Loss: 0.002653 | Val Loss: 0.003563 | LR: 1.00e-04 | Best: 0.003622
  Epoch  13/300 | Train Loss: 0.002615 | Val Loss: 0.003487 | LR: 1.00e-04 | Best: 0.003563
  Epoch  14/300 | Train Loss: 0.002450 | Val Loss: 0.003442 | LR: 1.00e-04 | Best: 0.003487
  Epoch  15/300 | Train Loss: 0.002454 | Val Loss: 0.003414 | LR: 1.00e-04 | Best: 0.003442
  Epoch  16/300 | Train Loss: 0.002335 | Val Loss: 0.003330 | LR: 1.00e-04 | Best: 0.003414
  Epoch  17/300 | Train Loss: 0.002277 | Val Loss: 0.003283 | LR: 1.00e-04 | Best: 0.003330
  Epoch  18/300 | Train Loss: 0.002227 | Val Loss: 0.003256 | LR: 1.00e-04 | Best: 0.003283
  Epoch  19/300 | Train Loss: 0.002193 | Val Loss: 0.003229 | LR: 1.00e-04 | Best: 0.003256
  Epoch  20/300 | Train Loss: 0.002179 | Val Loss: 0.003141 | LR: 1.00e-04 | Best: 0.003229
  Epoch  21/300 | Train Loss: 0.002107 | Val Loss: 0.003119 | LR: 1.00e-04 | Best: 0.003141
  Epoch  22/300 | Train Loss: 0.002117 | Val Loss: 0.003099 | LR: 1.00e-04 | Best: 0.003119
  Epoch  23/300 | Train Loss: 0.002145 | Val Loss: 0.003045 | LR: 1.00e-04 | Best: 0.003099
  Epoch  24/300 | Train Loss: 0.002117 | Val Loss: 0.002986 | LR: 1.00e-04 | Best: 0.003045
  Epoch  25/300 | Train Loss: 0.002061 | Val Loss: 0.002955 | LR: 1.00e-04 | Best: 0.002986
  Epoch  26/300 | Train Loss: 0.002076 | Val Loss: 0.002992 | LR: 1.00e-04 | Best: 0.002955
  Epoch  27/300 | Train Loss: 0.002089 | Val Loss: 0.002961 | LR: 1.00e-04 | Best: 0.002955
  Epoch  28/300 | Train Loss: 0.002074 | Val Loss: 0.002893 | LR: 1.00e-04 | Best: 0.002955
  Epoch  29/300 | Train Loss: 0.002024 | Val Loss: 0.002875 | LR: 1.00e-04 | Best: 0.002893
  Epoch  30/300 | Train Loss: 0.001961 | Val Loss: 0.002874 | LR: 1.00e-04 | Best: 0.002875
  Epoch  31/300 | Train Loss: 0.001971 | Val Loss: 0.002824 | LR: 1.00e-04 | Best: 0.002874
  Epoch  32/300 | Train Loss: 0.001905 | Val Loss: 0.002783 | LR: 1.00e-04 | Best: 0.002824
  Epoch  33/300 | Train Loss: 0.001880 | Val Loss: 0.002778 | LR: 1.00e-04 | Best: 0.002783
  Epoch  34/300 | Train Loss: 0.001848 | Val Loss: 0.002761 | LR: 1.00e-04 | Best: 0.002778
  Epoch  35/300 | Train Loss: 0.001844 | Val Loss: 0.002726 | LR: 1.00e-04 | Best: 0.002761
  Epoch  36/300 | Train Loss: 0.001825 | Val Loss: 0.002707 | LR: 1.00e-04 | Best: 0.002726
  Epoch  37/300 | Train Loss: 0.001794 | Val Loss: 0.002675 | LR: 1.00e-04 | Best: 0.002707
  Epoch  38/300 | Train Loss: 0.001798 | Val Loss: 0.002647 | LR: 1.00e-04 | Best: 0.002675
  Epoch  39/300 | Train Loss: 0.001789 | Val Loss: 0.002629 | LR: 1.00e-04 | Best: 0.002647
  Epoch  40/300 | Train Loss: 0.001785 | Val Loss: 0.002596 | LR: 1.00e-04 | Best: 0.002629
  Epoch  41/300 | Train Loss: 0.001796 | Val Loss: 0.002551 | LR: 1.00e-04 | Best: 0.002596
  Epoch  42/300 | Train Loss: 0.001799 | Val Loss: 0.002550 | LR: 1.00e-04 | Best: 0.002551
  Epoch  43/300 | Train Loss: 0.001819 | Val Loss: 0.002533 | LR: 1.00e-04 | Best: 0.002550
  Epoch  44/300 | Train Loss: 0.001782 | Val Loss: 0.002505 | LR: 1.00e-04 | Best: 0.002533
  Epoch  45/300 | Train Loss: 0.001749 | Val Loss: 0.002487 | LR: 1.00e-04 | Best: 0.002505
  Epoch  46/300 | Train Loss: 0.001735 | Val Loss: 0.002480 | LR: 1.00e-04 | Best: 0.002487
  Epoch  47/300 | Train Loss: 0.001716 | Val Loss: 0.002446 | LR: 1.00e-04 | Best: 0.002480
  Epoch  48/300 | Train Loss: 0.001717 | Val Loss: 0.002442 | LR: 1.00e-04 | Best: 0.002446
  Epoch  49/300 | Train Loss: 0.001686 | Val Loss: 0.002427 | LR: 1.00e-04 | Best: 0.002442
  Epoch  50/300 | Train Loss: 0.001697 | Val Loss: 0.002412 | LR: 1.00e-04 | Best: 0.002427
  Epoch  51/300 | Train Loss: 0.001672 | Val Loss: 0.002385 | LR: 1.00e-04 | Best: 0.002412
  Epoch  52/300 | Train Loss: 0.001690 | Val Loss: 0.002366 | LR: 1.00e-04 | Best: 0.002385
  Epoch  53/300 | Train Loss: 0.001663 | Val Loss: 0.002357 | LR: 1.00e-04 | Best: 0.002366
  Epoch  54/300 | Train Loss: 0.001680 | Val Loss: 0.002327 | LR: 1.00e-04 | Best: 0.002357
  Epoch  55/300 | Train Loss: 0.001663 | Val Loss: 0.002296 | LR: 1.00e-04 | Best: 0.002327
  Epoch  56/300 | Train Loss: 0.001648 | Val Loss: 0.002273 | LR: 1.00e-04 | Best: 0.002296
  Epoch  57/300 | Train Loss: 0.001643 | Val Loss: 0.002238 | LR: 1.00e-04 | Best: 0.002273
  Epoch  58/300 | Train Loss: 0.001665 | Val Loss: 0.002270 | LR: 1.00e-04 | Best: 0.002238
  Epoch  59/300 | Train Loss: 0.001689 | Val Loss: 0.002202 | LR: 1.00e-04 | Best: 0.002238
  Epoch  60/300 | Train Loss: 0.001645 | Val Loss: 0.002202 | LR: 1.00e-04 | Best: 0.002202
  Epoch  61/300 | Train Loss: 0.001618 | Val Loss: 0.002181 | LR: 1.00e-04 | Best: 0.002202
  Epoch  62/300 | Train Loss: 0.001591 | Val Loss: 0.002151 | LR: 1.00e-04 | Best: 0.002181
  Epoch  63/300 | Train Loss: 0.001590 | Val Loss: 0.002150 | LR: 1.00e-04 | Best: 0.002151
  Epoch  64/300 | Train Loss: 0.001585 | Val Loss: 0.002103 | LR: 1.00e-04 | Best: 0.002150
  Epoch  65/300 | Train Loss: 0.001593 | Val Loss: 0.002109 | LR: 1.00e-04 | Best: 0.002103
  Epoch  66/300 | Train Loss: 0.001568 | Val Loss: 0.002060 | LR: 1.00e-04 | Best: 0.002103
  Epoch  67/300 | Train Loss: 0.001568 | Val Loss: 0.002057 | LR: 1.00e-04 | Best: 0.002060
  Epoch  68/300 | Train Loss: 0.001564 | Val Loss: 0.002005 | LR: 1.00e-04 | Best: 0.002057
  Epoch  69/300 | Train Loss: 0.001552 | Val Loss: 0.001980 | LR: 1.00e-04 | Best: 0.002005
  Epoch  70/300 | Train Loss: 0.001564 | Val Loss: 0.001956 | LR: 1.00e-04 | Best: 0.001980
  Epoch  71/300 | Train Loss: 0.001575 | Val Loss: 0.001911 | LR: 1.00e-04 | Best: 0.001956
  Epoch  72/300 | Train Loss: 0.001579 | Val Loss: 0.001918 | LR: 1.00e-04 | Best: 0.001911
  Epoch  73/300 | Train Loss: 0.001561 | Val Loss: 0.001854 | LR: 1.00e-04 | Best: 0.001911
  Epoch  74/300 | Train Loss: 0.001553 | Val Loss: 0.001862 | LR: 1.00e-04 | Best: 0.001854
  Epoch  75/300 | Train Loss: 0.001533 | Val Loss: 0.001844 | LR: 1.00e-04 | Best: 0.001854
  Epoch  76/300 | Train Loss: 0.001525 | Val Loss: 0.001839 | LR: 1.00e-04 | Best: 0.001844
  Epoch  77/300 | Train Loss: 0.001520 | Val Loss: 0.001838 | LR: 1.00e-04 | Best: 0.001839
  Epoch  78/300 | Train Loss: 0.001529 | Val Loss: 0.001816 | LR: 1.00e-04 | Best: 0.001838
  Epoch  79/300 | Train Loss: 0.001518 | Val Loss: 0.001830 | LR: 1.00e-04 | Best: 0.001816
  Epoch  80/300 | Train Loss: 0.001500 | Val Loss: 0.001803 | LR: 1.00e-04 | Best: 0.001816
  Epoch  81/300 | Train Loss: 0.001492 | Val Loss: 0.001817 | LR: 1.00e-04 | Best: 0.001803
  Epoch  82/300 | Train Loss: 0.001477 | Val Loss: 0.001806 | LR: 1.00e-04 | Best: 0.001803
  Epoch  83/300 | Train Loss: 0.001471 | Val Loss: 0.001802 | LR: 1.00e-04 | Best: 0.001803
  Epoch  84/300 | Train Loss: 0.001474 | Val Loss: 0.001803 | LR: 1.00e-04 | Best: 0.001802
  Epoch  85/300 | Train Loss: 0.001488 | Val Loss: 0.001792 | LR: 1.00e-04 | Best: 0.001802
  Epoch  86/300 | Train Loss: 0.001488 | Val Loss: 0.001762 | LR: 1.00e-04 | Best: 0.001792
  Epoch  87/300 | Train Loss: 0.001497 | Val Loss: 0.001782 | LR: 1.00e-04 | Best: 0.001762
  Epoch  88/300 | Train Loss: 0.001479 | Val Loss: 0.001758 | LR: 1.00e-04 | Best: 0.001762
  Epoch  89/300 | Train Loss: 0.001461 | Val Loss: 0.001766 | LR: 1.00e-04 | Best: 0.001758
  Epoch  90/300 | Train Loss: 0.001480 | Val Loss: 0.001780 | LR: 1.00e-04 | Best: 0.001758
  Epoch  91/300 | Train Loss: 0.001465 | Val Loss: 0.001750 | LR: 1.00e-04 | Best: 0.001758
  Epoch  92/300 | Train Loss: 0.001450 | Val Loss: 0.001771 | LR: 1.00e-04 | Best: 0.001750
  Epoch  93/300 | Train Loss: 0.001435 | Val Loss: 0.001752 | LR: 1.00e-04 | Best: 0.001750
  Epoch  94/300 | Train Loss: 0.001422 | Val Loss: 0.001750 | LR: 1.00e-04 | Best: 0.001750
  Epoch  95/300 | Train Loss: 0.001409 | Val Loss: 0.001735 | LR: 1.00e-04 | Best: 0.001750
  Epoch  96/300 | Train Loss: 0.001416 | Val Loss: 0.001758 | LR: 1.00e-04 | Best: 0.001735
  Epoch  97/300 | Train Loss: 0.001443 | Val Loss: 0.001714 | LR: 1.00e-04 | Best: 0.001735
  Epoch  98/300 | Train Loss: 0.001446 | Val Loss: 0.001753 | LR: 1.00e-04 | Best: 0.001714
  Epoch  99/300 | Train Loss: 0.001421 | Val Loss: 0.001748 | LR: 1.00e-04 | Best: 0.001714
  Epoch 100/300 | Train Loss: 0.001393 | Val Loss: 0.001733 | LR: 1.00e-04 | Best: 0.001714
  Epoch 101/300 | Train Loss: 0.001380 | Val Loss: 0.001736 | LR: 1.00e-04 | Best: 0.001714
  Epoch 102/300 | Train Loss: 0.001376 | Val Loss: 0.001727 | LR: 1.00e-04 | Best: 0.001714
  Epoch 103/300 | Train Loss: 0.001384 | Val Loss: 0.001722 | LR: 5.00e-05 | Best: 0.001714
  Epoch 104/300 | Train Loss: 0.001389 | Val Loss: 0.001709 | LR: 5.00e-05 | Best: 0.001714
  Epoch 105/300 | Train Loss: 0.001353 | Val Loss: 0.001711 | LR: 5.00e-05 | Best: 0.001709
  Epoch 106/300 | Train Loss: 0.001332 | Val Loss: 0.001706 | LR: 5.00e-05 | Best: 0.001709
  Epoch 107/300 | Train Loss: 0.001342 | Val Loss: 0.001712 | LR: 5.00e-05 | Best: 0.001706
  Epoch 108/300 | Train Loss: 0.001335 | Val Loss: 0.001705 | LR: 5.00e-05 | Best: 0.001706
  Epoch 109/300 | Train Loss: 0.001335 | Val Loss: 0.001707 | LR: 5.00e-05 | Best: 0.001705
  Epoch 110/300 | Train Loss: 0.001329 | Val Loss: 0.001702 | LR: 5.00e-05 | Best: 0.001705
  Epoch 111/300 | Train Loss: 0.001329 | Val Loss: 0.001704 | LR: 5.00e-05 | Best: 0.001702
  Epoch 112/300 | Train Loss: 0.001321 | Val Loss: 0.001701 | LR: 5.00e-05 | Best: 0.001702
  Epoch 113/300 | Train Loss: 0.001322 | Val Loss: 0.001702 | LR: 5.00e-05 | Best: 0.001701
  Epoch 114/300 | Train Loss: 0.001311 | Val Loss: 0.001694 | LR: 5.00e-05 | Best: 0.001701
  Epoch 115/300 | Train Loss: 0.001315 | Val Loss: 0.001699 | LR: 5.00e-05 | Best: 0.001694
  Epoch 116/300 | Train Loss: 0.001311 | Val Loss: 0.001695 | LR: 5.00e-05 | Best: 0.001694
  Epoch 117/300 | Train Loss: 0.001310 | Val Loss: 0.001696 | LR: 5.00e-05 | Best: 0.001694
  Epoch 118/300 | Train Loss: 0.001309 | Val Loss: 0.001691 | LR: 5.00e-05 | Best: 0.001694
  Epoch 119/300 | Train Loss: 0.001318 | Val Loss: 0.001694 | LR: 5.00e-05 | Best: 0.001691
  Epoch 120/300 | Train Loss: 0.001312 | Val Loss: 0.001688 | LR: 5.00e-05 | Best: 0.001691
  Epoch 121/300 | Train Loss: 0.001315 | Val Loss: 0.001687 | LR: 5.00e-05 | Best: 0.001688
  Epoch 122/300 | Train Loss: 0.001323 | Val Loss: 0.001680 | LR: 5.00e-05 | Best: 0.001687
  Epoch 123/300 | Train Loss: 0.001318 | Val Loss: 0.001683 | LR: 5.00e-05 | Best: 0.001680
  Epoch 124/300 | Train Loss: 0.001311 | Val Loss: 0.001685 | LR: 5.00e-05 | Best: 0.001680
  Epoch 125/300 | Train Loss: 0.001323 | Val Loss: 0.001685 | LR: 5.00e-05 | Best: 0.001680
  Epoch 126/300 | Train Loss: 0.001322 | Val Loss: 0.001698 | LR: 5.00e-05 | Best: 0.001680
  Epoch 127/300 | Train Loss: 0.001312 | Val Loss: 0.001692 | LR: 5.00e-05 | Best: 0.001680
  Epoch 128/300 | Train Loss: 0.001300 | Val Loss: 0.001699 | LR: 2.50e-05 | Best: 0.001680
  Epoch 129/300 | Train Loss: 0.001294 | Val Loss: 0.001696 | LR: 2.50e-05 | Best: 0.001680
  Epoch 130/300 | Train Loss: 0.001280 | Val Loss: 0.001695 | LR: 2.50e-05 | Best: 0.001680
  Epoch 131/300 | Train Loss: 0.001275 | Val Loss: 0.001693 | LR: 2.50e-05 | Best: 0.001680
  Epoch 132/300 | Train Loss: 0.001273 | Val Loss: 0.001693 | LR: 2.50e-05 | Best: 0.001680

[Early Stopping] No improvement for 10 epochs. Stopping at epoch 132.
[Early Stopping] Best validation loss: 0.001680 at epoch 122

[Checkpoint] Restored best model from epoch 122
============================================================

  [temporal attention] mean=0.0500 std=0.0005 entropy=2.9957 max=0.0512

  ── Result ──
  MAE: 0.023189  RMSE: 0.029632  Hit%: 47.4  vs Zero: +9.00%  [235s]

==========================================================================================
  ABLATION: C-TransformerRPE  (variant=transformer_rpe, feat_dim=21, {})
==========================================================================================
  Params: 1,144,887

============================================================
CMGM Training
============================================================
Device: cuda
Epochs: 300 (early stopping patience=10)
Learning rate: 0.0001, Weight decay: 1e-05
============================================================
  [transformer_rpe] h_spatial=[64, 64] h_temporal=[64, 64] → gate → [64, 4, 24]
  Epoch   1/300 | Train Loss: 0.005182 | Val Loss: 0.005442 | LR: 1.00e-04 | Best: inf
  Epoch   2/300 | Train Loss: 0.004297 | Val Loss: 0.004901 | LR: 1.00e-04 | Best: 0.005442
  Epoch   3/300 | Train Loss: 0.004012 | Val Loss: 0.004642 | LR: 1.00e-04 | Best: 0.004901
  Epoch   4/300 | Train Loss: 0.003736 | Val Loss: 0.004508 | LR: 1.00e-04 | Best: 0.004642
  Epoch   5/300 | Train Loss: 0.003681 | Val Loss: 0.004374 | LR: 1.00e-04 | Best: 0.004508
  Epoch   6/300 | Train Loss: 0.003551 | Val Loss: 0.004185 | LR: 1.00e-04 | Best: 0.004374
  Epoch   7/300 | Train Loss: 0.003301 | Val Loss: 0.003994 | LR: 1.00e-04 | Best: 0.004185
  Epoch   8/300 | Train Loss: 0.003132 | Val Loss: 0.003881 | LR: 1.00e-04 | Best: 0.003994
  Epoch   9/300 | Train Loss: 0.003052 | Val Loss: 0.003746 | LR: 1.00e-04 | Best: 0.003881
  Epoch  10/300 | Train Loss: 0.002881 | Val Loss: 0.003637 | LR: 1.00e-04 | Best: 0.003746
  Epoch  11/300 | Train Loss: 0.002737 | Val Loss: 0.003623 | LR: 1.00e-04 | Best: 0.003637
  Epoch  12/300 | Train Loss: 0.002669 | Val Loss: 0.003545 | LR: 1.00e-04 | Best: 0.003623
  Epoch  13/300 | Train Loss: 0.002639 | Val Loss: 0.003448 | LR: 1.00e-04 | Best: 0.003545
  Epoch  14/300 | Train Loss: 0.002430 | Val Loss: 0.003418 | LR: 1.00e-04 | Best: 0.003448
  Epoch  15/300 | Train Loss: 0.002374 | Val Loss: 0.003388 | LR: 1.00e-04 | Best: 0.003418
  Epoch  16/300 | Train Loss: 0.002313 | Val Loss: 0.003352 | LR: 1.00e-04 | Best: 0.003388
  Epoch  17/300 | Train Loss: 0.002237 | Val Loss: 0.003299 | LR: 1.00e-04 | Best: 0.003352
  Epoch  18/300 | Train Loss: 0.002200 | Val Loss: 0.003250 | LR: 1.00e-04 | Best: 0.003299
  Epoch  19/300 | Train Loss: 0.002158 | Val Loss: 0.003211 | LR: 1.00e-04 | Best: 0.003250
  Epoch  20/300 | Train Loss: 0.002170 | Val Loss: 0.003204 | LR: 1.00e-04 | Best: 0.003211
  Epoch  21/300 | Train Loss: 0.002177 | Val Loss: 0.003177 | LR: 1.00e-04 | Best: 0.003204
  Epoch  22/300 | Train Loss: 0.002187 | Val Loss: 0.003124 | LR: 1.00e-04 | Best: 0.003177
  Epoch  23/300 | Train Loss: 0.002113 | Val Loss: 0.003080 | LR: 1.00e-04 | Best: 0.003124
  Epoch  24/300 | Train Loss: 0.002040 | Val Loss: 0.003045 | LR: 1.00e-04 | Best: 0.003080
  Epoch  25/300 | Train Loss: 0.002044 | Val Loss: 0.003030 | LR: 1.00e-04 | Best: 0.003045
  Epoch  26/300 | Train Loss: 0.002006 | Val Loss: 0.003013 | LR: 1.00e-04 | Best: 0.003030
  Epoch  27/300 | Train Loss: 0.002009 | Val Loss: 0.002970 | LR: 1.00e-04 | Best: 0.003013
  Epoch  28/300 | Train Loss: 0.002011 | Val Loss: 0.002937 | LR: 1.00e-04 | Best: 0.002970
  Epoch  29/300 | Train Loss: 0.001986 | Val Loss: 0.002870 | LR: 1.00e-04 | Best: 0.002937
  Epoch  30/300 | Train Loss: 0.002051 | Val Loss: 0.002800 | LR: 1.00e-04 | Best: 0.002870
  Epoch  31/300 | Train Loss: 0.002052 | Val Loss: 0.002801 | LR: 1.00e-04 | Best: 0.002800
  Epoch  32/300 | Train Loss: 0.002027 | Val Loss: 0.002810 | LR: 1.00e-04 | Best: 0.002800
  Epoch  33/300 | Train Loss: 0.002015 | Val Loss: 0.002716 | LR: 1.00e-04 | Best: 0.002800
  Epoch  34/300 | Train Loss: 0.001898 | Val Loss: 0.002715 | LR: 1.00e-04 | Best: 0.002716
  Epoch  35/300 | Train Loss: 0.001875 | Val Loss: 0.002687 | LR: 1.00e-04 | Best: 0.002715
  Epoch  36/300 | Train Loss: 0.001840 | Val Loss: 0.002687 | LR: 1.00e-04 | Best: 0.002687
  Epoch  37/300 | Train Loss: 0.001823 | Val Loss: 0.002653 | LR: 1.00e-04 | Best: 0.002687
  Epoch  38/300 | Train Loss: 0.001799 | Val Loss: 0.002644 | LR: 1.00e-04 | Best: 0.002653
  Epoch  39/300 | Train Loss: 0.001788 | Val Loss: 0.002603 | LR: 1.00e-04 | Best: 0.002644
  Epoch  40/300 | Train Loss: 0.001780 | Val Loss: 0.002582 | LR: 1.00e-04 | Best: 0.002603
  Epoch  41/300 | Train Loss: 0.001767 | Val Loss: 0.002574 | LR: 1.00e-04 | Best: 0.002582
  Epoch  42/300 | Train Loss: 0.001781 | Val Loss: 0.002541 | LR: 1.00e-04 | Best: 0.002574
  Epoch  43/300 | Train Loss: 0.001773 | Val Loss: 0.002520 | LR: 1.00e-04 | Best: 0.002541
  Epoch  44/300 | Train Loss: 0.001798 | Val Loss: 0.002481 | LR: 1.00e-04 | Best: 0.002520
  Epoch  45/300 | Train Loss: 0.001745 | Val Loss: 0.002470 | LR: 1.00e-04 | Best: 0.002481
  Epoch  46/300 | Train Loss: 0.001721 | Val Loss: 0.002451 | LR: 1.00e-04 | Best: 0.002470
  Epoch  47/300 | Train Loss: 0.001694 | Val Loss: 0.002449 | LR: 1.00e-04 | Best: 0.002451
  Epoch  48/300 | Train Loss: 0.001692 | Val Loss: 0.002426 | LR: 1.00e-04 | Best: 0.002449
  Epoch  49/300 | Train Loss: 0.001684 | Val Loss: 0.002411 | LR: 1.00e-04 | Best: 0.002426
  Epoch  50/300 | Train Loss: 0.001689 | Val Loss: 0.002392 | LR: 1.00e-04 | Best: 0.002411
  Epoch  51/300 | Train Loss: 0.001682 | Val Loss: 0.002386 | LR: 1.00e-04 | Best: 0.002392
  Epoch  52/300 | Train Loss: 0.001669 | Val Loss: 0.002345 | LR: 1.00e-04 | Best: 0.002386
  Epoch  53/300 | Train Loss: 0.001663 | Val Loss: 0.002344 | LR: 1.00e-04 | Best: 0.002345
  Epoch  54/300 | Train Loss: 0.001658 | Val Loss: 0.002320 | LR: 1.00e-04 | Best: 0.002344
  Epoch  55/300 | Train Loss: 0.001643 | Val Loss: 0.002293 | LR: 1.00e-04 | Best: 0.002320
  Epoch  56/300 | Train Loss: 0.001625 | Val Loss: 0.002285 | LR: 1.00e-04 | Best: 0.002293
  Epoch  57/300 | Train Loss: 0.001625 | Val Loss: 0.002247 | LR: 1.00e-04 | Best: 0.002285
  Epoch  58/300 | Train Loss: 0.001619 | Val Loss: 0.002255 | LR: 1.00e-04 | Best: 0.002247
  Epoch  59/300 | Train Loss: 0.001632 | Val Loss: 0.002212 | LR: 1.00e-04 | Best: 0.002247
  Epoch  60/300 | Train Loss: 0.001654 | Val Loss: 0.002224 | LR: 1.00e-04 | Best: 0.002212
  Epoch  61/300 | Train Loss: 0.001663 | Val Loss: 0.002191 | LR: 1.00e-04 | Best: 0.002212
  Epoch  62/300 | Train Loss: 0.001621 | Val Loss: 0.002163 | LR: 1.00e-04 | Best: 0.002191
  Epoch  63/300 | Train Loss: 0.001597 | Val Loss: 0.002153 | LR: 1.00e-04 | Best: 0.002163
  Epoch  64/300 | Train Loss: 0.001596 | Val Loss: 0.002110 | LR: 1.00e-04 | Best: 0.002153
  Epoch  65/300 | Train Loss: 0.001589 | Val Loss: 0.002105 | LR: 1.00e-04 | Best: 0.002110
  Epoch  66/300 | Train Loss: 0.001576 | Val Loss: 0.002078 | LR: 1.00e-04 | Best: 0.002105
  Epoch  67/300 | Train Loss: 0.001593 | Val Loss: 0.002011 | LR: 1.00e-04 | Best: 0.002078
  Epoch  68/300 | Train Loss: 0.001606 | Val Loss: 0.002045 | LR: 1.00e-04 | Best: 0.002011
  Epoch  69/300 | Train Loss: 0.001620 | Val Loss: 0.001950 | LR: 1.00e-04 | Best: 0.002011
  Epoch  70/300 | Train Loss: 0.001613 | Val Loss: 0.001927 | LR: 1.00e-04 | Best: 0.001950
  Epoch  71/300 | Train Loss: 0.001585 | Val Loss: 0.001916 | LR: 1.00e-04 | Best: 0.001927
  Epoch  72/300 | Train Loss: 0.001546 | Val Loss: 0.001872 | LR: 1.00e-04 | Best: 0.001916
  Epoch  73/300 | Train Loss: 0.001527 | Val Loss: 0.001866 | LR: 1.00e-04 | Best: 0.001872
  Epoch  74/300 | Train Loss: 0.001513 | Val Loss: 0.001835 | LR: 1.00e-04 | Best: 0.001866
  Epoch  75/300 | Train Loss: 0.001512 | Val Loss: 0.001845 | LR: 1.00e-04 | Best: 0.001835
  Epoch  76/300 | Train Loss: 0.001511 | Val Loss: 0.001819 | LR: 1.00e-04 | Best: 0.001835
  Epoch  77/300 | Train Loss: 0.001501 | Val Loss: 0.001823 | LR: 1.00e-04 | Best: 0.001819
  Epoch  78/300 | Train Loss: 0.001508 | Val Loss: 0.001817 | LR: 1.00e-04 | Best: 0.001819
  Epoch  79/300 | Train Loss: 0.001526 | Val Loss: 0.001814 | LR: 1.00e-04 | Best: 0.001817
  Epoch  80/300 | Train Loss: 0.001532 | Val Loss: 0.001814 | LR: 1.00e-04 | Best: 0.001814
  Epoch  81/300 | Train Loss: 0.001525 | Val Loss: 0.001790 | LR: 1.00e-04 | Best: 0.001814
  Epoch  82/300 | Train Loss: 0.001512 | Val Loss: 0.001805 | LR: 1.00e-04 | Best: 0.001790
  Epoch  83/300 | Train Loss: 0.001509 | Val Loss: 0.001774 | LR: 1.00e-04 | Best: 0.001790
  Epoch  84/300 | Train Loss: 0.001484 | Val Loss: 0.001789 | LR: 1.00e-04 | Best: 0.001774
  Epoch  85/300 | Train Loss: 0.001471 | Val Loss: 0.001784 | LR: 1.00e-04 | Best: 0.001774
  Epoch  86/300 | Train Loss: 0.001455 | Val Loss: 0.001766 | LR: 1.00e-04 | Best: 0.001774
  Epoch  87/300 | Train Loss: 0.001449 | Val Loss: 0.001788 | LR: 1.00e-04 | Best: 0.001766
  Epoch  88/300 | Train Loss: 0.001446 | Val Loss: 0.001759 | LR: 1.00e-04 | Best: 0.001766
  Epoch  89/300 | Train Loss: 0.001445 | Val Loss: 0.001772 | LR: 1.00e-04 | Best: 0.001759
  Epoch  90/300 | Train Loss: 0.001452 | Val Loss: 0.001753 | LR: 1.00e-04 | Best: 0.001759
  Epoch  91/300 | Train Loss: 0.001460 | Val Loss: 0.001743 | LR: 1.00e-04 | Best: 0.001753
  Epoch  92/300 | Train Loss: 0.001452 | Val Loss: 0.001731 | LR: 1.00e-04 | Best: 0.001743
  Epoch  93/300 | Train Loss: 0.001447 | Val Loss: 0.001754 | LR: 1.00e-04 | Best: 0.001731
  Epoch  94/300 | Train Loss: 0.001441 | Val Loss: 0.001723 | LR: 1.00e-04 | Best: 0.001731
  Epoch  95/300 | Train Loss: 0.001440 | Val Loss: 0.001739 | LR: 1.00e-04 | Best: 0.001723
  Epoch  96/300 | Train Loss: 0.001428 | Val Loss: 0.001741 | LR: 1.00e-04 | Best: 0.001723
  Epoch  97/300 | Train Loss: 0.001426 | Val Loss: 0.001722 | LR: 1.00e-04 | Best: 0.001723
  Epoch  98/300 | Train Loss: 0.001413 | Val Loss: 0.001715 | LR: 1.00e-04 | Best: 0.001722
  Epoch  99/300 | Train Loss: 0.001400 | Val Loss: 0.001711 | LR: 1.00e-04 | Best: 0.001715
  Epoch 100/300 | Train Loss: 0.001392 | Val Loss: 0.001722 | LR: 1.00e-04 | Best: 0.001711
  Epoch 101/300 | Train Loss: 0.001386 | Val Loss: 0.001699 | LR: 1.00e-04 | Best: 0.001711
  Epoch 102/300 | Train Loss: 0.001394 | Val Loss: 0.001743 | LR: 1.00e-04 | Best: 0.001699
  Epoch 103/300 | Train Loss: 0.001407 | Val Loss: 0.001692 | LR: 1.00e-04 | Best: 0.001699
  Epoch 104/300 | Train Loss: 0.001399 | Val Loss: 0.001726 | LR: 1.00e-04 | Best: 0.001692
  Epoch 105/300 | Train Loss: 0.001391 | Val Loss: 0.001700 | LR: 1.00e-04 | Best: 0.001692
  Epoch 106/300 | Train Loss: 0.001369 | Val Loss: 0.001709 | LR: 1.00e-04 | Best: 0.001692
  Epoch 107/300 | Train Loss: 0.001384 | Val Loss: 0.001711 | LR: 1.00e-04 | Best: 0.001692
  Epoch 108/300 | Train Loss: 0.001385 | Val Loss: 0.001717 | LR: 1.00e-04 | Best: 0.001692
  Epoch 109/300 | Train Loss: 0.001388 | Val Loss: 0.001705 | LR: 5.00e-05 | Best: 0.001692
  Epoch 110/300 | Train Loss: 0.001348 | Val Loss: 0.001708 | LR: 5.00e-05 | Best: 0.001692
  Epoch 111/300 | Train Loss: 0.001330 | Val Loss: 0.001709 | LR: 5.00e-05 | Best: 0.001692
  Epoch 112/300 | Train Loss: 0.001319 | Val Loss: 0.001708 | LR: 5.00e-05 | Best: 0.001692
  Epoch 113/300 | Train Loss: 0.001318 | Val Loss: 0.001708 | LR: 5.00e-05 | Best: 0.001692

[Early Stopping] No improvement for 10 epochs. Stopping at epoch 113.
[Early Stopping] Best validation loss: 0.001692 at epoch 103

[Checkpoint] Restored best model from epoch 103
============================================================

  [temporal attention] mean=0.0500 std=0.0005 entropy=2.9957 max=0.0512

  ── Result ──
  MAE: 0.023014  RMSE: 0.029461  Hit%: 48.6  vs Zero: +8.19%  [200s]

==========================================================================================
  ABLATION: D-TransformerRegime  (variant=transformer_regime, feat_dim=21, {})
==========================================================================================
  Params: 1,162,081

============================================================
CMGM Training
============================================================
Device: cuda
Epochs: 300 (early stopping patience=10)
Learning rate: 0.0001, Weight decay: 1e-05
============================================================
  [transformer_regime] h_spatial=[64, 64] h_temporal=[64, 64] → gate → [64, 4, 24]
  Epoch   1/300 | Train Loss: 0.005113 | Val Loss: 0.005393 | LR: 1.00e-04 | Best: inf
  Epoch   2/300 | Train Loss: 0.004299 | Val Loss: 0.004877 | LR: 1.00e-04 | Best: 0.005393
  Epoch   3/300 | Train Loss: 0.003986 | Val Loss: 0.004597 | LR: 1.00e-04 | Best: 0.004877
  Epoch   4/300 | Train Loss: 0.003725 | Val Loss: 0.004512 | LR: 1.00e-04 | Best: 0.004597
  Epoch   5/300 | Train Loss: 0.003686 | Val Loss: 0.004316 | LR: 1.00e-04 | Best: 0.004512
  Epoch   6/300 | Train Loss: 0.003321 | Val Loss: 0.004107 | LR: 1.00e-04 | Best: 0.004316
  Epoch   7/300 | Train Loss: 0.003179 | Val Loss: 0.003984 | LR: 1.00e-04 | Best: 0.004107
  Epoch   8/300 | Train Loss: 0.003020 | Val Loss: 0.003948 | LR: 1.00e-04 | Best: 0.003984
  Epoch   9/300 | Train Loss: 0.003024 | Val Loss: 0.003843 | LR: 1.00e-04 | Best: 0.003948
  Epoch  10/300 | Train Loss: 0.002883 | Val Loss: 0.003742 | LR: 1.00e-04 | Best: 0.003843
  Epoch  11/300 | Train Loss: 0.002744 | Val Loss: 0.003726 | LR: 1.00e-04 | Best: 0.003742
  Epoch  12/300 | Train Loss: 0.002687 | Val Loss: 0.003728 | LR: 1.00e-04 | Best: 0.003726
  Epoch  13/300 | Train Loss: 0.002588 | Val Loss: 0.003630 | LR: 1.00e-04 | Best: 0.003726
  Epoch  14/300 | Train Loss: 0.002470 | Val Loss: 0.003546 | LR: 1.00e-04 | Best: 0.003630
  Epoch  15/300 | Train Loss: 0.002493 | Val Loss: 0.003494 | LR: 1.00e-04 | Best: 0.003546
  Epoch  16/300 | Train Loss: 0.002355 | Val Loss: 0.003518 | LR: 1.00e-04 | Best: 0.003494
  Epoch  17/300 | Train Loss: 0.002307 | Val Loss: 0.003496 | LR: 1.00e-04 | Best: 0.003494
  Epoch  18/300 | Train Loss: 0.002253 | Val Loss: 0.003433 | LR: 1.00e-04 | Best: 0.003494
  Epoch  19/300 | Train Loss: 0.002164 | Val Loss: 0.003395 | LR: 1.00e-04 | Best: 0.003433
  Epoch  20/300 | Train Loss: 0.002164 | Val Loss: 0.003332 | LR: 1.00e-04 | Best: 0.003395
  Epoch  21/300 | Train Loss: 0.002135 | Val Loss: 0.003300 | LR: 1.00e-04 | Best: 0.003332
  Epoch  22/300 | Train Loss: 0.002119 | Val Loss: 0.003264 | LR: 1.00e-04 | Best: 0.003300
  Epoch  23/300 | Train Loss: 0.002138 | Val Loss: 0.003202 | LR: 1.00e-04 | Best: 0.003264
  Epoch  24/300 | Train Loss: 0.002107 | Val Loss: 0.003161 | LR: 1.00e-04 | Best: 0.003202
  Epoch  25/300 | Train Loss: 0.002168 | Val Loss: 0.003083 | LR: 1.00e-04 | Best: 0.003161
  Epoch  26/300 | Train Loss: 0.002106 | Val Loss: 0.003069 | LR: 1.00e-04 | Best: 0.003083
  Epoch  27/300 | Train Loss: 0.002061 | Val Loss: 0.003039 | LR: 1.00e-04 | Best: 0.003069
  Epoch  28/300 | Train Loss: 0.002004 | Val Loss: 0.003005 | LR: 1.00e-04 | Best: 0.003039
  Epoch  29/300 | Train Loss: 0.001970 | Val Loss: 0.002978 | LR: 1.00e-04 | Best: 0.003005
  Epoch  30/300 | Train Loss: 0.001939 | Val Loss: 0.002959 | LR: 1.00e-04 | Best: 0.002978
  Epoch  31/300 | Train Loss: 0.001924 | Val Loss: 0.002930 | LR: 1.00e-04 | Best: 0.002959
  Epoch  32/300 | Train Loss: 0.001893 | Val Loss: 0.002899 | LR: 1.00e-04 | Best: 0.002930
  Epoch  33/300 | Train Loss: 0.001873 | Val Loss: 0.002866 | LR: 1.00e-04 | Best: 0.002899
  Epoch  34/300 | Train Loss: 0.001850 | Val Loss: 0.002833 | LR: 1.00e-04 | Best: 0.002866
  Epoch  35/300 | Train Loss: 0.001845 | Val Loss: 0.002828 | LR: 1.00e-04 | Best: 0.002833
  Epoch  36/300 | Train Loss: 0.001848 | Val Loss: 0.002798 | LR: 1.00e-04 | Best: 0.002828
  Epoch  37/300 | Train Loss: 0.001835 | Val Loss: 0.002752 | LR: 1.00e-04 | Best: 0.002798
  Epoch  38/300 | Train Loss: 0.001866 | Val Loss: 0.002729 | LR: 1.00e-04 | Best: 0.002752
  Epoch  39/300 | Train Loss: 0.001834 | Val Loss: 0.002697 | LR: 1.00e-04 | Best: 0.002729
  Epoch  40/300 | Train Loss: 0.001784 | Val Loss: 0.002669 | LR: 1.00e-04 | Best: 0.002697
  Epoch  41/300 | Train Loss: 0.001753 | Val Loss: 0.002648 | LR: 1.00e-04 | Best: 0.002669
  Epoch  42/300 | Train Loss: 0.001729 | Val Loss: 0.002602 | LR: 1.00e-04 | Best: 0.002648
  Epoch  43/300 | Train Loss: 0.001720 | Val Loss: 0.002583 | LR: 1.00e-04 | Best: 0.002602
  Epoch  44/300 | Train Loss: 0.001704 | Val Loss: 0.002562 | LR: 1.00e-04 | Best: 0.002583
  Epoch  45/300 | Train Loss: 0.001714 | Val Loss: 0.002526 | LR: 1.00e-04 | Best: 0.002562
  Epoch  46/300 | Train Loss: 0.001715 | Val Loss: 0.002533 | LR: 1.00e-04 | Best: 0.002526
  Epoch  47/300 | Train Loss: 0.001723 | Val Loss: 0.002490 | LR: 1.00e-04 | Best: 0.002526
  Epoch  48/300 | Train Loss: 0.001718 | Val Loss: 0.002457 | LR: 1.00e-04 | Best: 0.002490
  Epoch  49/300 | Train Loss: 0.001723 | Val Loss: 0.002425 | LR: 1.00e-04 | Best: 0.002457
  Epoch  50/300 | Train Loss: 0.001678 | Val Loss: 0.002388 | LR: 1.00e-04 | Best: 0.002425
  Epoch  51/300 | Train Loss: 0.001660 | Val Loss: 0.002389 | LR: 1.00e-04 | Best: 0.002388
  Epoch  52/300 | Train Loss: 0.001672 | Val Loss: 0.002347 | LR: 1.00e-04 | Best: 0.002388
  Epoch  53/300 | Train Loss: 0.001646 | Val Loss: 0.002341 | LR: 1.00e-04 | Best: 0.002347
  Epoch  54/300 | Train Loss: 0.001681 | Val Loss: 0.002330 | LR: 1.00e-04 | Best: 0.002341
  Epoch  55/300 | Train Loss: 0.001672 | Val Loss: 0.002269 | LR: 1.00e-04 | Best: 0.002330
  Epoch  56/300 | Train Loss: 0.001636 | Val Loss: 0.002283 | LR: 1.00e-04 | Best: 0.002269
  Epoch  57/300 | Train Loss: 0.001627 | Val Loss: 0.002248 | LR: 1.00e-04 | Best: 0.002269
  Epoch  58/300 | Train Loss: 0.001590 | Val Loss: 0.002216 | LR: 1.00e-04 | Best: 0.002248
  Epoch  59/300 | Train Loss: 0.001581 | Val Loss: 0.002206 | LR: 1.00e-04 | Best: 0.002216
  Epoch  60/300 | Train Loss: 0.001572 | Val Loss: 0.002180 | LR: 1.00e-04 | Best: 0.002206
  Epoch  61/300 | Train Loss: 0.001561 | Val Loss: 0.002171 | LR: 1.00e-04 | Best: 0.002180
  Epoch  62/300 | Train Loss: 0.001559 | Val Loss: 0.002143 | LR: 1.00e-04 | Best: 0.002171
  Epoch  63/300 | Train Loss: 0.001566 | Val Loss: 0.002122 | LR: 1.00e-04 | Best: 0.002143
  Epoch  64/300 | Train Loss: 0.001573 | Val Loss: 0.002125 | LR: 1.00e-04 | Best: 0.002122
  Epoch  65/300 | Train Loss: 0.001573 | Val Loss: 0.002065 | LR: 1.00e-04 | Best: 0.002122
  Epoch  66/300 | Train Loss: 0.001565 | Val Loss: 0.002072 | LR: 1.00e-04 | Best: 0.002065
  Epoch  67/300 | Train Loss: 0.001550 | Val Loss: 0.002018 | LR: 1.00e-04 | Best: 0.002065
  Epoch  68/300 | Train Loss: 0.001531 | Val Loss: 0.001995 | LR: 1.00e-04 | Best: 0.002018
  Epoch  69/300 | Train Loss: 0.001526 | Val Loss: 0.001961 | LR: 1.00e-04 | Best: 0.001995
  Epoch  70/300 | Train Loss: 0.001520 | Val Loss: 0.001933 | LR: 1.00e-04 | Best: 0.001961
  Epoch  71/300 | Train Loss: 0.001527 | Val Loss: 0.001938 | LR: 1.00e-04 | Best: 0.001933
  Epoch  72/300 | Train Loss: 0.001509 | Val Loss: 0.001890 | LR: 1.00e-04 | Best: 0.001933
  Epoch  73/300 | Train Loss: 0.001503 | Val Loss: 0.001888 | LR: 1.00e-04 | Best: 0.001890
  Epoch  74/300 | Train Loss: 0.001493 | Val Loss: 0.001863 | LR: 1.00e-04 | Best: 0.001888
  Epoch  75/300 | Train Loss: 0.001492 | Val Loss: 0.001852 | LR: 1.00e-04 | Best: 0.001863
  Epoch  76/300 | Train Loss: 0.001491 | Val Loss: 0.001838 | LR: 1.00e-04 | Best: 0.001852
  Epoch  77/300 | Train Loss: 0.001471 | Val Loss: 0.001815 | LR: 1.00e-04 | Best: 0.001838
  Epoch  78/300 | Train Loss: 0.001482 | Val Loss: 0.001839 | LR: 1.00e-04 | Best: 0.001815
  Epoch  79/300 | Train Loss: 0.001498 | Val Loss: 0.001818 | LR: 1.00e-04 | Best: 0.001815
  Epoch  80/300 | Train Loss: 0.001518 | Val Loss: 0.001813 | LR: 1.00e-04 | Best: 0.001815
  Epoch  81/300 | Train Loss: 0.001507 | Val Loss: 0.001792 | LR: 1.00e-04 | Best: 0.001813
  Epoch  82/300 | Train Loss: 0.001466 | Val Loss: 0.001808 | LR: 1.00e-04 | Best: 0.001792
  Epoch  83/300 | Train Loss: 0.001457 | Val Loss: 0.001795 | LR: 1.00e-04 | Best: 0.001792
  Epoch  84/300 | Train Loss: 0.001448 | Val Loss: 0.001784 | LR: 1.00e-04 | Best: 0.001792
  Epoch  85/300 | Train Loss: 0.001438 | Val Loss: 0.001807 | LR: 1.00e-04 | Best: 0.001784
  Epoch  86/300 | Train Loss: 0.001433 | Val Loss: 0.001773 | LR: 1.00e-04 | Best: 0.001784
  Epoch  87/300 | Train Loss: 0.001449 | Val Loss: 0.001785 | LR: 1.00e-04 | Best: 0.001773
  Epoch  88/300 | Train Loss: 0.001448 | Val Loss: 0.001770 | LR: 1.00e-04 | Best: 0.001773
  Epoch  89/300 | Train Loss: 0.001443 | Val Loss: 0.001777 | LR: 1.00e-04 | Best: 0.001770
  Epoch  90/300 | Train Loss: 0.001437 | Val Loss: 0.001751 | LR: 1.00e-04 | Best: 0.001770
  Epoch  91/300 | Train Loss: 0.001431 | Val Loss: 0.001797 | LR: 1.00e-04 | Best: 0.001751
  Epoch  92/300 | Train Loss: 0.001419 | Val Loss: 0.001752 | LR: 1.00e-04 | Best: 0.001751
  Epoch  93/300 | Train Loss: 0.001399 | Val Loss: 0.001773 | LR: 1.00e-04 | Best: 0.001751
  Epoch  94/300 | Train Loss: 0.001405 | Val Loss: 0.001756 | LR: 1.00e-04 | Best: 0.001751
  Epoch  95/300 | Train Loss: 0.001394 | Val Loss: 0.001745 | LR: 1.00e-04 | Best: 0.001751
  Epoch  96/300 | Train Loss: 0.001404 | Val Loss: 0.001774 | LR: 1.00e-04 | Best: 0.001745
  Epoch  97/300 | Train Loss: 0.001419 | Val Loss: 0.001745 | LR: 1.00e-04 | Best: 0.001745
  Epoch  98/300 | Train Loss: 0.001407 | Val Loss: 0.001753 | LR: 1.00e-04 | Best: 0.001745
  Epoch  99/300 | Train Loss: 0.001400 | Val Loss: 0.001731 | LR: 1.00e-04 | Best: 0.001745
  Epoch 100/300 | Train Loss: 0.001370 | Val Loss: 0.001746 | LR: 1.00e-04 | Best: 0.001731
  Epoch 101/300 | Train Loss: 0.001368 | Val Loss: 0.001718 | LR: 1.00e-04 | Best: 0.001731
  Epoch 102/300 | Train Loss: 0.001369 | Val Loss: 0.001760 | LR: 1.00e-04 | Best: 0.001718
  Epoch 103/300 | Train Loss: 0.001374 | Val Loss: 0.001705 | LR: 1.00e-04 | Best: 0.001718
  Epoch 104/300 | Train Loss: 0.001365 | Val Loss: 0.001739 | LR: 1.00e-04 | Best: 0.001705
  Epoch 105/300 | Train Loss: 0.001354 | Val Loss: 0.001712 | LR: 1.00e-04 | Best: 0.001705
  Epoch 106/300 | Train Loss: 0.001347 | Val Loss: 0.001729 | LR: 1.00e-04 | Best: 0.001705
  Epoch 107/300 | Train Loss: 0.001353 | Val Loss: 0.001711 | LR: 1.00e-04 | Best: 0.001705
  Epoch 108/300 | Train Loss: 0.001347 | Val Loss: 0.001708 | LR: 1.00e-04 | Best: 0.001705
  Epoch 109/300 | Train Loss: 0.001351 | Val Loss: 0.001700 | LR: 1.00e-04 | Best: 0.001705
  Epoch 110/300 | Train Loss: 0.001347 | Val Loss: 0.001695 | LR: 1.00e-04 | Best: 0.001700
  Epoch 111/300 | Train Loss: 0.001351 | Val Loss: 0.001687 | LR: 1.00e-04 | Best: 0.001695
  Epoch 112/300 | Train Loss: 0.001336 | Val Loss: 0.001704 | LR: 1.00e-04 | Best: 0.001687
  Epoch 113/300 | Train Loss: 0.001329 | Val Loss: 0.001676 | LR: 1.00e-04 | Best: 0.001687
  Epoch 114/300 | Train Loss: 0.001318 | Val Loss: 0.001707 | LR: 1.00e-04 | Best: 0.001676
  Epoch 115/300 | Train Loss: 0.001324 | Val Loss: 0.001667 | LR: 1.00e-04 | Best: 0.001676
  Epoch 116/300 | Train Loss: 0.001314 | Val Loss: 0.001672 | LR: 1.00e-04 | Best: 0.001667
  Epoch 117/300 | Train Loss: 0.001332 | Val Loss: 0.001705 | LR: 1.00e-04 | Best: 0.001667
  Epoch 118/300 | Train Loss: 0.001340 | Val Loss: 0.001657 | LR: 1.00e-04 | Best: 0.001667
  Epoch 119/300 | Train Loss: 0.001344 | Val Loss: 0.001702 | LR: 1.00e-04 | Best: 0.001657
  Epoch 120/300 | Train Loss: 0.001317 | Val Loss: 0.001660 | LR: 1.00e-04 | Best: 0.001657
  Epoch 121/300 | Train Loss: 0.001300 | Val Loss: 0.001700 | LR: 1.00e-04 | Best: 0.001657
  Epoch 122/300 | Train Loss: 0.001295 | Val Loss: 0.001666 | LR: 1.00e-04 | Best: 0.001657
  Epoch 123/300 | Train Loss: 0.001295 | Val Loss: 0.001684 | LR: 1.00e-04 | Best: 0.001657
  Epoch 124/300 | Train Loss: 0.001289 | Val Loss: 0.001702 | LR: 5.00e-05 | Best: 0.001657
  Epoch 125/300 | Train Loss: 0.001279 | Val Loss: 0.001669 | LR: 5.00e-05 | Best: 0.001657
  Epoch 126/300 | Train Loss: 0.001264 | Val Loss: 0.001683 | LR: 5.00e-05 | Best: 0.001657
  Epoch 127/300 | Train Loss: 0.001251 | Val Loss: 0.001673 | LR: 5.00e-05 | Best: 0.001657
  Epoch 128/300 | Train Loss: 0.001247 | Val Loss: 0.001680 | LR: 5.00e-05 | Best: 0.001657

[Early Stopping] No improvement for 10 epochs. Stopping at epoch 128.
[Early Stopping] Best validation loss: 0.001657 at epoch 118

[Checkpoint] Restored best model from epoch 118
============================================================

  [temporal attention] mean=0.0500 std=0.0008 entropy=2.9956 max=0.0516
  [regime p] mean=[0.3299 0.3283 0.3419] std=0.0061 min=0.3282 max=0.3419
    t=0: [0.3299 0.3283 0.3419]
    t=2: [0.3299 0.3282 0.3419]
    t=4: [0.3299 0.3283 0.3419]
    t=6: [0.3299 0.3283 0.3418]
    t=8: [0.3299 0.3283 0.3418]
    t=10: [0.3299 0.3283 0.3418]
    t=12: [0.3299 0.3283 0.3418]
    t=14: [0.3299 0.3283 0.3418]
    t=16: [0.3299 0.3283 0.3419]
    t=18: [0.3299 0.3283 0.3418]
  [regime entropy] mean=1.0984 std=0.0000 (log(K)=1.0986)
  [state transition] mean ||p_t−p_{t−1}||_1 = 0.0000
  [state-specific stats] (soft-weighted)
    regime 0: weight=0.330 mean_ret=+0.007459 mean_abs=0.009661 vol=0.011668
    regime 1: weight=0.328 mean_ret=+0.007459 mean_abs=0.009661 vol=0.011668
    regime 2: weight=0.342 mean_ret=+0.007459 mean_abs=0.009661 vol=0.011668

  ── Result ──
  MAE: 0.022647  RMSE: 0.029084  Hit%: 47.9  vs Zero: +6.46%  [235s]

==========================================================================================
  ABLATION: E-RegimeRPE  (variant=regime_rpe_transformer, feat_dim=21, {})
==========================================================================================
  Params: 1,162,193

============================================================
CMGM Training
============================================================
Device: cuda
Epochs: 300 (early stopping patience=10)
Learning rate: 0.0001, Weight decay: 1e-05
============================================================
  [regime_rpe_transformer] h_spatial=[64, 64] h_temporal=[64, 64] → gate → [64, 4, 24]
  Epoch   1/300 | Train Loss: 0.005181 | Val Loss: 0.005440 | LR: 1.00e-04 | Best: inf
  Epoch   2/300 | Train Loss: 0.004297 | Val Loss: 0.004902 | LR: 1.00e-04 | Best: 0.005440
  Epoch   3/300 | Train Loss: 0.004012 | Val Loss: 0.004642 | LR: 1.00e-04 | Best: 0.004902
  Epoch   4/300 | Train Loss: 0.003736 | Val Loss: 0.004503 | LR: 1.00e-04 | Best: 0.004642
  Epoch   5/300 | Train Loss: 0.003677 | Val Loss: 0.004377 | LR: 1.00e-04 | Best: 0.004503
  Epoch   6/300 | Train Loss: 0.003559 | Val Loss: 0.004182 | LR: 1.00e-04 | Best: 0.004377
  Epoch   7/300 | Train Loss: 0.003302 | Val Loss: 0.004011 | LR: 1.00e-04 | Best: 0.004182
  Epoch   8/300 | Train Loss: 0.003155 | Val Loss: 0.003885 | LR: 1.00e-04 | Best: 0.004011
  Epoch   9/300 | Train Loss: 0.003055 | Val Loss: 0.003763 | LR: 1.00e-04 | Best: 0.003885
  Epoch  10/300 | Train Loss: 0.002871 | Val Loss: 0.003658 | LR: 1.00e-04 | Best: 0.003763
  Epoch  11/300 | Train Loss: 0.002750 | Val Loss: 0.003621 | LR: 1.00e-04 | Best: 0.003658
  Epoch  12/300 | Train Loss: 0.002642 | Val Loss: 0.003582 | LR: 1.00e-04 | Best: 0.003621
  Epoch  13/300 | Train Loss: 0.002633 | Val Loss: 0.003482 | LR: 1.00e-04 | Best: 0.003582
  Epoch  14/300 | Train Loss: 0.002426 | Val Loss: 0.003444 | LR: 1.00e-04 | Best: 0.003482
  Epoch  15/300 | Train Loss: 0.002405 | Val Loss: 0.003419 | LR: 1.00e-04 | Best: 0.003444
  Epoch  16/300 | Train Loss: 0.002327 | Val Loss: 0.003355 | LR: 1.00e-04 | Best: 0.003419
  Epoch  17/300 | Train Loss: 0.002258 | Val Loss: 0.003308 | LR: 1.00e-04 | Best: 0.003355
  Epoch  18/300 | Train Loss: 0.002212 | Val Loss: 0.003275 | LR: 1.00e-04 | Best: 0.003308
  Epoch  19/300 | Train Loss: 0.002218 | Val Loss: 0.003242 | LR: 1.00e-04 | Best: 0.003275
  Epoch  20/300 | Train Loss: 0.002193 | Val Loss: 0.003199 | LR: 1.00e-04 | Best: 0.003242
  Epoch  21/300 | Train Loss: 0.002168 | Val Loss: 0.003214 | LR: 1.00e-04 | Best: 0.003199
  Epoch  22/300 | Train Loss: 0.002174 | Val Loss: 0.003173 | LR: 1.00e-04 | Best: 0.003199
  Epoch  23/300 | Train Loss: 0.002108 | Val Loss: 0.003118 | LR: 1.00e-04 | Best: 0.003173
  Epoch  24/300 | Train Loss: 0.002069 | Val Loss: 0.003119 | LR: 1.00e-04 | Best: 0.003118
  Epoch  25/300 | Train Loss: 0.002113 | Val Loss: 0.003057 | LR: 1.00e-04 | Best: 0.003118
  Epoch  26/300 | Train Loss: 0.002031 | Val Loss: 0.003040 | LR: 1.00e-04 | Best: 0.003057
  Epoch  27/300 | Train Loss: 0.001977 | Val Loss: 0.003001 | LR: 1.00e-04 | Best: 0.003040
  Epoch  28/300 | Train Loss: 0.001982 | Val Loss: 0.002982 | LR: 1.00e-04 | Best: 0.003001
  Epoch  29/300 | Train Loss: 0.001955 | Val Loss: 0.002951 | LR: 1.00e-04 | Best: 0.002982
  Epoch  30/300 | Train Loss: 0.001982 | Val Loss: 0.002911 | LR: 1.00e-04 | Best: 0.002951
  Epoch  31/300 | Train Loss: 0.002032 | Val Loss: 0.002876 | LR: 1.00e-04 | Best: 0.002911
  Epoch  32/300 | Train Loss: 0.002023 | Val Loss: 0.002915 | LR: 1.00e-04 | Best: 0.002876
  Epoch  33/300 | Train Loss: 0.002037 | Val Loss: 0.002794 | LR: 1.00e-04 | Best: 0.002876
  Epoch  34/300 | Train Loss: 0.001906 | Val Loss: 0.002770 | LR: 1.00e-04 | Best: 0.002794
  Epoch  35/300 | Train Loss: 0.001878 | Val Loss: 0.002757 | LR: 1.00e-04 | Best: 0.002770
  Epoch  36/300 | Train Loss: 0.001847 | Val Loss: 0.002750 | LR: 1.00e-04 | Best: 0.002757
  Epoch  37/300 | Train Loss: 0.001832 | Val Loss: 0.002713 | LR: 1.00e-04 | Best: 0.002750
  Epoch  38/300 | Train Loss: 0.001814 | Val Loss: 0.002693 | LR: 1.00e-04 | Best: 0.002713
  Epoch  39/300 | Train Loss: 0.001811 | Val Loss: 0.002660 | LR: 1.00e-04 | Best: 0.002693
  Epoch  40/300 | Train Loss: 0.001795 | Val Loss: 0.002628 | LR: 1.00e-04 | Best: 0.002660
  Epoch  41/300 | Train Loss: 0.001798 | Val Loss: 0.002616 | LR: 1.00e-04 | Best: 0.002628
  Epoch  42/300 | Train Loss: 0.001776 | Val Loss: 0.002574 | LR: 1.00e-04 | Best: 0.002616
  Epoch  43/300 | Train Loss: 0.001780 | Val Loss: 0.002547 | LR: 1.00e-04 | Best: 0.002574
  Epoch  44/300 | Train Loss: 0.001747 | Val Loss: 0.002531 | LR: 1.00e-04 | Best: 0.002547
  Epoch  45/300 | Train Loss: 0.001732 | Val Loss: 0.002510 | LR: 1.00e-04 | Best: 0.002531
  Epoch  46/300 | Train Loss: 0.001705 | Val Loss: 0.002490 | LR: 1.00e-04 | Best: 0.002510
  Epoch  47/300 | Train Loss: 0.001687 | Val Loss: 0.002457 | LR: 1.00e-04 | Best: 0.002490
  Epoch  48/300 | Train Loss: 0.001697 | Val Loss: 0.002455 | LR: 1.00e-04 | Best: 0.002457
  Epoch  49/300 | Train Loss: 0.001684 | Val Loss: 0.002419 | LR: 1.00e-04 | Best: 0.002455
  Epoch  50/300 | Train Loss: 0.001697 | Val Loss: 0.002409 | LR: 1.00e-04 | Best: 0.002419
  Epoch  51/300 | Train Loss: 0.001670 | Val Loss: 0.002384 | LR: 1.00e-04 | Best: 0.002409
  Epoch  52/300 | Train Loss: 0.001664 | Val Loss: 0.002359 | LR: 1.00e-04 | Best: 0.002384
  Epoch  53/300 | Train Loss: 0.001659 | Val Loss: 0.002345 | LR: 1.00e-04 | Best: 0.002359
  Epoch  54/300 | Train Loss: 0.001665 | Val Loss: 0.002312 | LR: 1.00e-04 | Best: 0.002345
  Epoch  55/300 | Train Loss: 0.001662 | Val Loss: 0.002316 | LR: 1.00e-04 | Best: 0.002312
  Epoch  56/300 | Train Loss: 0.001634 | Val Loss: 0.002274 | LR: 1.00e-04 | Best: 0.002312
  Epoch  57/300 | Train Loss: 0.001619 | Val Loss: 0.002272 | LR: 1.00e-04 | Best: 0.002274
  Epoch  58/300 | Train Loss: 0.001601 | Val Loss: 0.002247 | LR: 1.00e-04 | Best: 0.002272
  Epoch  59/300 | Train Loss: 0.001605 | Val Loss: 0.002228 | LR: 1.00e-04 | Best: 0.002247
  Epoch  60/300 | Train Loss: 0.001612 | Val Loss: 0.002212 | LR: 1.00e-04 | Best: 0.002228
  Epoch  61/300 | Train Loss: 0.001620 | Val Loss: 0.002169 | LR: 1.00e-04 | Best: 0.002212
  Epoch  62/300 | Train Loss: 0.001627 | Val Loss: 0.002180 | LR: 1.00e-04 | Best: 0.002169
  Epoch  63/300 | Train Loss: 0.001610 | Val Loss: 0.002126 | LR: 1.00e-04 | Best: 0.002169
  Epoch  64/300 | Train Loss: 0.001605 | Val Loss: 0.002140 | LR: 1.00e-04 | Best: 0.002126
  Epoch  65/300 | Train Loss: 0.001598 | Val Loss: 0.002093 | LR: 1.00e-04 | Best: 0.002126
  Epoch  66/300 | Train Loss: 0.001578 | Val Loss: 0.002075 | LR: 1.00e-04 | Best: 0.002093
  Epoch  67/300 | Train Loss: 0.001600 | Val Loss: 0.002073 | LR: 1.00e-04 | Best: 0.002075
  Epoch  68/300 | Train Loss: 0.001585 | Val Loss: 0.001997 | LR: 1.00e-04 | Best: 0.002073
  Epoch  69/300 | Train Loss: 0.001574 | Val Loss: 0.002008 | LR: 1.00e-04 | Best: 0.001997
  Epoch  70/300 | Train Loss: 0.001563 | Val Loss: 0.001936 | LR: 1.00e-04 | Best: 0.001997
  Epoch  71/300 | Train Loss: 0.001560 | Val Loss: 0.001927 | LR: 1.00e-04 | Best: 0.001936
  Epoch  72/300 | Train Loss: 0.001543 | Val Loss: 0.001885 | LR: 1.00e-04 | Best: 0.001927
  Epoch  73/300 | Train Loss: 0.001543 | Val Loss: 0.001863 | LR: 1.00e-04 | Best: 0.001885
  Epoch  74/300 | Train Loss: 0.001539 | Val Loss: 0.001865 | LR: 1.00e-04 | Best: 0.001863
  Epoch  75/300 | Train Loss: 0.001524 | Val Loss: 0.001822 | LR: 1.00e-04 | Best: 0.001863
  Epoch  76/300 | Train Loss: 0.001526 | Val Loss: 0.001843 | LR: 1.00e-04 | Best: 0.001822
  Epoch  77/300 | Train Loss: 0.001518 | Val Loss: 0.001807 | LR: 1.00e-04 | Best: 0.001822
  Epoch  78/300 | Train Loss: 0.001514 | Val Loss: 0.001816 | LR: 1.00e-04 | Best: 0.001807
  Epoch  79/300 | Train Loss: 0.001500 | Val Loss: 0.001814 | LR: 1.00e-04 | Best: 0.001807
  Epoch  80/300 | Train Loss: 0.001493 | Val Loss: 0.001803 | LR: 1.00e-04 | Best: 0.001807
  Epoch  81/300 | Train Loss: 0.001507 | Val Loss: 0.001812 | LR: 1.00e-04 | Best: 0.001803
  Epoch  82/300 | Train Loss: 0.001498 | Val Loss: 0.001799 | LR: 1.00e-04 | Best: 0.001803
  Epoch  83/300 | Train Loss: 0.001502 | Val Loss: 0.001816 | LR: 1.00e-04 | Best: 0.001799
  Epoch  84/300 | Train Loss: 0.001490 | Val Loss: 0.001793 | LR: 1.00e-04 | Best: 0.001799
  Epoch  85/300 | Train Loss: 0.001481 | Val Loss: 0.001811 | LR: 1.00e-04 | Best: 0.001793
  Epoch  86/300 | Train Loss: 0.001461 | Val Loss: 0.001781 | LR: 1.00e-04 | Best: 0.001793
  Epoch  87/300 | Train Loss: 0.001451 | Val Loss: 0.001796 | LR: 1.00e-04 | Best: 0.001781
  Epoch  88/300 | Train Loss: 0.001443 | Val Loss: 0.001771 | LR: 1.00e-04 | Best: 0.001781
  Epoch  89/300 | Train Loss: 0.001432 | Val Loss: 0.001770 | LR: 1.00e-04 | Best: 0.001771
  Epoch  90/300 | Train Loss: 0.001438 | Val Loss: 0.001761 | LR: 1.00e-04 | Best: 0.001770
  Epoch  91/300 | Train Loss: 0.001439 | Val Loss: 0.001756 | LR: 1.00e-04 | Best: 0.001761
  Epoch  92/300 | Train Loss: 0.001448 | Val Loss: 0.001782 | LR: 1.00e-04 | Best: 0.001756
  Epoch  93/300 | Train Loss: 0.001476 | Val Loss: 0.001741 | LR: 1.00e-04 | Best: 0.001756
  Epoch  94/300 | Train Loss: 0.001480 | Val Loss: 0.001782 | LR: 1.00e-04 | Best: 0.001741
  Epoch  95/300 | Train Loss: 0.001463 | Val Loss: 0.001745 | LR: 1.00e-04 | Best: 0.001741
  Epoch  96/300 | Train Loss: 0.001434 | Val Loss: 0.001764 | LR: 1.00e-04 | Best: 0.001741
  Epoch  97/300 | Train Loss: 0.001412 | Val Loss: 0.001741 | LR: 1.00e-04 | Best: 0.001741
  Epoch  98/300 | Train Loss: 0.001393 | Val Loss: 0.001741 | LR: 1.00e-04 | Best: 0.001741
  Epoch  99/300 | Train Loss: 0.001394 | Val Loss: 0.001741 | LR: 5.00e-05 | Best: 0.001741
  Epoch 100/300 | Train Loss: 0.001383 | Val Loss: 0.001734 | LR: 5.00e-05 | Best: 0.001741
  Epoch 101/300 | Train Loss: 0.001361 | Val Loss: 0.001738 | LR: 5.00e-05 | Best: 0.001734
  Epoch 102/300 | Train Loss: 0.001354 | Val Loss: 0.001739 | LR: 5.00e-05 | Best: 0.001734
  Epoch 103/300 | Train Loss: 0.001353 | Val Loss: 0.001732 | LR: 5.00e-05 | Best: 0.001734
  Epoch 104/300 | Train Loss: 0.001350 | Val Loss: 0.001732 | LR: 5.00e-05 | Best: 0.001732
  Epoch 105/300 | Train Loss: 0.001346 | Val Loss: 0.001730 | LR: 5.00e-05 | Best: 0.001732
  Epoch 106/300 | Train Loss: 0.001331 | Val Loss: 0.001724 | LR: 5.00e-05 | Best: 0.001730
  Epoch 107/300 | Train Loss: 0.001343 | Val Loss: 0.001728 | LR: 5.00e-05 | Best: 0.001724
  Epoch 108/300 | Train Loss: 0.001338 | Val Loss: 0.001712 | LR: 5.00e-05 | Best: 0.001724
  Epoch 109/300 | Train Loss: 0.001342 | Val Loss: 0.001729 | LR: 5.00e-05 | Best: 0.001712
  Epoch 110/300 | Train Loss: 0.001339 | Val Loss: 0.001704 | LR: 5.00e-05 | Best: 0.001712
  Epoch 111/300 | Train Loss: 0.001339 | Val Loss: 0.001729 | LR: 5.00e-05 | Best: 0.001704
  Epoch 112/300 | Train Loss: 0.001336 | Val Loss: 0.001702 | LR: 5.00e-05 | Best: 0.001704
  Epoch 113/300 | Train Loss: 0.001338 | Val Loss: 0.001718 | LR: 5.00e-05 | Best: 0.001702
  Epoch 114/300 | Train Loss: 0.001334 | Val Loss: 0.001702 | LR: 5.00e-05 | Best: 0.001702
  Epoch 115/300 | Train Loss: 0.001339 | Val Loss: 0.001713 | LR: 5.00e-05 | Best: 0.001702
  Epoch 116/300 | Train Loss: 0.001337 | Val Loss: 0.001707 | LR: 5.00e-05 | Best: 0.001702
  Epoch 117/300 | Train Loss: 0.001333 | Val Loss: 0.001702 | LR: 5.00e-05 | Best: 0.001702
  Epoch 118/300 | Train Loss: 0.001332 | Val Loss: 0.001716 | LR: 5.00e-05 | Best: 0.001702
  Epoch 119/300 | Train Loss: 0.001338 | Val Loss: 0.001694 | LR: 5.00e-05 | Best: 0.001702
  Epoch 120/300 | Train Loss: 0.001331 | Val Loss: 0.001718 | LR: 5.00e-05 | Best: 0.001694
  Epoch 121/300 | Train Loss: 0.001334 | Val Loss: 0.001687 | LR: 5.00e-05 | Best: 0.001694
  Epoch 122/300 | Train Loss: 0.001328 | Val Loss: 0.001713 | LR: 5.00e-05 | Best: 0.001687
  Epoch 123/300 | Train Loss: 0.001325 | Val Loss: 0.001691 | LR: 5.00e-05 | Best: 0.001687
  Epoch 124/300 | Train Loss: 0.001317 | Val Loss: 0.001717 | LR: 5.00e-05 | Best: 0.001687
  Epoch 125/300 | Train Loss: 0.001325 | Val Loss: 0.001693 | LR: 5.00e-05 | Best: 0.001687
  Epoch 126/300 | Train Loss: 0.001321 | Val Loss: 0.001709 | LR: 5.00e-05 | Best: 0.001687
  Epoch 127/300 | Train Loss: 0.001314 | Val Loss: 0.001688 | LR: 2.50e-05 | Best: 0.001687
  Epoch 128/300 | Train Loss: 0.001301 | Val Loss: 0.001697 | LR: 2.50e-05 | Best: 0.001687
  Epoch 129/300 | Train Loss: 0.001290 | Val Loss: 0.001700 | LR: 2.50e-05 | Best: 0.001687
  Epoch 130/300 | Train Loss: 0.001284 | Val Loss: 0.001698 | LR: 2.50e-05 | Best: 0.001687
  Epoch 131/300 | Train Loss: 0.001280 | Val Loss: 0.001695 | LR: 2.50e-05 | Best: 0.001687

[Early Stopping] No improvement for 10 epochs. Stopping at epoch 131.
[Early Stopping] Best validation loss: 0.001687 at epoch 121

[Checkpoint] Restored best model from epoch 121
============================================================

  [temporal attention] mean=0.0500 std=0.0005 entropy=2.9957 max=0.0511
  [regime p] mean=[0.3334 0.3333 0.3333] std=0.0000 min=0.3333 max=0.3334
    t=0: [0.3334 0.3333 0.3333]
    t=2: [0.3334 0.3333 0.3333]
    t=4: [0.3334 0.3333 0.3333]
    t=6: [0.3334 0.3333 0.3333]
    t=8: [0.3334 0.3333 0.3333]
    t=10: [0.3334 0.3333 0.3333]
    t=12: [0.3334 0.3333 0.3333]
    t=14: [0.3334 0.3333 0.3333]
    t=16: [0.3334 0.3333 0.3333]
    t=18: [0.3334 0.3333 0.3333]
  [regime entropy] mean=1.0986 std=0.0000 (log(K)=1.0986)
  [state transition] mean ||p_t−p_{t−1}||_1 = 0.0000
  [state-specific stats] (soft-weighted)
    regime 0: weight=0.333 mean_ret=+0.007459 mean_abs=0.009661 vol=0.011668
    regime 1: weight=0.333 mean_ret=+0.007459 mean_abs=0.009661 vol=0.011668
    regime 2: weight=0.333 mean_ret=+0.007459 mean_abs=0.009661 vol=0.011668

  ── Result ──
  MAE: 0.022966  RMSE: 0.029366  Hit%: 48.8  vs Zero: +7.96%  [241s]

==========================================================================================
  ABLATION: F-RegimeDynamic  (variant=regime_dynamic_transformer, feat_dim=21, {})
==========================================================================================
  Params: 1,213,719

============================================================
CMGM Training
============================================================
Device: cuda
Epochs: 300 (early stopping patience=10)
Learning rate: 0.0001, Weight decay: 1e-05
============================================================
  [regime_dynamic] h_spatial=[64, 64] h_temporal=[64, 64] → [64, 4, 24]
  Epoch   1/300 | Train Loss: 0.004713 | Val Loss: 0.005100 | LR: 1.00e-04 | Best: inf
  Epoch   2/300 | Train Loss: 0.004058 | Val Loss: 0.004567 | LR: 1.00e-04 | Best: 0.005100
  Epoch   3/300 | Train Loss: 0.003669 | Val Loss: 0.004436 | LR: 1.00e-04 | Best: 0.004567
  Epoch   4/300 | Train Loss: 0.003364 | Val Loss: 0.004410 | LR: 1.00e-04 | Best: 0.004436
  Epoch   5/300 | Train Loss: 0.003215 | Val Loss: 0.004179 | LR: 1.00e-04 | Best: 0.004410
  Epoch   6/300 | Train Loss: 0.003039 | Val Loss: 0.003957 | LR: 1.00e-04 | Best: 0.004179
  Epoch   7/300 | Train Loss: 0.002881 | Val Loss: 0.003589 | LR: 1.00e-04 | Best: 0.003957
  Epoch   8/300 | Train Loss: 0.002776 | Val Loss: 0.003387 | LR: 1.00e-04 | Best: 0.003589
  Epoch   9/300 | Train Loss: 0.002653 | Val Loss: 0.003456 | LR: 1.00e-04 | Best: 0.003387
  Epoch  10/300 | Train Loss: 0.002432 | Val Loss: 0.003334 | LR: 1.00e-04 | Best: 0.003387
  Epoch  11/300 | Train Loss: 0.002325 | Val Loss: 0.003169 | LR: 1.00e-04 | Best: 0.003334
  Epoch  12/300 | Train Loss: 0.002273 | Val Loss: 0.003084 | LR: 1.00e-04 | Best: 0.003169
  Epoch  13/300 | Train Loss: 0.002242 | Val Loss: 0.003106 | LR: 1.00e-04 | Best: 0.003084
  Epoch  14/300 | Train Loss: 0.002185 | Val Loss: 0.003220 | LR: 1.00e-04 | Best: 0.003084
  Epoch  15/300 | Train Loss: 0.002101 | Val Loss: 0.003053 | LR: 1.00e-04 | Best: 0.003084
  Epoch  16/300 | Train Loss: 0.001939 | Val Loss: 0.002915 | LR: 1.00e-04 | Best: 0.003053
  Epoch  17/300 | Train Loss: 0.001853 | Val Loss: 0.002872 | LR: 1.00e-04 | Best: 0.002915
  Epoch  18/300 | Train Loss: 0.001799 | Val Loss: 0.002823 | LR: 1.00e-04 | Best: 0.002872
  Epoch  19/300 | Train Loss: 0.001738 | Val Loss: 0.002786 | LR: 1.00e-04 | Best: 0.002823
  Epoch  20/300 | Train Loss: 0.001713 | Val Loss: 0.002782 | LR: 1.00e-04 | Best: 0.002786
  Epoch  21/300 | Train Loss: 0.001704 | Val Loss: 0.002755 | LR: 1.00e-04 | Best: 0.002782
  Epoch  22/300 | Train Loss: 0.001727 | Val Loss: 0.002701 | LR: 1.00e-04 | Best: 0.002755
  Epoch  23/300 | Train Loss: 0.001725 | Val Loss: 0.002695 | LR: 1.00e-04 | Best: 0.002701
  Epoch  24/300 | Train Loss: 0.001716 | Val Loss: 0.002559 | LR: 1.00e-04 | Best: 0.002695
  Epoch  25/300 | Train Loss: 0.001642 | Val Loss: 0.002497 | LR: 1.00e-04 | Best: 0.002559
  Epoch  26/300 | Train Loss: 0.001609 | Val Loss: 0.002514 | LR: 1.00e-04 | Best: 0.002497
  Epoch  27/300 | Train Loss: 0.001549 | Val Loss: 0.002605 | LR: 1.00e-04 | Best: 0.002497
  Epoch  28/300 | Train Loss: 0.001520 | Val Loss: 0.002609 | LR: 1.00e-04 | Best: 0.002497
  Epoch  29/300 | Train Loss: 0.001520 | Val Loss: 0.002543 | LR: 1.00e-04 | Best: 0.002497
  Epoch  30/300 | Train Loss: 0.001476 | Val Loss: 0.002497 | LR: 1.00e-04 | Best: 0.002497
  Epoch  31/300 | Train Loss: 0.001463 | Val Loss: 0.002451 | LR: 1.00e-04 | Best: 0.002497
  Epoch  32/300 | Train Loss: 0.001492 | Val Loss: 0.002400 | LR: 1.00e-04 | Best: 0.002451
  Epoch  33/300 | Train Loss: 0.001466 | Val Loss: 0.002386 | LR: 1.00e-04 | Best: 0.002400
  Epoch  34/300 | Train Loss: 0.001426 | Val Loss: 0.002436 | LR: 1.00e-04 | Best: 0.002386
  Epoch  35/300 | Train Loss: 0.001459 | Val Loss: 0.002427 | LR: 1.00e-04 | Best: 0.002386
  Epoch  36/300 | Train Loss: 0.001402 | Val Loss: 0.002407 | LR: 1.00e-04 | Best: 0.002386
  Epoch  37/300 | Train Loss: 0.001362 | Val Loss: 0.002366 | LR: 1.00e-04 | Best: 0.002386
  Epoch  38/300 | Train Loss: 0.001366 | Val Loss: 0.002322 | LR: 1.00e-04 | Best: 0.002366
  Epoch  39/300 | Train Loss: 0.001379 | Val Loss: 0.002311 | LR: 1.00e-04 | Best: 0.002322
  Epoch  40/300 | Train Loss: 0.001345 | Val Loss: 0.002304 | LR: 1.00e-04 | Best: 0.002311
  Epoch  41/300 | Train Loss: 0.001336 | Val Loss: 0.002296 | LR: 1.00e-04 | Best: 0.002304
  Epoch  42/300 | Train Loss: 0.001313 | Val Loss: 0.002274 | LR: 1.00e-04 | Best: 0.002296
  Epoch  43/300 | Train Loss: 0.001328 | Val Loss: 0.002258 | LR: 1.00e-04 | Best: 0.002274
  Epoch  44/300 | Train Loss: 0.001312 | Val Loss: 0.002227 | LR: 1.00e-04 | Best: 0.002258
  Epoch  45/300 | Train Loss: 0.001305 | Val Loss: 0.002181 | LR: 1.00e-04 | Best: 0.002227
  Epoch  46/300 | Train Loss: 0.001313 | Val Loss: 0.002162 | LR: 1.00e-04 | Best: 0.002181
  Epoch  47/300 | Train Loss: 0.001278 | Val Loss: 0.002176 | LR: 1.00e-04 | Best: 0.002162
  Epoch  48/300 | Train Loss: 0.001250 | Val Loss: 0.002150 | LR: 1.00e-04 | Best: 0.002162
  Epoch  49/300 | Train Loss: 0.001234 | Val Loss: 0.002124 | LR: 1.00e-04 | Best: 0.002150
  Epoch  50/300 | Train Loss: 0.001260 | Val Loss: 0.002097 | LR: 1.00e-04 | Best: 0.002124
  Epoch  51/300 | Train Loss: 0.001232 | Val Loss: 0.002063 | LR: 1.00e-04 | Best: 0.002097
  Epoch  52/300 | Train Loss: 0.001230 | Val Loss: 0.002044 | LR: 1.00e-04 | Best: 0.002063
  Epoch  53/300 | Train Loss: 0.001228 | Val Loss: 0.002074 | LR: 1.00e-04 | Best: 0.002044
  Epoch  54/300 | Train Loss: 0.001236 | Val Loss: 0.002063 | LR: 1.00e-04 | Best: 0.002044
  Epoch  55/300 | Train Loss: 0.001198 | Val Loss: 0.002027 | LR: 1.00e-04 | Best: 0.002044
  Epoch  56/300 | Train Loss: 0.001178 | Val Loss: 0.001994 | LR: 1.00e-04 | Best: 0.002027
  Epoch  57/300 | Train Loss: 0.001195 | Val Loss: 0.002016 | LR: 1.00e-04 | Best: 0.001994
  Epoch  58/300 | Train Loss: 0.001211 | Val Loss: 0.002005 | LR: 1.00e-04 | Best: 0.001994
  Epoch  59/300 | Train Loss: 0.001229 | Val Loss: 0.001948 | LR: 1.00e-04 | Best: 0.001994
  Epoch  60/300 | Train Loss: 0.001215 | Val Loss: 0.001996 | LR: 1.00e-04 | Best: 0.001948
  Epoch  61/300 | Train Loss: 0.001270 | Val Loss: 0.001927 | LR: 1.00e-04 | Best: 0.001948
  Epoch  62/300 | Train Loss: 0.001183 | Val Loss: 0.001902 | LR: 1.00e-04 | Best: 0.001927
  Epoch  63/300 | Train Loss: 0.001142 | Val Loss: 0.001906 | LR: 1.00e-04 | Best: 0.001902
  Epoch  64/300 | Train Loss: 0.001124 | Val Loss: 0.001919 | LR: 1.00e-04 | Best: 0.001902
  Epoch  65/300 | Train Loss: 0.001121 | Val Loss: 0.001933 | LR: 1.00e-04 | Best: 0.001902
  Epoch  66/300 | Train Loss: 0.001110 | Val Loss: 0.001946 | LR: 1.00e-04 | Best: 0.001902
  Epoch  67/300 | Train Loss: 0.001154 | Val Loss: 0.001897 | LR: 1.00e-04 | Best: 0.001902
  Epoch  68/300 | Train Loss: 0.001141 | Val Loss: 0.001870 | LR: 1.00e-04 | Best: 0.001897
  Epoch  69/300 | Train Loss: 0.001149 | Val Loss: 0.001843 | LR: 1.00e-04 | Best: 0.001870
  Epoch  70/300 | Train Loss: 0.001138 | Val Loss: 0.001823 | LR: 1.00e-04 | Best: 0.001843
  Epoch  71/300 | Train Loss: 0.001155 | Val Loss: 0.001848 | LR: 1.00e-04 | Best: 0.001823
  Epoch  72/300 | Train Loss: 0.001100 | Val Loss: 0.001798 | LR: 1.00e-04 | Best: 0.001823
  Epoch  73/300 | Train Loss: 0.001072 | Val Loss: 0.001776 | LR: 1.00e-04 | Best: 0.001798
  Epoch  74/300 | Train Loss: 0.001083 | Val Loss: 0.001796 | LR: 1.00e-04 | Best: 0.001776
  Epoch  75/300 | Train Loss: 0.001073 | Val Loss: 0.001761 | LR: 1.00e-04 | Best: 0.001776
  Epoch  76/300 | Train Loss: 0.001057 | Val Loss: 0.001742 | LR: 1.00e-04 | Best: 0.001761
  Epoch  77/300 | Train Loss: 0.001076 | Val Loss: 0.001737 | LR: 1.00e-04 | Best: 0.001742
  Epoch  78/300 | Train Loss: 0.001076 | Val Loss: 0.001717 | LR: 1.00e-04 | Best: 0.001737
  Epoch  79/300 | Train Loss: 0.001045 | Val Loss: 0.001704 | LR: 1.00e-04 | Best: 0.001717
  Epoch  80/300 | Train Loss: 0.001067 | Val Loss: 0.001682 | LR: 1.00e-04 | Best: 0.001704
  Epoch  81/300 | Train Loss: 0.001044 | Val Loss: 0.001646 | LR: 1.00e-04 | Best: 0.001682
  Epoch  82/300 | Train Loss: 0.001011 | Val Loss: 0.001630 | LR: 1.00e-04 | Best: 0.001646
  Epoch  83/300 | Train Loss: 0.001017 | Val Loss: 0.001667 | LR: 1.00e-04 | Best: 0.001630
  Epoch  84/300 | Train Loss: 0.001028 | Val Loss: 0.001622 | LR: 1.00e-04 | Best: 0.001630
  Epoch  85/300 | Train Loss: 0.001010 | Val Loss: 0.001622 | LR: 1.00e-04 | Best: 0.001622
  Epoch  86/300 | Train Loss: 0.001026 | Val Loss: 0.001662 | LR: 1.00e-04 | Best: 0.001622
  Epoch  87/300 | Train Loss: 0.001018 | Val Loss: 0.001593 | LR: 1.00e-04 | Best: 0.001622
  Epoch  88/300 | Train Loss: 0.000979 | Val Loss: 0.001618 | LR: 1.00e-04 | Best: 0.001593
  Epoch  89/300 | Train Loss: 0.000973 | Val Loss: 0.001648 | LR: 1.00e-04 | Best: 0.001593
  Epoch  90/300 | Train Loss: 0.000981 | Val Loss: 0.001598 | LR: 1.00e-04 | Best: 0.001593
  Epoch  91/300 | Train Loss: 0.000987 | Val Loss: 0.001624 | LR: 1.00e-04 | Best: 0.001593
  Epoch  92/300 | Train Loss: 0.001004 | Val Loss: 0.001639 | LR: 1.00e-04 | Best: 0.001593
  Epoch  93/300 | Train Loss: 0.000978 | Val Loss: 0.001589 | LR: 1.00e-04 | Best: 0.001593
  Epoch  94/300 | Train Loss: 0.000954 | Val Loss: 0.001605 | LR: 1.00e-04 | Best: 0.001589
  Epoch  95/300 | Train Loss: 0.000951 | Val Loss: 0.001628 | LR: 1.00e-04 | Best: 0.001589
  Epoch  96/300 | Train Loss: 0.000954 | Val Loss: 0.001586 | LR: 1.00e-04 | Best: 0.001589
  Epoch  97/300 | Train Loss: 0.000965 | Val Loss: 0.001616 | LR: 1.00e-04 | Best: 0.001586
  Epoch  98/300 | Train Loss: 0.000960 | Val Loss: 0.001610 | LR: 1.00e-04 | Best: 0.001586
  Epoch  99/300 | Train Loss: 0.000946 | Val Loss: 0.001570 | LR: 1.00e-04 | Best: 0.001586
  Epoch 100/300 | Train Loss: 0.000948 | Val Loss: 0.001605 | LR: 1.00e-04 | Best: 0.001570
  Epoch 101/300 | Train Loss: 0.000929 | Val Loss: 0.001596 | LR: 1.00e-04 | Best: 0.001570
  Epoch 102/300 | Train Loss: 0.000930 | Val Loss: 0.001578 | LR: 1.00e-04 | Best: 0.001570
  Epoch 103/300 | Train Loss: 0.000933 | Val Loss: 0.001611 | LR: 1.00e-04 | Best: 0.001570
  Epoch 104/300 | Train Loss: 0.000928 | Val Loss: 0.001589 | LR: 1.00e-04 | Best: 0.001570
  Epoch 105/300 | Train Loss: 0.000915 | Val Loss: 0.001577 | LR: 5.00e-05 | Best: 0.001570
  Epoch 106/300 | Train Loss: 0.000927 | Val Loss: 0.001591 | LR: 5.00e-05 | Best: 0.001570
  Epoch 107/300 | Train Loss: 0.000888 | Val Loss: 0.001575 | LR: 5.00e-05 | Best: 0.001570
  Epoch 108/300 | Train Loss: 0.000874 | Val Loss: 0.001578 | LR: 5.00e-05 | Best: 0.001570
  Epoch 109/300 | Train Loss: 0.000867 | Val Loss: 0.001584 | LR: 5.00e-05 | Best: 0.001570

[Early Stopping] No improvement for 10 epochs. Stopping at epoch 109.
[Early Stopping] Best validation loss: 0.001570 at epoch 99

[Checkpoint] Restored best model from epoch 99
============================================================

  [F regime p] mean=[0.3319 0.3347 0.3333] std=0.0011 min=0.3319 max=0.3347
    t=0: [0.3319 0.3347 0.3333]
    t=2: [0.3319 0.3347 0.3333]
    t=4: [0.3319 0.3347 0.3333]
    t=6: [0.3319 0.3347 0.3333]
    t=8: [0.3319 0.3347 0.3333]
    t=10: [0.3319 0.3347 0.3333]
    t=12: [0.3319 0.3347 0.3333]
    t=14: [0.3319 0.3347 0.3333]
    t=16: [0.3319 0.3347 0.3333]
    t=18: [0.3319 0.3347 0.3333]
  [F entropy] mean=1.0986 std=0.0000 (logK=1.0986)
  [F transition] mean ||p_t−p_{t−1}||_1 = 0.0000
  [F prototype cosine] pairwise=[-0.276  -0.0996 -0.276  -0.2075 -0.0996 -0.2075] mean=-0.1944
  [F adapter cosine] cos12=-0.2797 cos13=-0.2281 cos23=-0.2893
  [F grad] ||∇prototypes|| = 0.0000
  [F grad] ||∇context_enc|| = 0.0000
  [F grad] ||∇transition|| = 0.0000
  [F grad] ||∇adapter1|| = 0.0018
  [F grad] ||∇adapter2|| = 0.0037
  [F grad] ||∇adapter3|| = 0.0021
  [F forced regime] h_temporal / pred differences vs real
    real: h_temporal_norm=19.1989 pred_norm=0.4016
    r1: h_temporal_norm=39.4632 pred_norm=0.7170
    r2: h_temporal_norm=64.4886 pred_norm=0.3293
    r3: h_temporal_norm=41.3771 pred_norm=0.5209
  [F regime semantics] (soft-weighted by p_last)
    regime 0: weight=0.332 mean_ret=+0.007459 mean_abs=0.009661 vol=0.011668
    regime 1: weight=0.335 mean_ret=+0.007459 mean_abs=0.009661 vol=0.011668
    regime 2: weight=0.333 mean_ret=+0.007459 mean_abs=0.009661 vol=0.011668
  [F causality] max p diff at t<10 = 0.000e+00 (PASS)

  ── Result ──
  MAE: 0.022135  RMSE: 0.028732  Hit%: 51.8  vs Zero: +4.05%  [220s]

====================================================================================================
ABLATION STUDY — 5-day Return Space
====================================================================================================
Variant                Params    Time        MAE       RMSE    Hit%    vs Zero
----------------------------------------------------------------------------------------------------
+TempWeighted       1,684,826    363s   0.021493   0.027911   51.0     +1.03%
B-Transformer       1,144,731    235s   0.023189   0.029632   47.4     +9.00%
C-TransformerRPE    1,144,887    200s   0.023014   0.029461   48.6     +8.19%
D-TransformerRegime  1,162,081    235s   0.022647   0.029084   47.9     +6.46%
E-RegimeRPE         1,162,193    241s   0.022966   0.029366   48.8     +7.96%
adapter3            1,213,719    220s   0.022135   0.028732   51.8     +4.05%
====================================================================================================

📋 Experiment 20260828_144559 logged to /home/yangxiaotong/projects/myresearch/Commedities/experiments/EXPERIMENTS.jsonl
