nohup: 忽略输入
Device: cuda  |  Epochs: 300  |  Seed: 42
Target: return  |  Primary horizon: 5d  |  Multi-horizons: [1, 5, 10, 20]
Filtered to 1 variants: ['+FactorRes']

[Data] Building 21-dim feature pipeline...
============================================================
CMGM Data Loading Pipeline
============================================================

[Step 1] Loading raw price data...

[Step 2] Aligning markets to common date range...
[DataLoader] Stock date range: 2015-01-05 00:00:00 to 2025-06-30 00:00:00 (2548 days)
[DataLoader] Bond date range: 2017-01-17 00:00:00 to 2025-12-31 00:00:00 (2176 days)
[DataLoader] Commodity date range: 2015-01-05 00:00:00 to 2025-12-31 00:00:00 (2679 days)
[DataLoader] Common date range: 2017-01-17 00:00:00 to 2025-06-30 00:00:00 (2050 days)
[DataLoader] Combined price matrix shape: (2050, 284)
[DataLoader] Market split: stocks=248, bonds=12, commodities=24

[Step 3] Temporal train/val/test split...
[DataLoader] Temporal split: train=1435, val=307, test=308

[Step 4] Per-asset z-score normalization...
[DataLoader] Per-asset z-score normalization fitted on training data only
[DataLoader] mean range: [0.9803, 173055.7656]
[DataLoader] std  range: [0.000000, 55160.3203]
[DataLoader] Z-scored train range: [-11.3746, 91.5527]

[Step 6] Computing returns for graph construction...
     Training returns shape: (1434, 284)

[Step 7] Creating sliding window datasets...

[Done] Dataset sizes: train=1396, val=268, test=269
[Done] Total nodes: 284
[Done] Commodity nodes (output dim): 24
[Features] Computed 21 features: price, ret_1d, ret_5d, ret_10d, ret_20d, vol_5d, vol_10d, vol_20d, zscore_5d, zscore_10d, zscore_20d, price_ma5, price_ma10, price_ma20, price_ma60, rsi_14, bb_position, skewness_20d, kurtosis_20d, roc_10d, percentile_20d
[Features] Shape: (T=2050, N=284, F=21)  range: [-4.4721, 391400.0000]

[Data] Building 7-dim feature pipeline...
============================================================
CMGM Data Loading Pipeline
============================================================

[Step 1] Loading raw price data...

[Step 2] Aligning markets to common date range...
[DataLoader] Stock date range: 2015-01-05 00:00:00 to 2025-06-30 00:00:00 (2548 days)
[DataLoader] Bond date range: 2017-01-17 00:00:00 to 2025-12-31 00:00:00 (2176 days)
[DataLoader] Commodity date range: 2015-01-05 00:00:00 to 2025-12-31 00:00:00 (2679 days)
[DataLoader] Common date range: 2017-01-17 00:00:00 to 2025-06-30 00:00:00 (2050 days)
[DataLoader] Combined price matrix shape: (2050, 284)
[DataLoader] Market split: stocks=248, bonds=12, commodities=24

[Step 3] Temporal train/val/test split...
[DataLoader] Temporal split: train=1435, val=307, test=308

[Step 4] Per-asset z-score normalization...
[DataLoader] Per-asset z-score normalization fitted on training data only
[DataLoader] mean range: [0.9803, 173055.7656]
[DataLoader] std  range: [0.000000, 55160.3203]
[DataLoader] Z-scored train range: [-11.3746, 91.5527]

[Step 6] Computing returns for graph construction...
     Training returns shape: (1434, 284)

[Step 7] Creating sliding window datasets...

[Done] Dataset sizes: train=1396, val=268, test=269
[Done] Total nodes: 284
[Done] Commodity nodes (output dim): 24
[Features] Computed 7 features from RAW prices: price, return, ma5_ratio, ma20_ratio, volatility, rsi_14, macd
[Features] Shape: (T=2050, N=284, F=7)  range: [-21915.3594, 391400.0000]

==========================================================================================
  ABLATION: +FactorRes  (variant=factor_res, feat_dim=21, {})
==========================================================================================
  Params: 1,699,518

============================================================
CMGM Training
============================================================
Device: cuda
Epochs: 300 (early stopping patience=10)
Learning rate: 0.0001, Weight decay: 1e-05
============================================================
  [factor_res] r_mean→[64, 4] delta→[64, 24, 4] λ=0.100 → pred [64, 4, 24]
  Epoch   1/300 | Train Loss: 0.013140 | Val Loss: 0.013128 | LR: 1.00e-04 | Best: inf
  Epoch   2/300 | Train Loss: 0.007444 | Val Loss: 0.010366 | LR: 1.00e-04 | Best: 0.013128
  Epoch   3/300 | Train Loss: 0.007288 | Val Loss: 0.012935 | LR: 1.00e-04 | Best: 0.010366
  Epoch   4/300 | Train Loss: 0.005871 | Val Loss: 0.012024 | LR: 1.00e-04 | Best: 0.010366
  Epoch   5/300 | Train Loss: 0.006104 | Val Loss: 0.011214 | LR: 1.00e-04 | Best: 0.010366
  Epoch   6/300 | Train Loss: 0.006633 | Val Loss: 0.008880 | LR: 1.00e-04 | Best: 0.010366
  Epoch   7/300 | Train Loss: 0.006012 | Val Loss: 0.006156 | LR: 1.00e-04 | Best: 0.008880
  Epoch   8/300 | Train Loss: 0.005684 | Val Loss: 0.005913 | LR: 1.00e-04 | Best: 0.006156
  Epoch   9/300 | Train Loss: 0.008032 | Val Loss: 0.006895 | LR: 1.00e-04 | Best: 0.005913
  Epoch  10/300 | Train Loss: 0.009674 | Val Loss: 0.008599 | LR: 1.00e-04 | Best: 0.005913
  Epoch  11/300 | Train Loss: 0.003968 | Val Loss: 0.008552 | LR: 1.00e-04 | Best: 0.005913
  Epoch  12/300 | Train Loss: 0.002952 | Val Loss: 0.009057 | LR: 1.00e-04 | Best: 0.005913
  Epoch  13/300 | Train Loss: 0.003244 | Val Loss: 0.008878 | LR: 1.00e-04 | Best: 0.005913
  Epoch  14/300 | Train Loss: 0.003810 | Val Loss: 0.008408 | LR: 5.00e-05 | Best: 0.005913
  Epoch  15/300 | Train Loss: 0.004423 | Val Loss: 0.007593 | LR: 5.00e-05 | Best: 0.005913
  Epoch  16/300 | Train Loss: 0.003884 | Val Loss: 0.008335 | LR: 5.00e-05 | Best: 0.005913
  Epoch  17/300 | Train Loss: 0.002716 | Val Loss: 0.008498 | LR: 5.00e-05 | Best: 0.005913
  Epoch  18/300 | Train Loss: 0.002636 | Val Loss: 0.008600 | LR: 5.00e-05 | Best: 0.005913

[Early Stopping] No improvement for 10 epochs. Stopping at epoch 18.
[Early Stopping] Best validation loss: 0.005913 at epoch 8

[Checkpoint] Restored best model from epoch 8
============================================================


  ── Result ──
  MAE: 0.093500  RMSE: 0.108297  Hit%: 48.3  vs Zero: +339.52%  [33s]

====================================================================================================
ABLATION STUDY — 5-day Return Space
====================================================================================================
Variant                Params    Time        MAE       RMSE    Hit%    vs Zero
----------------------------------------------------------------------------------------------------
+FactorRes          1,699,518     33s   0.093500   0.108297   48.3   +339.52%
====================================================================================================

📋 Experiment 20260818_214553 logged to /home/yangxiaotong/projects/myresearch/Commedities/experiments/EXPERIMENTS.jsonl
