nohup: 忽略输入
Device: cuda  |  Epochs: 300  |  Seed: 42

============================================================
CMGM Data Loading Pipeline
============================================================

[Step 1] Loading raw price data...

[Step 2] Aligning markets to common date range...
[DataLoader] Stock date range: 2015-01-05 00:00:00 to 2025-06-30 00:00:00 (2548 days)
[DataLoader] Bond date range: 2017-01-17 00:00:00 to 2025-12-31 00:00:00 (2176 days)
[DataLoader] Commodity date range: 2015-01-05 00:00:00 to 2025-12-31 00:00:00 (2679 days)
[DataLoader] Common date range: 2017-01-17 00:00:00 to 2025-06-30 00:00:00 (2050 days)
[DataLoader] Combined price matrix shape: (2050, 284)
[DataLoader] Market split: stocks=248, bonds=12, commodities=24

[Step 3] Temporal train/val/test split...
[DataLoader] Temporal split: train=1435, val=307, test=308

[Step 4] Per-asset z-score normalization...
[DataLoader] Per-asset z-score normalization fitted on training data only
[DataLoader] mean range: [0.9803, 173055.7656]
[DataLoader] std  range: [0.000000, 55160.3203]
[DataLoader] Z-scored train range: [-11.3746, 91.5527]

[Step 6] Computing returns for graph construction...
     Training returns shape: (1434, 284)

[Step 7] Creating sliding window datasets...

[Done] Dataset sizes: train=1396, val=268, test=269
[Done] Total nodes: 284
[Done] Commodity nodes (output dim): 24

============================================================
Graph Construction (pearson)
============================================================

[Graph Step 1] Computing pearson correlation...
     [Pearson] Correlation matrix shape: (284, 284), range: [-0.2194, 1.0000]

[Graph Step 2] Top-10 thresholding (signed)...
     [Threshold] Top-10 edges per node, total=2840, pos=2784, neg=46

[Graph Step 3] Symmetrizing adjacency...

[Graph Step 4] Adding self-loops...

[Graph Step 5] Symmetric normalization...
     [Normalize] Adjacency normalized, range: [-0.0440, 1.0000]

[Graph Step 6] Converting to edge_index/edge_weight...
     [EdgeIndex] edge_index shape: torch.Size([2, 3114]), edges: 3114

[Graph] Market connectivity:
       stock: 248 nodes, 2705 intra-edges
       bond: 12 nodes, 40 intra-edges
       commodity: 24 nodes, 195 intra-edges
[Features] Computed 21 features: price, ret_1d, ret_5d, ret_10d, ret_20d, vol_5d, vol_10d, vol_20d, zscore_5d, zscore_10d, zscore_20d, price_ma5, price_ma10, price_ma20, price_ma60, rsi_14, bb_position, skewness_20d, kurtosis_20d, roc_10d, percentile_20d
[Features] Shape: (T=2050, N=284, F=21)  range: [-4.4721, 391400.0000]
[Features] Per-asset per-channel z-score on 1435 train samples → range: [-2602.1177, 99999.9688]

0/9: Zero

1/9: PCA+Ridge

==================================================
PCA+Ridge Baseline (components=100, alpha=1.0)
==================================================
  X_train: (1408, 119280), y_train: (1408, 24)

[Training] PCA(100) → StandardScaler → Ridge(alpha=1.0)...
  Training time: 3.39s

2/9: PCA+SVR

==================================================
PCA+LinearSVR Baseline (components=100, C=1.0)
==================================================
  X_train: (1408, 119280), y_train: (1408, 24)

[Training] PCA(100) → StandardScaler → LinearSVR(C=1.0)...
  Training time: 3.58s

3/9: LSTM

==================================================
LSTM Baseline
==================================================
  Device: cuda, Epochs: 300, Patience: 10
  Epoch   1/300 | Train: 0.001350 | Val: 0.001323
  Epoch  10/300 | Train: 0.000504 | Val: 0.000614
  Epoch  20/300 | Train: 0.000395 | Val: 0.000401
  Epoch  30/300 | Train: 0.000347 | Val: 0.000347
  Epoch  40/300 | Train: 0.000311 | Val: 0.000326
  Epoch  50/300 | Train: 0.000288 | Val: 0.000319
  Epoch  60/300 | Train: 0.000268 | Val: 0.000318
  Epoch  70/300 | Train: 0.000261 | Val: 0.000326
  [Early stopping at epoch 70]
  Best val loss: 0.000318 | Time: 31.7s

4/9: BiLSTM

==================================================
BiLSTM Baseline
==================================================
  Device: cuda, Epochs: 300, Patience: 10
  Epoch   1/300 | Train: 0.001333 | Val: 0.001159
  Epoch  10/300 | Train: 0.000498 | Val: 0.000437
  Epoch  20/300 | Train: 0.000387 | Val: 0.000375
  Epoch  30/300 | Train: 0.000333 | Val: 0.000359
  Epoch  40/300 | Train: 0.000309 | Val: 0.000342
  Epoch  50/300 | Train: 0.000286 | Val: 0.000337
  Epoch  60/300 | Train: 0.000261 | Val: 0.000327
  Epoch  70/300 | Train: 0.000256 | Val: 0.000334
  Epoch  80/300 | Train: 0.000236 | Val: 0.000323
  [Early stopping at epoch 88]
  Best val loss: 0.000322 | Time: 46.3s

5/9: GCN-Only

==================================================
GCN-Only Baseline (no LSTM)
==================================================
  Device: cuda, Epochs: 300, Patience: 10
  Epoch   1/300 | Train: 0.001296 | Val: 0.000664
  Epoch  10/300 | Train: 0.000544 | Val: 0.000390
  Epoch  20/300 | Train: 0.000509 | Val: 0.000445
  [Early stopping at epoch 24]
  Best val loss: 0.000357 | Time: 85.9s

6/9: GCN+GAT

==================================================
GCN+GAT Hybrid Baseline
==================================================
  Device: cuda, Epochs: 300, Patience: 10
  Epoch   1/300 | Train: 0.001520 | Val: 0.000893
  Epoch  10/300 | Train: 0.000687 | Val: 0.000544
  Epoch  20/300 | Train: 0.000518 | Val: 0.000413
  [Early stopping at epoch 29]
  Best val loss: 0.000361 | Time: 98.3s

7/9: GCN+LSTM

============================================================
CMGM Training
============================================================
Device: cuda
Epochs: 300 (early stopping patience=10)
Learning rate: 0.0001, Weight decay: 1e-05
============================================================
  GCN(F=21)→([64, 64]) || LSTM(N*F=5964)→([64, 64]) → Concat([64, 128]) → FC → ([64, 24])
  Epoch   1/300 | Train Loss: 0.000888 | Val Loss: 0.000494 | LR: 1.00e-04 | Best: inf
  Epoch   2/300 | Train Loss: 0.000690 | Val Loss: 0.000494 | LR: 1.00e-04 | Best: 0.000494
  Epoch   3/300 | Train Loss: 0.000647 | Val Loss: 0.000508 | LR: 1.00e-04 | Best: 0.000494
  Epoch   4/300 | Train Loss: 0.000628 | Val Loss: 0.000478 | LR: 1.00e-04 | Best: 0.000494
  Epoch   5/300 | Train Loss: 0.000601 | Val Loss: 0.000515 | LR: 1.00e-04 | Best: 0.000478
  Epoch   6/300 | Train Loss: 0.000610 | Val Loss: 0.000637 | LR: 1.00e-04 | Best: 0.000478
  Epoch   7/300 | Train Loss: 0.000629 | Val Loss: 0.000598 | LR: 1.00e-04 | Best: 0.000478
  Epoch   8/300 | Train Loss: 0.000666 | Val Loss: 0.000373 | LR: 1.00e-04 | Best: 0.000478
  Epoch   9/300 | Train Loss: 0.000661 | Val Loss: 0.000450 | LR: 1.00e-04 | Best: 0.000373
  Epoch  10/300 | Train Loss: 0.000576 | Val Loss: 0.000441 | LR: 1.00e-04 | Best: 0.000373
  Epoch  11/300 | Train Loss: 0.000543 | Val Loss: 0.000416 | LR: 1.00e-04 | Best: 0.000373
  Epoch  12/300 | Train Loss: 0.000527 | Val Loss: 0.000417 | LR: 1.00e-04 | Best: 0.000373
  Epoch  13/300 | Train Loss: 0.000527 | Val Loss: 0.000407 | LR: 1.00e-04 | Best: 0.000373
  Epoch  14/300 | Train Loss: 0.000510 | Val Loss: 0.000395 | LR: 5.00e-05 | Best: 0.000373
  Epoch  15/300 | Train Loss: 0.000546 | Val Loss: 0.000471 | LR: 5.00e-05 | Best: 0.000373
  Epoch  16/300 | Train Loss: 0.000569 | Val Loss: 0.000411 | LR: 5.00e-05 | Best: 0.000373
  Epoch  17/300 | Train Loss: 0.000577 | Val Loss: 0.000433 | LR: 5.00e-05 | Best: 0.000373
  Epoch  18/300 | Train Loss: 0.000586 | Val Loss: 0.000410 | LR: 5.00e-05 | Best: 0.000373

[Early Stopping] No improvement for 10 epochs. Stopping at epoch 18.
[Early Stopping] Best validation loss: 0.000373 at epoch 8

[Checkpoint] Restored best model from epoch 8
============================================================


8/9: HeteroMixHop

============================================================
CMGM Training
============================================================
Device: cuda
Epochs: 300 (early stopping patience=10)
Learning rate: 0.0001, Weight decay: 1e-05
============================================================
  [variant=edge_attn] GCN→([64, 64]) || LSTM→([64, 64]) → head → ([64, 4, 24])
  Epoch   1/300 | Train Loss: 0.005386 | Val Loss: 0.005137 | LR: 1.00e-04 | Best: inf
  Epoch   2/300 | Train Loss: 0.004465 | Val Loss: 0.004767 | LR: 1.00e-04 | Best: 0.005137
  Epoch   3/300 | Train Loss: 0.004121 | Val Loss: 0.004527 | LR: 1.00e-04 | Best: 0.004767
  Epoch   4/300 | Train Loss: 0.003834 | Val Loss: 0.004306 | LR: 1.00e-04 | Best: 0.004527
  Epoch   5/300 | Train Loss: 0.003569 | Val Loss: 0.004111 | LR: 1.00e-04 | Best: 0.004306
  Epoch   6/300 | Train Loss: 0.003325 | Val Loss: 0.003959 | LR: 1.00e-04 | Best: 0.004111
  Epoch   7/300 | Train Loss: 0.003100 | Val Loss: 0.003744 | LR: 1.00e-04 | Best: 0.003959
  Epoch   8/300 | Train Loss: 0.002923 | Val Loss: 0.003551 | LR: 1.00e-04 | Best: 0.003744
  Epoch   9/300 | Train Loss: 0.002748 | Val Loss: 0.003442 | LR: 1.00e-04 | Best: 0.003551
  Epoch  10/300 | Train Loss: 0.002635 | Val Loss: 0.003293 | LR: 1.00e-04 | Best: 0.003442
  Gate   | mean=0.499 std=0.056 [0.363, 0.660] → 偏向GCN
  Epoch  11/300 | Train Loss: 0.002512 | Val Loss: 0.003122 | LR: 1.00e-04 | Best: 0.003293
  Epoch  12/300 | Train Loss: 0.002429 | Val Loss: 0.003000 | LR: 1.00e-04 | Best: 0.003122
  Epoch  13/300 | Train Loss: 0.002376 | Val Loss: 0.002923 | LR: 1.00e-04 | Best: 0.003000
  Epoch  14/300 | Train Loss: 0.002369 | Val Loss: 0.002905 | LR: 1.00e-04 | Best: 0.002923
  Epoch  15/300 | Train Loss: 0.002383 | Val Loss: 0.002981 | LR: 1.00e-04 | Best: 0.002905
  Epoch  16/300 | Train Loss: 0.002375 | Val Loss: 0.003149 | LR: 1.00e-04 | Best: 0.002905
  Epoch  17/300 | Train Loss: 0.002237 | Val Loss: 0.003022 | LR: 1.00e-04 | Best: 0.002905
  Epoch  18/300 | Train Loss: 0.002179 | Val Loss: 0.002882 | LR: 1.00e-04 | Best: 0.002905
  Epoch  19/300 | Train Loss: 0.002105 | Val Loss: 0.002834 | LR: 1.00e-04 | Best: 0.002882
  Epoch  20/300 | Train Loss: 0.002067 | Val Loss: 0.002791 | LR: 1.00e-04 | Best: 0.002834
  Gate   | mean=0.513 std=0.053 [0.381, 0.681] → 偏向LSTM
  Epoch  21/300 | Train Loss: 0.002044 | Val Loss: 0.002743 | LR: 1.00e-04 | Best: 0.002791
  Epoch  22/300 | Train Loss: 0.002020 | Val Loss: 0.002700 | LR: 1.00e-04 | Best: 0.002743
  Epoch  23/300 | Train Loss: 0.002006 | Val Loss: 0.002649 | LR: 1.00e-04 | Best: 0.002700
  Epoch  24/300 | Train Loss: 0.001986 | Val Loss: 0.002627 | LR: 1.00e-04 | Best: 0.002649
  Epoch  25/300 | Train Loss: 0.001973 | Val Loss: 0.002610 | LR: 1.00e-04 | Best: 0.002627
  Epoch  26/300 | Train Loss: 0.001951 | Val Loss: 0.002554 | LR: 1.00e-04 | Best: 0.002610
  Epoch  27/300 | Train Loss: 0.001931 | Val Loss: 0.002530 | LR: 1.00e-04 | Best: 0.002554
  Epoch  28/300 | Train Loss: 0.001926 | Val Loss: 0.002465 | LR: 1.00e-04 | Best: 0.002530
  Epoch  29/300 | Train Loss: 0.001899 | Val Loss: 0.002426 | LR: 1.00e-04 | Best: 0.002465
  Epoch  30/300 | Train Loss: 0.001890 | Val Loss: 0.002404 | LR: 1.00e-04 | Best: 0.002426
  Gate   | mean=0.517 std=0.049 [0.382, 0.674] → 偏向LSTM
  Epoch  31/300 | Train Loss: 0.001879 | Val Loss: 0.002398 | LR: 1.00e-04 | Best: 0.002404
  Epoch  32/300 | Train Loss: 0.001861 | Val Loss: 0.002362 | LR: 1.00e-04 | Best: 0.002398
  Epoch  33/300 | Train Loss: 0.001846 | Val Loss: 0.002359 | LR: 1.00e-04 | Best: 0.002362
  Epoch  34/300 | Train Loss: 0.001834 | Val Loss: 0.002332 | LR: 1.00e-04 | Best: 0.002359
  Epoch  35/300 | Train Loss: 0.001820 | Val Loss: 0.002281 | LR: 1.00e-04 | Best: 0.002332
  Epoch  36/300 | Train Loss: 0.001806 | Val Loss: 0.002252 | LR: 1.00e-04 | Best: 0.002281
  Epoch  37/300 | Train Loss: 0.001796 | Val Loss: 0.002217 | LR: 1.00e-04 | Best: 0.002252
  Epoch  38/300 | Train Loss: 0.001791 | Val Loss: 0.002183 | LR: 1.00e-04 | Best: 0.002217
  Epoch  39/300 | Train Loss: 0.001779 | Val Loss: 0.002187 | LR: 1.00e-04 | Best: 0.002183
  Epoch  40/300 | Train Loss: 0.001772 | Val Loss: 0.002162 | LR: 1.00e-04 | Best: 0.002183
  Gate   | mean=0.522 std=0.047 [0.390, 0.670] → 偏向LSTM
  Epoch  41/300 | Train Loss: 0.001762 | Val Loss: 0.002145 | LR: 1.00e-04 | Best: 0.002162
  Epoch  42/300 | Train Loss: 0.001758 | Val Loss: 0.002137 | LR: 1.00e-04 | Best: 0.002145
  Epoch  43/300 | Train Loss: 0.001767 | Val Loss: 0.002119 | LR: 1.00e-04 | Best: 0.002137
  Epoch  44/300 | Train Loss: 0.001789 | Val Loss: 0.002049 | LR: 1.00e-04 | Best: 0.002119
  Epoch  45/300 | Train Loss: 0.001838 | Val Loss: 0.002081 | LR: 1.00e-04 | Best: 0.002049
  Epoch  46/300 | Train Loss: 0.001773 | Val Loss: 0.002081 | LR: 1.00e-04 | Best: 0.002049
  Epoch  47/300 | Train Loss: 0.001726 | Val Loss: 0.002042 | LR: 1.00e-04 | Best: 0.002049
  Epoch  48/300 | Train Loss: 0.001698 | Val Loss: 0.002035 | LR: 1.00e-04 | Best: 0.002042
  Epoch  49/300 | Train Loss: 0.001694 | Val Loss: 0.002024 | LR: 1.00e-04 | Best: 0.002035
  Epoch  50/300 | Train Loss: 0.001679 | Val Loss: 0.002001 | LR: 1.00e-04 | Best: 0.002024
  Gate   | mean=0.529 std=0.046 [0.399, 0.664] → 偏向LSTM
  Epoch  51/300 | Train Loss: 0.001670 | Val Loss: 0.002004 | LR: 1.00e-04 | Best: 0.002001
  Epoch  52/300 | Train Loss: 0.001657 | Val Loss: 0.001998 | LR: 1.00e-04 | Best: 0.002001
  Epoch  53/300 | Train Loss: 0.001657 | Val Loss: 0.001977 | LR: 1.00e-04 | Best: 0.001998
  Epoch  54/300 | Train Loss: 0.001649 | Val Loss: 0.001981 | LR: 1.00e-04 | Best: 0.001977
  Epoch  55/300 | Train Loss: 0.001658 | Val Loss: 0.001998 | LR: 1.00e-04 | Best: 0.001977
  Epoch  56/300 | Train Loss: 0.001685 | Val Loss: 0.001947 | LR: 1.00e-04 | Best: 0.001977
  Epoch  57/300 | Train Loss: 0.001711 | Val Loss: 0.001974 | LR: 1.00e-04 | Best: 0.001947
  Epoch  58/300 | Train Loss: 0.001649 | Val Loss: 0.001962 | LR: 1.00e-04 | Best: 0.001947
  Epoch  59/300 | Train Loss: 0.001630 | Val Loss: 0.001935 | LR: 1.00e-04 | Best: 0.001947
  Epoch  60/300 | Train Loss: 0.001609 | Val Loss: 0.001934 | LR: 1.00e-04 | Best: 0.001935
  Gate   | mean=0.533 std=0.043 [0.405, 0.652] → 偏向LSTM
  Epoch  61/300 | Train Loss: 0.001594 | Val Loss: 0.001935 | LR: 1.00e-04 | Best: 0.001934
  Epoch  62/300 | Train Loss: 0.001588 | Val Loss: 0.001927 | LR: 1.00e-04 | Best: 0.001934
  Epoch  63/300 | Train Loss: 0.001580 | Val Loss: 0.001921 | LR: 1.00e-04 | Best: 0.001927
  Epoch  64/300 | Train Loss: 0.001577 | Val Loss: 0.001928 | LR: 1.00e-04 | Best: 0.001921
  Epoch  65/300 | Train Loss: 0.001594 | Val Loss: 0.001903 | LR: 1.00e-04 | Best: 0.001921
  Epoch  66/300 | Train Loss: 0.001616 | Val Loss: 0.001907 | LR: 1.00e-04 | Best: 0.001903
  Epoch  67/300 | Train Loss: 0.001630 | Val Loss: 0.001953 | LR: 1.00e-04 | Best: 0.001903
  Epoch  68/300 | Train Loss: 0.001645 | Val Loss: 0.001887 | LR: 1.00e-04 | Best: 0.001903
  Epoch  69/300 | Train Loss: 0.001572 | Val Loss: 0.001888 | LR: 1.00e-04 | Best: 0.001887
  Epoch  70/300 | Train Loss: 0.001560 | Val Loss: 0.001890 | LR: 1.00e-04 | Best: 0.001887
  Gate   | mean=0.537 std=0.042 [0.414, 0.652] → 偏向LSTM
  Epoch  71/300 | Train Loss: 0.001544 | Val Loss: 0.001877 | LR: 1.00e-04 | Best: 0.001887
  Epoch  72/300 | Train Loss: 0.001534 | Val Loss: 0.001873 | LR: 1.00e-04 | Best: 0.001877
  Epoch  73/300 | Train Loss: 0.001531 | Val Loss: 0.001870 | LR: 1.00e-04 | Best: 0.001873
  Epoch  74/300 | Train Loss: 0.001530 | Val Loss: 0.001855 | LR: 1.00e-04 | Best: 0.001870
  Epoch  75/300 | Train Loss: 0.001517 | Val Loss: 0.001851 | LR: 1.00e-04 | Best: 0.001855
  Epoch  76/300 | Train Loss: 0.001528 | Val Loss: 0.001850 | LR: 1.00e-04 | Best: 0.001851
  Epoch  77/300 | Train Loss: 0.001541 | Val Loss: 0.001830 | LR: 1.00e-04 | Best: 0.001850
  Epoch  78/300 | Train Loss: 0.001543 | Val Loss: 0.001822 | LR: 1.00e-04 | Best: 0.001830
  Epoch  79/300 | Train Loss: 0.001603 | Val Loss: 0.001851 | LR: 1.00e-04 | Best: 0.001822
  Epoch  80/300 | Train Loss: 0.001579 | Val Loss: 0.001809 | LR: 1.00e-04 | Best: 0.001822
  Gate   | mean=0.542 std=0.041 [0.421, 0.662] → 偏向LSTM
  Epoch  81/300 | Train Loss: 0.001529 | Val Loss: 0.001785 | LR: 1.00e-04 | Best: 0.001809
  Epoch  82/300 | Train Loss: 0.001518 | Val Loss: 0.001793 | LR: 1.00e-04 | Best: 0.001785
  Epoch  83/300 | Train Loss: 0.001502 | Val Loss: 0.001768 | LR: 1.00e-04 | Best: 0.001785
  Epoch  84/300 | Train Loss: 0.001484 | Val Loss: 0.001741 | LR: 1.00e-04 | Best: 0.001768
  Epoch  85/300 | Train Loss: 0.001481 | Val Loss: 0.001723 | LR: 1.00e-04 | Best: 0.001741
  Epoch  86/300 | Train Loss: 0.001477 | Val Loss: 0.001689 | LR: 1.00e-04 | Best: 0.001723
  Epoch  87/300 | Train Loss: 0.001471 | Val Loss: 0.001666 | LR: 1.00e-04 | Best: 0.001689
  Epoch  88/300 | Train Loss: 0.001468 | Val Loss: 0.001655 | LR: 1.00e-04 | Best: 0.001666
  Epoch  89/300 | Train Loss: 0.001469 | Val Loss: 0.001627 | LR: 1.00e-04 | Best: 0.001655
  Epoch  90/300 | Train Loss: 0.001483 | Val Loss: 0.001628 | LR: 1.00e-04 | Best: 0.001627
  Gate   | mean=0.549 std=0.041 [0.425, 0.666] → 偏向LSTM
  Epoch  91/300 | Train Loss: 0.001481 | Val Loss: 0.001640 | LR: 1.00e-04 | Best: 0.001627
  Epoch  92/300 | Train Loss: 0.001507 | Val Loss: 0.001620 | LR: 1.00e-04 | Best: 0.001627
  Epoch  93/300 | Train Loss: 0.001526 | Val Loss: 0.001618 | LR: 1.00e-04 | Best: 0.001620
  Epoch  94/300 | Train Loss: 0.001490 | Val Loss: 0.001622 | LR: 1.00e-04 | Best: 0.001618
  Epoch  95/300 | Train Loss: 0.001477 | Val Loss: 0.001607 | LR: 1.00e-04 | Best: 0.001618
  Epoch  96/300 | Train Loss: 0.001462 | Val Loss: 0.001620 | LR: 1.00e-04 | Best: 0.001607
  Epoch  97/300 | Train Loss: 0.001454 | Val Loss: 0.001604 | LR: 1.00e-04 | Best: 0.001607
  Epoch  98/300 | Train Loss: 0.001442 | Val Loss: 0.001601 | LR: 1.00e-04 | Best: 0.001604
  Epoch  99/300 | Train Loss: 0.001431 | Val Loss: 0.001609 | LR: 1.00e-04 | Best: 0.001601
  Epoch 100/300 | Train Loss: 0.001425 | Val Loss: 0.001601 | LR: 1.00e-04 | Best: 0.001601
  Gate   | mean=0.555 std=0.042 [0.432, 0.676] → 偏向LSTM
  Epoch 101/300 | Train Loss: 0.001422 | Val Loss: 0.001598 | LR: 1.00e-04 | Best: 0.001601
  Epoch 102/300 | Train Loss: 0.001419 | Val Loss: 0.001593 | LR: 1.00e-04 | Best: 0.001598
  Epoch 103/300 | Train Loss: 0.001416 | Val Loss: 0.001594 | LR: 1.00e-04 | Best: 0.001593
  Epoch 104/300 | Train Loss: 0.001419 | Val Loss: 0.001606 | LR: 1.00e-04 | Best: 0.001593
  Epoch 105/300 | Train Loss: 0.001419 | Val Loss: 0.001598 | LR: 1.00e-04 | Best: 0.001593
  Epoch 106/300 | Train Loss: 0.001430 | Val Loss: 0.001600 | LR: 1.00e-04 | Best: 0.001593
  Epoch 107/300 | Train Loss: 0.001454 | Val Loss: 0.001624 | LR: 1.00e-04 | Best: 0.001593
  Epoch 108/300 | Train Loss: 0.001499 | Val Loss: 0.001592 | LR: 1.00e-04 | Best: 0.001593
  Epoch 109/300 | Train Loss: 0.001463 | Val Loss: 0.001609 | LR: 1.00e-04 | Best: 0.001592
  Epoch 110/300 | Train Loss: 0.001441 | Val Loss: 0.001603 | LR: 1.00e-04 | Best: 0.001592
  Gate   | mean=0.561 std=0.041 [0.440, 0.686] → 偏向LSTM
  Epoch 111/300 | Train Loss: 0.001426 | Val Loss: 0.001578 | LR: 1.00e-04 | Best: 0.001592
  Epoch 112/300 | Train Loss: 0.001410 | Val Loss: 0.001597 | LR: 1.00e-04 | Best: 0.001578
  Epoch 113/300 | Train Loss: 0.001398 | Val Loss: 0.001599 | LR: 1.00e-04 | Best: 0.001578
  Epoch 114/300 | Train Loss: 0.001385 | Val Loss: 0.001592 | LR: 1.00e-04 | Best: 0.001578
  Epoch 115/300 | Train Loss: 0.001379 | Val Loss: 0.001587 | LR: 1.00e-04 | Best: 0.001578
  Epoch 116/300 | Train Loss: 0.001372 | Val Loss: 0.001582 | LR: 1.00e-04 | Best: 0.001578
  Epoch 117/300 | Train Loss: 0.001369 | Val Loss: 0.001601 | LR: 5.00e-05 | Best: 0.001578
  Epoch 118/300 | Train Loss: 0.001368 | Val Loss: 0.001585 | LR: 5.00e-05 | Best: 0.001578
  Epoch 119/300 | Train Loss: 0.001359 | Val Loss: 0.001588 | LR: 5.00e-05 | Best: 0.001578
  Epoch 120/300 | Train Loss: 0.001352 | Val Loss: 0.001585 | LR: 5.00e-05 | Best: 0.001578
  Gate   | mean=0.568 std=0.043 [0.441, 0.692] → 偏向LSTM
  Epoch 121/300 | Train Loss: 0.001349 | Val Loss: 0.001586 | LR: 5.00e-05 | Best: 0.001578

[Early Stopping] No improvement for 10 epochs. Stopping at epoch 121.
[Early Stopping] Best validation loss: 0.001578 at epoch 111

[Checkpoint] Restored best model from epoch 111
============================================================


===================================================================================================================
COMPARISON — Return Space
===================================================================================================================
Model               Time       MAE      RMSE   ResMean    ResStd    Hit%
-------------------------------------------------------------------------------------------------------------------
Zero                0.1s  0.021486  0.028063 -0.001374  0.027902    0.0
PCA+Ridge           4.2s  0.023858  0.031037 -0.001139  0.030369   49.9
PCA+SVR             4.2s  0.026246  0.033856 -0.003691  0.033004   44.4
LSTM               32.0s  0.024513  0.031310  0.001469  0.028613   49.4
BiLSTM             46.4s  0.022796  0.029448 -0.002128  0.028201   46.7
GCN-Only           86.5s  0.027916  0.035822 -0.001734  0.031914   51.4
GCN+GAT            98.9s  0.030233  0.037061 -0.011540  0.029047   50.3
GCN+LSTM           37.8s  0.028137  0.034862 -0.006034  0.028051   49.5
HeteroMix         131.3s  0.021787  0.028282 -0.003893  0.027395   49.7
===================================================================================================================

====================================================================================================
COMPARISON — Original Price Space
====================================================================================================
Model                       MAE                MSE           RMSE
----------------------------------------------------------------------------------------------------
Zero                     537.31         4022417.25         727.46
PCA+Ridge                646.10         5301892.00         836.73
PCA+SVR                  705.67         6210314.50         920.46
LSTM                     618.02         4474159.50         798.50
BiLSTM                   564.97         4249469.00         747.61
GCN-Only                 942.50        10357111.00        1126.06
GCN+GAT                  635.40         5128001.50         848.72
GCN+LSTM                 636.79         4685713.50         835.27
HeteroMix                557.76         4202615.50         744.79
====================================================================================================

📋 Experiment 20260811_175645 logged to /home/yangxiaotong/projects/myresearch/Commedities/experiments/EXPERIMENTS.jsonl
