nohup: 忽略输入
Device: cuda  |  Epochs: 300  |  Seed: 42
Target: return  |  Primary horizon: 5d  |  Multi-horizons: [1, 5, 10, 20]
Filtered to 1 variants: ['+MambaTemporal']

[Data] Building 21-dim feature pipeline...
============================================================
CMGM Data Loading Pipeline
============================================================

[Step 1] Loading raw price data...

[Step 2] Aligning markets to common date range...
[DataLoader] Stock date range: 2015-01-05 00:00:00 to 2025-06-30 00:00:00 (2548 days)
[DataLoader] Bond date range: 2017-01-17 00:00:00 to 2025-12-31 00:00:00 (2176 days)
[DataLoader] Commodity date range: 2015-01-05 00:00:00 to 2025-12-31 00:00:00 (2679 days)
[DataLoader] Common date range: 2017-01-17 00:00:00 to 2025-06-30 00:00:00 (2050 days)
[DataLoader] Combined price matrix shape: (2050, 284)
[DataLoader] Market split: stocks=248, bonds=12, commodities=24

[Step 3] Temporal train/val/test split...
[DataLoader] Temporal split: train=1435, val=307, test=308

[Step 4] Per-asset z-score normalization...
[DataLoader] Per-asset z-score normalization fitted on training data only
[DataLoader] mean range: [0.9803, 173055.7656]
[DataLoader] std  range: [0.000000, 55160.3203]
[DataLoader] Z-scored train range: [-11.3746, 91.5527]

[Step 6] Computing returns for graph construction...
     Training returns shape: (1434, 284)

[Step 7] Creating sliding window datasets...

[Done] Dataset sizes: train=1396, val=268, test=269
[Done] Total nodes: 284
[Done] Commodity nodes (output dim): 24
[Features] Computed 21 features: price, ret_1d, ret_5d, ret_10d, ret_20d, vol_5d, vol_10d, vol_20d, zscore_5d, zscore_10d, zscore_20d, price_ma5, price_ma10, price_ma20, price_ma60, rsi_14, bb_position, skewness_20d, kurtosis_20d, roc_10d, percentile_20d
[Features] Shape: (T=2050, N=284, F=21)  range: [-4.4721, 391400.0000]

[Data] Building 7-dim feature pipeline...
============================================================
CMGM Data Loading Pipeline
============================================================

[Step 1] Loading raw price data...

[Step 2] Aligning markets to common date range...
[DataLoader] Stock date range: 2015-01-05 00:00:00 to 2025-06-30 00:00:00 (2548 days)
[DataLoader] Bond date range: 2017-01-17 00:00:00 to 2025-12-31 00:00:00 (2176 days)
[DataLoader] Commodity date range: 2015-01-05 00:00:00 to 2025-12-31 00:00:00 (2679 days)
[DataLoader] Common date range: 2017-01-17 00:00:00 to 2025-06-30 00:00:00 (2050 days)
[DataLoader] Combined price matrix shape: (2050, 284)
[DataLoader] Market split: stocks=248, bonds=12, commodities=24

[Step 3] Temporal train/val/test split...
[DataLoader] Temporal split: train=1435, val=307, test=308

[Step 4] Per-asset z-score normalization...
[DataLoader] Per-asset z-score normalization fitted on training data only
[DataLoader] mean range: [0.9803, 173055.7656]
[DataLoader] std  range: [0.000000, 55160.3203]
[DataLoader] Z-scored train range: [-11.3746, 91.5527]

[Step 6] Computing returns for graph construction...
     Training returns shape: (1434, 284)

[Step 7] Creating sliding window datasets...

[Done] Dataset sizes: train=1396, val=268, test=269
[Done] Total nodes: 284
[Done] Commodity nodes (output dim): 24
[Features] Computed 7 features from RAW prices: price, return, ma5_ratio, ma20_ratio, volatility, rsi_14, macd
[Features] Shape: (T=2050, N=284, F=7)  range: [-21915.3594, 391400.0000]

==========================================================================================
  ABLATION: +MambaTemporal  (variant=mamba_temporal, feat_dim=21, {})
==========================================================================================
  Params: 967,817

============================================================
CMGM Training
============================================================
Device: cuda
Epochs: 300 (early stopping patience=10)
Learning rate: 0.0001, Weight decay: 1e-05
============================================================
  [variant=mamba_temporal] GCN→([64, 64]) || LSTM→([64, 64]) → head → ([64, 4, 24])
  Epoch   1/300 | Train Loss: 0.005123 | Val Loss: 0.004907 | LR: 1.00e-04 | Best: inf
  Epoch   2/300 | Train Loss: 0.004298 | Val Loss: 0.004548 | LR: 1.00e-04 | Best: 0.004907
  Epoch   3/300 | Train Loss: 0.003915 | Val Loss: 0.004168 | LR: 1.00e-04 | Best: 0.004548
  Epoch   4/300 | Train Loss: 0.003604 | Val Loss: 0.003866 | LR: 1.00e-04 | Best: 0.004168
  Epoch   5/300 | Train Loss: 0.003336 | Val Loss: 0.003661 | LR: 1.00e-04 | Best: 0.003866
  Epoch   6/300 | Train Loss: 0.003104 | Val Loss: 0.003432 | LR: 1.00e-04 | Best: 0.003661
  Epoch   7/300 | Train Loss: 0.002923 | Val Loss: 0.003209 | LR: 1.00e-04 | Best: 0.003432
  Epoch   8/300 | Train Loss: 0.002772 | Val Loss: 0.002855 | LR: 1.00e-04 | Best: 0.003209
  Epoch   9/300 | Train Loss: 0.002660 | Val Loss: 0.002384 | LR: 1.00e-04 | Best: 0.002855
  Epoch  10/300 | Train Loss: 0.002567 | Val Loss: 0.002323 | LR: 1.00e-04 | Best: 0.002384
  Gate   | mean=0.512 std=0.077 [0.273, 0.733] → 偏向LSTM
  Epoch  11/300 | Train Loss: 0.002489 | Val Loss: 0.002259 | LR: 1.00e-04 | Best: 0.002323
  Epoch  12/300 | Train Loss: 0.002448 | Val Loss: 0.002226 | LR: 1.00e-04 | Best: 0.002259
  Epoch  13/300 | Train Loss: 0.002395 | Val Loss: 0.002237 | LR: 1.00e-04 | Best: 0.002226
  Epoch  14/300 | Train Loss: 0.002361 | Val Loss: 0.002329 | LR: 1.00e-04 | Best: 0.002226
  Epoch  15/300 | Train Loss: 0.002366 | Val Loss: 0.002423 | LR: 1.00e-04 | Best: 0.002226
  Epoch  16/300 | Train Loss: 0.002372 | Val Loss: 0.002314 | LR: 1.00e-04 | Best: 0.002226
  Epoch  17/300 | Train Loss: 0.002289 | Val Loss: 0.002201 | LR: 1.00e-04 | Best: 0.002226
  Epoch  18/300 | Train Loss: 0.002228 | Val Loss: 0.002131 | LR: 1.00e-04 | Best: 0.002201
  Epoch  19/300 | Train Loss: 0.002194 | Val Loss: 0.002085 | LR: 1.00e-04 | Best: 0.002131
  Epoch  20/300 | Train Loss: 0.002155 | Val Loss: 0.002022 | LR: 1.00e-04 | Best: 0.002085
  Gate   | mean=0.516 std=0.067 [0.299, 0.720] → 偏向LSTM
  Epoch  21/300 | Train Loss: 0.002153 | Val Loss: 0.002003 | LR: 1.00e-04 | Best: 0.002022
  Epoch  22/300 | Train Loss: 0.002179 | Val Loss: 0.001980 | LR: 1.00e-04 | Best: 0.002003
  Epoch  23/300 | Train Loss: 0.002151 | Val Loss: 0.001998 | LR: 1.00e-04 | Best: 0.001980
  Epoch  24/300 | Train Loss: 0.002088 | Val Loss: 0.002002 | LR: 1.00e-04 | Best: 0.001980
  Epoch  25/300 | Train Loss: 0.002072 | Val Loss: 0.001991 | LR: 1.00e-04 | Best: 0.001980
  Epoch  26/300 | Train Loss: 0.002048 | Val Loss: 0.001951 | LR: 1.00e-04 | Best: 0.001980
  Epoch  27/300 | Train Loss: 0.002032 | Val Loss: 0.001939 | LR: 1.00e-04 | Best: 0.001951
  Epoch  28/300 | Train Loss: 0.001998 | Val Loss: 0.001931 | LR: 1.00e-04 | Best: 0.001939
  Epoch  29/300 | Train Loss: 0.001982 | Val Loss: 0.001924 | LR: 1.00e-04 | Best: 0.001931
  Epoch  30/300 | Train Loss: 0.001970 | Val Loss: 0.001891 | LR: 1.00e-04 | Best: 0.001924
  Gate   | mean=0.519 std=0.060 [0.327, 0.703] → 偏向LSTM
  Epoch  31/300 | Train Loss: 0.001966 | Val Loss: 0.001884 | LR: 1.00e-04 | Best: 0.001891
  Epoch  32/300 | Train Loss: 0.001941 | Val Loss: 0.001847 | LR: 1.00e-04 | Best: 0.001884
  Epoch  33/300 | Train Loss: 0.001934 | Val Loss: 0.001830 | LR: 1.00e-04 | Best: 0.001847
  Epoch  34/300 | Train Loss: 0.001927 | Val Loss: 0.001825 | LR: 1.00e-04 | Best: 0.001830
  Epoch  35/300 | Train Loss: 0.001910 | Val Loss: 0.001800 | LR: 1.00e-04 | Best: 0.001825
  Epoch  36/300 | Train Loss: 0.001914 | Val Loss: 0.001806 | LR: 1.00e-04 | Best: 0.001800
  Epoch  37/300 | Train Loss: 0.001902 | Val Loss: 0.001805 | LR: 1.00e-04 | Best: 0.001800
  Epoch  38/300 | Train Loss: 0.001893 | Val Loss: 0.001802 | LR: 1.00e-04 | Best: 0.001800
  Epoch  39/300 | Train Loss: 0.001887 | Val Loss: 0.001797 | LR: 1.00e-04 | Best: 0.001800
  Epoch  40/300 | Train Loss: 0.001877 | Val Loss: 0.001791 | LR: 1.00e-04 | Best: 0.001797
  Gate   | mean=0.516 std=0.055 [0.343, 0.687] → 偏向LSTM
  Epoch  41/300 | Train Loss: 0.001875 | Val Loss: 0.001802 | LR: 1.00e-04 | Best: 0.001791
  Epoch  42/300 | Train Loss: 0.001873 | Val Loss: 0.001787 | LR: 1.00e-04 | Best: 0.001791
  Epoch  43/300 | Train Loss: 0.001876 | Val Loss: 0.001768 | LR: 1.00e-04 | Best: 0.001787
  Epoch  44/300 | Train Loss: 0.001863 | Val Loss: 0.001769 | LR: 1.00e-04 | Best: 0.001768
  Epoch  45/300 | Train Loss: 0.001854 | Val Loss: 0.001741 | LR: 1.00e-04 | Best: 0.001768
  Epoch  46/300 | Train Loss: 0.001855 | Val Loss: 0.001714 | LR: 1.00e-04 | Best: 0.001741
  Epoch  47/300 | Train Loss: 0.001860 | Val Loss: 0.001695 | LR: 1.00e-04 | Best: 0.001714
  Epoch  48/300 | Train Loss: 0.001868 | Val Loss: 0.001685 | LR: 1.00e-04 | Best: 0.001695
  Epoch  49/300 | Train Loss: 0.001868 | Val Loss: 0.001681 | LR: 1.00e-04 | Best: 0.001685
  Epoch  50/300 | Train Loss: 0.001874 | Val Loss: 0.001681 | LR: 1.00e-04 | Best: 0.001681
  Gate   | mean=0.512 std=0.051 [0.354, 0.673] → 偏向LSTM
  Epoch  51/300 | Train Loss: 0.001855 | Val Loss: 0.001697 | LR: 1.00e-04 | Best: 0.001681
  Epoch  52/300 | Train Loss: 0.001837 | Val Loss: 0.001709 | LR: 1.00e-04 | Best: 0.001681
  Epoch  53/300 | Train Loss: 0.001838 | Val Loss: 0.001732 | LR: 1.00e-04 | Best: 0.001681
  Epoch  54/300 | Train Loss: 0.001834 | Val Loss: 0.001721 | LR: 1.00e-04 | Best: 0.001681
  Epoch  55/300 | Train Loss: 0.001826 | Val Loss: 0.001696 | LR: 5.00e-05 | Best: 0.001681
  Epoch  56/300 | Train Loss: 0.001814 | Val Loss: 0.001668 | LR: 5.00e-05 | Best: 0.001681
  Epoch  57/300 | Train Loss: 0.001805 | Val Loss: 0.001674 | LR: 5.00e-05 | Best: 0.001668
  Epoch  58/300 | Train Loss: 0.001805 | Val Loss: 0.001670 | LR: 5.00e-05 | Best: 0.001668
  Epoch  59/300 | Train Loss: 0.001801 | Val Loss: 0.001672 | LR: 5.00e-05 | Best: 0.001668
  Epoch  60/300 | Train Loss: 0.001797 | Val Loss: 0.001668 | LR: 5.00e-05 | Best: 0.001668
  Gate   | mean=0.510 std=0.047 [0.368, 0.658] → 偏向LSTM
  Epoch  61/300 | Train Loss: 0.001797 | Val Loss: 0.001667 | LR: 5.00e-05 | Best: 0.001668
  Epoch  62/300 | Train Loss: 0.001789 | Val Loss: 0.001667 | LR: 5.00e-05 | Best: 0.001667
  Epoch  63/300 | Train Loss: 0.001794 | Val Loss: 0.001663 | LR: 5.00e-05 | Best: 0.001667
  Epoch  64/300 | Train Loss: 0.001794 | Val Loss: 0.001660 | LR: 5.00e-05 | Best: 0.001663
  Epoch  65/300 | Train Loss: 0.001785 | Val Loss: 0.001665 | LR: 5.00e-05 | Best: 0.001660
  Epoch  66/300 | Train Loss: 0.001787 | Val Loss: 0.001661 | LR: 5.00e-05 | Best: 0.001660
  Epoch  67/300 | Train Loss: 0.001786 | Val Loss: 0.001662 | LR: 5.00e-05 | Best: 0.001660
  Epoch  68/300 | Train Loss: 0.001784 | Val Loss: 0.001659 | LR: 5.00e-05 | Best: 0.001660
  Epoch  69/300 | Train Loss: 0.001781 | Val Loss: 0.001654 | LR: 5.00e-05 | Best: 0.001659
  Epoch  70/300 | Train Loss: 0.001778 | Val Loss: 0.001656 | LR: 5.00e-05 | Best: 0.001654
  Gate   | mean=0.508 std=0.046 [0.373, 0.650] → 偏向LSTM
  Epoch  71/300 | Train Loss: 0.001780 | Val Loss: 0.001654 | LR: 5.00e-05 | Best: 0.001654
  Epoch  72/300 | Train Loss: 0.001777 | Val Loss: 0.001648 | LR: 5.00e-05 | Best: 0.001654
  Epoch  73/300 | Train Loss: 0.001775 | Val Loss: 0.001650 | LR: 5.00e-05 | Best: 0.001648
  Epoch  74/300 | Train Loss: 0.001777 | Val Loss: 0.001649 | LR: 5.00e-05 | Best: 0.001648
  Epoch  75/300 | Train Loss: 0.001766 | Val Loss: 0.001649 | LR: 5.00e-05 | Best: 0.001648
  Epoch  76/300 | Train Loss: 0.001773 | Val Loss: 0.001647 | LR: 5.00e-05 | Best: 0.001648
  Epoch  77/300 | Train Loss: 0.001766 | Val Loss: 0.001649 | LR: 5.00e-05 | Best: 0.001647
  Epoch  78/300 | Train Loss: 0.001767 | Val Loss: 0.001645 | LR: 5.00e-05 | Best: 0.001647
  Epoch  79/300 | Train Loss: 0.001765 | Val Loss: 0.001646 | LR: 5.00e-05 | Best: 0.001645
  Epoch  80/300 | Train Loss: 0.001767 | Val Loss: 0.001647 | LR: 5.00e-05 | Best: 0.001645
  Gate   | mean=0.506 std=0.044 [0.380, 0.644] → 偏向LSTM
  Epoch  81/300 | Train Loss: 0.001761 | Val Loss: 0.001645 | LR: 5.00e-05 | Best: 0.001645
  Epoch  82/300 | Train Loss: 0.001761 | Val Loss: 0.001648 | LR: 5.00e-05 | Best: 0.001645
  Epoch  83/300 | Train Loss: 0.001761 | Val Loss: 0.001644 | LR: 5.00e-05 | Best: 0.001645
  Epoch  84/300 | Train Loss: 0.001756 | Val Loss: 0.001645 | LR: 5.00e-05 | Best: 0.001644
  Epoch  85/300 | Train Loss: 0.001751 | Val Loss: 0.001642 | LR: 5.00e-05 | Best: 0.001644
  Epoch  86/300 | Train Loss: 0.001755 | Val Loss: 0.001643 | LR: 5.00e-05 | Best: 0.001642
  Epoch  87/300 | Train Loss: 0.001751 | Val Loss: 0.001642 | LR: 5.00e-05 | Best: 0.001642
  Epoch  88/300 | Train Loss: 0.001748 | Val Loss: 0.001641 | LR: 5.00e-05 | Best: 0.001642
  Epoch  89/300 | Train Loss: 0.001748 | Val Loss: 0.001642 | LR: 5.00e-05 | Best: 0.001641
  Epoch  90/300 | Train Loss: 0.001747 | Val Loss: 0.001642 | LR: 5.00e-05 | Best: 0.001641
  Gate   | mean=0.504 std=0.043 [0.385, 0.636] → 偏向LSTM
  Epoch  91/300 | Train Loss: 0.001749 | Val Loss: 0.001640 | LR: 5.00e-05 | Best: 0.001641
  Epoch  92/300 | Train Loss: 0.001745 | Val Loss: 0.001638 | LR: 5.00e-05 | Best: 0.001640
  Epoch  93/300 | Train Loss: 0.001738 | Val Loss: 0.001640 | LR: 5.00e-05 | Best: 0.001638
  Epoch  94/300 | Train Loss: 0.001741 | Val Loss: 0.001636 | LR: 5.00e-05 | Best: 0.001638
  Epoch  95/300 | Train Loss: 0.001742 | Val Loss: 0.001637 | LR: 5.00e-05 | Best: 0.001636
  Epoch  96/300 | Train Loss: 0.001733 | Val Loss: 0.001635 | LR: 5.00e-05 | Best: 0.001636
  Epoch  97/300 | Train Loss: 0.001737 | Val Loss: 0.001633 | LR: 5.00e-05 | Best: 0.001635
  Epoch  98/300 | Train Loss: 0.001737 | Val Loss: 0.001634 | LR: 5.00e-05 | Best: 0.001633
  Epoch  99/300 | Train Loss: 0.001731 | Val Loss: 0.001635 | LR: 5.00e-05 | Best: 0.001633
  Epoch 100/300 | Train Loss: 0.001735 | Val Loss: 0.001635 | LR: 5.00e-05 | Best: 0.001633
  Gate   | mean=0.502 std=0.042 [0.391, 0.628] → 偏向LSTM
  Epoch 101/300 | Train Loss: 0.001732 | Val Loss: 0.001639 | LR: 5.00e-05 | Best: 0.001633
  Epoch 102/300 | Train Loss: 0.001725 | Val Loss: 0.001633 | LR: 5.00e-05 | Best: 0.001633
  Epoch 103/300 | Train Loss: 0.001732 | Val Loss: 0.001633 | LR: 2.50e-05 | Best: 0.001633
  Epoch 104/300 | Train Loss: 0.001726 | Val Loss: 0.001631 | LR: 2.50e-05 | Best: 0.001633
  Epoch 105/300 | Train Loss: 0.001723 | Val Loss: 0.001630 | LR: 2.50e-05 | Best: 0.001631
  Epoch 106/300 | Train Loss: 0.001728 | Val Loss: 0.001629 | LR: 2.50e-05 | Best: 0.001630
  Epoch 107/300 | Train Loss: 0.001724 | Val Loss: 0.001631 | LR: 2.50e-05 | Best: 0.001629
  Epoch 108/300 | Train Loss: 0.001725 | Val Loss: 0.001629 | LR: 2.50e-05 | Best: 0.001629
  Epoch 109/300 | Train Loss: 0.001724 | Val Loss: 0.001631 | LR: 2.50e-05 | Best: 0.001629
  Epoch 110/300 | Train Loss: 0.001724 | Val Loss: 0.001626 | LR: 2.50e-05 | Best: 0.001629
  Gate   | mean=0.500 std=0.041 [0.395, 0.623] → 偏向LSTM
  Epoch 111/300 | Train Loss: 0.001724 | Val Loss: 0.001631 | LR: 2.50e-05 | Best: 0.001626
  Epoch 112/300 | Train Loss: 0.001724 | Val Loss: 0.001627 | LR: 2.50e-05 | Best: 0.001626
  Epoch 113/300 | Train Loss: 0.001721 | Val Loss: 0.001626 | LR: 2.50e-05 | Best: 0.001626
  Epoch 114/300 | Train Loss: 0.001720 | Val Loss: 0.001628 | LR: 2.50e-05 | Best: 0.001626
  Epoch 115/300 | Train Loss: 0.001717 | Val Loss: 0.001625 | LR: 2.50e-05 | Best: 0.001626
  Epoch 116/300 | Train Loss: 0.001720 | Val Loss: 0.001627 | LR: 2.50e-05 | Best: 0.001625
  Epoch 117/300 | Train Loss: 0.001718 | Val Loss: 0.001623 | LR: 2.50e-05 | Best: 0.001625
  Epoch 118/300 | Train Loss: 0.001715 | Val Loss: 0.001628 | LR: 2.50e-05 | Best: 0.001623
  Epoch 119/300 | Train Loss: 0.001716 | Val Loss: 0.001625 | LR: 2.50e-05 | Best: 0.001623
  Epoch 120/300 | Train Loss: 0.001718 | Val Loss: 0.001625 | LR: 2.50e-05 | Best: 0.001623
  Gate   | mean=0.499 std=0.040 [0.398, 0.619] → 偏向GCN
  Epoch 121/300 | Train Loss: 0.001719 | Val Loss: 0.001623 | LR: 2.50e-05 | Best: 0.001623
  Epoch 122/300 | Train Loss: 0.001712 | Val Loss: 0.001624 | LR: 2.50e-05 | Best: 0.001623
  Epoch 123/300 | Train Loss: 0.001713 | Val Loss: 0.001625 | LR: 2.50e-05 | Best: 0.001623
  Epoch 124/300 | Train Loss: 0.001716 | Val Loss: 0.001620 | LR: 2.50e-05 | Best: 0.001623
  Epoch 125/300 | Train Loss: 0.001715 | Val Loss: 0.001621 | LR: 2.50e-05 | Best: 0.001620
  Epoch 126/300 | Train Loss: 0.001710 | Val Loss: 0.001623 | LR: 2.50e-05 | Best: 0.001620
  Epoch 127/300 | Train Loss: 0.001714 | Val Loss: 0.001620 | LR: 2.50e-05 | Best: 0.001620
  Epoch 128/300 | Train Loss: 0.001715 | Val Loss: 0.001621 | LR: 2.50e-05 | Best: 0.001620
  Epoch 129/300 | Train Loss: 0.001710 | Val Loss: 0.001622 | LR: 2.50e-05 | Best: 0.001620
  Epoch 130/300 | Train Loss: 0.001712 | Val Loss: 0.001616 | LR: 2.50e-05 | Best: 0.001620
  Gate   | mean=0.498 std=0.040 [0.399, 0.614] → 偏向GCN
  Epoch 131/300 | Train Loss: 0.001709 | Val Loss: 0.001620 | LR: 2.50e-05 | Best: 0.001616
  Epoch 132/300 | Train Loss: 0.001711 | Val Loss: 0.001615 | LR: 2.50e-05 | Best: 0.001616
  Epoch 133/300 | Train Loss: 0.001709 | Val Loss: 0.001619 | LR: 2.50e-05 | Best: 0.001615
  Epoch 134/300 | Train Loss: 0.001709 | Val Loss: 0.001617 | LR: 2.50e-05 | Best: 0.001615
  Epoch 135/300 | Train Loss: 0.001707 | Val Loss: 0.001617 | LR: 2.50e-05 | Best: 0.001615
  Epoch 136/300 | Train Loss: 0.001706 | Val Loss: 0.001617 | LR: 2.50e-05 | Best: 0.001615
  Epoch 137/300 | Train Loss: 0.001706 | Val Loss: 0.001616 | LR: 2.50e-05 | Best: 0.001615
  Epoch 138/300 | Train Loss: 0.001706 | Val Loss: 0.001614 | LR: 2.50e-05 | Best: 0.001615
  Epoch 139/300 | Train Loss: 0.001708 | Val Loss: 0.001617 | LR: 2.50e-05 | Best: 0.001614
  Epoch 140/300 | Train Loss: 0.001702 | Val Loss: 0.001615 | LR: 2.50e-05 | Best: 0.001614
  Gate   | mean=0.497 std=0.039 [0.400, 0.612] → 偏向GCN
  Epoch 141/300 | Train Loss: 0.001702 | Val Loss: 0.001615 | LR: 2.50e-05 | Best: 0.001614
  Epoch 142/300 | Train Loss: 0.001704 | Val Loss: 0.001615 | LR: 2.50e-05 | Best: 0.001614
  Epoch 143/300 | Train Loss: 0.001703 | Val Loss: 0.001613 | LR: 2.50e-05 | Best: 0.001614
  Epoch 144/300 | Train Loss: 0.001705 | Val Loss: 0.001611 | LR: 2.50e-05 | Best: 0.001613
  Epoch 145/300 | Train Loss: 0.001704 | Val Loss: 0.001613 | LR: 2.50e-05 | Best: 0.001611
  Epoch 146/300 | Train Loss: 0.001699 | Val Loss: 0.001612 | LR: 2.50e-05 | Best: 0.001611
  Epoch 147/300 | Train Loss: 0.001703 | Val Loss: 0.001612 | LR: 2.50e-05 | Best: 0.001611
  Epoch 148/300 | Train Loss: 0.001703 | Val Loss: 0.001609 | LR: 2.50e-05 | Best: 0.001611
  Epoch 149/300 | Train Loss: 0.001705 | Val Loss: 0.001613 | LR: 2.50e-05 | Best: 0.001609
  Epoch 150/300 | Train Loss: 0.001700 | Val Loss: 0.001611 | LR: 2.50e-05 | Best: 0.001609
  Gate   | mean=0.496 std=0.039 [0.401, 0.608] → 偏向GCN
  Epoch 151/300 | Train Loss: 0.001697 | Val Loss: 0.001610 | LR: 2.50e-05 | Best: 0.001609
  Epoch 152/300 | Train Loss: 0.001696 | Val Loss: 0.001609 | LR: 2.50e-05 | Best: 0.001609
  Epoch 153/300 | Train Loss: 0.001699 | Val Loss: 0.001609 | LR: 2.50e-05 | Best: 0.001609
  Epoch 154/300 | Train Loss: 0.001697 | Val Loss: 0.001610 | LR: 1.25e-05 | Best: 0.001609
  Epoch 155/300 | Train Loss: 0.001694 | Val Loss: 0.001608 | LR: 1.25e-05 | Best: 0.001609
  Epoch 156/300 | Train Loss: 0.001696 | Val Loss: 0.001607 | LR: 1.25e-05 | Best: 0.001608
  Epoch 157/300 | Train Loss: 0.001693 | Val Loss: 0.001607 | LR: 1.25e-05 | Best: 0.001607
  Epoch 158/300 | Train Loss: 0.001694 | Val Loss: 0.001606 | LR: 1.25e-05 | Best: 0.001607
  Epoch 159/300 | Train Loss: 0.001698 | Val Loss: 0.001607 | LR: 1.25e-05 | Best: 0.001606
  Epoch 160/300 | Train Loss: 0.001694 | Val Loss: 0.001607 | LR: 1.25e-05 | Best: 0.001606
  Gate   | mean=0.496 std=0.038 [0.401, 0.606] → 偏向GCN
  Epoch 161/300 | Train Loss: 0.001694 | Val Loss: 0.001606 | LR: 1.25e-05 | Best: 0.001606
  Epoch 162/300 | Train Loss: 0.001692 | Val Loss: 0.001606 | LR: 1.25e-05 | Best: 0.001606
  Epoch 163/300 | Train Loss: 0.001695 | Val Loss: 0.001607 | LR: 1.25e-05 | Best: 0.001606
  Epoch 164/300 | Train Loss: 0.001694 | Val Loss: 0.001606 | LR: 6.25e-06 | Best: 0.001606
  Epoch 165/300 | Train Loss: 0.001692 | Val Loss: 0.001605 | LR: 6.25e-06 | Best: 0.001606
  Epoch 166/300 | Train Loss: 0.001695 | Val Loss: 0.001605 | LR: 6.25e-06 | Best: 0.001605
  Epoch 167/300 | Train Loss: 0.001693 | Val Loss: 0.001606 | LR: 6.25e-06 | Best: 0.001605
  Epoch 168/300 | Train Loss: 0.001697 | Val Loss: 0.001606 | LR: 6.25e-06 | Best: 0.001605
  Epoch 169/300 | Train Loss: 0.001691 | Val Loss: 0.001606 | LR: 6.25e-06 | Best: 0.001605
  Epoch 170/300 | Train Loss: 0.001693 | Val Loss: 0.001606 | LR: 6.25e-06 | Best: 0.001605
  Gate   | mean=0.495 std=0.038 [0.402, 0.605] → 偏向GCN
  Epoch 171/300 | Train Loss: 0.001691 | Val Loss: 0.001606 | LR: 3.13e-06 | Best: 0.001605
  Epoch 172/300 | Train Loss: 0.001694 | Val Loss: 0.001604 | LR: 3.13e-06 | Best: 0.001605
  Epoch 173/300 | Train Loss: 0.001694 | Val Loss: 0.001605 | LR: 3.13e-06 | Best: 0.001604
  Epoch 174/300 | Train Loss: 0.001693 | Val Loss: 0.001605 | LR: 3.13e-06 | Best: 0.001604
  Epoch 175/300 | Train Loss: 0.001690 | Val Loss: 0.001605 | LR: 3.13e-06 | Best: 0.001604
  Epoch 176/300 | Train Loss: 0.001694 | Val Loss: 0.001605 | LR: 3.13e-06 | Best: 0.001604
  Epoch 177/300 | Train Loss: 0.001694 | Val Loss: 0.001604 | LR: 3.13e-06 | Best: 0.001604
  Epoch 178/300 | Train Loss: 0.001693 | Val Loss: 0.001605 | LR: 1.56e-06 | Best: 0.001604
  Epoch 179/300 | Train Loss: 0.001693 | Val Loss: 0.001605 | LR: 1.56e-06 | Best: 0.001604
  Epoch 180/300 | Train Loss: 0.001695 | Val Loss: 0.001605 | LR: 1.56e-06 | Best: 0.001604
  Gate   | mean=0.495 std=0.038 [0.402, 0.605] → 偏向GCN
  Epoch 181/300 | Train Loss: 0.001692 | Val Loss: 0.001605 | LR: 1.56e-06 | Best: 0.001604
  Epoch 182/300 | Train Loss: 0.001694 | Val Loss: 0.001604 | LR: 1.56e-06 | Best: 0.001604

[Early Stopping] No improvement for 10 epochs. Stopping at epoch 182.
[Early Stopping] Best validation loss: 0.001604 at epoch 172

[Checkpoint] Restored best model from epoch 172
============================================================


  ── Result ──
  MAE: 0.021968  RMSE: 0.028232  Hit%: 49.9  vs Zero: +3.26%  [242s]

====================================================================================================
ABLATION STUDY — 5-day Return Space
====================================================================================================
Variant                Params    Time        MAE       RMSE    Hit%    vs Zero
----------------------------------------------------------------------------------------------------
+MambaTemporal        967,817    242s   0.021968   0.028232   49.9     +3.26%
====================================================================================================

📋 Experiment 20260817_182322 logged to /home/yangxiaotong/projects/myresearch/Commedities/experiments/EXPERIMENTS.jsonl
