nohup: 忽略输入
Device: cuda  |  Epochs: 300  |  Seed: 42
Target: return  |  Primary horizon: 5d  |  Multi-horizons: [1, 5, 10, 20]
Filtered to 1 variants: ['+BatchGraph']

[Data] Building 21-dim feature pipeline...
============================================================
CMGM Data Loading Pipeline
============================================================

[Step 1] Loading raw price data...

[Step 2] Aligning markets to common date range...
[DataLoader] Stock date range: 2015-01-05 00:00:00 to 2025-06-30 00:00:00 (2548 days)
[DataLoader] Bond date range: 2017-01-17 00:00:00 to 2025-12-31 00:00:00 (2176 days)
[DataLoader] Commodity date range: 2015-01-05 00:00:00 to 2025-12-31 00:00:00 (2679 days)
[DataLoader] Common date range: 2017-01-17 00:00:00 to 2025-06-30 00:00:00 (2050 days)
[DataLoader] Combined price matrix shape: (2050, 284)
[DataLoader] Market split: stocks=248, bonds=12, commodities=24

[Step 3] Temporal train/val/test split...
[DataLoader] Temporal split: train=1435, val=307, test=308

[Step 4] Per-asset z-score normalization...
[DataLoader] Per-asset z-score normalization fitted on training data only
[DataLoader] mean range: [0.9803, 173055.7656]
[DataLoader] std  range: [0.000000, 55160.3203]
[DataLoader] Z-scored train range: [-11.3746, 91.5527]

[Step 6] Computing returns for graph construction...
     Training returns shape: (1434, 284)

[Step 7] Creating sliding window datasets...

[Done] Dataset sizes: train=1396, val=268, test=269
[Done] Total nodes: 284
[Done] Commodity nodes (output dim): 24
[Features] Computed 21 features: price, ret_1d, ret_5d, ret_10d, ret_20d, vol_5d, vol_10d, vol_20d, zscore_5d, zscore_10d, zscore_20d, price_ma5, price_ma10, price_ma20, price_ma60, rsi_14, bb_position, skewness_20d, kurtosis_20d, roc_10d, percentile_20d
[Features] Shape: (T=2050, N=284, F=21)  range: [-4.4721, 391400.0000]

[Data] Building 7-dim feature pipeline...
============================================================
CMGM Data Loading Pipeline
============================================================

[Step 1] Loading raw price data...

[Step 2] Aligning markets to common date range...
[DataLoader] Stock date range: 2015-01-05 00:00:00 to 2025-06-30 00:00:00 (2548 days)
[DataLoader] Bond date range: 2017-01-17 00:00:00 to 2025-12-31 00:00:00 (2176 days)
[DataLoader] Commodity date range: 2015-01-05 00:00:00 to 2025-12-31 00:00:00 (2679 days)
[DataLoader] Common date range: 2017-01-17 00:00:00 to 2025-06-30 00:00:00 (2050 days)
[DataLoader] Combined price matrix shape: (2050, 284)
[DataLoader] Market split: stocks=248, bonds=12, commodities=24

[Step 3] Temporal train/val/test split...
[DataLoader] Temporal split: train=1435, val=307, test=308

[Step 4] Per-asset z-score normalization...
[DataLoader] Per-asset z-score normalization fitted on training data only
[DataLoader] mean range: [0.9803, 173055.7656]
[DataLoader] std  range: [0.000000, 55160.3203]
[DataLoader] Z-scored train range: [-11.3746, 91.5527]

[Step 6] Computing returns for graph construction...
     Training returns shape: (1434, 284)

[Step 7] Creating sliding window datasets...

[Done] Dataset sizes: train=1396, val=268, test=269
[Done] Total nodes: 284
[Done] Commodity nodes (output dim): 24
[Features] Computed 7 features from RAW prices: price, return, ma5_ratio, ma20_ratio, volatility, rsi_14, macd
[Features] Shape: (T=2050, N=284, F=7)  range: [-21915.3594, 391400.0000]

==========================================================================================
  ABLATION: +BatchGraph  (variant=batch_graph, feat_dim=21, {})
==========================================================================================
  Params: 1,686,905

============================================================
CMGM Training
============================================================
Device: cuda
Epochs: 300 (early stopping patience=10)
Learning rate: 0.0001, Weight decay: 1e-05
============================================================

[FAILED] +BatchGraph: CUDA out of memory. Tried to allocate 158.00 MiB. GPU 0 has a total capacity of 31.74 GiB of which 83.69 MiB is free. Process 3196968 has 29.45 GiB memory in use. Including non-PyTorch memory, this process has 2.19 GiB memory in use. Of the allocated memory 1.77 GiB is allocated by PyTorch, and 51.07 MiB is reserved by PyTorch but unallocated. If reserved but unallocated memory is large try setting PYTORCH_CUDA_ALLOC_CONF=expandable_segments:True to avoid fragmentation.  See documentation for Memory Management  (https://pytorch.org/docs/stable/notes/cuda.html#environment-variables)
Traceback (most recent call last):
  File "/home/yangxiaotong/projects/myresearch/Commedities/cmgm/scripts/main_ablation.py", line 348, in main
    r = run_variant(name, variant, feat_dim, kwargs, args, device, data21, data7)
  File "/home/yangxiaotong/projects/myresearch/Commedities/cmgm/scripts/main_ablation.py", line 284, in run_variant
    history = train(model, loaders['train'], loaders['val'],
                    dummy[0], dummy[1], device,
                    num_epochs=args.epochs, patience=args.patience)
  File "/home/yangxiaotong/projects/myresearch/Commedities/cmgm/training/train.py", line 245, in train
    train_loss = train_epoch(
        model, train_loader, edge_index, edge_weight,
        optimizer, criterion, device, debug=(epoch == 1)
    )
  File "/home/yangxiaotong/projects/myresearch/Commedities/cmgm/training/train.py", line 87, in train_epoch
    pred = model(X_batch, debug=(debug and batch_idx == 0))
  File "/home/yangxiaotong/miniconda3/lib/python3.13/site-packages/torch/nn/modules/module.py", line 1751, in _wrapped_call_impl
    return self._call_impl(*args, **kwargs)
           ~~~~~~~~~~~~~~~^^^^^^^^^^^^^^^^^
  File "/home/yangxiaotong/miniconda3/lib/python3.13/site-packages/torch/nn/modules/module.py", line 1762, in _call_impl
    return forward_call(*args, **kwargs)
  File "/home/yangxiaotong/projects/myresearch/Commedities/cmgm/models/hetero_mixhop_model.py", line 966, in forward
    return self._batch_graph_forward(x, debug)
           ~~~~~~~~~~~~~~~~~~~~~~~~~^^^^^^^^^^
  File "/home/yangxiaotong/projects/myresearch/Commedities/cmgm/models/hetero_mixhop_model.py", line 931, in _batch_graph_forward
    h2 = self.attn_mixhop2(h1, A)
  File "/home/yangxiaotong/miniconda3/lib/python3.13/site-packages/torch/nn/modules/module.py", line 1751, in _wrapped_call_impl
    return self._call_impl(*args, **kwargs)
           ~~~~~~~~~~~~~~~^^^^^^^^^^^^^^^^^
  File "/home/yangxiaotong/miniconda3/lib/python3.13/site-packages/torch/nn/modules/module.py", line 1762, in _call_impl
    return forward_call(*args, **kwargs)
  File "/home/yangxiaotong/projects/myresearch/Commedities/cmgm/models/hetero_mixhop_model.py", line 164, in forward
    e = torch.einsum('bnhd,bmhd->bnmh', Q, Kt) / math.sqrt(self.head_dim)  # (B, N, M, h)
        ~~~~~~~~~~~~~~~~~~~~~~~~~~~~~~~~~~~~~~~^~~~~~~~~~~~~~~~~~~~~~~~~~
torch.OutOfMemoryError: CUDA out of memory. Tried to allocate 158.00 MiB. GPU 0 has a total capacity of 31.74 GiB of which 83.69 MiB is free. Process 3196968 has 29.45 GiB memory in use. Including non-PyTorch memory, this process has 2.19 GiB memory in use. Of the allocated memory 1.77 GiB is allocated by PyTorch, and 51.07 MiB is reserved by PyTorch but unallocated. If reserved but unallocated memory is large try setting PYTORCH_CUDA_ALLOC_CONF=expandable_segments:True to avoid fragmentation.  See documentation for Memory Management  (https://pytorch.org/docs/stable/notes/cuda.html#environment-variables)

====================================================================================================
ABLATION STUDY — 5-day Return Space
====================================================================================================
Variant                Params    Time        MAE       RMSE    Hit%    vs Zero
----------------------------------------------------------------------------------------------------
+BatchGraph                 0      0s        nan        nan     nan       nan
====================================================================================================

📋 Experiment 20260818_211404 logged to /home/yangxiaotong/projects/myresearch/Commedities/experiments/EXPERIMENTS.jsonl
