nohup: 忽略输入
Device: cuda  |  Epochs: 300  |  Seed: 42
Target: return  |  Primary horizon: 5d  |  Multi-horizons: [1, 5, 10, 20]
Filtered to 3 variants: ['D-TransformerRegime', 'R2-Regime2', 'R3-RegimeRPE2']

[Data] Building 21-dim feature pipeline...
============================================================
CMGM Data Loading Pipeline
============================================================

[Step 1] Loading raw price data...

[Step 2] Aligning markets to common date range...
[DataLoader] Stock date range: 2015-01-05 00:00:00 to 2025-06-30 00:00:00 (2548 days)
[DataLoader] Bond date range: 2017-01-17 00:00:00 to 2025-12-31 00:00:00 (2176 days)
[DataLoader] Commodity date range: 2015-01-05 00:00:00 to 2025-12-31 00:00:00 (2679 days)
[DataLoader] Common date range: 2017-01-17 00:00:00 to 2025-06-30 00:00:00 (2050 days)
[DataLoader] Combined price matrix shape: (2050, 284)
[DataLoader] Market split: stocks=248, bonds=12, commodities=24

[Step 3] Temporal train/val/test split...
[DataLoader] Temporal split: train=1435, val=307, test=308

[Step 4] Per-asset z-score normalization...
[DataLoader] Per-asset z-score normalization fitted on training data only
[DataLoader] mean range: [0.9803, 173055.7656]
[DataLoader] std  range: [0.000000, 55160.3203]
[DataLoader] Z-scored train range: [-11.3746, 91.5527]

[Step 6] Computing returns for graph construction...
     Training returns shape: (1434, 284)

[Step 7] Creating sliding window datasets...

[Done] Dataset sizes: train=1396, val=268, test=269
[Done] Total nodes: 284
[Done] Commodity nodes (output dim): 24
[Features] Computed 21 features: price, ret_1d, ret_5d, ret_10d, ret_20d, vol_5d, vol_10d, vol_20d, zscore_5d, zscore_10d, zscore_20d, price_ma5, price_ma10, price_ma20, price_ma60, rsi_14, bb_position, skewness_20d, kurtosis_20d, roc_10d, percentile_20d
[Features] Shape: (T=2050, N=284, F=21)  range: [-4.4721, 391400.0000]

[Data] Building 7-dim feature pipeline...
============================================================
CMGM Data Loading Pipeline
============================================================

[Step 1] Loading raw price data...

[Step 2] Aligning markets to common date range...
[DataLoader] Stock date range: 2015-01-05 00:00:00 to 2025-06-30 00:00:00 (2548 days)
[DataLoader] Bond date range: 2017-01-17 00:00:00 to 2025-12-31 00:00:00 (2176 days)
[DataLoader] Commodity date range: 2015-01-05 00:00:00 to 2025-12-31 00:00:00 (2679 days)
[DataLoader] Common date range: 2017-01-17 00:00:00 to 2025-06-30 00:00:00 (2050 days)
[DataLoader] Combined price matrix shape: (2050, 284)
[DataLoader] Market split: stocks=248, bonds=12, commodities=24

[Step 3] Temporal train/val/test split...
[DataLoader] Temporal split: train=1435, val=307, test=308

[Step 4] Per-asset z-score normalization...
[DataLoader] Per-asset z-score normalization fitted on training data only
[DataLoader] mean range: [0.9803, 173055.7656]
[DataLoader] std  range: [0.000000, 55160.3203]
[DataLoader] Z-scored train range: [-11.3746, 91.5527]

[Step 6] Computing returns for graph construction...
     Training returns shape: (1434, 284)

[Step 7] Creating sliding window datasets...

[Done] Dataset sizes: train=1396, val=268, test=269
[Done] Total nodes: 284
[Done] Commodity nodes (output dim): 24
[Features] Computed 7 features from RAW prices: price, return, ma5_ratio, ma20_ratio, volatility, rsi_14, macd
[Features] Shape: (T=2050, N=284, F=7)  range: [-21915.3594, 391400.0000]

==========================================================================================
  ABLATION: D-TransformerRegime  (variant=transformer_regime, feat_dim=21, {})
==========================================================================================
  Params: 1,162,081

============================================================
CMGM Training
============================================================
Device: cuda
Epochs: 300 (early stopping patience=10)
Learning rate: 0.0001, Weight decay: 1e-05
============================================================
  [transformer_regime] h_spatial=[64, 64] h_temporal=[64, 64] → gate → [64, 4, 24]
  Epoch   1/300 | Train Loss: 0.005113 | Val Loss: 0.005393 | LR: 1.00e-04 | Best: inf
  Epoch   2/300 | Train Loss: 0.004299 | Val Loss: 0.004877 | LR: 1.00e-04 | Best: 0.005393
  Epoch   3/300 | Train Loss: 0.003986 | Val Loss: 0.004597 | LR: 1.00e-04 | Best: 0.004877
  Epoch   4/300 | Train Loss: 0.003725 | Val Loss: 0.004512 | LR: 1.00e-04 | Best: 0.004597
  Epoch   5/300 | Train Loss: 0.003686 | Val Loss: 0.004316 | LR: 1.00e-04 | Best: 0.004512
  Epoch   6/300 | Train Loss: 0.003321 | Val Loss: 0.004107 | LR: 1.00e-04 | Best: 0.004316
  Epoch   7/300 | Train Loss: 0.003179 | Val Loss: 0.003984 | LR: 1.00e-04 | Best: 0.004107
  Epoch   8/300 | Train Loss: 0.003020 | Val Loss: 0.003948 | LR: 1.00e-04 | Best: 0.003984
  Epoch   9/300 | Train Loss: 0.003024 | Val Loss: 0.003843 | LR: 1.00e-04 | Best: 0.003948
  Epoch  10/300 | Train Loss: 0.002883 | Val Loss: 0.003742 | LR: 1.00e-04 | Best: 0.003843
  Epoch  11/300 | Train Loss: 0.002744 | Val Loss: 0.003726 | LR: 1.00e-04 | Best: 0.003742
  Epoch  12/300 | Train Loss: 0.002687 | Val Loss: 0.003728 | LR: 1.00e-04 | Best: 0.003726
  Epoch  13/300 | Train Loss: 0.002588 | Val Loss: 0.003630 | LR: 1.00e-04 | Best: 0.003726
  Epoch  14/300 | Train Loss: 0.002470 | Val Loss: 0.003546 | LR: 1.00e-04 | Best: 0.003630
  Epoch  15/300 | Train Loss: 0.002493 | Val Loss: 0.003494 | LR: 1.00e-04 | Best: 0.003546
  Epoch  16/300 | Train Loss: 0.002355 | Val Loss: 0.003518 | LR: 1.00e-04 | Best: 0.003494
  Epoch  17/300 | Train Loss: 0.002307 | Val Loss: 0.003496 | LR: 1.00e-04 | Best: 0.003494
  Epoch  18/300 | Train Loss: 0.002253 | Val Loss: 0.003433 | LR: 1.00e-04 | Best: 0.003494
  Epoch  19/300 | Train Loss: 0.002164 | Val Loss: 0.003395 | LR: 1.00e-04 | Best: 0.003433
  Epoch  20/300 | Train Loss: 0.002164 | Val Loss: 0.003332 | LR: 1.00e-04 | Best: 0.003395
  Epoch  21/300 | Train Loss: 0.002135 | Val Loss: 0.003300 | LR: 1.00e-04 | Best: 0.003332
  Epoch  22/300 | Train Loss: 0.002119 | Val Loss: 0.003264 | LR: 1.00e-04 | Best: 0.003300
  Epoch  23/300 | Train Loss: 0.002138 | Val Loss: 0.003202 | LR: 1.00e-04 | Best: 0.003264
  Epoch  24/300 | Train Loss: 0.002107 | Val Loss: 0.003161 | LR: 1.00e-04 | Best: 0.003202
  Epoch  25/300 | Train Loss: 0.002168 | Val Loss: 0.003083 | LR: 1.00e-04 | Best: 0.003161
  Epoch  26/300 | Train Loss: 0.002106 | Val Loss: 0.003069 | LR: 1.00e-04 | Best: 0.003083
  Epoch  27/300 | Train Loss: 0.002061 | Val Loss: 0.003039 | LR: 1.00e-04 | Best: 0.003069
  Epoch  28/300 | Train Loss: 0.002004 | Val Loss: 0.003005 | LR: 1.00e-04 | Best: 0.003039
  Epoch  29/300 | Train Loss: 0.001970 | Val Loss: 0.002978 | LR: 1.00e-04 | Best: 0.003005
  Epoch  30/300 | Train Loss: 0.001939 | Val Loss: 0.002959 | LR: 1.00e-04 | Best: 0.002978
  Epoch  31/300 | Train Loss: 0.001924 | Val Loss: 0.002930 | LR: 1.00e-04 | Best: 0.002959
  Epoch  32/300 | Train Loss: 0.001893 | Val Loss: 0.002899 | LR: 1.00e-04 | Best: 0.002930
  Epoch  33/300 | Train Loss: 0.001873 | Val Loss: 0.002866 | LR: 1.00e-04 | Best: 0.002899
  Epoch  34/300 | Train Loss: 0.001850 | Val Loss: 0.002833 | LR: 1.00e-04 | Best: 0.002866
  Epoch  35/300 | Train Loss: 0.001845 | Val Loss: 0.002828 | LR: 1.00e-04 | Best: 0.002833
  Epoch  36/300 | Train Loss: 0.001848 | Val Loss: 0.002798 | LR: 1.00e-04 | Best: 0.002828
  Epoch  37/300 | Train Loss: 0.001835 | Val Loss: 0.002752 | LR: 1.00e-04 | Best: 0.002798
  Epoch  38/300 | Train Loss: 0.001866 | Val Loss: 0.002729 | LR: 1.00e-04 | Best: 0.002752
  Epoch  39/300 | Train Loss: 0.001834 | Val Loss: 0.002697 | LR: 1.00e-04 | Best: 0.002729
  Epoch  40/300 | Train Loss: 0.001784 | Val Loss: 0.002669 | LR: 1.00e-04 | Best: 0.002697
  Epoch  41/300 | Train Loss: 0.001753 | Val Loss: 0.002648 | LR: 1.00e-04 | Best: 0.002669
  Epoch  42/300 | Train Loss: 0.001729 | Val Loss: 0.002602 | LR: 1.00e-04 | Best: 0.002648
  Epoch  43/300 | Train Loss: 0.001720 | Val Loss: 0.002583 | LR: 1.00e-04 | Best: 0.002602
  Epoch  44/300 | Train Loss: 0.001704 | Val Loss: 0.002562 | LR: 1.00e-04 | Best: 0.002583
  Epoch  45/300 | Train Loss: 0.001714 | Val Loss: 0.002526 | LR: 1.00e-04 | Best: 0.002562
  Epoch  46/300 | Train Loss: 0.001715 | Val Loss: 0.002533 | LR: 1.00e-04 | Best: 0.002526
  Epoch  47/300 | Train Loss: 0.001723 | Val Loss: 0.002490 | LR: 1.00e-04 | Best: 0.002526
  Epoch  48/300 | Train Loss: 0.001718 | Val Loss: 0.002457 | LR: 1.00e-04 | Best: 0.002490
  Epoch  49/300 | Train Loss: 0.001723 | Val Loss: 0.002425 | LR: 1.00e-04 | Best: 0.002457
  Epoch  50/300 | Train Loss: 0.001678 | Val Loss: 0.002388 | LR: 1.00e-04 | Best: 0.002425
  Epoch  51/300 | Train Loss: 0.001660 | Val Loss: 0.002389 | LR: 1.00e-04 | Best: 0.002388
  Epoch  52/300 | Train Loss: 0.001672 | Val Loss: 0.002347 | LR: 1.00e-04 | Best: 0.002388
  Epoch  53/300 | Train Loss: 0.001646 | Val Loss: 0.002341 | LR: 1.00e-04 | Best: 0.002347
  Epoch  54/300 | Train Loss: 0.001681 | Val Loss: 0.002330 | LR: 1.00e-04 | Best: 0.002341
  Epoch  55/300 | Train Loss: 0.001672 | Val Loss: 0.002269 | LR: 1.00e-04 | Best: 0.002330
  Epoch  56/300 | Train Loss: 0.001636 | Val Loss: 0.002283 | LR: 1.00e-04 | Best: 0.002269
  Epoch  57/300 | Train Loss: 0.001627 | Val Loss: 0.002248 | LR: 1.00e-04 | Best: 0.002269
  Epoch  58/300 | Train Loss: 0.001590 | Val Loss: 0.002216 | LR: 1.00e-04 | Best: 0.002248
  Epoch  59/300 | Train Loss: 0.001581 | Val Loss: 0.002206 | LR: 1.00e-04 | Best: 0.002216
  Epoch  60/300 | Train Loss: 0.001572 | Val Loss: 0.002180 | LR: 1.00e-04 | Best: 0.002206
  Epoch  61/300 | Train Loss: 0.001561 | Val Loss: 0.002171 | LR: 1.00e-04 | Best: 0.002180
  Epoch  62/300 | Train Loss: 0.001559 | Val Loss: 0.002143 | LR: 1.00e-04 | Best: 0.002171
  Epoch  63/300 | Train Loss: 0.001566 | Val Loss: 0.002122 | LR: 1.00e-04 | Best: 0.002143
  Epoch  64/300 | Train Loss: 0.001573 | Val Loss: 0.002125 | LR: 1.00e-04 | Best: 0.002122
  Epoch  65/300 | Train Loss: 0.001573 | Val Loss: 0.002065 | LR: 1.00e-04 | Best: 0.002122
  Epoch  66/300 | Train Loss: 0.001565 | Val Loss: 0.002072 | LR: 1.00e-04 | Best: 0.002065
  Epoch  67/300 | Train Loss: 0.001550 | Val Loss: 0.002018 | LR: 1.00e-04 | Best: 0.002065
  Epoch  68/300 | Train Loss: 0.001531 | Val Loss: 0.001995 | LR: 1.00e-04 | Best: 0.002018
  Epoch  69/300 | Train Loss: 0.001526 | Val Loss: 0.001961 | LR: 1.00e-04 | Best: 0.001995
  Epoch  70/300 | Train Loss: 0.001520 | Val Loss: 0.001933 | LR: 1.00e-04 | Best: 0.001961
  Epoch  71/300 | Train Loss: 0.001527 | Val Loss: 0.001938 | LR: 1.00e-04 | Best: 0.001933
  Epoch  72/300 | Train Loss: 0.001509 | Val Loss: 0.001890 | LR: 1.00e-04 | Best: 0.001933
  Epoch  73/300 | Train Loss: 0.001503 | Val Loss: 0.001888 | LR: 1.00e-04 | Best: 0.001890
  Epoch  74/300 | Train Loss: 0.001493 | Val Loss: 0.001863 | LR: 1.00e-04 | Best: 0.001888
  Epoch  75/300 | Train Loss: 0.001492 | Val Loss: 0.001852 | LR: 1.00e-04 | Best: 0.001863
  Epoch  76/300 | Train Loss: 0.001491 | Val Loss: 0.001838 | LR: 1.00e-04 | Best: 0.001852
  Epoch  77/300 | Train Loss: 0.001471 | Val Loss: 0.001815 | LR: 1.00e-04 | Best: 0.001838
  Epoch  78/300 | Train Loss: 0.001482 | Val Loss: 0.001839 | LR: 1.00e-04 | Best: 0.001815
  Epoch  79/300 | Train Loss: 0.001498 | Val Loss: 0.001818 | LR: 1.00e-04 | Best: 0.001815
  Epoch  80/300 | Train Loss: 0.001518 | Val Loss: 0.001813 | LR: 1.00e-04 | Best: 0.001815
  Epoch  81/300 | Train Loss: 0.001507 | Val Loss: 0.001792 | LR: 1.00e-04 | Best: 0.001813
  Epoch  82/300 | Train Loss: 0.001466 | Val Loss: 0.001808 | LR: 1.00e-04 | Best: 0.001792
  Epoch  83/300 | Train Loss: 0.001457 | Val Loss: 0.001795 | LR: 1.00e-04 | Best: 0.001792
  Epoch  84/300 | Train Loss: 0.001448 | Val Loss: 0.001784 | LR: 1.00e-04 | Best: 0.001792
  Epoch  85/300 | Train Loss: 0.001438 | Val Loss: 0.001807 | LR: 1.00e-04 | Best: 0.001784
  Epoch  86/300 | Train Loss: 0.001433 | Val Loss: 0.001773 | LR: 1.00e-04 | Best: 0.001784
  Epoch  87/300 | Train Loss: 0.001449 | Val Loss: 0.001785 | LR: 1.00e-04 | Best: 0.001773
  Epoch  88/300 | Train Loss: 0.001448 | Val Loss: 0.001770 | LR: 1.00e-04 | Best: 0.001773
  Epoch  89/300 | Train Loss: 0.001443 | Val Loss: 0.001777 | LR: 1.00e-04 | Best: 0.001770
  Epoch  90/300 | Train Loss: 0.001437 | Val Loss: 0.001751 | LR: 1.00e-04 | Best: 0.001770
  Epoch  91/300 | Train Loss: 0.001431 | Val Loss: 0.001797 | LR: 1.00e-04 | Best: 0.001751
  Epoch  92/300 | Train Loss: 0.001419 | Val Loss: 0.001752 | LR: 1.00e-04 | Best: 0.001751
  Epoch  93/300 | Train Loss: 0.001399 | Val Loss: 0.001773 | LR: 1.00e-04 | Best: 0.001751
  Epoch  94/300 | Train Loss: 0.001405 | Val Loss: 0.001756 | LR: 1.00e-04 | Best: 0.001751
  Epoch  95/300 | Train Loss: 0.001394 | Val Loss: 0.001745 | LR: 1.00e-04 | Best: 0.001751
  Epoch  96/300 | Train Loss: 0.001404 | Val Loss: 0.001774 | LR: 1.00e-04 | Best: 0.001745
  Epoch  97/300 | Train Loss: 0.001419 | Val Loss: 0.001745 | LR: 1.00e-04 | Best: 0.001745
  Epoch  98/300 | Train Loss: 0.001407 | Val Loss: 0.001753 | LR: 1.00e-04 | Best: 0.001745
  Epoch  99/300 | Train Loss: 0.001400 | Val Loss: 0.001731 | LR: 1.00e-04 | Best: 0.001745
  Epoch 100/300 | Train Loss: 0.001370 | Val Loss: 0.001746 | LR: 1.00e-04 | Best: 0.001731
  Epoch 101/300 | Train Loss: 0.001368 | Val Loss: 0.001718 | LR: 1.00e-04 | Best: 0.001731
  Epoch 102/300 | Train Loss: 0.001369 | Val Loss: 0.001760 | LR: 1.00e-04 | Best: 0.001718
  Epoch 103/300 | Train Loss: 0.001374 | Val Loss: 0.001705 | LR: 1.00e-04 | Best: 0.001718
  Epoch 104/300 | Train Loss: 0.001365 | Val Loss: 0.001739 | LR: 1.00e-04 | Best: 0.001705
  Epoch 105/300 | Train Loss: 0.001354 | Val Loss: 0.001712 | LR: 1.00e-04 | Best: 0.001705
  Epoch 106/300 | Train Loss: 0.001347 | Val Loss: 0.001729 | LR: 1.00e-04 | Best: 0.001705
  Epoch 107/300 | Train Loss: 0.001353 | Val Loss: 0.001711 | LR: 1.00e-04 | Best: 0.001705
  Epoch 108/300 | Train Loss: 0.001347 | Val Loss: 0.001708 | LR: 1.00e-04 | Best: 0.001705
  Epoch 109/300 | Train Loss: 0.001351 | Val Loss: 0.001700 | LR: 1.00e-04 | Best: 0.001705
  Epoch 110/300 | Train Loss: 0.001347 | Val Loss: 0.001695 | LR: 1.00e-04 | Best: 0.001700
  Epoch 111/300 | Train Loss: 0.001351 | Val Loss: 0.001687 | LR: 1.00e-04 | Best: 0.001695
  Epoch 112/300 | Train Loss: 0.001336 | Val Loss: 0.001704 | LR: 1.00e-04 | Best: 0.001687
  Epoch 113/300 | Train Loss: 0.001329 | Val Loss: 0.001676 | LR: 1.00e-04 | Best: 0.001687
  Epoch 114/300 | Train Loss: 0.001318 | Val Loss: 0.001707 | LR: 1.00e-04 | Best: 0.001676
  Epoch 115/300 | Train Loss: 0.001324 | Val Loss: 0.001667 | LR: 1.00e-04 | Best: 0.001676
  Epoch 116/300 | Train Loss: 0.001314 | Val Loss: 0.001672 | LR: 1.00e-04 | Best: 0.001667
  Epoch 117/300 | Train Loss: 0.001332 | Val Loss: 0.001705 | LR: 1.00e-04 | Best: 0.001667
  Epoch 118/300 | Train Loss: 0.001340 | Val Loss: 0.001657 | LR: 1.00e-04 | Best: 0.001667
  Epoch 119/300 | Train Loss: 0.001344 | Val Loss: 0.001702 | LR: 1.00e-04 | Best: 0.001657
  Epoch 120/300 | Train Loss: 0.001317 | Val Loss: 0.001660 | LR: 1.00e-04 | Best: 0.001657
  Epoch 121/300 | Train Loss: 0.001300 | Val Loss: 0.001700 | LR: 1.00e-04 | Best: 0.001657
  Epoch 122/300 | Train Loss: 0.001295 | Val Loss: 0.001666 | LR: 1.00e-04 | Best: 0.001657
  Epoch 123/300 | Train Loss: 0.001295 | Val Loss: 0.001684 | LR: 1.00e-04 | Best: 0.001657
  Epoch 124/300 | Train Loss: 0.001289 | Val Loss: 0.001702 | LR: 5.00e-05 | Best: 0.001657
  Epoch 125/300 | Train Loss: 0.001279 | Val Loss: 0.001669 | LR: 5.00e-05 | Best: 0.001657
  Epoch 126/300 | Train Loss: 0.001264 | Val Loss: 0.001683 | LR: 5.00e-05 | Best: 0.001657
  Epoch 127/300 | Train Loss: 0.001251 | Val Loss: 0.001673 | LR: 5.00e-05 | Best: 0.001657
  Epoch 128/300 | Train Loss: 0.001247 | Val Loss: 0.001680 | LR: 5.00e-05 | Best: 0.001657

[Early Stopping] No improvement for 10 epochs. Stopping at epoch 128.
[Early Stopping] Best validation loss: 0.001657 at epoch 118

[Checkpoint] Restored best model from epoch 118
============================================================

  [temporal attention] mean=0.0500 std=0.0008 entropy=2.9956 max=0.0516
  [regime p] mean=[0.3299 0.3283 0.3419] std=0.0061 min=0.3282 max=0.3419
    t=0: [0.3299 0.3283 0.3419]
    t=2: [0.3299 0.3282 0.3419]
    t=4: [0.3299 0.3283 0.3419]
    t=6: [0.3299 0.3283 0.3418]
    t=8: [0.3299 0.3283 0.3418]
    t=10: [0.3299 0.3283 0.3418]
    t=12: [0.3299 0.3283 0.3418]
    t=14: [0.3299 0.3283 0.3418]
    t=16: [0.3299 0.3283 0.3419]
    t=18: [0.3299 0.3283 0.3418]
  [regime entropy] mean=1.0984 std=0.0000 (log(K)=1.0986)
  [state transition] mean ||p_t−p_{t−1}||_1 = 0.0000
  [state-specific stats] (soft-weighted)
    regime 0: weight=0.330 mean_ret=+0.007459 mean_abs=0.009661 vol=0.011668
    regime 1: weight=0.328 mean_ret=+0.007459 mean_abs=0.009661 vol=0.011668
    regime 2: weight=0.342 mean_ret=+0.007459 mean_abs=0.009661 vol=0.011668

  ── Result ──
  MAE: 0.022647  RMSE: 0.029084  Hit%: 47.9  vs Zero: +6.46%  [245s]

==========================================================================================
  ABLATION: R2-Regime2  (variant=transformer_regime2, feat_dim=21, {})
==========================================================================================
  Params: 1,153,572

============================================================
CMGM Training
============================================================
Device: cuda
Epochs: 300 (early stopping patience=10)
Learning rate: 0.0001, Weight decay: 1e-05
============================================================
  [transformer_regime2] h_spatial=[64, 64] h_temporal=[64, 64] → gate → [64, 4, 24]
  Epoch   1/300 | Train Loss: 0.005028 | Val Loss: 0.005400 | LR: 1.00e-04 | Best: inf
  Epoch   2/300 | Train Loss: 0.004293 | Val Loss: 0.004967 | LR: 1.00e-04 | Best: 0.005400
  Epoch   3/300 | Train Loss: 0.004048 | Val Loss: 0.004765 | LR: 1.00e-04 | Best: 0.004967
  Epoch   4/300 | Train Loss: 0.003866 | Val Loss: 0.004675 | LR: 1.00e-04 | Best: 0.004765
  Epoch   5/300 | Train Loss: 0.003766 | Val Loss: 0.004541 | LR: 1.00e-04 | Best: 0.004675
  Epoch   6/300 | Train Loss: 0.003716 | Val Loss: 0.004369 | LR: 1.00e-04 | Best: 0.004541
  Epoch   7/300 | Train Loss: 0.003459 | Val Loss: 0.004206 | LR: 1.00e-04 | Best: 0.004369
  Epoch   8/300 | Train Loss: 0.003372 | Val Loss: 0.004080 | LR: 1.00e-04 | Best: 0.004206
  Epoch   9/300 | Train Loss: 0.003144 | Val Loss: 0.004019 | LR: 1.00e-04 | Best: 0.004080
  Epoch  10/300 | Train Loss: 0.002958 | Val Loss: 0.003924 | LR: 1.00e-04 | Best: 0.004019
  Epoch  11/300 | Train Loss: 0.002867 | Val Loss: 0.003809 | LR: 1.00e-04 | Best: 0.003924
  Epoch  12/300 | Train Loss: 0.002746 | Val Loss: 0.003773 | LR: 1.00e-04 | Best: 0.003809
  Epoch  13/300 | Train Loss: 0.002738 | Val Loss: 0.003712 | LR: 1.00e-04 | Best: 0.003773
  Epoch  14/300 | Train Loss: 0.002661 | Val Loss: 0.003619 | LR: 1.00e-04 | Best: 0.003712
  Epoch  15/300 | Train Loss: 0.002558 | Val Loss: 0.003527 | LR: 1.00e-04 | Best: 0.003619
  Epoch  16/300 | Train Loss: 0.002538 | Val Loss: 0.003410 | LR: 1.00e-04 | Best: 0.003527
  Epoch  17/300 | Train Loss: 0.002459 | Val Loss: 0.003403 | LR: 1.00e-04 | Best: 0.003410
  Epoch  18/300 | Train Loss: 0.002513 | Val Loss: 0.003302 | LR: 1.00e-04 | Best: 0.003403
  Epoch  19/300 | Train Loss: 0.002385 | Val Loss: 0.003264 | LR: 1.00e-04 | Best: 0.003302
  Epoch  20/300 | Train Loss: 0.002370 | Val Loss: 0.003253 | LR: 1.00e-04 | Best: 0.003264
  Epoch  21/300 | Train Loss: 0.002266 | Val Loss: 0.003205 | LR: 1.00e-04 | Best: 0.003253
  Epoch  22/300 | Train Loss: 0.002285 | Val Loss: 0.003170 | LR: 1.00e-04 | Best: 0.003205
  Epoch  23/300 | Train Loss: 0.002221 | Val Loss: 0.003157 | LR: 1.00e-04 | Best: 0.003170
  Epoch  24/300 | Train Loss: 0.002190 | Val Loss: 0.003134 | LR: 1.00e-04 | Best: 0.003157
  Epoch  25/300 | Train Loss: 0.002196 | Val Loss: 0.003045 | LR: 1.00e-04 | Best: 0.003134
  Epoch  26/300 | Train Loss: 0.002114 | Val Loss: 0.003021 | LR: 1.00e-04 | Best: 0.003045
  Epoch  27/300 | Train Loss: 0.002103 | Val Loss: 0.003000 | LR: 1.00e-04 | Best: 0.003021
  Epoch  28/300 | Train Loss: 0.002033 | Val Loss: 0.002976 | LR: 1.00e-04 | Best: 0.003000
  Epoch  29/300 | Train Loss: 0.002000 | Val Loss: 0.002935 | LR: 1.00e-04 | Best: 0.002976
  Epoch  30/300 | Train Loss: 0.001980 | Val Loss: 0.002917 | LR: 1.00e-04 | Best: 0.002935
  Epoch  31/300 | Train Loss: 0.001997 | Val Loss: 0.002898 | LR: 1.00e-04 | Best: 0.002917
  Epoch  32/300 | Train Loss: 0.001945 | Val Loss: 0.002868 | LR: 1.00e-04 | Best: 0.002898
  Epoch  33/300 | Train Loss: 0.001972 | Val Loss: 0.002837 | LR: 1.00e-04 | Best: 0.002868
  Epoch  34/300 | Train Loss: 0.001904 | Val Loss: 0.002803 | LR: 1.00e-04 | Best: 0.002837
  Epoch  35/300 | Train Loss: 0.001917 | Val Loss: 0.002788 | LR: 1.00e-04 | Best: 0.002803
  Epoch  36/300 | Train Loss: 0.001859 | Val Loss: 0.002785 | LR: 1.00e-04 | Best: 0.002788
  Epoch  37/300 | Train Loss: 0.001836 | Val Loss: 0.002737 | LR: 1.00e-04 | Best: 0.002785
  Epoch  38/300 | Train Loss: 0.001808 | Val Loss: 0.002714 | LR: 1.00e-04 | Best: 0.002737
  Epoch  39/300 | Train Loss: 0.001800 | Val Loss: 0.002687 | LR: 1.00e-04 | Best: 0.002714
  Epoch  40/300 | Train Loss: 0.001776 | Val Loss: 0.002643 | LR: 1.00e-04 | Best: 0.002687
  Epoch  41/300 | Train Loss: 0.001779 | Val Loss: 0.002641 | LR: 1.00e-04 | Best: 0.002643
  Epoch  42/300 | Train Loss: 0.001779 | Val Loss: 0.002588 | LR: 1.00e-04 | Best: 0.002641
  Epoch  43/300 | Train Loss: 0.001749 | Val Loss: 0.002548 | LR: 1.00e-04 | Best: 0.002588
  Epoch  44/300 | Train Loss: 0.001716 | Val Loss: 0.002541 | LR: 1.00e-04 | Best: 0.002548
  Epoch  45/300 | Train Loss: 0.001676 | Val Loss: 0.002527 | LR: 1.00e-04 | Best: 0.002541
  Epoch  46/300 | Train Loss: 0.001655 | Val Loss: 0.002510 | LR: 1.00e-04 | Best: 0.002527
  Epoch  47/300 | Train Loss: 0.001632 | Val Loss: 0.002503 | LR: 1.00e-04 | Best: 0.002510
  Epoch  48/300 | Train Loss: 0.001626 | Val Loss: 0.002465 | LR: 1.00e-04 | Best: 0.002503
  Epoch  49/300 | Train Loss: 0.001645 | Val Loss: 0.002471 | LR: 1.00e-04 | Best: 0.002465
  Epoch  50/300 | Train Loss: 0.001639 | Val Loss: 0.002426 | LR: 1.00e-04 | Best: 0.002465
  Epoch  51/300 | Train Loss: 0.001636 | Val Loss: 0.002430 | LR: 1.00e-04 | Best: 0.002426
  Epoch  52/300 | Train Loss: 0.001615 | Val Loss: 0.002376 | LR: 1.00e-04 | Best: 0.002426
  Epoch  53/300 | Train Loss: 0.001561 | Val Loss: 0.002396 | LR: 1.00e-04 | Best: 0.002376
  Epoch  54/300 | Train Loss: 0.001566 | Val Loss: 0.002365 | LR: 1.00e-04 | Best: 0.002376
  Epoch  55/300 | Train Loss: 0.001545 | Val Loss: 0.002337 | LR: 1.00e-04 | Best: 0.002365
  Epoch  56/300 | Train Loss: 0.001520 | Val Loss: 0.002347 | LR: 1.00e-04 | Best: 0.002337
  Epoch  57/300 | Train Loss: 0.001517 | Val Loss: 0.002279 | LR: 1.00e-04 | Best: 0.002337
  Epoch  58/300 | Train Loss: 0.001521 | Val Loss: 0.002287 | LR: 1.00e-04 | Best: 0.002279
  Epoch  59/300 | Train Loss: 0.001489 | Val Loss: 0.002241 | LR: 1.00e-04 | Best: 0.002279
  Epoch  60/300 | Train Loss: 0.001481 | Val Loss: 0.002262 | LR: 1.00e-04 | Best: 0.002241
  Epoch  61/300 | Train Loss: 0.001460 | Val Loss: 0.002205 | LR: 1.00e-04 | Best: 0.002241
  Epoch  62/300 | Train Loss: 0.001451 | Val Loss: 0.002200 | LR: 1.00e-04 | Best: 0.002205
  Epoch  63/300 | Train Loss: 0.001447 | Val Loss: 0.002203 | LR: 1.00e-04 | Best: 0.002200
  Epoch  64/300 | Train Loss: 0.001464 | Val Loss: 0.002136 | LR: 1.00e-04 | Best: 0.002200
  Epoch  65/300 | Train Loss: 0.001501 | Val Loss: 0.002138 | LR: 1.00e-04 | Best: 0.002136
  Epoch  66/300 | Train Loss: 0.001442 | Val Loss: 0.002082 | LR: 1.00e-04 | Best: 0.002136
  Epoch  67/300 | Train Loss: 0.001431 | Val Loss: 0.002090 | LR: 1.00e-04 | Best: 0.002082
  Epoch  68/300 | Train Loss: 0.001408 | Val Loss: 0.002015 | LR: 1.00e-04 | Best: 0.002082
  Epoch  69/300 | Train Loss: 0.001377 | Val Loss: 0.001989 | LR: 1.00e-04 | Best: 0.002015
  Epoch  70/300 | Train Loss: 0.001375 | Val Loss: 0.001983 | LR: 1.00e-04 | Best: 0.001989
  Epoch  71/300 | Train Loss: 0.001374 | Val Loss: 0.001906 | LR: 1.00e-04 | Best: 0.001983
  Epoch  72/300 | Train Loss: 0.001362 | Val Loss: 0.001916 | LR: 1.00e-04 | Best: 0.001906
  Epoch  73/300 | Train Loss: 0.001361 | Val Loss: 0.001857 | LR: 1.00e-04 | Best: 0.001906
  Epoch  74/300 | Train Loss: 0.001344 | Val Loss: 0.001853 | LR: 1.00e-04 | Best: 0.001857
  Epoch  75/300 | Train Loss: 0.001340 | Val Loss: 0.001847 | LR: 1.00e-04 | Best: 0.001853
  Epoch  76/300 | Train Loss: 0.001344 | Val Loss: 0.001812 | LR: 1.00e-04 | Best: 0.001847
  Epoch  77/300 | Train Loss: 0.001346 | Val Loss: 0.001831 | LR: 1.00e-04 | Best: 0.001812
  Epoch  78/300 | Train Loss: 0.001363 | Val Loss: 0.001796 | LR: 1.00e-04 | Best: 0.001812
  Epoch  79/300 | Train Loss: 0.001355 | Val Loss: 0.001804 | LR: 1.00e-04 | Best: 0.001796
  Epoch  80/300 | Train Loss: 0.001344 | Val Loss: 0.001771 | LR: 1.00e-04 | Best: 0.001796
  Epoch  81/300 | Train Loss: 0.001301 | Val Loss: 0.001794 | LR: 1.00e-04 | Best: 0.001771
  Epoch  82/300 | Train Loss: 0.001277 | Val Loss: 0.001786 | LR: 1.00e-04 | Best: 0.001771
  Epoch  83/300 | Train Loss: 0.001273 | Val Loss: 0.001771 | LR: 1.00e-04 | Best: 0.001771
  Epoch  84/300 | Train Loss: 0.001278 | Val Loss: 0.001798 | LR: 1.00e-04 | Best: 0.001771
  Epoch  85/300 | Train Loss: 0.001271 | Val Loss: 0.001768 | LR: 1.00e-04 | Best: 0.001771
  Epoch  86/300 | Train Loss: 0.001253 | Val Loss: 0.001782 | LR: 1.00e-04 | Best: 0.001768
  Epoch  87/300 | Train Loss: 0.001249 | Val Loss: 0.001777 | LR: 1.00e-04 | Best: 0.001768
  Epoch  88/300 | Train Loss: 0.001251 | Val Loss: 0.001764 | LR: 1.00e-04 | Best: 0.001768
  Epoch  89/300 | Train Loss: 0.001246 | Val Loss: 0.001747 | LR: 1.00e-04 | Best: 0.001764
  Epoch  90/300 | Train Loss: 0.001268 | Val Loss: 0.001762 | LR: 1.00e-04 | Best: 0.001747
  Epoch  91/300 | Train Loss: 0.001264 | Val Loss: 0.001731 | LR: 1.00e-04 | Best: 0.001747
  Epoch  92/300 | Train Loss: 0.001234 | Val Loss: 0.001767 | LR: 1.00e-04 | Best: 0.001731
  Epoch  93/300 | Train Loss: 0.001209 | Val Loss: 0.001754 | LR: 1.00e-04 | Best: 0.001731
  Epoch  94/300 | Train Loss: 0.001203 | Val Loss: 0.001736 | LR: 1.00e-04 | Best: 0.001731
  Epoch  95/300 | Train Loss: 0.001190 | Val Loss: 0.001741 | LR: 1.00e-04 | Best: 0.001731
  Epoch  96/300 | Train Loss: 0.001194 | Val Loss: 0.001727 | LR: 1.00e-04 | Best: 0.001731
  Epoch  97/300 | Train Loss: 0.001189 | Val Loss: 0.001734 | LR: 1.00e-04 | Best: 0.001727
  Epoch  98/300 | Train Loss: 0.001188 | Val Loss: 0.001709 | LR: 1.00e-04 | Best: 0.001727
  Epoch  99/300 | Train Loss: 0.001196 | Val Loss: 0.001737 | LR: 1.00e-04 | Best: 0.001709
  Epoch 100/300 | Train Loss: 0.001180 | Val Loss: 0.001711 | LR: 1.00e-04 | Best: 0.001709
  Epoch 101/300 | Train Loss: 0.001158 | Val Loss: 0.001738 | LR: 1.00e-04 | Best: 0.001709
  Epoch 102/300 | Train Loss: 0.001142 | Val Loss: 0.001728 | LR: 1.00e-04 | Best: 0.001709
  Epoch 103/300 | Train Loss: 0.001133 | Val Loss: 0.001736 | LR: 1.00e-04 | Best: 0.001709
  Epoch 104/300 | Train Loss: 0.001135 | Val Loss: 0.001708 | LR: 1.00e-04 | Best: 0.001709
  Epoch 105/300 | Train Loss: 0.001133 | Val Loss: 0.001719 | LR: 1.00e-04 | Best: 0.001708
  Epoch 106/300 | Train Loss: 0.001125 | Val Loss: 0.001708 | LR: 1.00e-04 | Best: 0.001708
  Epoch 107/300 | Train Loss: 0.001124 | Val Loss: 0.001718 | LR: 1.00e-04 | Best: 0.001708
  Epoch 108/300 | Train Loss: 0.001118 | Val Loss: 0.001704 | LR: 1.00e-04 | Best: 0.001708
  Epoch 109/300 | Train Loss: 0.001120 | Val Loss: 0.001732 | LR: 1.00e-04 | Best: 0.001704
  Epoch 110/300 | Train Loss: 0.001108 | Val Loss: 0.001707 | LR: 1.00e-04 | Best: 0.001704
  Epoch 111/300 | Train Loss: 0.001109 | Val Loss: 0.001712 | LR: 1.00e-04 | Best: 0.001704
  Epoch 112/300 | Train Loss: 0.001102 | Val Loss: 0.001721 | LR: 1.00e-04 | Best: 0.001704
  Epoch 113/300 | Train Loss: 0.001102 | Val Loss: 0.001707 | LR: 1.00e-04 | Best: 0.001704
  Epoch 114/300 | Train Loss: 0.001090 | Val Loss: 0.001703 | LR: 1.00e-04 | Best: 0.001704
  Epoch 115/300 | Train Loss: 0.001080 | Val Loss: 0.001741 | LR: 1.00e-04 | Best: 0.001703
  Epoch 116/300 | Train Loss: 0.001068 | Val Loss: 0.001700 | LR: 1.00e-04 | Best: 0.001703
  Epoch 117/300 | Train Loss: 0.001056 | Val Loss: 0.001741 | LR: 1.00e-04 | Best: 0.001700
  Epoch 118/300 | Train Loss: 0.001050 | Val Loss: 0.001713 | LR: 1.00e-04 | Best: 0.001700
  Epoch 119/300 | Train Loss: 0.001061 | Val Loss: 0.001747 | LR: 1.00e-04 | Best: 0.001700
  Epoch 120/300 | Train Loss: 0.001055 | Val Loss: 0.001728 | LR: 1.00e-04 | Best: 0.001700
  Epoch 121/300 | Train Loss: 0.001066 | Val Loss: 0.001737 | LR: 1.00e-04 | Best: 0.001700
  Epoch 122/300 | Train Loss: 0.001066 | Val Loss: 0.001724 | LR: 5.00e-05 | Best: 0.001700
  Epoch 123/300 | Train Loss: 0.001042 | Val Loss: 0.001741 | LR: 5.00e-05 | Best: 0.001700
  Epoch 124/300 | Train Loss: 0.001009 | Val Loss: 0.001736 | LR: 5.00e-05 | Best: 0.001700
  Epoch 125/300 | Train Loss: 0.001006 | Val Loss: 0.001744 | LR: 5.00e-05 | Best: 0.001700
  Epoch 126/300 | Train Loss: 0.001003 | Val Loss: 0.001747 | LR: 5.00e-05 | Best: 0.001700

[Early Stopping] No improvement for 10 epochs. Stopping at epoch 126.
[Early Stopping] Best validation loss: 0.001700 at epoch 116

[Checkpoint] Restored best model from epoch 116
============================================================

  [temporal attention] mean=0.0500 std=0.0006 entropy=2.9957 max=0.0514
  [regime p] mean=[0.298  0.3741 0.3278] std=0.0314 min=0.2914 max=0.3789
    t=0: [0.2988 0.3746 0.3266]
    t=2: [0.2987 0.3739 0.3274]
    t=4: [0.2981 0.3743 0.3276]
    t=6: [0.2973 0.3748 0.3279]
    t=8: [0.2971 0.3751 0.3278]
    t=10: [0.2975 0.3747 0.3278]
    t=12: [0.298  0.3739 0.3281]
    t=14: [0.2981 0.3736 0.3283]
    t=16: [0.2983 0.3735 0.3282]
    t=18: [0.2983 0.3735 0.3282]
  [regime entropy] mean=1.0942 std=0.0006 (log(K)=1.0986)
  [state transition] mean ||p_t−p_{t−1}||_1 = 0.0049
  [state-specific stats] (soft-weighted)
    regime 0: weight=0.298 mean_ret=+0.007468 mean_abs=0.009667 vol=0.011672
    regime 1: weight=0.374 mean_ret=+0.007442 mean_abs=0.009647 vol=0.011660
    regime 2: weight=0.328 mean_ret=+0.007470 mean_abs=0.009670 vol=0.011673
  [prototype cosine] mean pairwise = -0.2507
  [grad] ||∇prototypes||=0.0000 ||∇context_enc||=0.0001

  ── Result ──
  MAE: 0.024371  RMSE: 0.030830  Hit%: 48.4  vs Zero: +14.56%  [251s]

==========================================================================================
  ABLATION: R3-RegimeRPE2  (variant=regime_rpe_transformer2, feat_dim=21, {})
==========================================================================================
  Params: 1,153,684

============================================================
CMGM Training
============================================================
Device: cuda
Epochs: 300 (early stopping patience=10)
Learning rate: 0.0001, Weight decay: 1e-05
============================================================
  [regime_rpe_transformer2] h_spatial=[64, 64] h_temporal=[64, 64] → gate → [64, 4, 24]
  Epoch   1/300 | Train Loss: 0.005161 | Val Loss: 0.005441 | LR: 1.00e-04 | Best: inf
  Epoch   2/300 | Train Loss: 0.004290 | Val Loss: 0.004901 | LR: 1.00e-04 | Best: 0.005441
  Epoch   3/300 | Train Loss: 0.004006 | Val Loss: 0.004642 | LR: 1.00e-04 | Best: 0.004901
  Epoch   4/300 | Train Loss: 0.003729 | Val Loss: 0.004507 | LR: 1.00e-04 | Best: 0.004642
  Epoch   5/300 | Train Loss: 0.003671 | Val Loss: 0.004375 | LR: 1.00e-04 | Best: 0.004507
  Epoch   6/300 | Train Loss: 0.003541 | Val Loss: 0.004181 | LR: 1.00e-04 | Best: 0.004375
  Epoch   7/300 | Train Loss: 0.003285 | Val Loss: 0.004001 | LR: 1.00e-04 | Best: 0.004181
  Epoch   8/300 | Train Loss: 0.003122 | Val Loss: 0.003883 | LR: 1.00e-04 | Best: 0.004001
  Epoch   9/300 | Train Loss: 0.003026 | Val Loss: 0.003754 | LR: 1.00e-04 | Best: 0.003883
  Epoch  10/300 | Train Loss: 0.002842 | Val Loss: 0.003638 | LR: 1.00e-04 | Best: 0.003754
  Epoch  11/300 | Train Loss: 0.002713 | Val Loss: 0.003616 | LR: 1.00e-04 | Best: 0.003638
  Epoch  12/300 | Train Loss: 0.002623 | Val Loss: 0.003583 | LR: 1.00e-04 | Best: 0.003616
  Epoch  13/300 | Train Loss: 0.002614 | Val Loss: 0.003480 | LR: 1.00e-04 | Best: 0.003583
  Epoch  14/300 | Train Loss: 0.002389 | Val Loss: 0.003438 | LR: 1.00e-04 | Best: 0.003480
  Epoch  15/300 | Train Loss: 0.002376 | Val Loss: 0.003422 | LR: 1.00e-04 | Best: 0.003438
  Epoch  16/300 | Train Loss: 0.002296 | Val Loss: 0.003344 | LR: 1.00e-04 | Best: 0.003422
  Epoch  17/300 | Train Loss: 0.002221 | Val Loss: 0.003317 | LR: 1.00e-04 | Best: 0.003344
  Epoch  18/300 | Train Loss: 0.002212 | Val Loss: 0.003286 | LR: 1.00e-04 | Best: 0.003317
  Epoch  19/300 | Train Loss: 0.002136 | Val Loss: 0.003246 | LR: 1.00e-04 | Best: 0.003286
  Epoch  20/300 | Train Loss: 0.002211 | Val Loss: 0.003170 | LR: 1.00e-04 | Best: 0.003246
  Epoch  21/300 | Train Loss: 0.002084 | Val Loss: 0.003169 | LR: 1.00e-04 | Best: 0.003170
  Epoch  22/300 | Train Loss: 0.002072 | Val Loss: 0.003160 | LR: 1.00e-04 | Best: 0.003169
  Epoch  23/300 | Train Loss: 0.002020 | Val Loss: 0.003125 | LR: 1.00e-04 | Best: 0.003160
  Epoch  24/300 | Train Loss: 0.002045 | Val Loss: 0.003047 | LR: 1.00e-04 | Best: 0.003125
  Epoch  25/300 | Train Loss: 0.001998 | Val Loss: 0.003033 | LR: 1.00e-04 | Best: 0.003047
  Epoch  26/300 | Train Loss: 0.001997 | Val Loss: 0.002987 | LR: 1.00e-04 | Best: 0.003033
  Epoch  27/300 | Train Loss: 0.001925 | Val Loss: 0.002979 | LR: 1.00e-04 | Best: 0.002987
  Epoch  28/300 | Train Loss: 0.001896 | Val Loss: 0.002951 | LR: 1.00e-04 | Best: 0.002979
  Epoch  29/300 | Train Loss: 0.001878 | Val Loss: 0.002875 | LR: 1.00e-04 | Best: 0.002951
  Epoch  30/300 | Train Loss: 0.001929 | Val Loss: 0.002860 | LR: 1.00e-04 | Best: 0.002875
  Epoch  31/300 | Train Loss: 0.001899 | Val Loss: 0.002881 | LR: 1.00e-04 | Best: 0.002860
  Epoch  32/300 | Train Loss: 0.001884 | Val Loss: 0.002841 | LR: 1.00e-04 | Best: 0.002860
  Epoch  33/300 | Train Loss: 0.001839 | Val Loss: 0.002804 | LR: 1.00e-04 | Best: 0.002841
  Epoch  34/300 | Train Loss: 0.001793 | Val Loss: 0.002778 | LR: 1.00e-04 | Best: 0.002804
  Epoch  35/300 | Train Loss: 0.001762 | Val Loss: 0.002763 | LR: 1.00e-04 | Best: 0.002778
  Epoch  36/300 | Train Loss: 0.001740 | Val Loss: 0.002741 | LR: 1.00e-04 | Best: 0.002763
  Epoch  37/300 | Train Loss: 0.001717 | Val Loss: 0.002710 | LR: 1.00e-04 | Best: 0.002741
  Epoch  38/300 | Train Loss: 0.001707 | Val Loss: 0.002677 | LR: 1.00e-04 | Best: 0.002710
  Epoch  39/300 | Train Loss: 0.001702 | Val Loss: 0.002649 | LR: 1.00e-04 | Best: 0.002677
  Epoch  40/300 | Train Loss: 0.001679 | Val Loss: 0.002619 | LR: 1.00e-04 | Best: 0.002649
  Epoch  41/300 | Train Loss: 0.001676 | Val Loss: 0.002591 | LR: 1.00e-04 | Best: 0.002619
  Epoch  42/300 | Train Loss: 0.001664 | Val Loss: 0.002567 | LR: 1.00e-04 | Best: 0.002591
  Epoch  43/300 | Train Loss: 0.001659 | Val Loss: 0.002537 | LR: 1.00e-04 | Best: 0.002567
  Epoch  44/300 | Train Loss: 0.001652 | Val Loss: 0.002508 | LR: 1.00e-04 | Best: 0.002537
  Epoch  45/300 | Train Loss: 0.001652 | Val Loss: 0.002490 | LR: 1.00e-04 | Best: 0.002508
  Epoch  46/300 | Train Loss: 0.001611 | Val Loss: 0.002473 | LR: 1.00e-04 | Best: 0.002490
  Epoch  47/300 | Train Loss: 0.001624 | Val Loss: 0.002442 | LR: 1.00e-04 | Best: 0.002473
  Epoch  48/300 | Train Loss: 0.001615 | Val Loss: 0.002439 | LR: 1.00e-04 | Best: 0.002442
  Epoch  49/300 | Train Loss: 0.001587 | Val Loss: 0.002414 | LR: 1.00e-04 | Best: 0.002439
  Epoch  50/300 | Train Loss: 0.001579 | Val Loss: 0.002393 | LR: 1.00e-04 | Best: 0.002414
  Epoch  51/300 | Train Loss: 0.001557 | Val Loss: 0.002369 | LR: 1.00e-04 | Best: 0.002393
  Epoch  52/300 | Train Loss: 0.001566 | Val Loss: 0.002363 | LR: 1.00e-04 | Best: 0.002369
  Epoch  53/300 | Train Loss: 0.001550 | Val Loss: 0.002317 | LR: 1.00e-04 | Best: 0.002363
  Epoch  54/300 | Train Loss: 0.001560 | Val Loss: 0.002316 | LR: 1.00e-04 | Best: 0.002317
  Epoch  55/300 | Train Loss: 0.001522 | Val Loss: 0.002293 | LR: 1.00e-04 | Best: 0.002316
  Epoch  56/300 | Train Loss: 0.001516 | Val Loss: 0.002266 | LR: 1.00e-04 | Best: 0.002293
  Epoch  57/300 | Train Loss: 0.001517 | Val Loss: 0.002258 | LR: 1.00e-04 | Best: 0.002266
  Epoch  58/300 | Train Loss: 0.001507 | Val Loss: 0.002212 | LR: 1.00e-04 | Best: 0.002258
  Epoch  59/300 | Train Loss: 0.001536 | Val Loss: 0.002233 | LR: 1.00e-04 | Best: 0.002212
  Epoch  60/300 | Train Loss: 0.001540 | Val Loss: 0.002182 | LR: 1.00e-04 | Best: 0.002212
  Epoch  61/300 | Train Loss: 0.001519 | Val Loss: 0.002158 | LR: 1.00e-04 | Best: 0.002182
  Epoch  62/300 | Train Loss: 0.001489 | Val Loss: 0.002159 | LR: 1.00e-04 | Best: 0.002158
  Epoch  63/300 | Train Loss: 0.001476 | Val Loss: 0.002100 | LR: 1.00e-04 | Best: 0.002158
  Epoch  64/300 | Train Loss: 0.001468 | Val Loss: 0.002124 | LR: 1.00e-04 | Best: 0.002100
  Epoch  65/300 | Train Loss: 0.001469 | Val Loss: 0.002074 | LR: 1.00e-04 | Best: 0.002100
  Epoch  66/300 | Train Loss: 0.001439 | Val Loss: 0.002053 | LR: 1.00e-04 | Best: 0.002074
  Epoch  67/300 | Train Loss: 0.001440 | Val Loss: 0.002048 | LR: 1.00e-04 | Best: 0.002053
  Epoch  68/300 | Train Loss: 0.001440 | Val Loss: 0.001979 | LR: 1.00e-04 | Best: 0.002048
  Epoch  69/300 | Train Loss: 0.001429 | Val Loss: 0.001986 | LR: 1.00e-04 | Best: 0.001979
  Epoch  70/300 | Train Loss: 0.001409 | Val Loss: 0.001917 | LR: 1.00e-04 | Best: 0.001979
  Epoch  71/300 | Train Loss: 0.001404 | Val Loss: 0.001921 | LR: 1.00e-04 | Best: 0.001917
  Epoch  72/300 | Train Loss: 0.001397 | Val Loss: 0.001872 | LR: 1.00e-04 | Best: 0.001917
  Epoch  73/300 | Train Loss: 0.001394 | Val Loss: 0.001848 | LR: 1.00e-04 | Best: 0.001872
  Epoch  74/300 | Train Loss: 0.001390 | Val Loss: 0.001849 | LR: 1.00e-04 | Best: 0.001848
  Epoch  75/300 | Train Loss: 0.001383 | Val Loss: 0.001808 | LR: 1.00e-04 | Best: 0.001848
  Epoch  76/300 | Train Loss: 0.001379 | Val Loss: 0.001835 | LR: 1.00e-04 | Best: 0.001808
  Epoch  77/300 | Train Loss: 0.001361 | Val Loss: 0.001794 | LR: 1.00e-04 | Best: 0.001808
  Epoch  78/300 | Train Loss: 0.001351 | Val Loss: 0.001799 | LR: 1.00e-04 | Best: 0.001794
  Epoch  79/300 | Train Loss: 0.001341 | Val Loss: 0.001795 | LR: 1.00e-04 | Best: 0.001794
  Epoch  80/300 | Train Loss: 0.001328 | Val Loss: 0.001781 | LR: 1.00e-04 | Best: 0.001794
  Epoch  81/300 | Train Loss: 0.001327 | Val Loss: 0.001776 | LR: 1.00e-04 | Best: 0.001781
  Epoch  82/300 | Train Loss: 0.001326 | Val Loss: 0.001769 | LR: 1.00e-04 | Best: 0.001776
  Epoch  83/300 | Train Loss: 0.001342 | Val Loss: 0.001776 | LR: 1.00e-04 | Best: 0.001769
  Epoch  84/300 | Train Loss: 0.001341 | Val Loss: 0.001759 | LR: 1.00e-04 | Best: 0.001769
  Epoch  85/300 | Train Loss: 0.001323 | Val Loss: 0.001773 | LR: 1.00e-04 | Best: 0.001759
  Epoch  86/300 | Train Loss: 0.001298 | Val Loss: 0.001749 | LR: 1.00e-04 | Best: 0.001759
  Epoch  87/300 | Train Loss: 0.001293 | Val Loss: 0.001767 | LR: 1.00e-04 | Best: 0.001749
  Epoch  88/300 | Train Loss: 0.001294 | Val Loss: 0.001737 | LR: 1.00e-04 | Best: 0.001749
  Epoch  89/300 | Train Loss: 0.001295 | Val Loss: 0.001763 | LR: 1.00e-04 | Best: 0.001737
  Epoch  90/300 | Train Loss: 0.001300 | Val Loss: 0.001750 | LR: 1.00e-04 | Best: 0.001737
  Epoch  91/300 | Train Loss: 0.001279 | Val Loss: 0.001733 | LR: 1.00e-04 | Best: 0.001737
  Epoch  92/300 | Train Loss: 0.001262 | Val Loss: 0.001749 | LR: 1.00e-04 | Best: 0.001733
  Epoch  93/300 | Train Loss: 0.001249 | Val Loss: 0.001743 | LR: 1.00e-04 | Best: 0.001733
  Epoch  94/300 | Train Loss: 0.001257 | Val Loss: 0.001735 | LR: 1.00e-04 | Best: 0.001733
  Epoch  95/300 | Train Loss: 0.001264 | Val Loss: 0.001732 | LR: 1.00e-04 | Best: 0.001733
  Epoch  96/300 | Train Loss: 0.001257 | Val Loss: 0.001744 | LR: 1.00e-04 | Best: 0.001732
  Epoch  97/300 | Train Loss: 0.001246 | Val Loss: 0.001730 | LR: 1.00e-04 | Best: 0.001732
  Epoch  98/300 | Train Loss: 0.001227 | Val Loss: 0.001715 | LR: 1.00e-04 | Best: 0.001730
  Epoch  99/300 | Train Loss: 0.001221 | Val Loss: 0.001725 | LR: 1.00e-04 | Best: 0.001715
  Epoch 100/300 | Train Loss: 0.001218 | Val Loss: 0.001715 | LR: 1.00e-04 | Best: 0.001715
  Epoch 101/300 | Train Loss: 0.001213 | Val Loss: 0.001722 | LR: 1.00e-04 | Best: 0.001715
  Epoch 102/300 | Train Loss: 0.001212 | Val Loss: 0.001716 | LR: 1.00e-04 | Best: 0.001715
  Epoch 103/300 | Train Loss: 0.001210 | Val Loss: 0.001712 | LR: 1.00e-04 | Best: 0.001715
  Epoch 104/300 | Train Loss: 0.001207 | Val Loss: 0.001723 | LR: 1.00e-04 | Best: 0.001712
  Epoch 105/300 | Train Loss: 0.001202 | Val Loss: 0.001690 | LR: 1.00e-04 | Best: 0.001712
  Epoch 106/300 | Train Loss: 0.001179 | Val Loss: 0.001712 | LR: 1.00e-04 | Best: 0.001690
  Epoch 107/300 | Train Loss: 0.001190 | Val Loss: 0.001688 | LR: 1.00e-04 | Best: 0.001690
  Epoch 108/300 | Train Loss: 0.001173 | Val Loss: 0.001701 | LR: 1.00e-04 | Best: 0.001688
  Epoch 109/300 | Train Loss: 0.001177 | Val Loss: 0.001696 | LR: 1.00e-04 | Best: 0.001688
  Epoch 110/300 | Train Loss: 0.001174 | Val Loss: 0.001673 | LR: 1.00e-04 | Best: 0.001688
  Epoch 111/300 | Train Loss: 0.001183 | Val Loss: 0.001714 | LR: 1.00e-04 | Best: 0.001673
  Epoch 112/300 | Train Loss: 0.001192 | Val Loss: 0.001670 | LR: 1.00e-04 | Best: 0.001673
  Epoch 113/300 | Train Loss: 0.001177 | Val Loss: 0.001696 | LR: 1.00e-04 | Best: 0.001670
  Epoch 114/300 | Train Loss: 0.001167 | Val Loss: 0.001666 | LR: 1.00e-04 | Best: 0.001670
  Epoch 115/300 | Train Loss: 0.001164 | Val Loss: 0.001700 | LR: 1.00e-04 | Best: 0.001666
  Epoch 116/300 | Train Loss: 0.001143 | Val Loss: 0.001687 | LR: 1.00e-04 | Best: 0.001666
  Epoch 117/300 | Train Loss: 0.001124 | Val Loss: 0.001681 | LR: 1.00e-04 | Best: 0.001666
  Epoch 118/300 | Train Loss: 0.001112 | Val Loss: 0.001686 | LR: 1.00e-04 | Best: 0.001666
  Epoch 119/300 | Train Loss: 0.001118 | Val Loss: 0.001680 | LR: 1.00e-04 | Best: 0.001666
  Epoch 120/300 | Train Loss: 0.001119 | Val Loss: 0.001700 | LR: 5.00e-05 | Best: 0.001666
  Epoch 121/300 | Train Loss: 0.001133 | Val Loss: 0.001674 | LR: 5.00e-05 | Best: 0.001666
  Epoch 122/300 | Train Loss: 0.001083 | Val Loss: 0.001670 | LR: 5.00e-05 | Best: 0.001666
  Epoch 123/300 | Train Loss: 0.001074 | Val Loss: 0.001677 | LR: 5.00e-05 | Best: 0.001666
  Epoch 124/300 | Train Loss: 0.001066 | Val Loss: 0.001677 | LR: 5.00e-05 | Best: 0.001666

[Early Stopping] No improvement for 10 epochs. Stopping at epoch 124.
[Early Stopping] Best validation loss: 0.001666 at epoch 114

[Checkpoint] Restored best model from epoch 114
============================================================

  [temporal attention] mean=0.0500 std=0.0005 entropy=2.9957 max=0.0513
  [regime p] mean=[0.3333 0.3333 0.3333] std=0.0000 min=0.3333 max=0.3333
    t=0: [0.3333 0.3333 0.3333]
    t=2: [0.3333 0.3333 0.3333]
    t=4: [0.3333 0.3333 0.3333]
    t=6: [0.3333 0.3333 0.3333]
    t=8: [0.3333 0.3333 0.3333]
    t=10: [0.3333 0.3333 0.3333]
    t=12: [0.3333 0.3333 0.3333]
    t=14: [0.3333 0.3333 0.3333]
    t=16: [0.3333 0.3333 0.3333]
    t=18: [0.3333 0.3333 0.3333]
  [regime entropy] mean=1.0986 std=0.0000 (log(K)=1.0986)
  [state transition] mean ||p_t−p_{t−1}||_1 = 0.0000
  [state-specific stats] (soft-weighted)
    regime 0: weight=0.333 mean_ret=+0.007459 mean_abs=0.009661 vol=0.011668
    regime 1: weight=0.333 mean_ret=+0.007459 mean_abs=0.009661 vol=0.011668
    regime 2: weight=0.333 mean_ret=+0.007459 mean_abs=0.009661 vol=0.011668
  [prototype cosine] mean pairwise = -0.2036
  [grad] ||∇prototypes||=0.0000 ||∇context_enc||=0.0000

  ── Result ──
  MAE: 0.022896  RMSE: 0.029321  Hit%: 47.6  vs Zero: +7.63%  [250s]

====================================================================================================
ABLATION STUDY — 5-day Return Space
====================================================================================================
Variant                Params    Time        MAE       RMSE    Hit%    vs Zero
----------------------------------------------------------------------------------------------------
D-TransformerRegime  1,162,081    245s   0.022647   0.029084   47.9     +6.46%
R2-Regime2          1,153,572    251s   0.024371   0.030830   48.4    +14.56%
R3-RegimeRPE2       1,153,684    250s   0.022896   0.029321   47.6     +7.63%
====================================================================================================

📋 Experiment 20260828_134155 logged to /home/yangxiaotong/projects/myresearch/Commedities/experiments/EXPERIMENTS.jsonl
