nohup: 忽略输入
Device=cuda target=return horizon=5 variants=['D0-SwitchingLatentTransformer']
============================================================
CMGM Data Loading Pipeline
============================================================

[Step 1] Loading raw price data...

[Step 2] Aligning markets to common date range...
[DataLoader] Stock date range: 2015-01-05 00:00:00 to 2025-06-30 00:00:00 (2548 days)
[DataLoader] Bond date range: 2017-01-17 00:00:00 to 2025-12-31 00:00:00 (2176 days)
[DataLoader] Commodity date range: 2015-01-05 00:00:00 to 2025-12-31 00:00:00 (2679 days)
[DataLoader] Common date range: 2017-01-17 00:00:00 to 2025-06-30 00:00:00 (2050 days)
[DataLoader] Combined price matrix shape: (2050, 284)
[DataLoader] Market split: stocks=248, bonds=12, commodities=24

[Step 3] Temporal train/val/test split...
[DataLoader] Temporal split: train=1435, val=307, test=308

[Step 4] Per-asset z-score normalization...
[DataLoader] Per-asset z-score normalization fitted on training data only
[DataLoader] mean range: [0.9803, 173055.7656]
[DataLoader] std  range: [0.000000, 55160.3203]
[DataLoader] Z-scored train range: [-11.3746, 91.5527]

[Step 6] Computing returns for graph construction...
     Training returns shape: (1434, 284)

[Step 7] Creating sliding window datasets...

[Done] Dataset sizes: train=1396, val=268, test=269
[Done] Total nodes: 284
[Done] Commodity nodes (output dim): 24
[Features] Computed 21 features: price, ret_1d, ret_5d, ret_10d, ret_20d, vol_5d, vol_10d, vol_20d, zscore_5d, zscore_10d, zscore_20d, price_ma5, price_ma10, price_ma20, price_ma60, rsi_14, bb_position, skewness_20d, kurtosis_20d, roc_10d, percentile_20d
[Features] Shape: (T=2050, N=284, F=21)  range: [-4.4721, 391400.0000]
Descriptor timeline: [abs_return, volatility_5, slope], train mean=[ 5.799e-03  6.818e-03 -7.000e-06], train std=[0.005384 0.003965 0.01143 ]

D0-SwitchingLatentTransformer (switching_latent_transformer) — 511,973 parameters
  S0D total params=408,574; D0 total params=511,973; D0-S0D increase=+103,399
  D0 temporal params: Market Encoder=27,363; LongMemory Transformer=264,960; Base RPE=156; regime evidence=387; transition=9; G0/G1/G2=[32960, 32960, 32960]; state_readout=12,352

============================================================
CMGM Training
============================================================
Device: cuda
Epochs: 300 (early stopping patience=10)
Learning rate: 0.0001, Weight decay: 1e-05
============================================================
  [switching_latent_transformer] h_spatial=[64, 64] h_temporal=[64, 64] → gate → [64, 4, 24]
  Epoch   1/300 | Train Loss: 0.004718 | Val Loss: 0.004870 | LR: 1.00e-04 | Best: inf
  Epoch   2/300 | Train Loss: 0.004084 | Val Loss: 0.004457 | LR: 1.00e-04 | Best: 0.004870
  Epoch   3/300 | Train Loss: 0.003824 | Val Loss: 0.004133 | LR: 1.00e-04 | Best: 0.004457
  Epoch   4/300 | Train Loss: 0.003581 | Val Loss: 0.003923 | LR: 1.00e-04 | Best: 0.004133
  Epoch   5/300 | Train Loss: 0.003402 | Val Loss: 0.003711 | LR: 1.00e-04 | Best: 0.003923
  Epoch   6/300 | Train Loss: 0.003239 | Val Loss: 0.003541 | LR: 1.00e-04 | Best: 0.003711
  Epoch   7/300 | Train Loss: 0.003071 | Val Loss: 0.003410 | LR: 1.00e-04 | Best: 0.003541
  Epoch   8/300 | Train Loss: 0.002921 | Val Loss: 0.003323 | LR: 1.00e-04 | Best: 0.003410
  Epoch   9/300 | Train Loss: 0.002789 | Val Loss: 0.003241 | LR: 1.00e-04 | Best: 0.003323
  Epoch  10/300 | Train Loss: 0.002731 | Val Loss: 0.003176 | LR: 1.00e-04 | Best: 0.003241
  Gate   | mean=0.478 std=0.062 [0.321, 0.628] → 偏向GCN
  Epoch  11/300 | Train Loss: 0.002654 | Val Loss: 0.003062 | LR: 1.00e-04 | Best: 0.003176
  Epoch  12/300 | Train Loss: 0.002573 | Val Loss: 0.002929 | LR: 1.00e-04 | Best: 0.003062
  Epoch  13/300 | Train Loss: 0.002504 | Val Loss: 0.002827 | LR: 1.00e-04 | Best: 0.002929
  Epoch  14/300 | Train Loss: 0.002420 | Val Loss: 0.002754 | LR: 1.00e-04 | Best: 0.002827
  Epoch  15/300 | Train Loss: 0.002371 | Val Loss: 0.002709 | LR: 1.00e-04 | Best: 0.002754
  Epoch  16/300 | Train Loss: 0.002325 | Val Loss: 0.002670 | LR: 1.00e-04 | Best: 0.002709
  Epoch  17/300 | Train Loss: 0.002274 | Val Loss: 0.002626 | LR: 1.00e-04 | Best: 0.002670
  Epoch  18/300 | Train Loss: 0.002233 | Val Loss: 0.002567 | LR: 1.00e-04 | Best: 0.002626
  Epoch  19/300 | Train Loss: 0.002199 | Val Loss: 0.002532 | LR: 1.00e-04 | Best: 0.002567
  Epoch  20/300 | Train Loss: 0.002187 | Val Loss: 0.002506 | LR: 1.00e-04 | Best: 0.002532
  Gate   | mean=0.477 std=0.052 [0.334, 0.598] → 偏向GCN
  Epoch  21/300 | Train Loss: 0.002156 | Val Loss: 0.002467 | LR: 1.00e-04 | Best: 0.002506
  Epoch  22/300 | Train Loss: 0.002135 | Val Loss: 0.002439 | LR: 1.00e-04 | Best: 0.002467
  Epoch  23/300 | Train Loss: 0.002114 | Val Loss: 0.002402 | LR: 1.00e-04 | Best: 0.002439
  Epoch  24/300 | Train Loss: 0.002084 | Val Loss: 0.002362 | LR: 1.00e-04 | Best: 0.002402
  Epoch  25/300 | Train Loss: 0.002096 | Val Loss: 0.002311 | LR: 1.00e-04 | Best: 0.002362
  Epoch  26/300 | Train Loss: 0.002082 | Val Loss: 0.002309 | LR: 1.00e-04 | Best: 0.002311
  Epoch  27/300 | Train Loss: 0.002041 | Val Loss: 0.002309 | LR: 1.00e-04 | Best: 0.002309
  Epoch  28/300 | Train Loss: 0.002027 | Val Loss: 0.002273 | LR: 1.00e-04 | Best: 0.002309
  Epoch  29/300 | Train Loss: 0.002010 | Val Loss: 0.002236 | LR: 1.00e-04 | Best: 0.002273
  Epoch  30/300 | Train Loss: 0.002011 | Val Loss: 0.002197 | LR: 1.00e-04 | Best: 0.002236
  Gate   | mean=0.478 std=0.043 [0.354, 0.586] → 偏向GCN
  Epoch  31/300 | Train Loss: 0.002022 | Val Loss: 0.002192 | LR: 1.00e-04 | Best: 0.002197
  Epoch  32/300 | Train Loss: 0.002018 | Val Loss: 0.002170 | LR: 1.00e-04 | Best: 0.002192
  Epoch  33/300 | Train Loss: 0.002004 | Val Loss: 0.002118 | LR: 1.00e-04 | Best: 0.002170
  Epoch  34/300 | Train Loss: 0.001950 | Val Loss: 0.002100 | LR: 1.00e-04 | Best: 0.002118
  Epoch  35/300 | Train Loss: 0.001931 | Val Loss: 0.002098 | LR: 1.00e-04 | Best: 0.002100
  Epoch  36/300 | Train Loss: 0.001923 | Val Loss: 0.002078 | LR: 1.00e-04 | Best: 0.002098
  Epoch  37/300 | Train Loss: 0.001906 | Val Loss: 0.002056 | LR: 1.00e-04 | Best: 0.002078
  Epoch  38/300 | Train Loss: 0.001902 | Val Loss: 0.002030 | LR: 1.00e-04 | Best: 0.002056
  Epoch  39/300 | Train Loss: 0.001897 | Val Loss: 0.002017 | LR: 1.00e-04 | Best: 0.002030
  Epoch  40/300 | Train Loss: 0.001879 | Val Loss: 0.002003 | LR: 1.00e-04 | Best: 0.002017
  Gate   | mean=0.478 std=0.039 [0.364, 0.586] → 偏向GCN
  Epoch  41/300 | Train Loss: 0.001867 | Val Loss: 0.001982 | LR: 1.00e-04 | Best: 0.002003
  Epoch  42/300 | Train Loss: 0.001859 | Val Loss: 0.001976 | LR: 1.00e-04 | Best: 0.001982
  Epoch  43/300 | Train Loss: 0.001851 | Val Loss: 0.001959 | LR: 1.00e-04 | Best: 0.001976
  Epoch  44/300 | Train Loss: 0.001845 | Val Loss: 0.001944 | LR: 1.00e-04 | Best: 0.001959
  Epoch  45/300 | Train Loss: 0.001841 | Val Loss: 0.001937 | LR: 1.00e-04 | Best: 0.001944
  Epoch  46/300 | Train Loss: 0.001834 | Val Loss: 0.001921 | LR: 1.00e-04 | Best: 0.001937
  Epoch  47/300 | Train Loss: 0.001824 | Val Loss: 0.001909 | LR: 1.00e-04 | Best: 0.001921
  Epoch  48/300 | Train Loss: 0.001829 | Val Loss: 0.001899 | LR: 1.00e-04 | Best: 0.001909
  Epoch  49/300 | Train Loss: 0.001811 | Val Loss: 0.001894 | LR: 1.00e-04 | Best: 0.001899
  Epoch  50/300 | Train Loss: 0.001817 | Val Loss: 0.001885 | LR: 1.00e-04 | Best: 0.001894
  Gate   | mean=0.479 std=0.037 [0.376, 0.583] → 偏向GCN
  Epoch  51/300 | Train Loss: 0.001804 | Val Loss: 0.001880 | LR: 1.00e-04 | Best: 0.001885
  Epoch  52/300 | Train Loss: 0.001805 | Val Loss: 0.001877 | LR: 1.00e-04 | Best: 0.001880
  Epoch  53/300 | Train Loss: 0.001799 | Val Loss: 0.001869 | LR: 1.00e-04 | Best: 0.001877
  Epoch  54/300 | Train Loss: 0.001801 | Val Loss: 0.001862 | LR: 1.00e-04 | Best: 0.001869
  Epoch  55/300 | Train Loss: 0.001796 | Val Loss: 0.001864 | LR: 1.00e-04 | Best: 0.001862
  Epoch  56/300 | Train Loss: 0.001793 | Val Loss: 0.001858 | LR: 1.00e-04 | Best: 0.001862
  Epoch  57/300 | Train Loss: 0.001788 | Val Loss: 0.001854 | LR: 1.00e-04 | Best: 0.001858
  Epoch  58/300 | Train Loss: 0.001781 | Val Loss: 0.001853 | LR: 1.00e-04 | Best: 0.001854
  Epoch  59/300 | Train Loss: 0.001782 | Val Loss: 0.001836 | LR: 1.00e-04 | Best: 0.001853
  Epoch  60/300 | Train Loss: 0.001781 | Val Loss: 0.001824 | LR: 1.00e-04 | Best: 0.001836
  Gate   | mean=0.481 std=0.035 [0.388, 0.579] → 偏向GCN
  Epoch  61/300 | Train Loss: 0.001774 | Val Loss: 0.001816 | LR: 1.00e-04 | Best: 0.001824
  Epoch  62/300 | Train Loss: 0.001774 | Val Loss: 0.001800 | LR: 1.00e-04 | Best: 0.001816
  Epoch  63/300 | Train Loss: 0.001771 | Val Loss: 0.001787 | LR: 1.00e-04 | Best: 0.001800
  Epoch  64/300 | Train Loss: 0.001774 | Val Loss: 0.001771 | LR: 1.00e-04 | Best: 0.001787
  Epoch  65/300 | Train Loss: 0.001773 | Val Loss: 0.001748 | LR: 1.00e-04 | Best: 0.001771
  Epoch  66/300 | Train Loss: 0.001788 | Val Loss: 0.001731 | LR: 1.00e-04 | Best: 0.001748
  Epoch  67/300 | Train Loss: 0.001793 | Val Loss: 0.001716 | LR: 1.00e-04 | Best: 0.001731
  Epoch  68/300 | Train Loss: 0.001779 | Val Loss: 0.001699 | LR: 1.00e-04 | Best: 0.001716
  Epoch  69/300 | Train Loss: 0.001765 | Val Loss: 0.001702 | LR: 1.00e-04 | Best: 0.001699
  Epoch  70/300 | Train Loss: 0.001763 | Val Loss: 0.001698 | LR: 1.00e-04 | Best: 0.001699
  Gate   | mean=0.484 std=0.032 [0.400, 0.568] → 偏向GCN
  Epoch  71/300 | Train Loss: 0.001762 | Val Loss: 0.001691 | LR: 1.00e-04 | Best: 0.001698
  Epoch  72/300 | Train Loss: 0.001754 | Val Loss: 0.001687 | LR: 1.00e-04 | Best: 0.001691
  Epoch  73/300 | Train Loss: 0.001746 | Val Loss: 0.001666 | LR: 1.00e-04 | Best: 0.001687
  Epoch  74/300 | Train Loss: 0.001741 | Val Loss: 0.001654 | LR: 1.00e-04 | Best: 0.001666
  Epoch  75/300 | Train Loss: 0.001738 | Val Loss: 0.001644 | LR: 1.00e-04 | Best: 0.001654
  Epoch  76/300 | Train Loss: 0.001737 | Val Loss: 0.001638 | LR: 1.00e-04 | Best: 0.001644
  Epoch  77/300 | Train Loss: 0.001729 | Val Loss: 0.001638 | LR: 1.00e-04 | Best: 0.001638
  Epoch  78/300 | Train Loss: 0.001730 | Val Loss: 0.001642 | LR: 1.00e-04 | Best: 0.001638
  Epoch  79/300 | Train Loss: 0.001727 | Val Loss: 0.001641 | LR: 1.00e-04 | Best: 0.001638
  Epoch  80/300 | Train Loss: 0.001723 | Val Loss: 0.001641 | LR: 1.00e-04 | Best: 0.001638
  Gate   | mean=0.487 std=0.030 [0.410, 0.567] → 偏向GCN
  Epoch  81/300 | Train Loss: 0.001724 | Val Loss: 0.001645 | LR: 1.00e-04 | Best: 0.001638
  Epoch  82/300 | Train Loss: 0.001715 | Val Loss: 0.001645 | LR: 5.00e-05 | Best: 0.001638
  Epoch  83/300 | Train Loss: 0.001720 | Val Loss: 0.001652 | LR: 5.00e-05 | Best: 0.001638
  Epoch  84/300 | Train Loss: 0.001714 | Val Loss: 0.001658 | LR: 5.00e-05 | Best: 0.001638
  Epoch  85/300 | Train Loss: 0.001714 | Val Loss: 0.001658 | LR: 5.00e-05 | Best: 0.001638
  Epoch  86/300 | Train Loss: 0.001708 | Val Loss: 0.001656 | LR: 5.00e-05 | Best: 0.001638

[Early Stopping] No improvement for 10 epochs. Stopping at epoch 86.
[Early Stopping] Best validation loss: 0.001638 at epoch 76

[Checkpoint] Restored best model from epoch 76
============================================================

  Temporal weights: mean=0.0500 std=0.0133 min=0.0000 max=1.0000
  [D0 TRAIN] mean p=[0.3361 0.3287 0.3352] entropy=1.097928 mean max p=0.345781 margin=0.012202
  [D0 TRAIN] argmax occupancy
    state 0 = 38.89%
    state 1 = 20.64%
    state 2 = 40.48%
  [D0 TRAIN prior] entropy=1.098451 mean max p=0.339231
  [D0 VAL] mean p=[0.3428 0.3037 0.3535] entropy=1.095238 mean max p=0.360552 margin=0.023010
  [D0 VAL] argmax occupancy
    state 0 = 30.91%
    state 1 = 1.72%
    state 2 = 67.37%
  [D0 VAL prior] entropy=1.097821 mean max p=0.346218
  [D0 TEST] mean p=[0.347  0.2957 0.3573] entropy=1.094055 mean max p=0.365600 margin=0.026660
  [D0 TEST] argmax occupancy
    state 0 = 38.35%
    state 1 = 0.02%
    state 2 = 61.64%
  [D0 TEST prior] entropy=1.097544 mean max p=0.348603
  [D0 probability legality] min p=2.460129e-01 max probability-sum error=1.192e-07
  [D0 prior/posterior] prior entropy=1.097544 posterior entropy=1.094055 mean KL=0.001379 mean L1=0.043591
  [D0 regime dynamics] mean ||p_t-p_(t-1)||_1=0.017741
  [D0 p t=0] [0.3411 0.3131 0.3458]
  [D0 p t=2] [0.3464 0.2987 0.3549]
  [D0 p t=4] [0.3475 0.2953 0.3572]
  [D0 p t=6] [0.3477 0.2945 0.3578]
  [D0 p t=8] [0.3478 0.2941 0.3582]
  [D0 p t=10] [0.3478 0.2937 0.3585]
  [D0 p t=12] [0.3476 0.2935 0.3589]
  [D0 p t=14] [0.3475 0.2935 0.3591]
  [D0 p t=16] [0.3474 0.2934 0.3592]
  [D0 p t=18] [0.3473 0.2934 0.3593]
  [D0 transition matrix]
[[0.666678 0.166649 0.166673]
 [0.166706 0.666685 0.166609]
 [0.166706 0.166676 0.666618]]
  [D0 transition] row sums=[1. 1. 1.] diagonal=[0.666678 0.666685 0.666618] mean persistence=0.666661 row entropy=[0.867547 0.867537 0.86763 ]
  [D0 transition] absolute transition_logits drift=6.020e-04
  [D0 Base RPE] norm=0.001761 mean |QK/sqrt(d)|=8.651100e-05 mean |base bias|=1.608686e-04 base/QK=1.859301e+00
  [D0 Base RPE delta=+0] heads=[-0.000362 -0.000257 -0.000524 -0.000531] mean=-0.000419 std=0.000115
  [D0 Base RPE delta=+1] heads=[-0.000248 -0.000108 -0.000289 -0.000431] mean=-0.000269 std=0.000115
  [D0 Base RPE delta=+2] heads=[-0.000227 -0.000101 -0.000224 -0.000443] mean=-0.000249 std=0.000123
  [D0 Base RPE delta=+5] heads=[-3.9e-05  8.8e-05 -6.8e-05 -8.3e-05] mean=-0.000025 std=0.000067
  [D0 Base RPE delta=+10] heads=[-8.20e-05  8.90e-05  7.00e-06  1.27e-04] mean=0.000035 std=0.000081
  [D0 Base RPE delta=+19] heads=[ 3.26e-04 -1.08e-04  9.20e-05  1.69e-04] mean=0.000120 std=0.000156
  [D0 candidate state 0] norm mean=0.163341 std=0.000682 max=0.165060
  [D0 candidate state 1] norm mean=0.267639 std=0.003898 max=0.276723
  [D0 candidate state 2] norm mean=0.218528 std=0.001895 max=0.223114
  [D0 candidate pair 0/1] mean L1=0.032318 cosine=-0.151526
  [D0 candidate pair 0/2] mean L1=0.028233 cosine=-0.230098
  [D0 candidate pair 1/2] mean L1=0.033629 cosine=0.072469
  [D0 Z trajectory] mean norm=0.114537 max norm=0.119861 mean ||Z_t-Z_(t-1)||_2=0.010258
  [D0 Z t=0] mean norm=0.115875
  [D0 Z t=5] mean norm=0.114471
  [D0 Z t=10] mean norm=0.114389
  [D0 Z t=15] mean norm=0.114381
  [D0 Z t=19] mean norm=0.114362
  [D0 weighted generator contributions] [0.056678 0.079154 0.078081]
  [D0 representation scale] E=9.826487 H=10.037262 Z=0.114537 H_T=10.036172 Z_T=0.114362 readout input=10.036822 h_temporal=2.521945
  [D0 readout weights] ||W_H||=3.139708 ||W_Z||=0.990066 W_Z/W_H=0.315337
  [D0 stock dispersion sensitivity] high p=[0.3438 0.2977 0.3585] low p=[0.3588 0.2802 0.3611] L1=0.035030 high/low ||Z_T||=0.115328/0.111533
  [D0 bond dispersion sensitivity] high p=[0.3519 0.2972 0.3508] low p=[0.3319 0.2941 0.3739] L1=0.046227 high/low ||Z_T||=0.114803/0.115443
  [D0 commodity dispersion sensitivity] high p=[0.3372 0.2949 0.3679] low p=[0.3576 0.2897 0.3527] L1=0.040734 high/low ||Z_T||=0.115685/0.112570
  [D0 prediction-only grad] Market Encoder=1.135e-03
  [D0 prediction-only grad] LongMemory Transformer=3.716e-04
  [D0 prediction-only grad] Base RPE=7.400e-08
  [D0 prediction-only grad] regime evidence=5.643e-06
  [D0 prediction-only grad] transition logits=1.680e-07
  [D0 prediction-only grad] G0=1.142e-05
  [D0 prediction-only grad] G1=1.297e-05
  [D0 prediction-only grad] G2=1.270e-05
  [D0 prediction-only grad] state readout=1.970e-03
  [D0 total-loss grad] Market Encoder=1.133e-03
  [D0 total-loss grad] LongMemory Transformer=3.707e-04
  [D0 total-loss grad] Base RPE=7.416e-08
  [D0 total-loss grad] regime evidence=7.860e-05
  [D0 total-loss grad] transition logits=1.164e-07
  [D0 total-loss grad] G0=1.142e-05
  [D0 total-loss grad] G1=1.297e-05
  [D0 total-loss grad] G2=1.270e-05
  [D0 total-loss grad] state readout=1.970e-03
  [D0 loss] L_return=1.471104e-03
  [D0 loss] L_switch_raw=6.741378e-04
  [D0 loss] beta=5.000000e-04
  [D0 loss] weighted_switch=3.370689e-07
  [D0 loss] total=1.471441e-03
  [D0 loss] switch_to_return_ratio=2.291250e-04
  [D0 forced state 0] Z_T mean/max diff=1.697e-02/5.237e-02 h_temporal mean/max diff=2.742e-03/8.616e-03 prediction mean/max diff=9.038e-05/3.445e-04
  [D0 forced state 1] Z_T mean/max diff=2.055e-02/8.182e-02 h_temporal mean/max diff=2.452e-03/7.924e-03 prediction mean/max diff=6.993e-05/2.231e-04
  [D0 forced state 2] Z_T mean/max diff=1.767e-02/6.806e-02 h_temporal mean/max diff=2.317e-03/6.730e-03 prediction mean/max diff=7.346e-05/3.047e-04
  [D0 zero-Z] h_temporal mean/max diff=1.900e-03/7.323e-03 prediction mean/max diff=7.417e-05/2.784e-04
  [D0 zero-H_last] h_temporal mean/max diff=2.389e-01/1.105e+00 prediction mean/max diff=1.112e-02/3.633e-02
  [D0 causality] H diff through t=10=0.000e+00 p diff=0.000e+00 Z diff=0.000e+00
  [D0 batch independence] E=5.960e-07 H=9.537e-07 p=8.941e-08 Z=1.205e-08 h_temporal=2.384e-07
  [D0 stock permutation] E=4.768e-07 H=1.907e-06 p=1.192e-07 Z=1.490e-08 h_temporal=2.384e-07
  [D0 bond permutation] E=7.153e-07 H=1.431e-06 p=8.941e-08 Z=1.304e-08 h_temporal=3.576e-07
  [D0 commodity permutation] E=4.768e-07 H=1.431e-06 p=1.490e-07 Z=1.490e-08 h_temporal=2.384e-07
  MAE=0.023090 RMSE=0.029723 Hit=49.6% vs-zero=+8.54% (424s)

Retained ablation summary
Variant                    Params   Train Time        MAE       RMSE     Hit%    vs Zero
D0-SwitchingLatentTransformer      511,973         424s   0.023090   0.029723    49.6%     +8.54%

D0 mechanism conclusion: [Mixed] The run does not cleanly match one predefined case; interpret memory, filtering, generator, micro-state, and prediction diagnostics jointly.

📋 Experiment 20260902_215802 logged to /home/yangxiaotong/projects/myresearch/Commedities/experiments/EXPERIMENTS.jsonl
