============================================================
CMGM Data Loading Pipeline
============================================================

[Step 1] Loading raw price data...

[Step 2] Aligning markets to common date range...
[DataLoader] Stock date range: 2015-01-05 00:00:00 to 2025-06-30 00:00:00 (2548 days)
[DataLoader] Bond date range: 2017-01-17 00:00:00 to 2025-12-31 00:00:00 (2176 days)
[DataLoader] Commodity date range: 2015-01-05 00:00:00 to 2025-12-31 00:00:00 (2679 days)
[DataLoader] Common date range: 2017-01-17 00:00:00 to 2025-06-30 00:00:00 (2050 days)
[DataLoader] Combined price matrix shape: (2050, 284)
[DataLoader] Market split: stocks=248, bonds=12, commodities=24

[Step 3] Temporal train/val/test split...
[DataLoader] Temporal split: train=1435, val=307, test=308

[Step 4] Per-asset z-score normalization...
[DataLoader] Per-asset z-score normalization fitted on training data only
[DataLoader] mean range: [0.9803, 173055.7656]
[DataLoader] std  range: [0.000000, 55160.3203]
[DataLoader] Z-scored train range: [-11.3746, 91.5527]

[Step 6] Computing returns for graph construction...
     Training returns shape: (1434, 284)

[Step 7] Creating sliding window datasets...

[Done] Dataset sizes: train=1396, val=268, test=269
[Done] Total nodes: 284
[Done] Commodity nodes (output dim): 24
[Features] Computed 21 features: price, ret_1d, ret_5d, ret_10d, ret_20d, vol_5d, vol_10d, vol_20d, zscore_5d, zscore_10d, zscore_20d, price_ma5, price_ma10, price_ma20, price_ma60, rsi_14, bb_position, skewness_20d, kurtosis_20d, roc_10d, percentile_20d
[Features] Shape: (T=2050, N=284, F=21)  range: [-4.4721, 391400.0000]
[D0B routing temperature sanity] {'q_p_max': 0.0, 'formula_T1_q_p_max': 8.940696716308594e-08, 'prediction_max': 0.0, 'Z_max': 0.0}
[D0B alpha=0.5 sanity] {'p': 0.0, 'Z_T': 0.0, 'prediction': 0.0}
[TRAIN] batch 1/22 complete
[TRAIN] batch 2/22 complete
[TRAIN] batch 3/22 complete
[TRAIN] batch 4/22 complete
[TRAIN] batch 5/22 complete
[TRAIN] batch 6/22 complete
[TRAIN] batch 7/22 complete
[TRAIN] batch 8/22 complete
[TRAIN] batch 9/22 complete
[TRAIN] batch 10/22 complete
[TRAIN] batch 11/22 complete
[TRAIN] batch 12/22 complete
[TRAIN] batch 13/22 complete
[TRAIN] batch 14/22 complete
[TRAIN] batch 15/22 complete
[TRAIN] batch 16/22 complete
[TRAIN] batch 17/22 complete
[TRAIN] batch 18/22 complete
[TRAIN] batch 19/22 complete
[TRAIN] batch 20/22 complete
[TRAIN] batch 21/22 complete
[TRAIN] batch 22/22 complete
[VAL] batch 1/5 complete
[VAL] batch 2/5 complete
[VAL] batch 3/5 complete
[VAL] batch 4/5 complete
[VAL] batch 5/5 complete
[TEST] batch 1/5 complete
[TEST] batch 2/5 complete
[TEST] batch 3/5 complete
[TEST] batch 4/5 complete
[TEST] batch 5/5 complete
[D0B uniform-generator-routing] {'routing': {'mean': [0.3333333432674408, 0.3333333432674408, 0.3333333432674408], 'entropy': 1.098612291606985, 'mean_max': 0.3333333432674408, 'margin': 0.0, 'occupancy': [1.0, 0.0, 0.0], 'temporal_L1': 0.0, 'q_p_L1': 0.09687205346709733, 'q_p_KL': 0.007290491419009758}, 'metrics': {'1': {'MAE': 0.010776951909065247, 'RMSE': 0.014195472002029419, 'Hit': 0.4882544861337684}, '5': {'MAE': 0.022004855796694756, 'RMSE': 0.028497790917754173, 'Hit': 0.489213300892133}, '10': {'MAE': 0.03089897893369198, 'RMSE': 0.03916962444782257, 'Hit': 0.4722762645914397}, '20': {'MAE': 0.04183081164956093, 'RMSE': 0.051733795553445816, 'Hit': 0.43354943273906}}, 'impact': {'prediction': {'mean': 0.0001791906628007291, 'max': 0.0018944069743156433}, 'h_micro': {'mean': 0.015276160787057035, 'max': 0.1592385172843933}, 'h_temporal': {'mean': 0.005523298813383265, 'max': 0.04114198684692383}, 'p': {'mean': 0.0, 'max': 0.0}, 'Z_T': {'mean': 0.003909875666480303, 'max': 0.03099767118692398}, 'Z_trajectory': {'0': {'mean': 0.002198079566308557, 'max': 0.019318923354148865}, '2': {'mean': 0.0036465875721332307, 'max': 0.029194984585046768}, '5': {'mean': 0.0039869673138131214, 'max': 0.03126323223114014}, '10': {'mean': 0.003976858342170272, 'max': 0.031047917902469635}, '15': {'mean': 0.003919675064248943, 'max': 0.03094104677438736}, '19': {'mean': 0.003909875666480303, 'max': 0.03099767118692398}}, 'per_horizon': {'1': {'mean': 0.00011254104217717797, 'max': 0.0011298134922981262}, '5': {'mean': 0.00015520647936976656, 'max': 0.0013618972152471542}, '10': {'mean': 0.0002138395763442031, 'max': 0.0015232637524604797}, '20': {'mean': 0.0002351755415458149, 'max': 0.0018944069743156433}}}, 'posterior': {'mean': [0.3669502870688651, 0.32585782076346387, 0.30719189192670426], 'entropy': 1.0913572571118006, 'mean_max': 0.3747939794092373, 'margin': 0.041927780332840066, 'occupancy': [0.6894052044609665, 0.216728624535316, 0.09386617100371747], 'temporal_L1': 0.030923067208512893, 'prior_entropy': 1.0968639850616455, 'posterior_prior_L1': 0.05488497135419828, 'posterior_prior_KL': 0.0023212029235646966}}
[DONE] experiments/d0b_regime_routing_diagnostics_20260907/results.json; elapsed=577.5s
